2020-10-19 11:43:58,267 - Hello World
2020-10-19 11:44:22,620 - Hello World
2020-10-19 11:47:08,433 - Mon Oct 19 11:47:08 2020now
2020-10-19 11:48:10,169 - Mon Oct 19 11:48:10 2020 - now
2020-10-19 12:02:27,290 - Mon Oct 19 12:02:27 2020 - Scanning for devices. Please wait...
2020-10-19 12:05:21,712 - Mon Oct 19 12:05:21 2020 - Scanning for devices. Please wait...
2020-10-19 12:05:21,712 - Mon Oct 19 12:05:21 2020 - Scanning for devices. Please wait...
2020-10-19 12:08:27,198 - Mon Oct 19 12:08:27 2020 - Scanning for devices. Please wait...
2020-10-19 12:08:27,198 - Mon Oct 19 12:08:27 2020 - Scanning for devices. Please wait...
2020-10-19 12:09:44,015 - Mon Oct 19 12:09:44 2020 - Scanning for devices. Please wait...
2020-10-19 12:09:44,024 - Mon Oct 19 12:09:44 2020 - Scanning for devices. Please wait...
2020-10-20 09:05:27,745 - Tue Oct 20 09:05:27 2020 - Scanning for devices. Please wait...
2020-10-20 09:05:27,745 - Tue Oct 20 09:05:27 2020 - Scanning for devices. Please wait...
2020-10-20 09:05:49,215 - Tue Oct 20 09:05:49 2020 - Scanning for devices. Please wait...
2020-10-20 09:05:49,215 - Tue Oct 20 09:05:49 2020 - Scanning for devices. Please wait...
2020-10-20 09:07:50,174 - Tue Oct 20 09:07:50 2020 - Scanning for devices. Please wait...
2020-10-20 09:07:50,174 - Tue Oct 20 09:07:50 2020 - Scanning for devices. Please wait...
2020-10-20 09:26:01,493 - Tue Oct 20 09:26:01 2020 - Scanning for devices. Please wait...
2020-10-20 09:29:47,261 - Tue Oct 20 09:29:47 2020 - Scanning for devices. Please wait...
2020-10-20 09:29:47,261 - Tue Oct 20 09:29:47 2020 - Dope
2020-10-20 09:30:48,508 - Tue Oct 20 09:30:48 2020 - Scanning for devices. Please wait...
2020-10-20 09:30:48,508 - Tue Oct 20 09:30:48 2020 - Dope
2020-10-20 09:32:13,573 - Tue Oct 20 09:32:13 2020 - Scanning for devices. Please wait...
2020-10-20 09:32:23,658 - Tue Oct 20 09:32:23 2020 - Scanning for devices. Please wait...
2020-10-20 10:12:18,421 - Tue Oct 20 10:12:18 2020 - Scanning for devices. Please wait...
2020-10-20 10:14:32,874 - Tue Oct 20 10:14:32 2020 - Scanning for devices. Please wait...
2020-10-20 10:14:39,869 - Tue Oct 20 10:14:39 2020 - Scanning for devices. Please wait...
2020-10-20 10:14:40,729 - Tue Oct 20 10:14:40 2020 - Scanning for devices. Please wait...
2020-10-20 10:15:13,308 - Tue Oct 20 10:15:13 2020 - Scanning for devices. Please wait...
2020-10-20 10:15:16,142 - Tue Oct 20 10:15:16 2020 - Scanning for devices. Please wait...
2020-10-20 10:15:45,524 - Tue Oct 20 10:15:45 2020 - Scanning for devices. Please wait...
2020-10-20 10:15:51,707 - Tue Oct 20 10:15:51 2020 - Scanning for devices. Please wait...
2020-10-20 10:15:55,763 - Tue Oct 20 10:15:55 2020 - Scanning for devices. Please wait...
2020-10-20 10:15:56,231 - Tue Oct 20 10:15:56 2020 - Scanning for devices. Please wait...
2020-10-20 10:15:56,428 - Tue Oct 20 10:15:56 2020 - Scanning for devices. Please wait...
2020-10-20 10:15:56,584 - Tue Oct 20 10:15:56 2020 - Scanning for devices. Please wait...
2020-10-20 10:15:56,726 - Tue Oct 20 10:15:56 2020 - Scanning for devices. Please wait...
2020-10-20 10:16:36,804 - Tue Oct 20 10:16:36 2020 - Scanning for devices. Please wait...
2020-10-20 10:16:44,277 - Tue Oct 20 10:16:44 2020 - Scanning for devices. Please wait...
2020-10-20 10:20:52,115 - Tue Oct 20 10:20:52 2020 - Scanning for devices. Please wait...
2020-10-20 10:22:55,534 - Tue Oct 20 10:22:55 2020 - Scanning for devices. Please wait...
2020-10-20 10:23:05,320 - Tue Oct 20 10:23:05 2020 - Scanning for devices. Please wait...
2020-10-20 10:36:00,655 - Tue Oct 20 10:36:00 2020 - Scanning for devices. Please wait...
2020-10-20 10:36:42,187 - Tue Oct 20 10:36:42 2020 - Scanning for devices. Please wait...
2020-10-20 10:40:26,056 - Tue Oct 20 10:40:26 2020 - Scanning for devices. Please wait...
2020-10-20 10:40:53,178 - Tue Oct 20 10:40:53 2020 - Scanning for devices. Please wait...
2020-10-20 10:40:57,217 - Tue Oct 20 10:40:57 2020 - Scanning for devices. Please wait...
2020-10-20 10:42:41,765 - Tue Oct 20 10:42:41 2020 - Scanning for devices. Please wait...
2020-10-20 10:42:44,360 - Tue Oct 20 10:42:44 2020 - Scanning for devices. Please wait...
2020-10-20 10:43:33,653 - Tue Oct 20 10:43:33 2020 - Scanning for devices. Please wait...
2020-10-20 10:43:38,991 - Tue Oct 20 10:43:39 2020 - Scanning for devices. Please wait...
2020-10-20 10:43:39,662 - Tue Oct 20 10:43:39 2020 - Scanning for devices. Please wait...
2020-10-20 10:43:39,819 - Tue Oct 20 10:43:39 2020 - Scanning for devices. Please wait...
2020-10-20 10:43:39,975 - Tue Oct 20 10:43:39 2020 - Scanning for devices. Please wait...
2020-10-20 10:43:40,131 - Tue Oct 20 10:43:40 2020 - Scanning for devices. Please wait...
2020-10-20 10:43:40,288 - Tue Oct 20 10:43:40 2020 - Scanning for devices. Please wait...
2020-10-20 10:44:02,110 - Tue Oct 20 10:44:02 2020 - Scanning for devices. Please wait...
2020-10-20 10:46:52,318 - Tue Oct 20 10:46:52 2020 - Scanning for devices. Please wait...
2020-10-20 10:46:52,411 - Tue Oct 20 10:46:52 2020 - Scanning for 192.168.1.84
2020-10-20 10:46:52,411 - Tue Oct 20 10:46:52 2020 - Scanning for 192.168.1.100
2020-10-20 10:46:52,411 - Tue Oct 20 10:46:52 2020 - Scanning for 192.168.1.87
2020-10-20 10:49:21,913 - Tue Oct 20 10:49:21 2020 - Scanning for devices. Please wait...
2020-10-20 10:49:21,975 - Tue Oct 20 10:49:21 2020 - 192.168.1.84
2020-10-20 10:49:21,975 - Tue Oct 20 10:49:21 2020 - 192.168.1.100
2020-10-20 10:49:21,975 - Tue Oct 20 10:49:21 2020 - 192.168.1.87
2020-10-20 11:07:23,862 - Tue Oct 20 11:07:23 2020 - Scanning for devices. Please wait...
2020-10-20 11:08:05,923 - Tue Oct 20 11:08:05 2020 - Scanning for devices. Please wait...
2020-10-20 11:08:19,303 - Tue Oct 20 11:08:19 2020 - Scanning for devices. Please wait...
2020-10-20 11:08:19,357 - Tue Oct 20 11:08:19 2020 - 
2020-10-20 11:11:07,015 - Tue Oct 20 11:11:07 2020 - Scanning for devices. Please wait...
2020-10-20 11:11:49,076 - Tue Oct 20 11:11:49 2020 - Scanning for devices. Please wait...
2020-10-20 11:11:49,138 - Tue Oct 20 11:11:49 2020 - []
2020-10-20 11:12:45,557 - Tue Oct 20 11:12:45 2020 - Scanning for devices. Please wait...
2020-10-20 11:12:45,603 - Tue Oct 20 11:12:45 2020 - []
2020-10-20 11:13:47,497 - Tue Oct 20 11:13:47 2020 - Scanning for devices. Please wait...
2020-10-20 11:13:47,543 - Tue Oct 20 11:13:47 2020 - []
2020-10-20 11:21:09,154 - Tue Oct 20 11:21:09 2020 - Scanning for devices. Please wait...
2020-10-20 11:21:09,248 - Tue Oct 20 11:21:09 2020 - []
2020-10-20 11:21:58,811 - Tue Oct 20 11:21:58 2020 - Scanning for devices. Please wait...
2020-10-20 11:21:58,929 - Tue Oct 20 11:21:58 2020 - [['192.168.1.84', 'TB1', '1', '0', '0', '0'], ['192.168.1.100', 'TB2', '1', '0', '1', '0'], ['192.168.1.87', 'TB3', '1', '0', '0', '0']]
2020-10-20 11:22:30,754 - Tue Oct 20 11:22:30 2020 - Scanning for devices. Please wait...
2020-10-20 11:22:30,832 - Tue Oct 20 11:22:30 2020 - [['192.168.1.84', 'TB1', '1', '0', '0', '0'], ['192.168.1.100', 'TB2', '1', '0', '1', '0'], ['192.168.1.87', 'TB3', '1', '0', '0', '0']]
2020-10-20 11:23:51,847 - Tue Oct 20 11:23:51 2020 - Scanning for devices. Please wait...
2020-10-20 11:23:51,925 - Tue Oct 20 11:23:51 2020 - [['192.168.1.84', 'TB1', '1', '0', '0', '0'], ['192.168.1.100', 'TB2', '1', '0', '1', '0'], ['192.168.1.87', 'TB3', '1', '0', '0', '0']]
2020-10-20 11:25:12,829 - Tue Oct 20 11:25:12 2020 - Scanning for devices. Please wait...
2020-10-20 11:25:12,907 - Tue Oct 20 11:25:12 2020 - 192.168.1.84
2020-10-20 11:25:12,907 - Tue Oct 20 11:25:12 2020 - 192.168.1.100
2020-10-20 11:25:12,907 - Tue Oct 20 11:25:12 2020 - 192.168.1.87
2020-10-20 11:25:45,651 - Tue Oct 20 11:25:45 2020 - Scanning for devices. Please wait...
2020-10-20 11:25:45,745 - Tue Oct 20 11:25:45 2020 - Scanning for 192.168.1.84
2020-10-20 11:25:45,745 - Tue Oct 20 11:25:45 2020 - Scanning for 192.168.1.100
2020-10-20 11:25:45,745 - Tue Oct 20 11:25:45 2020 - Scanning for 192.168.1.87
2020-10-20 11:30:07,067 - Tue Oct 20 11:30:07 2020 - Scanning for devices. Please wait...
2020-10-20 11:30:07,129 - Tue Oct 20 11:30:07 2020 - Scanning for 192.168.1.84
2020-10-20 11:30:07,129 - Tue Oct 20 11:30:07 2020 - Scanning for 192.168.1.100
2020-10-20 11:30:07,129 - Tue Oct 20 11:30:07 2020 - Scanning for 192.168.1.87
2020-10-20 11:30:07,129 - Tue Oct 20 11:30:07 2020 - [['192.168.1.84', 'TB1', '1', '0', '0', '0'], ['192.168.1.100', 'TB2', '1', '0', '1', '0'], ['192.168.1.87', 'TB3', '1', '0', '0', '0']]
2020-10-20 11:32:31,701 - Tue Oct 20 11:32:31 2020 - Scanning for devices. Please wait...
2020-10-20 11:32:31,765 - Tue Oct 20 11:32:31 2020 - Scanning for 192.168.1.84
2020-10-20 11:32:31,765 - Tue Oct 20 11:32:31 2020 - Scanning for 192.168.1.100
2020-10-20 11:32:31,765 - Tue Oct 20 11:32:31 2020 - Scanning for 192.168.1.87
2020-10-20 11:32:31,765 - Tue Oct 20 11:32:31 2020 - [['192.168.1.84', 'TB1', '1', '0', '0', '0'], ['192.168.1.100', 'TB2', '1', '0', '1', '0'], ['192.168.1.87', 'TB3', '1', '0', '0', '0']]
2020-10-20 11:42:36,674 - Tue Oct 20 11:42:36 2020 - Scanning for devices. Please wait...
2020-10-20 11:42:36,721 - Tue Oct 20 11:42:36 2020 - Scanning for TB1
2020-10-20 11:42:36,721 - Tue Oct 20 11:42:36 2020 - Scanning for TB2
2020-10-20 11:42:36,721 - Tue Oct 20 11:42:36 2020 - Scanning for TB3
2020-10-20 11:42:36,721 - Tue Oct 20 11:42:36 2020 - [['192.168.1.84', 'TB1', '1', '0', '0', '0'], ['192.168.1.100', 'TB2', '1', '0', '1', '0'], ['192.168.1.87', 'TB3', '1', '0', '0', '0']]
2020-10-20 11:46:06,544 - Tue Oct 20 11:46:06 2020 - Scanning for devices. Please wait...
2020-10-20 11:46:06,544 - Tue Oct 20 11:46:06 2020 - Scanning for TB1
2020-10-20 11:46:06,544 - Tue Oct 20 11:46:06 2020 - Scanning for TB2
2020-10-20 11:46:06,560 - Tue Oct 20 11:46:06 2020 - Scanning for TB3
2020-10-20 11:46:06,638 - Tue Oct 20 11:46:06 2020 - Scanning for TB1
2020-10-20 11:46:06,638 - Tue Oct 20 11:46:06 2020 - Scanning for TB2
2020-10-20 11:46:06,638 - Tue Oct 20 11:46:06 2020 - Scanning for TB3
2020-10-20 11:46:19,829 - Tue Oct 20 11:46:19 2020 - The following ips cannot be found: [['192.168.1.84', 'TB1', '1', '0', '0', '0'], ['192.168.1.87', 'TB3', '1', '0', '0', '0']]
2020-10-20 11:50:20,148 - Tue Oct 20 11:50:20 2020 - Scanning for devices. Please wait...
2020-10-20 11:50:20,148 - Tue Oct 20 11:50:20 2020 - Scanning for TB1
2020-10-20 11:50:20,148 - Tue Oct 20 11:50:20 2020 - Scanning for TB2
2020-10-20 11:50:20,163 - Tue Oct 20 11:50:20 2020 - Scanning for TB3
2020-10-20 11:50:20,210 - Tue Oct 20 11:50:20 2020 - Scanning for TB1
2020-10-20 11:50:20,210 - Tue Oct 20 11:50:20 2020 - Scanning for TB2
2020-10-20 11:50:20,210 - Tue Oct 20 11:50:20 2020 - Scanning for TB3
2020-10-20 11:50:32,831 - Tue Oct 20 11:50:32 2020 - The following ips cannot be found: ['TB1', 'TB3']
2020-10-20 11:51:44,331 - Tue Oct 20 11:51:44 2020 - Scanning for devices. Please wait...
2020-10-20 11:51:44,331 - Tue Oct 20 11:51:44 2020 - Scanning for TB1
2020-10-20 11:51:44,331 - Tue Oct 20 11:51:44 2020 - Scanning for TB2
2020-10-20 11:51:44,331 - Tue Oct 20 11:51:44 2020 - Scanning for TB3
2020-10-20 11:51:44,425 - Tue Oct 20 11:51:44 2020 - Scanning for TB1
2020-10-20 11:51:44,425 - Tue Oct 20 11:51:44 2020 - Scanning for TB2
2020-10-20 11:51:44,425 - Tue Oct 20 11:51:44 2020 - Scanning for TB3
2020-10-20 11:51:57,830 - Tue Oct 20 11:51:57 2020 - The following ips cannot be found: ['TB1', 'TB3']
2020-10-20 11:54:56,834 - Tue Oct 20 11:54:56 2020 - Scanning for devices. Please wait...
2020-10-20 11:54:56,834 - Tue Oct 20 11:54:56 2020 - Scanning for TB1
2020-10-20 11:54:56,834 - Tue Oct 20 11:54:56 2020 - Scanning for TB2
2020-10-20 11:54:56,834 - Tue Oct 20 11:54:56 2020 - Scanning for TB3
2020-10-20 11:54:56,912 - Tue Oct 20 11:54:56 2020 - Scanning for TB1
2020-10-20 11:54:56,912 - Tue Oct 20 11:54:56 2020 - Scanning for TB2
2020-10-20 11:54:56,912 - Tue Oct 20 11:54:56 2020 - Scanning for TB3
2020-10-20 11:55:09,842 - Tue Oct 20 11:55:09 2020 - The following ips cannot be found: ['TB1', 'TB3']
2020-10-20 12:18:33,952 - Tue Oct 20 12:18:33 2020 - Scanning for devices. Please wait...
2020-10-20 12:18:33,952 - Tue Oct 20 12:18:33 2020 - Scanning for TB1
2020-10-20 12:18:33,952 - Tue Oct 20 12:18:33 2020 - Scanning for TB2
2020-10-20 12:18:33,952 - Tue Oct 20 12:18:33 2020 - Scanning for TB3
2020-10-20 12:18:33,999 - Tue Oct 20 12:18:34 2020 - Scanning for TB1
2020-10-20 12:18:33,999 - Tue Oct 20 12:18:34 2020 - Scanning for TB2
2020-10-20 12:18:33,999 - Tue Oct 20 12:18:34 2020 - Scanning for TB3
2020-10-20 12:18:47,341 - Tue Oct 20 12:18:47 2020 - The following ips cannot be found: ['TB1', 'TB3']
2020-10-20 12:20:35,931 - Tue Oct 20 12:20:35 2020 - Scanning for devices. Please wait...
2020-10-20 12:20:35,946 - Tue Oct 20 12:20:35 2020 - Scanning for TB1
2020-10-20 12:20:35,946 - Tue Oct 20 12:20:35 2020 - Scanning for TB2
2020-10-20 12:20:35,946 - Tue Oct 20 12:20:35 2020 - Scanning for TB3
2020-10-20 12:20:36,024 - Tue Oct 20 12:20:36 2020 - Scanning for TB1
2020-10-20 12:20:36,024 - Tue Oct 20 12:20:36 2020 - Scanning for TB2
2020-10-20 12:20:36,024 - Tue Oct 20 12:20:36 2020 - Scanning for TB3
2020-10-20 12:21:05,022 - Tue Oct 20 12:21:05 2020 - Scanning for devices. Please wait...
2020-10-20 12:21:05,022 - Tue Oct 20 12:21:05 2020 - Scanning for TB1
2020-10-20 12:21:05,022 - Tue Oct 20 12:21:05 2020 - Scanning for TB2
2020-10-20 12:21:05,022 - Tue Oct 20 12:21:05 2020 - Scanning for TB3
2020-10-20 12:21:05,100 - Tue Oct 20 12:21:05 2020 - Scanning for TB1
2020-10-20 12:21:05,100 - Tue Oct 20 12:21:05 2020 - Scanning for TB2
2020-10-20 12:21:05,100 - Tue Oct 20 12:21:05 2020 - Scanning for TB3
2020-10-20 12:21:18,342 - Tue Oct 20 12:21:18 2020 - The following ips cannot be found: ['TB1', 'TB3']
2020-10-20 12:21:18,342 - Tue Oct 20 12:21:18 2020 - Found Tough Buckets:['TB2']
2020-10-20 14:20:18,372 - Tue Oct 20 14:20:18 2020 - Scanning for devices. Please wait...
2020-10-20 14:20:18,372 - Tue Oct 20 14:20:18 2020 - Scanning for TB1
2020-10-20 14:20:18,372 - Tue Oct 20 14:20:18 2020 - Scanning for TB2
2020-10-20 14:20:18,372 - Tue Oct 20 14:20:18 2020 - Scanning for TB3
2020-10-20 14:20:18,434 - Tue Oct 20 14:20:18 2020 - Scanning for TB1
2020-10-20 14:20:18,434 - Tue Oct 20 14:20:18 2020 - Scanning for TB2
2020-10-20 14:20:18,434 - Tue Oct 20 14:20:18 2020 - Scanning for TB3
2020-10-20 14:20:39,334 - Tue Oct 20 14:20:39 2020 - The following ips cannot be found: ['TB1', 'TB3']
2020-10-20 14:20:39,334 - Tue Oct 20 14:20:39 2020 - Found Tough Buckets:['TB2']
2020-10-20 14:22:01,175 - Tue Oct 20 14:22:01 2020 - Scanning for devices. Please wait...
2020-10-20 14:22:01,175 - Tue Oct 20 14:22:01 2020 - Scanning for TB1
2020-10-20 14:22:01,175 - Tue Oct 20 14:22:01 2020 - Scanning for TB2
2020-10-20 14:22:01,190 - Tue Oct 20 14:22:01 2020 - Scanning for TB3
2020-10-20 14:22:01,230 - Tue Oct 20 14:22:01 2020 - Scanning for TB1
2020-10-20 14:22:01,230 - Tue Oct 20 14:22:01 2020 - Scanning for TB2
2020-10-20 14:22:01,230 - Tue Oct 20 14:22:01 2020 - Scanning for TB3
2020-10-20 14:22:18,836 - Tue Oct 20 14:22:18 2020 - The following ips cannot be found: ['TB1', 'TB2', 'TB3']
2020-10-20 14:22:18,836 - Tue Oct 20 14:22:18 2020 - Found Tough Buckets:[]
2020-10-20 14:22:18,836 - Tue Oct 20 14:22:18 2020 - No toughbuckets loaded. Check Power and wifi connections...
2020-10-20 14:28:52,865 - Tue Oct 20 14:28:52 2020 - Scanning for devices. Please wait...
2020-10-20 14:28:52,865 - Tue Oct 20 14:28:52 2020 - Scanning for TB1
2020-10-20 14:28:52,865 - Tue Oct 20 14:28:52 2020 - Scanning for TB2
2020-10-20 14:28:52,865 - Tue Oct 20 14:28:52 2020 - Scanning for TB3
2020-10-20 14:28:52,928 - Tue Oct 20 14:28:52 2020 - Scanning for TB1
2020-10-20 14:28:52,928 - Tue Oct 20 14:28:52 2020 - Scanning for TB2
2020-10-20 14:28:52,928 - Tue Oct 20 14:28:52 2020 - Scanning for TB3
2020-10-20 14:29:10,831 - Tue Oct 20 14:29:10 2020 - The following ips cannot be found: ['TB1', 'TB2', 'TB3']
2020-10-20 14:29:10,831 - Tue Oct 20 14:29:10 2020 - Found Tough Buckets:[]
2020-10-20 14:29:10,831 - Tue Oct 20 14:29:10 2020 - No toughbuckets loaded. Check Power and wifi connections...
2020-10-20 14:44:58,100 - Tue Oct 20 14:44:58 2020 - Scanning for devices. Please wait...
2020-10-20 14:44:58,100 - Tue Oct 20 14:44:58 2020 - Scanning for TB1
2020-10-20 14:44:58,100 - Tue Oct 20 14:44:58 2020 - Scanning for TB2
2020-10-20 14:44:58,100 - Tue Oct 20 14:44:58 2020 - Scanning for TB3
2020-10-20 14:44:58,147 - Tue Oct 20 14:44:58 2020 - Scanning for TB1
2020-10-20 14:44:58,147 - Tue Oct 20 14:44:58 2020 - Scanning for TB2
2020-10-20 14:44:58,147 - Tue Oct 20 14:44:58 2020 - Scanning for TB3
2020-10-20 14:45:10,839 - Tue Oct 20 14:45:10 2020 - The following ips cannot be found: ['TB1', 'TB3']
2020-10-20 14:45:10,839 - Tue Oct 20 14:45:10 2020 - Found Tough Buckets:['TB2']
2020-10-20 14:57:09,032 - Tue Oct 20 14:57:09 2020 - Scanning for devices. Please wait...
2020-10-20 14:57:09,032 - Tue Oct 20 14:57:09 2020 - ['TB1', 'TB2', 'TB3']
2020-10-20 14:57:21,844 - Tue Oct 20 14:57:21 2020 - The following ips cannot be found: ['TB1', 'TB3']
2020-10-20 14:57:21,844 - Tue Oct 20 14:57:21 2020 - Found Tough Buckets:['TB2']
2020-10-20 14:58:08,804 - Tue Oct 20 14:58:08 2020 - Scanning for devices. Please wait...
2020-10-20 14:58:08,804 - Tue Oct 20 14:58:08 2020 - ['TB1', 'TB2', 'TB3']
2020-10-20 14:58:21,841 - Tue Oct 20 14:58:21 2020 - Missing: ['TB1', 'TB3']
2020-10-20 14:58:21,841 - Tue Oct 20 14:58:21 2020 - Found:['TB2']
2020-10-20 15:02:18,086 - Tue Oct 20 15:02:18 2020 - Scanning for devices. Please wait...
2020-10-20 15:02:18,086 - Tue Oct 20 15:02:18 2020 - ['TB1', 'TB2', 'TB3']
2020-10-20 15:02:30,835 - Tue Oct 20 15:02:30 2020 - Missing: ['TB1', 'TB3']
2020-10-20 15:02:30,835 - Tue Oct 20 15:02:30 2020 - Found:['TB2']
2020-10-20 15:07:31,712 - Tue Oct 20 15:07:31 2020 - Scanning for devices. Please wait...
2020-10-20 15:07:31,712 - Tue Oct 20 15:07:31 2020 - ['TB1', 'TB2', 'TB3']
2020-10-20 15:07:44,332 - Tue Oct 20 15:07:44 2020 - Missing: ['TB1', 'TB3']
2020-10-20 15:07:44,332 - Tue Oct 20 15:07:44 2020 - Found:['TB2']
2020-10-20 15:08:54,718 - Tue Oct 20 15:08:54 2020 - Scanning for devices. Please wait...
2020-10-20 15:08:54,718 - Tue Oct 20 15:08:54 2020 - ['TB1', 'TB2', 'TB3']
2020-10-20 15:09:07,344 - Tue Oct 20 15:09:07 2020 - Missing: ['TB1', 'TB3']
2020-10-20 15:09:07,344 - Tue Oct 20 15:09:07 2020 - Found:['TB2']
2020-10-20 15:10:57,099 - Tue Oct 20 15:10:57 2020 - Scanning for devices. Please wait...
2020-10-20 15:10:57,099 - Tue Oct 20 15:10:57 2020 - ['TB1', 'TB2', 'TB3']
2020-10-20 15:11:09,842 - Tue Oct 20 15:11:09 2020 - Missing: ['TB1', 'TB3']
2020-10-20 15:11:09,842 - Tue Oct 20 15:11:09 2020 - Found:['TB2']
2020-10-20 15:17:08,034 - Tue Oct 20 15:17:08 2020 - Scanning for devices. Please wait...
2020-10-20 15:17:08,034 - Tue Oct 20 15:17:08 2020 - ['TB1', 'TB2', 'TB3']
2020-10-20 15:17:20,834 - Tue Oct 20 15:17:20 2020 - Missing: ['TB1', 'TB3']
2020-10-20 15:17:20,834 - Tue Oct 20 15:17:20 2020 - Found:['TB2']
2020-10-20 15:17:52,288 - Tue Oct 20 15:17:52 2020 - Testing GPRS modem
Device can interface.
SIM card is functional.
Manufacturer: 
SIMCOM_Ltd
Model Number: 
SIMCOM_SIM800H
IMEI Number: 
860041044172552
Software Version: 
Revision:1309B07SIM800H32_BT

2020-10-20 15:18:06,901 - Tue Oct 20 15:18:06 2020 - Testing UMTS modem
Device can interface.
SIM card is not inserted, not compatible, or is malfunctioning.

2020-10-20 15:18:19,898 - Tue Oct 20 15:18:19 2020 - AT+CMEE=2
OK
AT+CMGDA="DEL ALL"
+CMS ERROR: invalid input value
AT+CMGF=1
OK
AT+CMGS="+18503980372"
> Hello
> 

2020-10-20 15:18:38,798 - Tue Oct 20 15:18:38 2020 - GPRS power has been toggled.

2020-10-20 15:18:55,801 - Tue Oct 20 15:18:55 2020 - GPRS power has been toggled.

2020-10-20 15:19:04,808 - Tue Oct 20 15:19:04 2020 - GPRS power has been toggled.

2020-10-20 15:19:08,892 - Tue Oct 20 15:19:08 2020 - Testing GPRS modem
Device cannot interface, check power and connections.

2020-10-20 15:19:19,747 - Tue Oct 20 15:19:19 2020 - UMTS power has been toggled.

2020-10-20 15:19:24,309 - Tue Oct 20 15:19:24 2020 - Testing UMTS modem
Device cannot interface, check power and connections.

2020-10-20 15:19:29,827 - Tue Oct 20 15:19:29 2020 - UMTS power has been toggled.

2020-10-20 15:19:38,795 - Tue Oct 20 15:19:38 2020 - GPRS power has been toggled.

2020-10-20 15:21:10,503 - Tue Oct 20 15:21:10 2020 - GPRS power has been toggled.

2020-10-20 15:21:20,505 - Tue Oct 20 15:21:20 2020 - Testing GPRS modem
Device cannot interface, check power and connections.

2020-10-20 15:21:31,580 - Tue Oct 20 15:21:31 2020 - GPRS power has been toggled.

2020-10-20 15:21:46,018 - Tue Oct 20 15:21:46 2020 - Testing GPRS modem
Device can interface.
SIM card is functional.
Manufacturer: 
SIMCOM_Ltd
Model Number: 
SIMCOM_SIM800H
IMEI Number: 
860041044172552
Software Version: 
Revision:1309B07SIM800H32_BT

2020-10-20 15:27:55,042 - Tue Oct 20 15:27:55 2020 - Scanning for devices. Please wait...
2020-10-20 15:27:55,042 - Tue Oct 20 15:27:55 2020 - ['TB1', 'TB2', 'TB3']
2020-10-20 15:28:05,636 - Tue Oct 20 15:28:05 2020 - Scanning for devices. Please wait...
2020-10-20 15:28:05,636 - Tue Oct 20 15:28:05 2020 - ['TB1', 'TB2', 'TB3']
2020-10-20 15:29:53,440 - Tue Oct 20 15:29:53 2020 - Scanning for devices. Please wait...
2020-10-20 15:29:53,440 - Tue Oct 20 15:29:53 2020 - ['TB1', 'TB2', 'TB3']
2020-10-20 15:29:57,107 - Tue Oct 20 15:29:57 2020 - Missing: []
2020-10-20 15:29:57,107 - Tue Oct 20 15:29:57 2020 - Found:['TB1', 'TB2', 'TB3']
2020-10-20 15:30:20,688 - Tue Oct 20 15:30:20 2020 - 
Testing GPRS modem
Device can interface.
SIM card is functional.
Manufacturer: 
SIMCOM_Ltd
Model Number: 
SIMCOM_SIM800H
IMEI Number: 
860041044192410
Software Version: 
Revision:1309B07SIM800H32_BT

2020-10-20 15:30:47,741 - Tue Oct 20 15:30:47 2020 - Scanning for devices. Please wait...
2020-10-20 15:30:47,741 - Tue Oct 20 15:30:47 2020 - ['TB1', 'TB2', 'TB3']
2020-10-20 15:30:51,771 - Tue Oct 20 15:30:51 2020 - Missing: []
2020-10-20 15:30:51,771 - Tue Oct 20 15:30:51 2020 - Found:['TB1', 'TB2', 'TB3']
2020-10-20 15:31:38,583 - Tue Oct 20 15:31:38 2020 - Scanning for devices. Please wait...
2020-10-20 15:31:38,583 - Tue Oct 20 15:31:38 2020 - ['TB1', 'TB2', 'TB3']
2020-10-20 15:31:41,855 - Tue Oct 20 15:31:41 2020 - Missing: []
2020-10-20 15:31:41,855 - Tue Oct 20 15:31:41 2020 - Found:['TB1', 'TB2', 'TB3']
2020-10-20 15:32:21,196 - Tue Oct 20 15:32:21 2020 - Scanning for devices. Please wait...
2020-10-20 15:32:24,383 - Tue Oct 20 15:32:24 2020 - Missing: []
2020-10-20 15:32:24,383 - Tue Oct 20 15:32:24 2020 - Found:['TB1', 'TB2', 'TB3']
2020-10-20 15:32:40,585 - Tue Oct 20 15:32:40 2020 - Scanning for devices. Please wait...
2020-10-20 15:32:40,585 - Tue Oct 20 15:32:40 2020 - Scanning for devices: ['TB1', 'TB2', 'TB3']
2020-10-20 15:32:43,715 - Tue Oct 20 15:32:43 2020 - Missing: []
2020-10-20 15:32:43,715 - Tue Oct 20 15:32:43 2020 - Found:['TB1', 'TB2', 'TB3']
2020-10-20 15:33:00,467 - Tue Oct 20 15:33:00 2020 - Scanning for devices. Please wait...
2020-10-20 15:33:00,467 - Tue Oct 20 15:33:00 2020 - Scanning: ['TB1', 'TB2', 'TB3']
2020-10-20 15:33:03,673 - Tue Oct 20 15:33:03 2020 - Missing: []
2020-10-20 15:33:03,673 - Tue Oct 20 15:33:03 2020 - Found:['TB1', 'TB2', 'TB3']
2020-10-20 15:33:23,596 - Tue Oct 20 15:33:23 2020 - 

Testing GPRS modem
Device can interface.
SIM card is functional.
Manufacturer: 
SIMCOM_Ltd
Model Number: 
SIMCOM_SIM800H
IMEI Number: 
860041044192410
Software Version: 
Revision:1309B07SIM800H32_BT

2020-10-20 15:33:36,569 - Tue Oct 20 15:33:36 2020 - 

GPRS power has been toggled.

2020-10-20 15:34:03,701 - Tue Oct 20 15:34:03 2020 - 

GPRS power has been toggled.

2020-10-20 15:34:08,447 - Tue Oct 20 15:34:08 2020 - 

/bin/sh: 1: /home/pi/phonescripts/gsmcall.sh: not found

2020-10-20 15:34:18,299 - Tue Oct 20 15:34:18 2020 - This protocol is not supported by the chosen toughbucket
2020-10-20 15:34:22,203 - Tue Oct 20 15:34:22 2020 - This protocol is not supported by the chosen toughbucket
2020-10-20 15:34:23,902 - Tue Oct 20 15:34:23 2020 - This protocol is not supported by the chosen toughbucket
2020-10-20 15:34:24,433 - Tue Oct 20 15:34:24 2020 - This protocol is not supported by the chosen toughbucket
2020-10-20 15:34:55,631 - Tue Oct 20 15:34:55 2020 - 

AT+CMEE=2
OK
AT+CMGDA="DEL ALL"
+CMS ERROR: invalid input value
AT+CMGF=1
OK
AT+CMGS="+18503980372"
> Hello
> 

2020-10-20 15:35:05,671 - Tue Oct 20 15:35:05 2020 - 

/bin/sh: 1: /home/pi/phonescripts/gsmcall.sh: not found

2020-10-20 15:36:57,935 - Tue Oct 20 15:36:57 2020 - Scanning for devices. Please wait...
2020-10-20 15:36:57,935 - Tue Oct 20 15:36:57 2020 - Scanning: ['TB1', 'TB2', 'TB3']
2020-10-20 15:37:02,379 - Tue Oct 20 15:37:02 2020 - Missing: []
2020-10-20 15:37:02,379 - Tue Oct 20 15:37:02 2020 - Found:['TB1', 'TB2', 'TB3']
2020-10-20 15:37:17,353 - Tue Oct 20 15:37:17 2020 - TB1

Testing GPRS modem
Device can interface.
SIM card is functional.
Manufacturer: 
SIMCOM_Ltd
Model Number: 
SIMCOM_SIM800H
IMEI Number: 
860041044192410
Software Version: 
Revision:1309B07SIM800H32_BT

2020-10-20 15:37:40,472 - Tue Oct 20 15:37:40 2020 - TB2

Testing GPRS modem
Device can interface.
SIM card is functional.
Manufacturer: 
SIMCOM_Ltd
Model Number: 
SIMCOM_SIM800H
IMEI Number: 
860041044172552
Software Version: 
Revision:1309B07SIM800H32_BT

2020-10-20 15:37:59,924 - Tue Oct 20 15:37:59 2020 - TB3

Testing GPRS modem
Device can interface.
SIM card is functional.
Manufacturer: 
SIMCOM_Ltd
Model Number: 
SIMCOM_SIM800H
IMEI Number: 
860041044171240
Software Version: 
Revision:1309B07SIM800H32_BT

2020-10-20 15:39:48,806 - Tue Oct 20 15:39:48 2020 - Scanning for devices. Please wait...
2020-10-20 15:39:48,806 - Tue Oct 20 15:39:48 2020 - Scanning: ['TB1', 'TB2', 'TB3']
2020-10-20 15:39:53,079 - Tue Oct 20 15:39:53 2020 - Missing: []
2020-10-20 15:39:53,079 - Tue Oct 20 15:39:53 2020 - Found:['TB1', 'TB2', 'TB3']
2020-10-20 15:40:18,554 - Tue Oct 20 15:40:18 2020 - TB1

GPRS power has been toggled.

2020-10-20 15:40:34,950 - Tue Oct 20 15:40:34 2020 - TB1

Testing GPRS modem
Device cannot interface, check power and connections.

2020-10-20 15:40:58,627 - Tue Oct 20 15:40:58 2020 - TB1

GPRS power has been toggled.

2020-10-20 15:41:45,284 - Tue Oct 20 15:41:45 2020 - TB1

Testing GPRS modem
Device can interface.
SIM card is functional.
Manufacturer: 
SIMCOM_Ltd
Model Number: 
SIMCOM_SIM800H
IMEI Number: 
860041044192410
Software Version: 
Revision:1309B07SIM800H32_BT

2020-10-20 15:43:13,651 - Tue Oct 20 15:43:13 2020 - TB2

UMTS power has been toggled.

2020-10-20 15:43:26,652 - Tue Oct 20 15:43:26 2020 - TB2

UMTS power has been toggled.

2020-10-20 15:43:34,632 - Tue Oct 20 15:43:34 2020 - TB2

Testing UMTS modem
Device can interface.
SIM card is not inserted, not compatible, or is malfunctioning.

2020-10-20 15:50:29,001 - Tue Oct 20 15:50:29 2020 - Scanning for devices. Please wait...
2020-10-20 15:50:29,001 - Tue Oct 20 15:50:29 2020 - Scanning: ['TB1', 'TB2', 'TB3']
2020-10-20 15:50:33,154 - Tue Oct 20 15:50:33 2020 - Missing: []
2020-10-20 15:50:33,154 - Tue Oct 20 15:50:33 2020 - Found:['TB1', 'TB2', 'TB3']
2020-10-20 15:51:10,569 - Tue Oct 20 15:51:10 2020 - TB2

Testing GPRS modem
Device can interface.
SIM card is functional.
Manufacturer: 
SIMCOM_Ltd
Model Number: 
SIMCOM_SIM800H
IMEI Number: 
860041044172552
Software Version: 
Revision:1309B07SIM800H32_BT

2020-10-20 15:51:35,488 - Tue Oct 20 15:51:35 2020 - TB2

GPRS power has been toggled.

2020-10-20 15:51:41,996 - Tue Oct 20 15:51:41 2020 - TB2

GPRS power has been toggled.

2020-10-21 09:45:58,266 - Wed Oct 21 09:45:58 2020 - Scanning for devices. Please wait...
2020-10-21 09:45:58,266 - Wed Oct 21 09:45:58 2020 - Scanning: ['TB1', 'TB2', 'TB3']
2020-10-21 09:46:25,335 - Wed Oct 21 09:46:25 2020 - Missing: []
2020-10-21 09:46:25,335 - Wed Oct 21 09:46:25 2020 - Found:['TB1', 'TB2', 'TB3']
2020-10-21 09:51:12,059 - Wed Oct 21 09:51:12 2020 - Scanning for devices. Please wait...
2020-10-21 09:51:12,059 - Wed Oct 21 09:51:12 2020 - Scanning: ['TB1', 'TB2', 'TB3']
2020-10-21 09:51:29,836 - Wed Oct 21 09:51:29 2020 - Missing: ['TB1', 'TB2', 'TB3']
2020-10-21 09:51:29,836 - Wed Oct 21 09:51:29 2020 - Found:[]
2020-10-21 09:51:29,836 - Wed Oct 21 09:51:29 2020 - No toughbuckets loaded. Check Power and Wifi connections...
2020-10-21 09:53:42,500 - Wed Oct 21 09:53:42 2020 - Scanning for devices. Please wait...
2020-10-21 09:53:42,500 - Wed Oct 21 09:53:42 2020 - Scanning: ['TB1', 'TB2', 'TB3']
2020-10-21 09:54:00,335 - Wed Oct 21 09:54:00 2020 - Missing: ['TB1', 'TB2', 'TB3']
2020-10-21 09:54:00,335 - Wed Oct 21 09:54:00 2020 - Found:[]
2020-10-21 09:54:00,335 - Wed Oct 21 09:54:00 2020 - No toughbuckets loaded. Check Power and Wifi connections...
2020-10-21 09:59:07,684 - Wed Oct 21 09:59:07 2020 - Scanning for devices. Please wait...
2020-10-21 09:59:07,684 - Wed Oct 21 09:59:07 2020 - Scanning: ['TB1', 'TB2', 'TB3']
2020-10-21 09:59:25,331 - Wed Oct 21 09:59:25 2020 - Missing: ['TB1', 'TB2', 'TB3']
2020-10-21 09:59:25,331 - Wed Oct 21 09:59:25 2020 - Found:[]
2020-10-21 09:59:25,331 - Wed Oct 21 09:59:25 2020 - No Tough Buckets loaded. Check Power and Wifi connections...
2020.10.21 10:02:38 - Wed Oct 21 10:02:38 2020 - Scanning for devices. Please wait...
2020.10.21 10:02:38 - Wed Oct 21 10:02:38 2020 - Scanning: ['TB1', 'TB2', 'TB3']
2020.10.21 10:03:48 - Wed Oct 21 10:03:48 2020 - Scanning for devices. Please wait...
2020.10.21 10:03:48 - Wed Oct 21 10:03:48 2020 - Scanning: ['TB1', 'TB2', 'TB3']
2020.10.21 10:04:06 - Wed Oct 21 10:04:06 2020 - Missing: ['TB1', 'TB2', 'TB3']
2020.10.21 10:04:06 - Wed Oct 21 10:04:06 2020 - Found:[]
2020.10.21 10:04:06 - Wed Oct 21 10:04:06 2020 - No Tough Buckets loaded. Check Power and Wifi connections...
2020.10.21 10:04:37 - Wed Oct 21 10:04:37 2020 - Scanning for devices. Please wait...
2020.10.21 10:04:37 - Wed Oct 21 10:04:37 2020 - Scanning: ['TB1', 'TB2', 'TB3']
2020-10-21 10:06:10 - Wed Oct 21 10:06:10 2020 - Scanning for devices. Please wait...
2020-10-21 10:06:10 - Wed Oct 21 10:06:10 2020 - Scanning: ['TB1', 'TB2', 'TB3']
2020-10-21 10:08:43,090 - Wed Oct 21 10:08:43 2020 - Scanning for devices. Please wait...
2020-10-21 10:08:43,090 - Wed Oct 21 10:08:43 2020 - Scanning: ['TB1', 'TB2', 'TB3']
2020-10-21 11:33:13,218 - Wed Oct 21 11:33:13 2020 - Scanning for devices. Please wait...
2020-10-21 11:33:13,224 - Wed Oct 21 11:33:13 2020 - Scanning: ['TB1', 'TB2', 'TB3']
2020-10-21 11:33:30,831 - Wed Oct 21 11:33:30 2020 - Missing: ['TB1', 'TB2', 'TB3']
2020-10-21 11:33:30,831 - Wed Oct 21 11:33:30 2020 - Found:[]
2020-10-21 11:33:30,831 - Wed Oct 21 11:33:30 2020 - No Tough Buckets loaded. Check Power and Wifi connections...
2020-10-21 11:33:33,997 - Wed Oct 21 11:33:34 2020 - Scanning for devices. Please wait...
2020-10-21 11:33:33,997 - Wed Oct 21 11:33:34 2020 - Scanning: ['TB1', 'TB2', 'TB3']
2020-10-21 11:33:51,769 - Wed Oct 21 11:33:51 2020 - Scanning for devices. Please wait...
2020-10-21 11:33:51,769 - Wed Oct 21 11:33:51 2020 - Scanning: ['TB1', 'TB2', 'TB3']
2020-10-21 11:34:04,836 - Wed Oct 21 11:34:04 2020 - Missing: ['TB2', 'TB3']
2020-10-21 11:34:04,836 - Wed Oct 21 11:34:04 2020 - Found:['TB1']
2020-10-21 11:34:29,555 - Wed Oct 21 11:34:29 2020 - TB1

Testing GPRS modem
Device can interface.
SIM card is functional.
Manufacturer: 
SIMCOM_Ltd
Model Number: 
SIMCOM_SIM800H
IMEI Number: 
860041044192410
Software Version: 
Revision:1309B07SIM800H32_BT

2020-10-21 11:34:45,563 - Wed Oct 21 11:34:45 2020 - TB1

GPRS power has been toggled.

2020-10-21 11:34:52,901 - Wed Oct 21 11:34:52 2020 - TB1

GPRS power has been toggled.

2020-10-21 12:39:51,614 - Wed Oct 21 12:39:51 2020 - Scanning for devices. Please wait...
2020-10-21 12:39:51,614 - Wed Oct 21 12:39:51 2020 - Scanning: ['TB1', 'TB2', 'TB3']
2020-10-21 12:40:04,340 - Wed Oct 21 12:40:04 2020 - Missing: ['TB2', 'TB3']
2020-10-21 12:40:04,340 - Wed Oct 21 12:40:04 2020 - Found:['TB1']
2020-10-21 12:40:54,922 - Wed Oct 21 12:40:54 2020 - TB1

Testing GPRS modem
Device can interface.
SIM card is functional.
Manufacturer: 
SIMCOM_Ltd
Model Number: 
SIMCOM_SIM800H
IMEI Number: 
860041044192410
Software Version: 
Revision:1309B07SIM800H32_BT

2020-10-21 14:46:34,337 - Wed Oct 21 14:46:34 2020 - Scanning for devices. Please wait...
2020-10-21 14:46:34,337 - Wed Oct 21 14:46:34 2020 - Scanning: ['TB1', 'TB2', 'TB3']
2020-10-21 14:46:47,332 - Wed Oct 21 14:46:47 2020 - Missing: ['TB2', 'TB3']
2020-10-21 14:46:47,332 - Wed Oct 21 14:46:47 2020 - Found:['TB1']
2020-10-21 14:47:42,953 - Wed Oct 21 14:47:42 2020 - TB1

Testing GPRS modem
Device can interface.
SIM card is functional.
Manufacturer: 
SIMCOM_Ltd
Model Number: 
SIMCOM_SIM800H
IMEI Number: 
860041044192410
Software Version: 
Revision:1309B07SIM800H32_BT

2020-10-21 14:47:59,102 - Wed Oct 21 14:47:59 2020 - TB1

GPRS power has been toggled.

2020-10-21 14:48:03,897 - Wed Oct 21 14:48:03 2020 - TB1

GPRS power has been toggled.

2020-10-23 10:24:27,331 - Fri Oct 23 10:24:27 2020 - Scanning for devices. Please wait...
2020-10-23 10:24:27,331 - Fri Oct 23 10:24:27 2020 - Scanning: ['TB1', 'TB2', 'TB3']
2020-10-23 10:24:45,341 - Fri Oct 23 10:24:45 2020 - Missing: ['TB1', 'TB2', 'TB3']
2020-10-23 10:24:45,341 - Fri Oct 23 10:24:45 2020 - Found:[]
2020-10-23 10:24:45,341 - Fri Oct 23 10:24:45 2020 - No Tough Buckets loaded. Check Power and Wifi connections...
2020-10-23 13:10:37,226 - Fri Oct 23 13:10:37 2020 - Scanning for devices. Please wait...
2020-10-23 13:10:37,228 - Fri Oct 23 13:10:37 2020 - Scanning: ['TB1', 'TB2', 'TB3']
2020-10-23 13:10:49,960 - Fri Oct 23 13:10:49 2020 - Missing: ['TB1', 'TB2']
2020-10-23 13:10:49,961 - Fri Oct 23 13:10:49 2020 - Found:['TB3']
2020-10-23 13:16:49,751 - Fri Oct 23 13:16:49 2020 - Scanning for devices. Please wait...
2020-10-23 13:16:49,753 - Fri Oct 23 13:16:49 2020 - Scanning: ['TB1', 'TB2', 'TB3']
2020-10-23 13:16:57,862 - Fri Oct 23 13:16:57 2020 - Missing: ['TB2']
2020-10-23 13:16:57,862 - Fri Oct 23 13:16:57 2020 - Found:['TB1', 'TB3']
2020-10-23 13:17:30,908 - Fri Oct 23 13:17:30 2020 - TB1

Testing GPRS modem
Device can interface.
SIM card is functional.
Manufacturer: 
SIMCOM_Ltd
Model Number: 
SIMCOM_SIM800H
IMEI Number: 
860041044192410
Software Version: 
Revision:1309B07SIM800H32_BT

2020-10-23 15:36:36,634 - Fri Oct 23 15:36:36 2020 - Scanning for devices. Please wait...
2020-10-23 15:36:36,636 - Fri Oct 23 15:36:36 2020 - Scanning: ['TB1', 'TB2', 'TB3', 'TB4']
2020-10-23 15:36:55,358 - Fri Oct 23 15:36:55 2020 - Missing: ['TB1', 'TB2', 'TB3']
2020-10-23 15:36:55,358 - Fri Oct 23 15:36:55 2020 - Found:['TB4']
2020-10-23 15:38:45,324 - Fri Oct 23 15:38:45 2020 - Scanning for devices. Please wait...
2020-10-23 15:38:45,325 - Fri Oct 23 15:38:45 2020 - Scanning: ['TB1', 'TB2', 'TB3', 'TB4']
2020-10-23 15:39:04,370 - Fri Oct 23 15:39:04 2020 - Missing: ['TB1', 'TB2', 'TB3']
2020-10-23 15:39:04,370 - Fri Oct 23 15:39:04 2020 - Found:['TB4']
2020-10-23 15:39:33,412 - Fri Oct 23 15:39:33 2020 - Scanning for devices. Please wait...
2020-10-23 15:39:33,413 - Fri Oct 23 15:39:33 2020 - Scanning: ['TB1', 'TB2', 'TB3', 'TB4']
2020-10-23 15:39:47,363 - Fri Oct 23 15:39:47 2020 - Missing: ['TB1', 'TB2', 'TB3', 'TB2', 'TB3']
2020-10-23 15:39:47,364 - Fri Oct 23 15:39:47 2020 - Found:['TB4', 'TB1', 'TB4']
2020-10-23 15:42:34,541 - Fri Oct 23 15:42:34 2020 - Scanning for devices. Please wait...
2020-10-23 15:42:34,543 - Fri Oct 23 15:42:34 2020 - Scanning: ['TB1', 'TB2', 'TB3', 'TB4']
2020-10-23 15:42:48,374 - Fri Oct 23 15:42:48 2020 - Missing: ['TB2', 'TB3']
2020-10-23 15:42:48,374 - Fri Oct 23 15:42:48 2020 - Found:['TB1', 'TB4']
2020-10-23 15:42:51,873 - Fri Oct 23 15:42:51 2020 - Scanning for devices. Please wait...
2020-10-23 15:42:51,874 - Fri Oct 23 15:42:51 2020 - Scanning: ['TB1', 'TB2', 'TB3', 'TB4']
2020-10-23 15:43:05,873 - Fri Oct 23 15:43:05 2020 - Missing: ['TB2', 'TB3', 'TB2', 'TB3']
2020-10-23 15:43:05,874 - Fri Oct 23 15:43:05 2020 - Found:['TB1', 'TB4', 'TB1', 'TB4']
2020-10-23 15:46:14,765 - Fri Oct 23 15:46:14 2020 - Scanning for devices. Please wait...
2020-10-23 15:46:14,767 - Fri Oct 23 15:46:14 2020 - Scanning: ['TB1', 'TB2', 'TB3', 'TB4']
2020-10-23 15:46:28,869 - Fri Oct 23 15:46:28 2020 - Missing: ['TB2', 'TB3']
2020-10-23 15:46:28,870 - Fri Oct 23 15:46:28 2020 - Found:['TB1', 'TB4']
2020-10-23 15:46:42,237 - Fri Oct 23 15:46:42 2020 - Scanning for devices. Please wait...
2020-10-23 15:46:42,238 - Fri Oct 23 15:46:42 2020 - Scanning: ['TB1', 'TB2', 'TB3', 'TB4']
2020-10-23 15:46:56,356 - Fri Oct 23 15:46:56 2020 - Missing: ['TB2', 'TB3']
2020-10-23 15:46:56,356 - Fri Oct 23 15:46:56 2020 - Found:['TB1', 'TB4']
2020-10-23 15:50:55,625 - Fri Oct 23 15:50:55 2020 - Scanning for devices. Please wait...
2020-10-23 15:50:55,626 - Fri Oct 23 15:50:55 2020 - Scanning: ['TB1', 'TB2', 'TB3', 'TB4']
2020-10-23 15:51:09,387 - Fri Oct 23 15:51:09 2020 - Missing: ['TB2', 'TB3']
2020-10-23 15:51:09,388 - Fri Oct 23 15:51:09 2020 - Found:['TB1', 'TB4']
2020-10-23 15:51:09,388 - Fri Oct 23 15:51:09 2020 - Select Device to operate with drop down in the top left
2020-10-23 15:52:28,575 - Fri Oct 23 15:52:28 2020 - Scanning for devices. Please wait...
2020-10-23 15:52:28,576 - Fri Oct 23 15:52:28 2020 - Scanning: ['TB1', 'TB2', 'TB3', 'TB4']
2020-10-23 15:52:43,191 - Fri Oct 23 15:52:43 2020 - Missing: ['TB2', 'TB3']
2020-10-23 15:52:43,191 - Fri Oct 23 15:52:43 2020 - Found:['TB1', 'TB4']
2020-10-23 15:52:43,192 - Fri Oct 23 15:52:43 2020 - Select Device to operate with the drop down above...
2020-10-23 15:53:00,841 - Fri Oct 23 15:53:00 2020 - Scanning for devices. Please wait...
2020-10-23 15:53:00,842 - Fri Oct 23 15:53:00 2020 - Scanning: ['TB1', 'TB2', 'TB3', 'TB4']
2020-10-23 15:53:14,867 - Fri Oct 23 15:53:14 2020 - Missing: ['TB2', 'TB3']
2020-10-23 15:53:14,867 - Fri Oct 23 15:53:14 2020 - Found:   ['TB1', 'TB4']
2020-10-23 15:53:14,867 - Fri Oct 23 15:53:14 2020 - Select Device to operate with the drop down above...
2020-10-23 15:53:30,852 - Fri Oct 23 15:53:30 2020 - Scanning for devices. Please wait...
2020-10-23 15:53:30,854 - Fri Oct 23 15:53:30 2020 - Scanning: ['TB1', 'TB2', 'TB3', 'TB4']
2020-10-23 15:53:44,874 - Fri Oct 23 15:53:44 2020 - Missing:  ['TB2', 'TB3']
2020-10-23 15:53:44,875 - Fri Oct 23 15:53:44 2020 - Found:    ['TB1', 'TB4']
2020-10-23 15:53:44,875 - Fri Oct 23 15:53:44 2020 - Select Device to operate with the drop down above...
2020-10-23 15:54:19,967 - Fri Oct 23 15:54:19 2020 - TB4

ssh: connect to host 0.0.0.0 port 22: Unknown error

2020-10-23 15:54:25,019 - Fri Oct 23 15:54:25 2020 - TB4

ssh: connect to host 0.0.0.0 port 22: Unknown error

2020-10-23 15:54:51,694 - Fri Oct 23 15:54:51 2020 - TB4

ssh: connect to host 0.0.0.0 port 22: Unknown error

2020-10-23 15:54:55,033 - Fri Oct 23 15:54:55 2020 - TB4

ssh: connect to host 0.0.0.0 port 22: Unknown error

2020-10-23 15:59:49,530 - Fri Oct 23 15:59:49 2020 - Scanning for devices. Please wait...
2020-10-23 15:59:49,532 - Fri Oct 23 15:59:49 2020 - Scanning: ['TB1', 'TB2', 'TB3', 'TB4']
2020-10-23 16:00:03,363 - Fri Oct 23 16:00:03 2020 - Missing:  ['TB2', 'TB3']
2020-10-23 16:00:03,363 - Fri Oct 23 16:00:03 2020 - Found:    ['TB1', 'TB4']
2020-10-23 16:00:03,363 - Fri Oct 23 16:00:03 2020 - Select Device to operate with the drop down above...
2020-10-23 16:00:14,579 - Fri Oct 23 16:00:14 2020 - TB4

ssh: connect to host 0.0.0.0 port 22: Unknown error

2020-10-23 16:03:09,877 - Fri Oct 23 16:03:09 2020 - Scanning for devices. Please wait...
2020-10-23 16:03:09,877 - Fri Oct 23 16:03:09 2020 - Scanning: ['TB1', 'TB2', 'TB3', 'TB4']
2020-10-23 16:03:23,876 - Fri Oct 23 16:03:23 2020 - Missing:  ['TB2', 'TB3']
2020-10-23 16:03:23,877 - Fri Oct 23 16:03:23 2020 - Found:    ['TB1', 'TB4']
2020-10-23 16:03:23,877 - Fri Oct 23 16:03:23 2020 - Select Device to operate with the drop down above...
2020-10-23 16:04:00,552 - Fri Oct 23 16:04:00 2020 - TB4

ssh: connect to host 0.0.0.0 port 22: Unknown error

2020-10-23 16:05:03,363 - Fri Oct 23 16:05:03 2020 - Scanning for devices. Please wait...
2020-10-23 16:05:03,365 - Fri Oct 23 16:05:03 2020 - Scanning: ['TB1', 'TB2', 'TB3', 'TB4']
2020-10-23 16:05:09,423 - Fri Oct 23 16:05:09 2020 - Missing:  ['TB2', 'TB3']
2020-10-23 16:05:09,423 - Fri Oct 23 16:05:09 2020 - Found:    ['TB1', 'TB4']
2020-10-23 16:05:09,424 - Fri Oct 23 16:05:09 2020 - Select Device to operate with the drop down above...
2020-10-23 16:06:40,388 - Fri Oct 23 16:06:40 2020 - Scanning for devices. Please wait...
2020-10-23 16:06:40,389 - Fri Oct 23 16:06:40 2020 - Scanning: ['TB1', 'TB2', 'TB3', 'TB4']
2020-10-23 16:06:46,432 - Fri Oct 23 16:06:46 2020 - Missing:  ['TB2', 'TB3']
2020-10-23 16:06:46,432 - Fri Oct 23 16:06:46 2020 - Found:    ['TB1', 'TB4']
2020-10-23 16:06:46,432 - Fri Oct 23 16:06:46 2020 - Select Device to operate with the drop down above...
2020-10-30 10:12:28,133 - Fri Oct 30 10:12:28 2020 - Scanning for devices. Please wait...
2020-10-30 10:12:28,135 - Fri Oct 30 10:12:28 2020 - Scanning: ['TB1', 'TB2', 'TB3', 'TB4']
2020-10-30 10:12:42,838 - Fri Oct 30 10:12:42 2020 - Missing:  ['TB4']
2020-10-30 10:12:42,839 - Fri Oct 30 10:12:42 2020 - Found:    ['TB1', 'TB2', 'TB3']
2020-10-30 10:12:42,839 - Fri Oct 30 10:12:42 2020 - Select Device to operate with the drop down above...
2020-10-30 10:13:02,004 - Fri Oct 30 10:13:02 2020 - Scanning for devices. Please wait...
2020-10-30 10:13:02,006 - Fri Oct 30 10:13:02 2020 - Scanning: ['TB1', 'TB2', 'TB3', 'TB4']
2020-10-30 10:13:13,836 - Fri Oct 30 10:13:13 2020 - Missing:  ['TB1', 'TB2', 'TB3', 'TB4']
2020-10-30 10:13:13,836 - Fri Oct 30 10:13:13 2020 - Found:    []
2020-10-30 10:13:13,836 - Fri Oct 30 10:13:13 2020 - Select Device to operate with the drop down above...
2020-10-30 10:13:13,836 - Fri Oct 30 10:13:13 2020 - No Tough Buckets loaded. Check Power and Wifi connections...
2020-10-30 10:13:20,891 - Fri Oct 30 10:13:20 2020 - Scanning for devices. Please wait...
2020-10-30 10:13:20,892 - Fri Oct 30 10:13:20 2020 - Scanning: ['TB1', 'TB2', 'TB3', 'TB4']
2020-10-30 10:13:29,338 - Fri Oct 30 10:13:29 2020 - Missing:  ['TB1', 'TB4']
2020-10-30 10:13:29,339 - Fri Oct 30 10:13:29 2020 - Found:    ['TB2', 'TB3']
2020-10-30 10:13:29,339 - Fri Oct 30 10:13:29 2020 - Select Device to operate with the drop down above...
2020-10-30 10:13:42,147 - Fri Oct 30 10:13:42 2020 - Scanning for devices. Please wait...
2020-10-30 10:13:42,148 - Fri Oct 30 10:13:42 2020 - Scanning: ['TB1', 'TB2', 'TB3', 'TB4']
2020-10-30 10:13:45,337 - Fri Oct 30 10:13:45 2020 - Missing:  ['TB4']
2020-10-30 10:13:45,337 - Fri Oct 30 10:13:45 2020 - Found:    ['TB1', 'TB2', 'TB3']
2020-10-30 10:13:45,337 - Fri Oct 30 10:13:45 2020 - Select Device to operate with the drop down above...
2020-10-30 10:17:18,777 - Fri Oct 30 10:17:18 2020 - Scanning for devices. Please wait...
2020-10-30 10:17:18,778 - Fri Oct 30 10:17:18 2020 - Scanning: ['TB1', 'TB2', 'TB3', 'TB4']
2020-10-30 10:17:19,150 - Fri Oct 30 10:17:19 2020 - Missing:  []
2020-10-30 10:17:19,150 - Fri Oct 30 10:17:19 2020 - Found:    ['TB1', 'TB2', 'TB3', 'TB4']
2020-10-30 10:17:19,150 - Fri Oct 30 10:17:19 2020 - Select Device to operate with the drop down above...
2020-10-30 10:17:26,724 - Fri Oct 30 10:17:26 2020 - TB4

ssh: connect to host 0.0.0.0 port 22: Unknown error

2020-10-30 10:17:40,411 - Fri Oct 30 10:17:40 2020 - TB4

ssh: connect to host 0.0.0.0 port 22: Unknown error

2020-10-30 10:19:47,389 - Fri Oct 30 10:19:47 2020 - TB4

ssh: connect to host 0.0.0.0 port 22: Unknown error

2020-10-30 10:19:53,505 - Fri Oct 30 10:19:53 2020 - Scanning for devices. Please wait...
2020-10-30 10:19:53,507 - Fri Oct 30 10:19:53 2020 - Scanning: ['TB1', 'TB2', 'TB3', 'TB4']
2020-10-30 10:19:53,888 - Fri Oct 30 10:19:53 2020 - Missing:  []
2020-10-30 10:19:53,888 - Fri Oct 30 10:19:53 2020 - Found:    ['TB1', 'TB2', 'TB3', 'TB4']
2020-10-30 10:19:53,888 - Fri Oct 30 10:19:53 2020 - Select Device to operate with the drop down above...
2020-10-30 10:19:57,471 - Fri Oct 30 10:19:57 2020 - TB4

ssh: connect to host 0.0.0.0 port 22: Unknown error

2020-10-30 10:20:01,692 - Fri Oct 30 10:20:01 2020 - TB4

ssh: connect to host 0.0.0.0 port 22: Unknown error

2020-10-30 10:20:02,782 - Fri Oct 30 10:20:02 2020 - TB4

ssh: connect to host 0.0.0.0 port 22: Unknown error

2020-10-30 10:20:03,196 - Fri Oct 30 10:20:03 2020 - TB4

ssh: connect to host 0.0.0.0 port 22: Unknown error

2020-10-30 10:20:50,468 - Fri Oct 30 10:20:50 2020 - TB1

ssh: connect to host 0.0.0.0 port 22: Unknown error

2020-10-30 10:20:53,553 - Fri Oct 30 10:20:53 2020 - TB2

ssh: connect to host 0.0.0.0 port 22: Unknown error

2020-10-30 10:20:56,621 - Fri Oct 30 10:20:56 2020 - TB3

ssh: connect to host 0.0.0.0 port 22: Unknown error

2020-10-30 10:21:55,911 - Fri Oct 30 10:21:55 2020 - Scanning for devices. Please wait...
2020-10-30 10:21:55,913 - Fri Oct 30 10:21:55 2020 - Scanning: ['TB1', 'TB2', 'TB3', 'TB4']
2020-10-30 10:21:59,897 - Fri Oct 30 10:21:59 2020 - Missing:  []
2020-10-30 10:21:59,897 - Fri Oct 30 10:21:59 2020 - Found:    ['TB1', 'TB2', 'TB3', 'TB4']
2020-10-30 10:21:59,897 - Fri Oct 30 10:21:59 2020 - Select Device to operate with the drop down above...
2020-10-30 10:22:30,852 - Fri Oct 30 10:22:30 2020 - TB1

ssh: connect to host 0.0.0.0 port 22: Unknown error

2020-10-30 10:30:04,549 - Fri Oct 30 10:30:04 2020 - Scanning for devices. Please wait...
2020-10-30 10:30:04,551 - Fri Oct 30 10:30:04 2020 - Scanning: ['TB1', 'TB2', 'TB3', 'TB4']
2020-10-30 10:30:13,337 - Fri Oct 30 10:30:13 2020 - Missing:  ['TB1', 'TB2', 'TB4']
2020-10-30 10:30:13,338 - Fri Oct 30 10:30:13 2020 - Found:    ['TB3']
2020-10-30 10:30:13,339 - Fri Oct 30 10:30:13 2020 - Select Device to operate with the drop down above...
2020-10-30 10:30:17,543 - Fri Oct 30 10:30:17 2020 - Scanning for devices. Please wait...
2020-10-30 10:30:17,544 - Fri Oct 30 10:30:17 2020 - Scanning: ['TB1', 'TB2', 'TB3', 'TB4']
2020-10-30 10:30:26,340 - Fri Oct 30 10:30:26 2020 - Missing:  ['TB1', 'TB2', 'TB4']
2020-10-30 10:30:26,340 - Fri Oct 30 10:30:26 2020 - Found:    ['TB3']
2020-10-30 10:30:26,341 - Fri Oct 30 10:30:26 2020 - Select Device to operate with the drop down above...
2020-10-30 10:31:34,588 - Fri Oct 30 10:31:34 2020 - Scanning for devices. Please wait...
2020-10-30 10:31:34,591 - Fri Oct 30 10:31:34 2020 - Scanning: ['TB1', 'TB2', 'TB3', 'TB4']
2020-10-30 10:31:43,338 - Fri Oct 30 10:31:43 2020 - Missing:  ['TB1', 'TB2', 'TB4']
2020-10-30 10:31:43,339 - Fri Oct 30 10:31:43 2020 - Found:    ['TB3']
2020-10-30 10:31:43,339 - Fri Oct 30 10:31:43 2020 - Select Device to operate with the drop down above...
2020-10-30 10:33:30,681 - Fri Oct 30 10:33:30 2020 - Scanning for devices. Please wait...
2020-10-30 10:33:30,683 - Fri Oct 30 10:33:30 2020 - Scanning: ['TB1', 'TB2', 'TB3', 'TB4']
2020-10-30 10:33:40,331 - Fri Oct 30 10:33:40 2020 - Missing:  ['TB1', 'TB2']
2020-10-30 10:33:40,331 - Fri Oct 30 10:33:40 2020 - Found:    ['TB3', 'TB4']
2020-10-30 10:33:40,331 - Fri Oct 30 10:33:40 2020 - Select Device to operate with the drop down above...
2020-10-30 10:34:58,849 - Fri Oct 30 10:34:58 2020 - TB3

ssh: connect to host 0.0.0.0 port 22: Unknown error

2020-10-30 10:39:42,736 - Fri Oct 30 10:39:42 2020 - Scanning for devices. Please wait...
2020-10-30 10:39:42,739 - Fri Oct 30 10:39:42 2020 - Scanning: ['TB1', 'TB2', 'TB3', 'TB4']
2020-10-30 10:39:51,335 - Fri Oct 30 10:39:51 2020 - Missing:  ['TB1', 'TB2', 'TB4']
2020-10-30 10:39:51,335 - Fri Oct 30 10:39:51 2020 - Found:    ['TB3']
2020-10-30 10:39:51,335 - Fri Oct 30 10:39:51 2020 - Select Device to operate with the drop down above...
2020-10-30 10:40:14,435 - Fri Oct 30 10:40:14 2020 - Scanning for devices. Please wait...
2020-10-30 10:40:14,436 - Fri Oct 30 10:40:14 2020 - Scanning: ['TB1', 'TB2', 'TB3', 'TB4']
2020-10-30 10:40:23,338 - Fri Oct 30 10:40:23 2020 - Missing:  ['TB1', 'TB2', 'TB4']
2020-10-30 10:40:23,339 - Fri Oct 30 10:40:23 2020 - Found:    ['TB3']
2020-10-30 10:40:23,339 - Fri Oct 30 10:40:23 2020 - Select Device to operate with the drop down above...
2020-10-30 10:41:07,337 - Fri Oct 30 10:41:07 2020 - Scanning for devices. Please wait...
2020-10-30 10:41:07,338 - Fri Oct 30 10:41:07 2020 - Scanning: ['TB1', 'TB2', 'TB3', 'TB4']
2020-10-30 10:41:16,338 - Fri Oct 30 10:41:16 2020 - Missing:  ['TB1', 'TB2', 'TB4']
2020-10-30 10:41:16,338 - Fri Oct 30 10:41:16 2020 - Found:    ['TB3']
2020-10-30 10:41:16,339 - Fri Oct 30 10:41:16 2020 - Select Device to operate with the drop down above...
2020-10-30 10:41:20,737 - Fri Oct 30 10:41:20 2020 - Scanning for devices. Please wait...
2020-10-30 10:41:20,739 - Fri Oct 30 10:41:20 2020 - Scanning: ['TB1', 'TB2', 'TB3', 'TB4']
2020-10-30 10:41:49,836 - Fri Oct 30 10:41:49 2020 - Missing:  ['TB1', 'TB2', 'TB4']
2020-10-30 10:41:49,836 - Fri Oct 30 10:41:49 2020 - Found:    ['TB3']
2020-10-30 10:41:49,836 - Fri Oct 30 10:41:49 2020 - Select Device to operate with the drop down above...
2020-10-30 10:46:28,659 - Fri Oct 30 10:46:28 2020 - Scanning for devices. Please wait...
2020-10-30 10:46:28,661 - Fri Oct 30 10:46:28 2020 - Scanning: ['TB1', 'TB2', 'TB3', 'TB4']
2020-10-30 10:46:57,336 - Fri Oct 30 10:46:57 2020 - Missing:  ['TB1', 'TB2', 'TB4']
2020-10-30 10:46:57,336 - Fri Oct 30 10:46:57 2020 - Found:    ['TB3']
2020-10-30 10:46:57,336 - Fri Oct 30 10:46:57 2020 - Select Device to operate with the drop down above...
2020-10-30 10:49:23,148 - Fri Oct 30 10:49:23 2020 - Scanning for devices. Please wait...
2020-10-30 10:49:23,150 - Fri Oct 30 10:49:23 2020 - Scanning: ['TB1', 'TB2', 'TB3', 'TB4']
2020-10-30 10:49:55,831 - Fri Oct 30 10:49:55 2020 - Missing:  ['TB1', 'TB2', 'TB4']
2020-10-30 10:49:55,832 - Fri Oct 30 10:49:55 2020 - Found:    ['TB3']
2020-10-30 10:49:55,832 - Fri Oct 30 10:49:55 2020 - Select Device to operate with the drop down above...
2020-10-30 10:52:38,377 - Fri Oct 30 10:52:38 2020 - Scanning for devices. Please wait...
2020-10-30 10:52:38,379 - Fri Oct 30 10:52:38 2020 - Scanning: ['TB1', 'TB2', 'TB3', 'TB4']
2020-10-30 10:53:11,334 - Fri Oct 30 10:53:11 2020 - Missing:  ['TB1', 'TB2', 'TB4']
2020-10-30 10:53:11,335 - Fri Oct 30 10:53:11 2020 - Found:    ['TB3']
2020-10-30 10:53:11,335 - Fri Oct 30 10:53:11 2020 - Select Device to operate with the drop down above...
2020-10-30 10:53:48,149 - Fri Oct 30 10:53:48 2020 - Scanning for devices. Please wait...
2020-10-30 10:53:48,150 - Fri Oct 30 10:53:48 2020 - Scanning: ['TB1', 'TB2', 'TB3', 'TB4']
2020-10-30 10:54:16,838 - Fri Oct 30 10:54:16 2020 - Missing:  ['TB1', 'TB2', 'TB4']
2020-10-30 10:54:16,838 - Fri Oct 30 10:54:16 2020 - Found:    ['TB3']
2020-10-30 10:54:16,839 - Fri Oct 30 10:54:16 2020 - Select Device to operate with the drop down above...
2020-10-30 10:54:20,406 - Fri Oct 30 10:54:20 2020 - TB3

ssh: connect to host 0.0.0.0 port 22: Unknown error

2020-10-30 10:57:31,979 - Fri Oct 30 10:57:31 2020 - Scanning for devices. Please wait...
2020-10-30 10:57:31,981 - Fri Oct 30 10:57:31 2020 - Scanning: ['TB1', 'TB2', 'TB3', 'TB4']
2020-10-30 10:58:00,843 - Fri Oct 30 10:58:00 2020 - Missing:  ['TB1', 'TB2', 'TB4']
2020-10-30 10:58:00,843 - Fri Oct 30 10:58:00 2020 - Found:    ['TB3']
2020-10-30 10:58:00,843 - Fri Oct 30 10:58:00 2020 - Select Device to operate with the drop down above...
2020-10-30 10:58:00,846 - Fri Oct 30 10:58:00 2020 - Scanning for devices. Please wait...
2020-10-30 10:58:00,848 - Fri Oct 30 10:58:00 2020 - Scanning: ['TB1', 'TB2', 'TB3', 'TB4']
2020-10-30 10:58:29,836 - Fri Oct 30 10:58:29 2020 - Missing:  ['TB1', 'TB2', 'TB4']
2020-10-30 10:58:29,836 - Fri Oct 30 10:58:29 2020 - Found:    ['TB3']
2020-10-30 10:58:29,836 - Fri Oct 30 10:58:29 2020 - Select Device to operate with the drop down above...
2020-10-30 10:58:43,674 - Fri Oct 30 10:58:43 2020 - TB3

ssh: connect to host 0.0.0.0 port 22: Unknown error

2020-10-30 10:58:51,441 - Fri Oct 30 10:58:51 2020 - TB3

ssh: connect to host 0.0.0.0 port 22: Unknown error

2020-11-02 08:59:50,654 - Mon Nov  2 08:59:50 2020 - Scanning for devices. Please wait...
2020-11-02 08:59:50,656 - Mon Nov  2 08:59:50 2020 - Scanning: ['TB1', 'TB2', 'TB3', 'TB4']
2020-11-02 09:00:26,339 - Mon Nov  2 09:00:26 2020 - Missing:  ['TB1', 'TB2', 'TB3', 'TB4']
2020-11-02 09:00:26,339 - Mon Nov  2 09:00:26 2020 - Found:    []
2020-11-02 09:00:26,339 - Mon Nov  2 09:00:26 2020 - Select Device to operate with the drop down above...
2020-11-02 09:00:26,339 - Mon Nov  2 09:00:26 2020 - No Tough Buckets loaded. Check Power and Wifi connections...
2020-11-02 09:01:53,430 - Mon Nov  2 09:01:53 2020 - Scanning for devices. Please wait...
2020-11-02 09:01:53,430 - Mon Nov  2 09:01:53 2020 - Scanning: ['TB1', 'TB2', 'TB3', 'TB4']
2020-11-02 09:02:22,337 - Mon Nov  2 09:02:22 2020 - Missing:  ['TB2', 'TB3', 'TB4']
2020-11-02 09:02:22,337 - Mon Nov  2 09:02:22 2020 - Found:    ['TB1']
2020-11-02 09:02:22,337 - Mon Nov  2 09:02:22 2020 - Select Device to operate with the drop down above...
2020-11-02 09:02:27,924 - Mon Nov  2 09:02:27 2020 - TB1

ssh: connect to host 0.0.0.0 port 22: Unknown error

2020-11-02 09:02:29,907 - Mon Nov  2 09:02:29 2020 - TB1

ssh: connect to host 0.0.0.0 port 22: Unknown error

2020-11-02 09:04:14,793 - Mon Nov  2 09:04:14 2020 - TB1

ssh: connect to host 0.0.0.0 port 22: Unknown error

2020-11-02 09:05:57,546 - Mon Nov  2 09:05:57 2020 - Scanning for devices. Please wait...
2020-11-02 09:05:57,550 - Mon Nov  2 09:05:57 2020 - Scanning: ['TB1', 'TB2', 'TB3', 'TB4']
2020-11-02 09:06:26,332 - Mon Nov  2 09:06:26 2020 - Missing:  ['TB2', 'TB3', 'TB4']
2020-11-02 09:06:26,332 - Mon Nov  2 09:06:26 2020 - Found:    ['TB1']
2020-11-02 09:06:26,332 - Mon Nov  2 09:06:26 2020 - Select Device to operate with the drop down above...
2020-11-02 09:06:30,269 - Mon Nov  2 09:06:30 2020 - TB1

ssh: connect to host 0.0.0.0 port 22: Unknown error

2020-11-02 09:06:32,807 - Mon Nov  2 09:06:32 2020 - TB1

ssh: connect to host 0.0.0.0 port 22: Unknown error

2020-11-02 09:06:47,033 - Mon Nov  2 09:06:47 2020 - TB1

ssh: connect to host 0.0.0.0 port 22: Unknown error

2020-11-02 09:06:48,241 - Mon Nov  2 09:06:48 2020 - TB1

ssh: connect to host 0.0.0.0 port 22: Unknown error

2020-11-02 09:06:50,226 - Mon Nov  2 09:06:50 2020 - TB1

ssh: connect to host 0.0.0.0 port 22: Unknown error

2020-11-02 09:07:48,196 - Mon Nov  2 09:07:48 2020 - Scanning for devices. Please wait...
2020-11-02 09:07:48,198 - Mon Nov  2 09:07:48 2020 - Scanning: ['TB1', 'TB2', 'TB3', 'TB4']
2020-11-02 09:08:17,338 - Mon Nov  2 09:08:17 2020 - Missing:  ['TB2', 'TB3', 'TB4']
2020-11-02 09:08:17,339 - Mon Nov  2 09:08:17 2020 - Found:    ['TB1']
2020-11-02 09:08:17,339 - Mon Nov  2 09:08:17 2020 - Select Device to operate with the drop down above...
2020-11-02 09:08:25,921 - Mon Nov  2 09:08:25 2020 - TB1

ssh: connect to host 0.0.0.0 port 22: Unknown error

2020-11-02 09:08:28,233 - Mon Nov  2 09:08:28 2020 - TB1

ssh: connect to host 0.0.0.0 port 22: Unknown error

2020-11-02 09:08:47,763 - Mon Nov  2 09:08:47 2020 - TB1

ssh: connect to host 0.0.0.0 port 22: Unknown error

2020-11-02 09:08:48,227 - Mon Nov  2 09:08:48 2020 - TB1

ssh: connect to host 0.0.0.0 port 22: Unknown error

2020-11-02 09:08:48,682 - Mon Nov  2 09:08:48 2020 - TB1

ssh: connect to host 0.0.0.0 port 22: Unknown error

2020-11-02 09:09:16,833 - Mon Nov  2 09:09:16 2020 - TB1

ssh: connect to host 0.0.0.0 port 22: Unknown error

2020-11-02 09:09:17,248 - Mon Nov  2 09:09:17 2020 - TB1

ssh: connect to host 0.0.0.0 port 22: Unknown error

2020-11-02 09:09:17,634 - Mon Nov  2 09:09:17 2020 - TB1

ssh: connect to host 0.0.0.0 port 22: Unknown error

2020-11-02 09:10:09,888 - Mon Nov  2 09:10:09 2020 - Scanning for devices. Please wait...
2020-11-02 09:10:09,889 - Mon Nov  2 09:10:09 2020 - Scanning: ['TB1', 'TB2', 'TB3', 'TB4']
2020-11-02 09:10:38,837 - Mon Nov  2 09:10:38 2020 - Missing:  ['TB2', 'TB3', 'TB4']
2020-11-02 09:10:38,838 - Mon Nov  2 09:10:38 2020 - Found:    ['TB1']
2020-11-02 09:10:38,838 - Mon Nov  2 09:10:38 2020 - Select Device to operate with the drop down above...
2020-11-02 09:10:52,776 - Mon Nov  2 09:10:52 2020 - 

ssh: connect to host 0.0.0.0 port 22: Unknown error

2020-11-02 09:10:54,668 - Mon Nov  2 09:10:54 2020 - 

ssh: connect to host 0.0.0.0 port 22: Unknown error

2020-11-02 09:10:57,662 - Mon Nov  2 09:10:57 2020 - TB1

ssh: connect to host 0.0.0.0 port 22: Unknown error

2020-11-02 09:10:59,442 - Mon Nov  2 09:10:59 2020 - TB1

ssh: connect to host 0.0.0.0 port 22: Unknown error

2020-11-02 09:11:49,838 - Mon Nov  2 09:11:49 2020 - Missing:  ['TB2', 'TB3', 'TB4']
2020-11-02 09:11:49,839 - Mon Nov  2 09:11:49 2020 - Found:    ['TB1']
2020-11-02 09:11:49,839 - Mon Nov  2 09:11:49 2020 - Select Device to operate with the drop down above...
2020-11-02 09:11:59,524 - Mon Nov  2 09:11:59 2020 - TB1

ssh: connect to host 0.0.0.0 port 22: Unknown error

2020-11-02 09:12:00,834 - Mon Nov  2 09:12:00 2020 - TB1

ssh: connect to host 0.0.0.0 port 22: Unknown error

2020-11-02 09:12:02,458 - Mon Nov  2 09:12:02 2020 - TB1

ssh: connect to host 0.0.0.0 port 22: Unknown error

2020-11-02 09:14:34,128 - Mon Nov  2 09:14:34 2020 - Scanning for devices. Please wait...
2020-11-02 09:14:34,130 - Mon Nov  2 09:14:34 2020 - Scanning: ['TB1', 'TB2', 'TB3', 'TB4']
2020-11-02 09:15:02,838 - Mon Nov  2 09:15:02 2020 - Missing:  ['TB2', 'TB3', 'TB4']
2020-11-02 09:15:02,839 - Mon Nov  2 09:15:02 2020 - Found:    ['TB1']
2020-11-02 09:15:02,839 - Mon Nov  2 09:15:02 2020 - Select Device to operate with the drop down above...
2020-11-02 09:15:20,916 - Mon Nov  2 09:15:20 2020 - TB1

Testing GPRS modem
Device can interface.
SIM card is functional.
Manufacturer: 
SIMCOM_Ltd
Model Number: 
SIMCOM_SIM800H
IMEI Number: 
860041044192410
Software Version: 
Revision:1309B07SIM800H32_BT

2020-11-02 09:15:39,242 - Mon Nov  2 09:15:39 2020 - TB1

GPRS power has been toggled.

2020-11-02 09:16:03,457 - Mon Nov  2 09:16:03 2020 - TB1

Testing GPRS modem
Device cannot interface, check power and connections.

2020-11-02 09:16:09,109 - Mon Nov  2 09:16:09 2020 - TB1

GPRS power has been toggled.

2020-11-02 09:16:23,175 - Mon Nov  2 09:16:23 2020 - TB1

Testing GPRS modem
Device can interface.
SIM card is functional.
Manufacturer: 
SIMCOM_Ltd
Model Number: 
SIMCOM_SIM800H
IMEI Number: 
860041044192410
Software Version: 
Revision:1309B07SIM800H32_BT

2020-11-02 09:16:25,305 - Mon Nov  2 09:16:25 2020 - This protocol is not supported by the chosen toughbucket
2020-11-02 11:43:49,469 - Mon Nov  2 11:43:49 2020 - Scanning for devices. Please wait...
2020-11-02 11:43:49,470 - Mon Nov  2 11:43:49 2020 - Scanning: ['TB1', 'TB2', 'TB3', 'TB4']
2020-11-02 11:44:22,393 - Mon Nov  2 11:44:22 2020 - Missing:  ['TB1', 'TB2', 'TB3']
2020-11-02 11:44:22,393 - Mon Nov  2 11:44:22 2020 - Found:    ['TB4']
2020-11-02 11:44:22,393 - Mon Nov  2 11:44:22 2020 - Select Device to operate with the drop down above...
2020-11-02 11:44:42,100 - Mon Nov  2 11:44:42 2020 - TB4

Device can interface
SIM card is functional.
Model Number:
SIMCOM_SIM7600G-H

-
IMEI Number:
868822040056374

-
Software Version:
+CGMR: LE20B02SIM7600M22

-

2020-11-02 11:44:51,555 - Mon Nov  2 11:44:51 2020 - TB4

Technology set to GSM

2020-11-02 11:45:02,318 - Mon Nov  2 11:45:02 2020 - TB4

Technology set to GSM

2020-11-02 11:45:29,965 - Mon Nov  2 11:45:29 2020 - TB4

Technology set to UMTS

2020-11-02 11:52:07,026 - Mon Nov  2 11:52:07 2020 - TB4

AT+CMEE=2
OK
AT+CMGDA="DEL ALL"
ERROR
AT+CMGF=1
OK
AT+CMGS="+18503980372"
+CMS ERROR: no network service


2020-11-02 11:52:35,057 - Mon Nov  2 11:52:35 2020 - TB4

Technology set to GSM

2020-11-02 11:53:05,539 - Mon Nov  2 11:53:05 2020 - TB4

AT+CMEE=2
OK
AT+CMGDA="DEL ALL"
ERROR
AT+CMGF=1
OK
AT+CMGS="+18503980372"
+CMS ERROR: no network service


2020-11-03 10:24:05,757 - Tue Nov  3 10:24:05 2020 - Scanning for devices. Please wait...
2020-11-03 10:24:05,758 - Tue Nov  3 10:24:05 2020 - Scanning: ['TB1', 'TB2', 'TB3', 'TB4']
2020-11-03 10:24:34,864 - Tue Nov  3 10:24:34 2020 - Missing:  ['TB1', 'TB2', 'TB3']
2020-11-03 10:24:34,864 - Tue Nov  3 10:24:34 2020 - Found:    ['TB4']
2020-11-03 10:24:34,864 - Tue Nov  3 10:24:34 2020 - Select Device to operate with the drop down above...
2020-11-03 10:25:26,402 - Tue Nov  3 10:25:26 2020 - TB4

Technology set to GSM

2020-11-03 10:42:59,391 - Tue Nov  3 10:42:59 2020 - TB4

Technology set to GSM

2020-11-03 10:43:17,829 - Tue Nov  3 10:43:17 2020 - TB4

Device can interface
SIM card is functional.
Model Number:
SIMCOM_SIM7600G-H

-
IMEI Number:
868822040056374

-
Software Version:
+CGMR: LE20B02SIM7600M22

-

2020-11-03 10:47:54,072 - Tue Nov  3 10:47:54 2020 - TB4

Technology set to UMTS

2020-11-03 10:48:02,172 - Tue Nov  3 10:48:02 2020 - TB4

Technology set to GSM

2020-11-03 10:49:31,275 - Tue Nov  3 10:49:31 2020 - TB4

ssh: connect to host 192.168.1.104 port 22: Connection timed out

2020-11-03 10:50:30,677 - Tue Nov  3 10:50:30 2020 - Scanning for devices. Please wait...
2020-11-03 10:50:30,678 - Tue Nov  3 10:50:30 2020 - Scanning: ['TB1', 'TB2', 'TB3', 'TB4']
2020-11-03 10:51:06,337 - Tue Nov  3 10:51:06 2020 - Missing:  ['TB1', 'TB2', 'TB3', 'TB4']
2020-11-03 10:51:06,337 - Tue Nov  3 10:51:06 2020 - Found:    []
2020-11-03 10:51:06,337 - Tue Nov  3 10:51:06 2020 - Select Device to operate with the drop down above...
2020-11-03 10:51:06,337 - Tue Nov  3 10:51:06 2020 - No Tough Buckets loaded. Check Power and Wifi connections...
2020-11-03 10:52:05,962 - Tue Nov  3 10:52:05 2020 - Scanning for devices. Please wait...
2020-11-03 10:52:05,964 - Tue Nov  3 10:52:05 2020 - Scanning: ['TB1', 'TB2', 'TB3', 'TB4']
2020-11-03 10:52:34,869 - Tue Nov  3 10:52:34 2020 - Missing:  ['TB1', 'TB2', 'TB3']
2020-11-03 10:52:34,869 - Tue Nov  3 10:52:34 2020 - Found:    ['TB4']
2020-11-03 10:52:34,869 - Tue Nov  3 10:52:34 2020 - Select Device to operate with the drop down above...
2020-11-03 10:52:51,435 - Tue Nov  3 10:52:51 2020 - TB4

Device can interface
SIM card is functional.
Model Number:
SIMCOM_SIM7600G-H

-
IMEI Number:
868822040056374

-
Software Version:
+CGMR: LE20B02SIM7600M22

-

2020-11-03 10:52:58,862 - Tue Nov  3 10:52:58 2020 - TB4

Technology set to GSM

2020-11-03 10:54:26,358 - Tue Nov  3 10:54:26 2020 - TB4

Device can interface
SIM card is functional.
Model Number:
SIMCOM_SIM7600G-H

-
IMEI Number:
868822040056374

-
Software Version:
+CGMR: LE20B02SIM7600M22

-

2020-11-03 10:56:03,394 - Tue Nov  3 10:56:03 2020 - TB4

Technology set to UMTS

2020-11-03 10:56:14,711 - Tue Nov  3 10:56:14 2020 - TB4

Technology set to GSM

2020-11-03 10:56:51,933 - Tue Nov  3 10:56:51 2020 - TB4

/bin/sh: 1: /home/pi/phonescripts/gsmcall.sh: not found

2020-11-03 10:57:05,164 - Tue Nov  3 10:57:05 2020 - TB4

AT+CMEE=2
OK
AT+CMGDA="DEL ALL"
ERROR
AT+CMGF=1
OK
AT+CMGS="+18503980372"
+CMS ERROR: no network service


2020-11-03 11:11:22,072 - Tue Nov  3 11:11:22 2020 - TB4

  File "testcomm.py", line 43
    AT_Command_ModRes('AT+CSPI?, 'BCCH Readout:')
                                     ^
SyntaxError: invalid syntax

2020-11-03 11:11:57,875 - Tue Nov  3 11:11:57 2020 - TB4

Device can interface
SIM card is functional.
Model Number:
SIMCOM_SIM7600G-H

-
IMEI Number:
868822040056374

-
Software Version:
+CGMR: LE20B02SIM7600M22

-
BCCH Readout:
ERROR

2020-11-03 11:12:38,954 - Tue Nov  3 11:12:38 2020 - TB4

Technology set to GSM

2020-11-03 11:12:53,497 - Tue Nov  3 11:12:53 2020 - TB4

Device can interface
SIM card is functional.
Model Number:
SIMCOM_SIM7600G-H

-
IMEI Number:
868822040056374

-
Software Version:
+CGMR: LE20B02SIM7600M22

-
BCCH Readout:
ERROR

2020-11-03 11:17:45,493 - Tue Nov  3 11:17:45 2020 - TB4

Device can interface
SIM card is functional.
Model Number:
SIMCOM_SIM7600G-H

-
IMEI Number:
868822040056374

-
Software Version:
+CGMR: LE20B02SIM7600M22

-
BCCH Readout:
ERROR
Error Reporting:
+CMEE: 2

-

2020-11-03 11:19:01,830 - Tue Nov  3 11:19:01 2020 - TB4

Device can interface
SIM card is functional.
Model Number:
SIMCOM_SIM7600G-H

-
IMEI Number:
868822040056374

-
Software Version:
+CGMR: LE20B02SIM7600M22

-
BCCH Readout:
ERROR
Error Reporting:
-

2020-11-03 11:19:29,964 - Tue Nov  3 11:19:29 2020 - TB4

Device can interface
SIM card is functional.
Model Number:
SIMCOM_SIM7600G-H

-
IMEI Number:
868822040056374

-
Software Version:
+CGMR: LE20B02SIM7600M22

-
BCCH Readout:
ERROR
Error Reporting:
+CMEE: 2

-

2020-11-03 11:21:36,612 - Tue Nov  3 11:21:36 2020 - TB4

Device can interface
SIM card is functional.
Model Number:
SIMCOM_SIM7600G-H

-
IMEI Number:
868822040056374

-
Software Version:
+CGMR: LE20B02SIM7600M22

-
BCCH Readout:
ERROR
RSSI Value:
+CSQ: 99,99

-

2020-11-03 11:23:11,003 - Tue Nov  3 11:23:11 2020 - TB4

Device can interface
SIM card is functional.
Model Number:
SIMCOM_SIM7600G-H

-
IMEI Number:
868822040056374

-
Software Version:
+CGMR: LE20B02SIM7600M22

-
BCCH Readout:
ERROR
Test:
+CFUN: (0-1,4-7),(0-1)

-

2020-11-03 11:24:02,273 - Tue Nov  3 11:24:02 2020 - TB4

Device can interface
SIM card is functional.
Model Number:
SIMCOM_SIM7600G-H

-
IMEI Number:
868822040056374

-
Software Version:
+CGMR: LE20B02SIM7600M22

-
BCCH Readout:
ERROR
Test:
+CFUN: 0

-

2020-11-03 11:25:34,927 - Tue Nov  3 11:25:34 2020 - TB4

Device can interface
SIM card is functional.
Model Number:
SIMCOM_SIM7600G-H

-
IMEI Number:
868822040056374

-
Software Version:
+CGMR: LE20B02SIM7600M22

-
BCCH Readout:
ERROR
Test:
-

2020-11-03 11:26:40,351 - Tue Nov  3 11:26:40 2020 - TB4

Device can interface
SIM card is functional.
Model Number:
SIMCOM_SIM7600G-H

-
IMEI Number:
868822040056374

-
Software Version:
+CGMR: LE20B02SIM7600M22

-
BCCH Readout:
ERROR
Test:
+CFUN: (0-1,4-7),(0-1)

-

2020-11-03 11:27:08,184 - Tue Nov  3 11:27:08 2020 - TB4

Device can interface
SIM card is functional.
Model Number:
SIMCOM_SIM7600G-H

-
IMEI Number:
868822040056374

-
Software Version:
+CGMR: LE20B02SIM7600M22

-
BCCH Readout:
ERROR
Test:
+CFUN: 0

-

2020-11-03 11:27:48,082 - Tue Nov  3 11:27:48 2020 - TB4

Device can interface
SIM card is functional.
Model Number:
SIMCOM_SIM7600G-H

-
IMEI Number:
868822040056374

-
Software Version:
+CGMR: LE20B02SIM7600M22

-
BCCH Readout:
ERROR
Test:
+CME ERROR: operation not supported

2020-11-03 11:28:30,820 - Tue Nov  3 11:28:30 2020 - TB4

Device can interface
SIM card is functional.
Model Number:
SIMCOM_SIM7600G-H

-
IMEI Number:
868822040056374

-
Software Version:
+CGMR: LE20B02SIM7600M22

-
BCCH Readout:
ERROR
Test:
+CME ERROR: operation not supported

2020-11-03 11:28:46,495 - Tue Nov  3 11:28:46 2020 - TB4

Device can interface
SIM card is functional.
Model Number:
SIMCOM_SIM7600G-H

-
IMEI Number:
868822040056374

-
Software Version:
+CGMR: LE20B02SIM7600M22

-
BCCH Readout:
ERROR
Test:
+CME ERROR: operation not supported

2020-11-03 11:28:56,799 - Tue Nov  3 11:28:56 2020 - TB4

Technology set to GSM

2020-11-03 11:29:14,260 - Tue Nov  3 11:29:14 2020 - TB4

Device can interface
SIM card is functional.
Model Number:
SIMCOM_SIM7600G-H

-
IMEI Number:
868822040056374

-
Software Version:
+CGMR: LE20B02SIM7600M22

-
BCCH Readout:
ERROR
Test:
+CME ERROR: operation not supported

2020-11-03 11:39:54,247 - Tue Nov  3 11:39:54 2020 - Scanning for devices. Please wait...
2020-11-03 11:39:54,249 - Tue Nov  3 11:39:54 2020 - Scanning: ['TB1', 'TB2', 'TB3', 'TB4']
2020-11-03 11:40:23,370 - Tue Nov  3 11:40:23 2020 - Missing:  ['TB1', 'TB2', 'TB3']
2020-11-03 11:40:23,371 - Tue Nov  3 11:40:23 2020 - Found:    ['TB4']
2020-11-03 11:40:23,371 - Tue Nov  3 11:40:23 2020 - Select Device to operate with the drop down above...
2020-11-04 09:06:02,593 - Wed Nov  4 09:06:02 2020 - Scanning for devices. Please wait...
2020-11-04 09:06:02,594 - Wed Nov  4 09:06:02 2020 - Scanning: ['TB1', 'TB2', 'TB3', 'TB4']
2020-11-04 09:06:31,384 - Wed Nov  4 09:06:31 2020 - Missing:  ['TB1', 'TB2', 'TB3']
2020-11-04 09:06:31,384 - Wed Nov  4 09:06:31 2020 - Found:    ['TB4']
2020-11-04 09:06:31,384 - Wed Nov  4 09:06:31 2020 - Select Device to operate with the drop down above...
2020-11-04 09:06:54,825 - Wed Nov  4 09:06:54 2020 - TB4

Device can interface
SIM card is functional.
Model Number:
SIMCOM_SIM7600G-H

-
IMEI Number:
868822040056374

-
Software Version:
+CGMR: LE20B02SIM7600M22

-
BCCH Readout:
ERROR
Test:
+CME ERROR: operation not supported

2020-11-04 09:07:21,426 - Wed Nov  4 09:07:21 2020 - TB4

Something went wrong

2020-11-04 09:07:31,475 - Wed Nov  4 09:07:31 2020 - TB4

Something went wrong

2020-11-04 09:07:59,214 - Wed Nov  4 09:07:59 2020 - TB4

Something went wrong

2020-11-04 09:40:51,890 - Wed Nov  4 09:40:51 2020 - Scanning for devices. Please wait...
2020-11-04 09:40:51,891 - Wed Nov  4 09:40:51 2020 - Scanning: ['TB1', 'TB2', 'TB3', 'TB4']
2020-11-04 09:41:44,401 - Wed Nov  4 09:41:44 2020 - Scanning for devices. Please wait...
2020-11-04 09:41:44,402 - Wed Nov  4 09:41:44 2020 - Scanning: ['TB1', 'TB2', 'TB3', 'TB4']
2020-11-04 09:41:47,474 - Wed Nov  4 09:41:47 2020 - Missing:  ['TB1']
2020-11-04 09:41:47,474 - Wed Nov  4 09:41:47 2020 - Found:    ['TB2', 'TB3', 'TB4']
2020-11-04 09:41:47,474 - Wed Nov  4 09:41:47 2020 - Select Device to operate with the drop down above...
2020-11-04 09:43:22,529 - Wed Nov  4 09:43:22 2020 - Missing:  ['TB1']
2020-11-04 09:43:22,529 - Wed Nov  4 09:43:22 2020 - Found:    ['TB2', 'TB3', 'TB4']
2020-11-04 09:43:22,529 - Wed Nov  4 09:43:22 2020 - Select Device to operate with the drop down above...
2020-11-04 09:43:22,552 - Wed Nov  4 09:43:22 2020 - Scanning for devices. Please wait...
2020-11-04 09:43:22,552 - Wed Nov  4 09:43:22 2020 - Scanning: ['TB1', 'TB2', 'TB3', 'TB4']
2020-11-04 09:43:25,624 - Wed Nov  4 09:43:25 2020 - Missing:  ['TB1']
2020-11-04 09:43:25,625 - Wed Nov  4 09:43:25 2020 - Found:    ['TB2', 'TB3', 'TB4']
2020-11-04 09:43:25,625 - Wed Nov  4 09:43:25 2020 - Select Device to operate with the drop down above...
2020-11-04 09:45:10,804 - Wed Nov  4 09:45:10 2020 - Scanning for devices. Please wait...
2020-11-04 09:45:10,806 - Wed Nov  4 09:45:10 2020 - Scanning: ['TB1', 'TB2', 'TB3', 'TB4']
2020-11-04 09:45:14,075 - Wed Nov  4 09:45:14 2020 - Missing:  ['TB1']
2020-11-04 09:45:14,075 - Wed Nov  4 09:45:14 2020 - Found:    ['TB2', 'TB3', 'TB4']
2020-11-04 09:45:14,075 - Wed Nov  4 09:45:14 2020 - Select Device to operate with the drop down above...
2020-11-04 09:51:10,987 - Wed Nov  4 09:51:10 2020 - Scanning for devices. Please wait...
2020-11-04 09:51:10,988 - Wed Nov  4 09:51:10 2020 - Scanning: ['TB1', 'TB2', 'TB3', 'TB4']
2020-11-04 09:51:21,836 - Wed Nov  4 09:51:21 2020 - Missing:  ['TB1', 'TB2', 'TB4']
2020-11-04 09:51:21,836 - Wed Nov  4 09:51:21 2020 - Found:    ['TB3']
2020-11-04 09:51:21,836 - Wed Nov  4 09:51:21 2020 - Select Device to operate with the drop down above...
2020-11-04 09:58:19,625 - Wed Nov  4 09:58:19 2020 - Scanning for devices. Please wait...
2020-11-04 09:58:19,625 - Wed Nov  4 09:58:19 2020 - Scanning: ['TB1', 'TB2', 'TB3', 'TB4']
2020-11-04 09:58:22,667 - Wed Nov  4 09:58:22 2020 - Missing:  ['TB1']
2020-11-04 09:58:22,668 - Wed Nov  4 09:58:22 2020 - Found:    ['TB2', 'TB3', 'TB4']
2020-11-04 09:58:22,669 - Wed Nov  4 09:58:22 2020 - Select Device to operate with the drop down above...
2020-11-04 11:23:53,243 - Wed Nov  4 11:23:53 2020 - Scanning for devices. Please wait...
2020-11-04 11:23:53,245 - Wed Nov  4 11:23:53 2020 - Scanning: ['TB1', 'TB2', 'TB3', 'TB4']
2020-11-04 11:23:53,611 - Wed Nov  4 11:23:53 2020 - Missing:  []
2020-11-04 11:23:53,611 - Wed Nov  4 11:23:53 2020 - Found:    ['TB1', 'TB2', 'TB3', 'TB4']
2020-11-04 11:23:53,612 - Wed Nov  4 11:23:53 2020 - Select Device to operate with the drop down above...
2020-11-04 11:24:13,222 - Wed Nov  4 11:24:13 2020 - TB1

Testing GPRS modem
Device can interface.
SIM card is functional.
IMEI Number: 
860041044192410
CDMA is powered on, no serial connection available
Testing UMTS modem
Device can interface.
SIM card is functional.
IMEI Number: 

357152073607952
Testing LTE modem
No LTE connected

2020-11-04 11:32:23,275 - Wed Nov  4 11:32:23 2020 - Scanning for devices. Please wait...
2020-11-04 11:32:23,277 - Wed Nov  4 11:32:23 2020 - Scanning: ['TB1', 'TB2', 'TB3', 'TB4']
2020-11-04 11:32:29,398 - Wed Nov  4 11:32:29 2020 - Missing:  ['TB1', 'TB3']
2020-11-04 11:32:29,398 - Wed Nov  4 11:32:29 2020 - Found:    ['TB2', 'TB4']
2020-11-04 11:32:29,398 - Wed Nov  4 11:32:29 2020 - Select Device to operate with the drop down above...
2020-11-04 11:32:40,598 - Wed Nov  4 11:32:40 2020 - TB2

GPRS power has been toggled.

2020-11-04 12:21:37,875 - Wed Nov  4 12:21:37 2020 - Missing:  ['TB1', 'TB3']
2020-11-04 12:21:37,875 - Wed Nov  4 12:21:37 2020 - Found:    ['TB2', 'TB4']
2020-11-04 12:21:37,876 - Wed Nov  4 12:21:37 2020 - Select Device to operate with the drop down above...
2020-11-04 12:21:37,883 - Wed Nov  4 12:21:37 2020 - Scanning for devices. Please wait...
2020-11-04 12:21:37,884 - Wed Nov  4 12:21:37 2020 - Scanning: ['TB1', 'TB2', 'TB3', 'TB4']
2020-11-04 12:21:43,878 - Wed Nov  4 12:21:43 2020 - Missing:  ['TB1', 'TB3']
2020-11-04 12:21:43,878 - Wed Nov  4 12:21:43 2020 - Found:    ['TB2', 'TB4']
2020-11-04 12:21:43,878 - Wed Nov  4 12:21:43 2020 - Select Device to operate with the drop down above...
2020-11-05 10:11:40,634 - Thu Nov  5 10:11:40 2020 - Scanning for devices. Please wait...
2020-11-05 10:11:40,636 - Thu Nov  5 10:11:40 2020 - Scanning: ['TB1', 'TB2', 'TB3', 'TB4']
2020-11-05 10:11:52,333 - Thu Nov  5 10:11:52 2020 - Missing:  ['TB1', 'TB2', 'TB3', 'TB4']
2020-11-05 10:11:52,333 - Thu Nov  5 10:11:52 2020 - Found:    []
2020-11-05 10:11:52,333 - Thu Nov  5 10:11:52 2020 - Select Device to operate with the drop down above...
2020-11-05 10:11:52,333 - Thu Nov  5 10:11:52 2020 - No Tough Buckets loaded. Check Power and Wifi connections...
2020-11-05 10:11:58,573 - Thu Nov  5 10:11:58 2020 - Scanning for devices. Please wait...
2020-11-05 10:11:58,574 - Thu Nov  5 10:11:58 2020 - Scanning: ['TB1', 'TB2', 'TB3', 'TB4']
2020-11-05 10:12:07,331 - Thu Nov  5 10:12:07 2020 - Missing:  ['TB2', 'TB3', 'TB4']
2020-11-05 10:12:07,331 - Thu Nov  5 10:12:07 2020 - Found:    ['TB1']
2020-11-05 10:12:07,331 - Thu Nov  5 10:12:07 2020 - Select Device to operate with the drop down above...
2020-11-05 10:12:32,863 - Thu Nov  5 10:12:32 2020 - TB1

Testing GPRS modem
Device can interface.
SIM card is functional.
IMEI Number: 
860041044192410
CDMA is powered on, no serial connection available
Testing UMTS modem
Device cannot interface, check power and connections.
Testing LTE modem
No LTE connected

2020-11-06 12:34:29,217 - Fri Nov  6 12:34:29 2020 - Scanning for devices. Please wait...
2020-11-06 12:34:29,220 - Fri Nov  6 12:34:29 2020 - Scanning: ['TB1', 'TB2', 'TB3', 'TB4']
2020-11-06 12:34:41,202 - Fri Nov  6 12:34:41 2020 - Missing:  ['TB1', 'TB2', 'TB3', 'TB4']
2020-11-06 12:34:41,202 - Fri Nov  6 12:34:41 2020 - Found:    []
2020-11-06 12:34:41,203 - Fri Nov  6 12:34:41 2020 - Select Device to operate with the drop down above...
2020-11-06 12:34:41,203 - Fri Nov  6 12:34:41 2020 - No Tough Buckets loaded. Check Power and Wifi connections...
2020-11-06 12:36:20,700 - Fri Nov  6 12:36:20 2020 - Scanning for devices. Please wait...
2020-11-06 12:36:20,702 - Fri Nov  6 12:36:20 2020 - Scanning: ['TB1', 'TB2', 'TB3', 'TB4']
2020-11-06 12:36:25,349 - Fri Nov  6 12:36:25 2020 - Missing:  ['TB1', 'TB2', 'TB3']
2020-11-06 12:36:25,349 - Fri Nov  6 12:36:25 2020 - Found:    ['TB4']
2020-11-06 12:36:25,350 - Fri Nov  6 12:36:25 2020 - Select Device to operate with the drop down above...
2020-11-06 12:36:42,764 - Fri Nov  6 12:36:42 2020 - TB4

Device can interface
SIM card is functional.
Model Number:

SIMCOM_SIM7600G-H



-
IMEI Number:


868822040056374



-




868822040056374



-




868822040056374



-




868822040056374



-




868822040056374
Software Version:
-

AT+CGSN


868822040056374



-

AT+CGSN


868822040056374



-

AT+CGSN


868822040056374



-

AT+CGSN


868822040056374



-

AT+CGSN


8688220400563
BCCH Readout:

ERROR
Test:


+CME ERROR: operation not supported




+CME ERROR: operation not supported




+CME ERROR: operation not supported

AT+CFUN

2020-11-06 12:37:12,029 - Fri Nov  6 12:37:12 2020 - TB4

Technology set to GSM

2020-11-06 12:38:20,229 - Fri Nov  6 12:38:20 2020 - TB4

Technology set to UMTS

2020-11-09 09:57:28,291 - Mon Nov  9 09:57:28 2020 - Scanning for devices. Please wait...
2020-11-09 09:57:28,291 - Mon Nov  9 09:57:28 2020 - Scanning: ['TB1', 'TB2', 'TB3', 'TB4']
2020-11-09 09:57:40,198 - Mon Nov  9 09:57:40 2020 - Missing:  ['TB1', 'TB2', 'TB3', 'TB4']
2020-11-09 09:57:40,198 - Mon Nov  9 09:57:40 2020 - Found:    []
2020-11-09 09:57:40,198 - Mon Nov  9 09:57:40 2020 - Select Device to operate with the drop down above...
2020-11-09 09:57:40,198 - Mon Nov  9 09:57:40 2020 - No Tough Buckets loaded. Check Power and Wifi connections...
2020-11-09 09:57:42,648 - Mon Nov  9 09:57:42 2020 - Scanning for devices. Please wait...
2020-11-09 09:57:42,649 - Mon Nov  9 09:57:42 2020 - Scanning: ['TB1', 'TB2', 'TB3', 'TB4']
2020-11-09 09:57:54,702 - Mon Nov  9 09:57:54 2020 - Missing:  ['TB1', 'TB2', 'TB3', 'TB4']
2020-11-09 09:57:54,703 - Mon Nov  9 09:57:54 2020 - Found:    []
2020-11-09 09:57:54,703 - Mon Nov  9 09:57:54 2020 - Select Device to operate with the drop down above...
2020-11-09 09:57:54,703 - Mon Nov  9 09:57:54 2020 - No Tough Buckets loaded. Check Power and Wifi connections...
2020-11-09 09:57:58,737 - Mon Nov  9 09:57:58 2020 - Scanning for devices. Please wait...
2020-11-09 09:57:58,738 - Mon Nov  9 09:57:58 2020 - Scanning: ['TB1', 'TB2', 'TB3', 'TB4']
2020-11-09 09:58:07,778 - Mon Nov  9 09:58:07 2020 - Missing:  ['TB1', 'TB2', 'TB3']
2020-11-09 09:58:07,778 - Mon Nov  9 09:58:07 2020 - Found:    ['TB4']
2020-11-09 09:58:07,778 - Mon Nov  9 09:58:07 2020 - Select Device to operate with the drop down above...
2020-11-09 09:58:28,044 - Mon Nov  9 09:58:28 2020 - TB4

Device can interface
SIM card is functional.
Model Number:


SIMCOM_SIM7600G-H



-




SIMCOM_SIM7600G-H



-




SIMCOM_SIM7600G-H



-




SIMCOM_SIM7600G-H



-




SIMCOM_SIM
IMEI Number:7600G-H



-

AT+CGMM


SIMCOM_SIM7600G-H



-

AT+CGMM


SIMCOM_SIM7600G-H



-

AT+CGMM


SIMCOM_SIM7600G-H



-

AT+CGMM


SIMCOM_SIM7600G-H



-

AT+CG
Software Version:
BCCH Readout:

ERROR
Test:


+CME ERROR: operation not supported




+CME ERROR: operation not supported




+CME ERROR: operation not supported

AT+CFUN

2020-11-09 10:00:43,298 - Mon Nov  9 10:00:43 2020 - Scanning for devices. Please wait...
2020-11-09 10:00:43,299 - Mon Nov  9 10:00:43 2020 - Scanning: ['TB1', 'TB2', 'TB3', 'TB4']
2020-11-09 10:00:52,240 - Mon Nov  9 10:00:52 2020 - Missing:  ['TB1', 'TB2', 'TB3']
2020-11-09 10:00:52,241 - Mon Nov  9 10:00:52 2020 - Found:    ['TB4']
2020-11-09 10:00:52,241 - Mon Nov  9 10:00:52 2020 - Select Device to operate with the drop down above...
2020-11-12 12:12:16,272 - Thu Nov 12 12:12:16 2020 - Scanning for devices. Please wait...
2020-11-12 12:12:16,275 - Thu Nov 12 12:12:16 2020 - Scanning: ['TB1', 'TB2', 'TB3', 'TB4']
2020-11-12 12:12:29,294 - Thu Nov 12 12:12:29 2020 - Missing:  ['TB1', 'TB3', 'TB4']
2020-11-12 12:12:29,294 - Thu Nov 12 12:12:29 2020 - Found:    ['TB2']
2020-11-12 12:12:29,294 - Thu Nov 12 12:12:29 2020 - Select Device to operate with the drop down above...
2020-11-12 12:31:29,240 - Thu Nov 12 12:31:29 2020 - Scanning for devices. Please wait...
2020-11-12 12:31:29,242 - Thu Nov 12 12:31:29 2020 - Scanning: ['TB1', 'TB2', 'TB3', 'TB4']
2020-11-12 12:31:35,295 - Thu Nov 12 12:31:35 2020 - Missing:  ['TB1', 'TB2', 'TB3', 'TB4']
2020-11-12 12:31:35,295 - Thu Nov 12 12:31:35 2020 - Found:    []
2020-11-12 12:31:35,295 - Thu Nov 12 12:31:35 2020 - Select Device to operate with the drop down above...
2020-11-12 12:31:35,295 - Thu Nov 12 12:31:35 2020 - No Tough Buckets loaded. Check Power and Wifi connections...
2020-11-12 12:33:53,601 - Thu Nov 12 12:33:53 2020 - Scanning for devices. Please wait...
2020-11-12 12:33:53,603 - Thu Nov 12 12:33:53 2020 - Scanning: ['TB1', 'TB2', 'TB3', 'TB4']
2020-11-12 12:33:59,294 - Thu Nov 12 12:33:59 2020 - Missing:  ['TB1', 'TB2', 'TB3', 'TB4']
2020-11-12 12:33:59,294 - Thu Nov 12 12:33:59 2020 - Found:    []
2020-11-12 12:33:59,294 - Thu Nov 12 12:33:59 2020 - Select Device to operate with the drop down above...
2020-11-12 12:33:59,294 - Thu Nov 12 12:33:59 2020 - No Tough Buckets loaded. Check Power and Wifi connections...
2020-11-12 12:35:36,865 - Thu Nov 12 12:35:36 2020 - Scanning for devices. Please wait...
2020-11-12 12:35:36,866 - Thu Nov 12 12:35:36 2020 - Scanning: ['TB1', 'TB2', 'TB3', 'TB4']
2020-11-12 12:35:41,294 - Thu Nov 12 12:35:41 2020 - Missing:  ['TB1', 'TB2', 'TB4']
2020-11-12 12:35:41,294 - Thu Nov 12 12:35:41 2020 - Found:    ['TB3']
2020-11-12 12:35:41,294 - Thu Nov 12 12:35:41 2020 - Select Device to operate with the drop down above...
2020-11-12 12:36:00,657 - Thu Nov 12 12:36:00 2020 - Scanning for devices. Please wait...
2020-11-12 12:36:00,658 - Thu Nov 12 12:36:00 2020 - Scanning: ['TB1', 'TB2', 'TB3', 'TB4']
2020-11-12 12:36:09,294 - Thu Nov 12 12:36:09 2020 - Missing:  ['TB1', 'TB2', 'TB4']
2020-11-12 12:36:09,294 - Thu Nov 12 12:36:09 2020 - Found:    ['TB3']
2020-11-12 12:36:09,294 - Thu Nov 12 12:36:09 2020 - Select Device to operate with the drop down above...
2020-11-12 12:37:14,317 - Thu Nov 12 12:37:14 2020 - Scanning for devices. Please wait...
2020-11-12 12:37:14,318 - Thu Nov 12 12:37:14 2020 - Scanning: ['TB1', 'TB2', 'TB3', 'TB4']
2020-11-12 12:37:18,790 - Thu Nov 12 12:37:18 2020 - Missing:  ['TB1', 'TB2', 'TB4']
2020-11-12 12:37:18,790 - Thu Nov 12 12:37:18 2020 - Found:    ['TB3']
2020-11-12 12:37:18,790 - Thu Nov 12 12:37:18 2020 - Select Device to operate with the drop down above...
2020-11-12 12:37:22,285 - Thu Nov 12 12:37:22 2020 - Scanning for devices. Please wait...
2020-11-12 12:37:22,286 - Thu Nov 12 12:37:22 2020 - Scanning: ['TB1', 'TB2', 'TB3', 'TB4']
2020-11-12 12:37:31,295 - Thu Nov 12 12:37:31 2020 - Missing:  ['TB1', 'TB2', 'TB4']
2020-11-12 12:37:31,296 - Thu Nov 12 12:37:31 2020 - Found:    ['TB3']
2020-11-12 12:37:31,296 - Thu Nov 12 12:37:31 2020 - Select Device to operate with the drop down above...
2020-11-12 12:37:36,496 - Thu Nov 12 12:37:36 2020 - Scanning for devices. Please wait...
2020-11-12 12:37:36,497 - Thu Nov 12 12:37:36 2020 - Scanning: ['TB1', 'TB2', 'TB3', 'TB4']
2020-11-12 12:37:45,291 - Thu Nov 12 12:37:45 2020 - Missing:  ['TB1', 'TB2', 'TB4']
2020-11-12 12:37:45,291 - Thu Nov 12 12:37:45 2020 - Found:    ['TB3']
2020-11-12 12:37:45,291 - Thu Nov 12 12:37:45 2020 - Select Device to operate with the drop down above...
2020-11-12 12:38:01,431 - Thu Nov 12 12:38:01 2020 - Scanning for devices. Please wait...
2020-11-12 12:38:01,432 - Thu Nov 12 12:38:01 2020 - Scanning: ['TB1', 'TB2', 'TB3', 'TB4']
2020-11-12 12:38:10,295 - Thu Nov 12 12:38:10 2020 - Missing:  ['TB1', 'TB2', 'TB4']
2020-11-12 12:38:10,295 - Thu Nov 12 12:38:10 2020 - Found:    ['TB3']
2020-11-12 12:38:10,295 - Thu Nov 12 12:38:10 2020 - Select Device to operate with the drop down above...
2020-11-12 12:38:15,442 - Thu Nov 12 12:38:15 2020 - Scanning for devices. Please wait...
2020-11-12 12:38:15,443 - Thu Nov 12 12:38:15 2020 - Scanning: ['TB1', 'TB2', 'TB3', 'TB4']
2020-11-12 12:38:24,294 - Thu Nov 12 12:38:24 2020 - Missing:  ['TB1', 'TB2', 'TB4']
2020-11-12 12:38:24,294 - Thu Nov 12 12:38:24 2020 - Found:    ['TB3']
2020-11-12 12:38:24,294 - Thu Nov 12 12:38:24 2020 - Select Device to operate with the drop down above...
2020-11-12 12:39:29,983 - Thu Nov 12 12:39:29 2020 - Scanning for devices. Please wait...
2020-11-12 12:39:29,984 - Thu Nov 12 12:39:29 2020 - Scanning: ['TB1', 'TB2', 'TB3', 'TB4']
2020-11-12 12:39:35,790 - Thu Nov 12 12:39:35 2020 - Missing:  ['TB1', 'TB2', 'TB4']
2020-11-12 12:39:35,791 - Thu Nov 12 12:39:35 2020 - Found:    ['TB3']
2020-11-12 12:39:35,791 - Thu Nov 12 12:39:35 2020 - Select Device to operate with the drop down above...
2020-11-12 12:39:47,669 - Thu Nov 12 12:39:47 2020 - Scanning for devices. Please wait...
2020-11-12 12:39:47,670 - Thu Nov 12 12:39:47 2020 - Scanning: ['TB1', 'TB2', 'TB3', 'TB4']
2020-11-12 12:39:56,296 - Thu Nov 12 12:39:56 2020 - Missing:  ['TB1', 'TB2', 'TB4']
2020-11-12 12:39:56,297 - Thu Nov 12 12:39:56 2020 - Found:    ['TB3']
2020-11-12 12:39:56,297 - Thu Nov 12 12:39:56 2020 - Select Device to operate with the drop down above...
2020-11-12 12:40:51,855 - Thu Nov 12 12:40:51 2020 - Scanning for devices. Please wait...
2020-11-12 12:40:51,855 - Thu Nov 12 12:40:51 2020 - Scanning: ['TB1', 'TB2', 'TB3', 'TB4']
2020-11-12 12:40:57,794 - Thu Nov 12 12:40:57 2020 - Missing:  ['TB1', 'TB2', 'TB4']
2020-11-12 12:40:57,794 - Thu Nov 12 12:40:57 2020 - Found:    ['TB3']
2020-11-12 12:40:57,794 - Thu Nov 12 12:40:57 2020 - Select Device to operate with the drop down above...
2020-11-12 13:05:01,728 - Thu Nov 12 13:05:01 2020 - Scanning for devices. Please wait...
2020-11-12 13:05:01,729 - Thu Nov 12 13:05:01 2020 - Scanning: ['TB1', 'TB2', 'TB3', 'TB4']
2020-11-12 13:05:06,294 - Thu Nov 12 13:05:06 2020 - Missing:  ['TB1', 'TB2', 'TB4']
2020-11-12 13:05:06,295 - Thu Nov 12 13:05:06 2020 - Found:    ['TB3']
2020-11-12 13:05:06,295 - Thu Nov 12 13:05:06 2020 - Select Device to operate with the drop down above...
2020-11-12 13:07:09,515 - Thu Nov 12 13:07:09 2020 - Scanning for devices. Please wait...
2020-11-12 13:07:09,517 - Thu Nov 12 13:07:09 2020 - Scanning: ['TB1', 'TB2', 'TB3', 'TB4']
2020-11-12 13:07:13,790 - Thu Nov 12 13:07:13 2020 - Missing:  ['TB1', 'TB2', 'TB4']
2020-11-12 13:07:13,791 - Thu Nov 12 13:07:13 2020 - Found:    ['TB3']
2020-11-12 13:07:13,791 - Thu Nov 12 13:07:13 2020 - Select Device to operate with the drop down above...
2020-11-12 13:08:51,189 - Thu Nov 12 13:08:51 2020 - Scanning for devices. Please wait...
2020-11-12 13:08:51,190 - Thu Nov 12 13:08:51 2020 - Scanning: ['TB1', 'TB2', 'TB3', 'TB4']
2020-11-12 13:08:55,291 - Thu Nov 12 13:08:55 2020 - Missing:  ['TB1', 'TB2', 'TB4']
2020-11-12 13:08:55,291 - Thu Nov 12 13:08:55 2020 - Found:    ['TB3']
2020-11-12 13:08:55,291 - Thu Nov 12 13:08:55 2020 - Select Device to operate with the drop down above...
2020-11-12 13:09:52,595 - Thu Nov 12 13:09:52 2020 - Scanning for devices. Please wait...
2020-11-12 13:09:52,597 - Thu Nov 12 13:09:52 2020 - Scanning: ['TB1', 'TB2', 'TB3', 'TB4']
2020-11-12 13:09:59,793 - Thu Nov 12 13:09:59 2020 - Missing:  ['TB1', 'TB2', 'TB3', 'TB4']
2020-11-12 13:09:59,793 - Thu Nov 12 13:09:59 2020 - Found:    []
2020-11-12 13:09:59,793 - Thu Nov 12 13:09:59 2020 - Select Device to operate with the drop down above...
2020-11-12 13:09:59,793 - Thu Nov 12 13:09:59 2020 - No Tough Buckets loaded. Check Power and Wifi connections...
2020-11-12 13:10:03,630 - Thu Nov 12 13:10:03 2020 - Scanning for devices. Please wait...
2020-11-12 13:10:03,631 - Thu Nov 12 13:10:03 2020 - Scanning: ['TB1', 'TB2', 'TB3', 'TB4']
2020-11-12 13:10:12,294 - Thu Nov 12 13:10:12 2020 - Missing:  ['TB1', 'TB2', 'TB4']
2020-11-12 13:10:12,294 - Thu Nov 12 13:10:12 2020 - Found:    ['TB3']
2020-11-12 13:10:12,295 - Thu Nov 12 13:10:12 2020 - Select Device to operate with the drop down above...
2020-11-12 14:48:25,593 - Thu Nov 12 14:48:25 2020 - Scanning for devices. Please wait...
2020-11-12 14:48:25,595 - Thu Nov 12 14:48:25 2020 - Scanning: ['TB1', 'TB2', 'TB3', 'TB4']
2020-11-12 14:48:37,294 - Thu Nov 12 14:48:37 2020 - Missing:  ['TB1', 'TB2', 'TB3', 'TB4']
2020-11-12 14:48:37,294 - Thu Nov 12 14:48:37 2020 - Found:    []
2020-11-12 14:48:37,294 - Thu Nov 12 14:48:37 2020 - Select Device to operate with the drop down above...
2020-11-12 14:48:37,294 - Thu Nov 12 14:48:37 2020 - No Tough Buckets loaded. Check Power and Wifi connections...
2020-11-13 09:23:50,048 - Fri Nov 13 09:23:50 2020 - Scanning for devices. Please wait...
2020-11-13 09:23:50,049 - Fri Nov 13 09:23:50 2020 - Scanning: ['TB1', 'TB2', 'TB3', 'TB4']
2020-11-13 09:23:55,794 - Fri Nov 13 09:23:55 2020 - Missing:  ['TB1', 'TB2', 'TB3', 'TB4']
2020-11-13 09:23:55,795 - Fri Nov 13 09:23:55 2020 - Found:    []
2020-11-13 09:23:55,795 - Fri Nov 13 09:23:55 2020 - Select Device to operate with the drop down above...
2020-11-13 09:23:55,795 - Fri Nov 13 09:23:55 2020 - No Tough Buckets loaded. Check Power and Wifi connections...
2020-11-13 09:24:05,589 - Fri Nov 13 09:24:05 2020 - Scanning for devices. Please wait...
2020-11-13 09:24:05,590 - Fri Nov 13 09:24:05 2020 - Scanning: ['TB1', 'TB2', 'TB3', 'TB4']
2020-11-13 09:24:17,294 - Fri Nov 13 09:24:17 2020 - Missing:  ['TB1', 'TB2', 'TB3', 'TB4']
2020-11-13 09:24:17,294 - Fri Nov 13 09:24:17 2020 - Found:    []
2020-11-13 09:24:17,294 - Fri Nov 13 09:24:17 2020 - Select Device to operate with the drop down above...
2020-11-13 09:24:17,294 - Fri Nov 13 09:24:17 2020 - No Tough Buckets loaded. Check Power and Wifi connections...
2020-11-13 09:24:20,757 - Fri Nov 13 09:24:20 2020 - Scanning for devices. Please wait...
2020-11-13 09:24:20,760 - Fri Nov 13 09:24:20 2020 - Scanning: ['TB1', 'TB2', 'TB3', 'TB4']
2020-11-13 09:24:32,795 - Fri Nov 13 09:24:32 2020 - Missing:  ['TB1', 'TB2', 'TB3', 'TB4']
2020-11-13 09:24:32,795 - Fri Nov 13 09:24:32 2020 - Found:    []
2020-11-13 09:24:32,795 - Fri Nov 13 09:24:32 2020 - Select Device to operate with the drop down above...
2020-11-13 09:24:32,795 - Fri Nov 13 09:24:32 2020 - No Tough Buckets loaded. Check Power and Wifi connections...
2020-11-13 09:24:49,404 - Fri Nov 13 09:24:49 2020 - Scanning for devices. Please wait...
2020-11-13 09:24:49,405 - Fri Nov 13 09:24:49 2020 - Scanning: ['TB1', 'TB2', 'TB3', 'TB4']
2020-11-13 09:25:01,290 - Fri Nov 13 09:25:01 2020 - Missing:  ['TB1', 'TB2', 'TB3', 'TB4']
2020-11-13 09:25:01,290 - Fri Nov 13 09:25:01 2020 - Found:    []
2020-11-13 09:25:01,290 - Fri Nov 13 09:25:01 2020 - Select Device to operate with the drop down above...
2020-11-13 09:25:01,290 - Fri Nov 13 09:25:01 2020 - No Tough Buckets loaded. Check Power and Wifi connections...
2020-11-13 09:25:05,078 - Fri Nov 13 09:25:05 2020 - Scanning for devices. Please wait...
2020-11-13 09:25:05,079 - Fri Nov 13 09:25:05 2020 - Scanning: ['TB1', 'TB2', 'TB3', 'TB4']
2020-11-13 09:25:16,794 - Fri Nov 13 09:25:16 2020 - Missing:  ['TB1', 'TB2', 'TB3', 'TB4']
2020-11-13 09:25:16,794 - Fri Nov 13 09:25:16 2020 - Found:    []
2020-11-13 09:25:16,794 - Fri Nov 13 09:25:16 2020 - Select Device to operate with the drop down above...
2020-11-13 09:25:16,794 - Fri Nov 13 09:25:16 2020 - No Tough Buckets loaded. Check Power and Wifi connections...
2020-11-13 11:45:52,066 - Fri Nov 13 11:45:52 2020 - Scanning for devices. Please wait...
2020-11-13 11:45:52,069 - Fri Nov 13 11:45:52 2020 - Scanning: ['TB1', 'TB2', 'TB3', 'TB4']
2020-11-13 11:45:57,793 - Fri Nov 13 11:45:57 2020 - Missing:  ['TB1', 'TB2', 'TB3', 'TB4']
2020-11-13 11:45:57,794 - Fri Nov 13 11:45:57 2020 - Found:    []
2020-11-13 11:45:57,794 - Fri Nov 13 11:45:57 2020 - Select Device to operate with the drop down above...
2020-11-13 11:45:57,794 - Fri Nov 13 11:45:57 2020 - No Tough Buckets loaded. Check Power and Wifi connections...
2021-01-07 13:44:11,781 - Thu Jan  7 13:44:11 2021 - Scanning for devices. Please wait...
2021-01-07 13:44:11,782 - Thu Jan  7 13:44:11 2021 - Scanning: ['TB1', 'TB2', 'TB3', 'TB4']
2021-01-07 13:44:23,506 - Thu Jan  7 13:44:23 2021 - Missing:  ['TB1', 'TB2', 'TB3', 'TB4']
2021-01-07 13:44:23,506 - Thu Jan  7 13:44:23 2021 - Found:    []
2021-01-07 13:44:23,506 - Thu Jan  7 13:44:23 2021 - Select Device to operate with the drop down above...
2021-01-07 13:44:23,506 - Thu Jan  7 13:44:23 2021 - No Tough Buckets loaded. Check Power and Wifi connections...
2021-01-28 09:48:51,806 - Thu Jan 28 09:48:51 2021 - Scanning for devices. Please wait...
2021-01-28 09:48:51,809 - Thu Jan 28 09:48:51 2021 - Scanning: ['TB1', 'TB2', 'TB3', 'TB4']
2021-01-28 09:48:51,926 - Thu Jan 28 09:48:51 2021 - Missing:  []
2021-01-28 09:48:51,926 - Thu Jan 28 09:48:51 2021 - Found:    ['TB1', 'TB2', 'TB3', 'TB4']
2021-01-28 09:48:51,926 - Thu Jan 28 09:48:51 2021 - Select Device to operate with the drop down above...
2021-01-28 09:49:37,875 - Thu Jan 28 09:49:37 2021 - Scanning for devices. Please wait...
2021-01-28 09:49:37,875 - Thu Jan 28 09:49:37 2021 - Scanning: ['TB1', 'TB2', 'TB3', 'TB4']
2021-01-28 09:49:37,953 - Thu Jan 28 09:49:37 2021 - Missing:  []
2021-01-28 09:49:37,953 - Thu Jan 28 09:49:37 2021 - Found:    ['TB1', 'TB2', 'TB3', 'TB4']
2021-01-28 09:49:37,953 - Thu Jan 28 09:49:37 2021 - Select Device to operate with the drop down above...
2021-01-28 09:50:49,171 - Thu Jan 28 09:50:49 2021 - Scanning for devices. Please wait...
2021-01-28 09:50:49,171 - Thu Jan 28 09:50:49 2021 - Scanning: ['TB1', 'TB2', 'TB3', 'TB4']
2021-01-28 09:50:49,280 - Thu Jan 28 09:50:49 2021 - Missing:  []
2021-01-28 09:50:49,280 - Thu Jan 28 09:50:49 2021 - Found:    ['TB1', 'TB2', 'TB3', 'TB4']
2021-01-28 09:50:49,280 - Thu Jan 28 09:50:49 2021 - Select Device to operate with the drop down above...
2021-01-28 09:50:51,359 - Thu Jan 28 09:50:51 2021 - Scanning for devices. Please wait...
2021-01-28 09:50:51,359 - Thu Jan 28 09:50:51 2021 - Scanning: ['TB1', 'TB2', 'TB3', 'TB4']
2021-01-28 09:50:51,499 - Thu Jan 28 09:50:51 2021 - Missing:  []
2021-01-28 09:50:51,499 - Thu Jan 28 09:50:51 2021 - Found:    ['TB1', 'TB2', 'TB3', 'TB4']
2021-01-28 09:50:51,499 - Thu Jan 28 09:50:51 2021 - Select Device to operate with the drop down above...
2021-01-28 09:54:07,765 - Thu Jan 28 09:54:07 2021 - Scanning for devices. Please wait...
2021-01-28 09:54:07,765 - Thu Jan 28 09:54:07 2021 - Scanning: ['TB1', 'TB2', 'TB3', 'TB4']
2021-01-28 09:54:07,890 - Thu Jan 28 09:54:07 2021 - Missing:  []
2021-01-28 09:54:07,890 - Thu Jan 28 09:54:07 2021 - Found:    ['TB1', 'TB2', 'TB3', 'TB4']
2021-01-28 09:54:07,890 - Thu Jan 28 09:54:07 2021 - Select Device to operate with the drop down above...
2021-02-01 08:39:56,005 - Mon Feb  1 08:39:56 2021 - Scanning for devices. Please wait...
2021-02-01 08:39:56,020 - Mon Feb  1 08:39:56 2021 - Scanning: ['TB1', 'TB2', 'TB3', 'TB4']
2021-02-01 08:39:56,192 - Mon Feb  1 08:39:56 2021 - Missing:  []
2021-02-01 08:39:56,192 - Mon Feb  1 08:39:56 2021 - Found:    ['TB1', 'TB2', 'TB3', 'TB4']
2021-02-01 08:39:56,192 - Mon Feb  1 08:39:56 2021 - Select Device to operate with the drop down above...
2021-02-01 08:40:37,805 - Mon Feb  1 08:40:37 2021 - TB1

ssh: connect to host 192.168.1.101 port 22: Unknown error

2021-02-01 08:40:52,126 - Mon Feb  1 08:40:52 2021 - TB2

ssh: connect to host 192.168.1.102 port 22: Unknown error

2021-02-01 08:40:56,747 - Mon Feb  1 08:40:56 2021 - Scanning for devices. Please wait...
2021-02-01 08:40:56,747 - Mon Feb  1 08:40:56 2021 - Scanning: ['TB1', 'TB2', 'TB3', 'TB4']
2021-02-01 08:40:56,929 - Mon Feb  1 08:40:56 2021 - Missing:  []
2021-02-01 08:40:56,929 - Mon Feb  1 08:40:56 2021 - Found:    ['TB1', 'TB2', 'TB3', 'TB4']
2021-02-01 08:40:56,929 - Mon Feb  1 08:40:56 2021 - Select Device to operate with the drop down above...
2021-02-01 08:41:00,258 - Mon Feb  1 08:41:00 2021 - Scanning for devices. Please wait...
2021-02-01 08:41:00,274 - Mon Feb  1 08:41:00 2021 - Scanning: ['TB1', 'TB2', 'TB3', 'TB4']
2021-02-01 08:41:00,471 - Mon Feb  1 08:41:00 2021 - Missing:  []
2021-02-01 08:41:00,471 - Mon Feb  1 08:41:00 2021 - Found:    ['TB1', 'TB2', 'TB3', 'TB4']
2021-02-01 08:41:00,471 - Mon Feb  1 08:41:00 2021 - Select Device to operate with the drop down above...
2021-02-01 08:41:01,889 - Mon Feb  1 08:41:01 2021 - Scanning for devices. Please wait...
2021-02-01 08:41:01,889 - Mon Feb  1 08:41:01 2021 - Scanning: ['TB1', 'TB2', 'TB3', 'TB4']
2021-02-01 08:41:02,076 - Mon Feb  1 08:41:02 2021 - Missing:  []
2021-02-01 08:41:02,076 - Mon Feb  1 08:41:02 2021 - Found:    ['TB1', 'TB2', 'TB3', 'TB4']
2021-02-01 08:41:02,076 - Mon Feb  1 08:41:02 2021 - Select Device to operate with the drop down above...
2021-02-01 08:47:06,335 - Mon Feb  1 08:47:06 2021 - Scanning for devices. Please wait...
2021-02-01 08:47:06,335 - Mon Feb  1 08:47:06 2021 - Scanning: ['TB1', 'TB2', 'TB3', 'TB4']
2021-02-01 08:47:06,475 - Mon Feb  1 08:47:06 2021 - Missing:  ['TB1', 'TB2', 'TB3', 'TB4']
2021-02-01 08:47:06,475 - Mon Feb  1 08:47:06 2021 - Found:    []
2021-02-01 08:47:06,475 - Mon Feb  1 08:47:06 2021 - Select Device to operate with the drop down above...
2021-02-01 08:47:06,475 - Mon Feb  1 08:47:06 2021 - No Tough Buckets loaded. Check Power and Wifi connections...
2021-02-01 08:49:30,005 - Mon Feb  1 08:49:30 2021 - Scanning for devices. Please wait...
2021-02-01 08:49:30,020 - Mon Feb  1 08:49:30 2021 - Scanning: ['TB1', 'TB2', 'TB3', 'TB4']
2021-02-01 08:49:30,161 - Mon Feb  1 08:49:30 2021 - Missing:  ['TB1', 'TB2', 'TB3', 'TB4']
2021-02-01 08:49:30,161 - Mon Feb  1 08:49:30 2021 - Found:    []
2021-02-01 08:49:30,161 - Mon Feb  1 08:49:30 2021 - Select Device to operate with the drop down above...
2021-02-01 08:49:30,161 - Mon Feb  1 08:49:30 2021 - No Tough Buckets loaded. Check Power and Wifi connections...
2021-02-01 08:49:34,785 - Mon Feb  1 08:49:34 2021 - Scanning for devices. Please wait...
2021-02-01 08:49:34,785 - Mon Feb  1 08:49:34 2021 - Scanning: ['TB1', 'TB2', 'TB3', 'TB4']
2021-02-01 08:49:34,944 - Mon Feb  1 08:49:34 2021 - Missing:  ['TB1', 'TB2', 'TB3', 'TB4']
2021-02-01 08:49:34,944 - Mon Feb  1 08:49:34 2021 - Found:    []
2021-02-01 08:49:34,944 - Mon Feb  1 08:49:34 2021 - Select Device to operate with the drop down above...
2021-02-01 08:49:34,944 - Mon Feb  1 08:49:34 2021 - No Tough Buckets loaded. Check Power and Wifi connections...
2021-02-01 08:50:54,699 - Mon Feb  1 08:50:54 2021 - Scanning for devices. Please wait...
2021-02-01 08:50:54,699 - Mon Feb  1 08:50:54 2021 - Scanning: ['TB1', 'TB2', 'TB3', 'TB4']
2021-02-01 08:50:54,746 - Mon Feb  1 08:50:54 2021 - Missing:  ['TB1', 'TB2', 'TB3', 'TB4']
2021-02-01 08:50:54,746 - Mon Feb  1 08:50:54 2021 - Found:    []
2021-02-01 08:50:54,746 - Mon Feb  1 08:50:54 2021 - Select Device to operate with the drop down above...
2021-02-01 08:50:54,746 - Mon Feb  1 08:50:54 2021 - No Tough Buckets loaded. Check Power and Wifi connections...
2021-02-01 08:51:53,773 - Mon Feb  1 08:51:53 2021 - Scanning for devices. Please wait...
2021-02-01 08:51:53,773 - Mon Feb  1 08:51:53 2021 - Scanning: ['TB1', 'TB2', 'TB3', 'TB4']
2021-02-01 08:51:53,828 - Mon Feb  1 08:51:53 2021 - Missing:  ['TB1', 'TB2', 'TB3', 'TB4']
2021-02-01 08:51:53,828 - Mon Feb  1 08:51:53 2021 - Found:    []
2021-02-01 08:51:53,828 - Mon Feb  1 08:51:53 2021 - Select Device to operate with the drop down above...
2021-02-01 08:51:53,828 - Mon Feb  1 08:51:53 2021 - No Tough Buckets loaded. Check Power and Wifi connections...
2021-02-01 08:51:57,554 - Mon Feb  1 08:51:57 2021 - Scanning for devices. Please wait...
2021-02-01 08:51:57,554 - Mon Feb  1 08:51:57 2021 - Scanning: ['TB1', 'TB2', 'TB3', 'TB4']
2021-02-01 08:51:57,710 - Mon Feb  1 08:51:57 2021 - Missing:  ['TB1', 'TB2', 'TB3', 'TB4']
2021-02-01 08:51:57,710 - Mon Feb  1 08:51:57 2021 - Found:    []
2021-02-01 08:51:57,710 - Mon Feb  1 08:51:57 2021 - Select Device to operate with the drop down above...
2021-02-01 08:51:57,710 - Mon Feb  1 08:51:57 2021 - No Tough Buckets loaded. Check Power and Wifi connections...
2021-02-01 08:51:59,369 - Mon Feb  1 08:51:59 2021 - Scanning for devices. Please wait...
2021-02-01 08:51:59,369 - Mon Feb  1 08:51:59 2021 - Scanning: ['TB1', 'TB2', 'TB3', 'TB4']
2021-02-01 08:51:59,528 - Mon Feb  1 08:51:59 2021 - Missing:  ['TB1', 'TB2', 'TB3', 'TB4']
2021-02-01 08:51:59,528 - Mon Feb  1 08:51:59 2021 - Found:    []
2021-02-01 08:51:59,528 - Mon Feb  1 08:51:59 2021 - Select Device to operate with the drop down above...
2021-02-01 08:51:59,528 - Mon Feb  1 08:51:59 2021 - No Tough Buckets loaded. Check Power and Wifi connections...
2021-02-01 08:53:16,500 - Mon Feb  1 08:53:16 2021 - Scanning for devices. Please wait...
2021-02-01 08:53:16,500 - Mon Feb  1 08:53:16 2021 - Scanning: ['TB1', 'TB2', 'TB3', 'TB4']
2021-02-01 08:53:16,546 - Mon Feb  1 08:53:16 2021 - Missing:  ['TB1', 'TB2', 'TB3', 'TB4']
2021-02-01 08:53:16,546 - Mon Feb  1 08:53:16 2021 - Found:    []
2021-02-01 08:53:16,546 - Mon Feb  1 08:53:16 2021 - Select Device to operate with the drop down above...
2021-02-01 08:53:16,546 - Mon Feb  1 08:53:16 2021 - No Tough Buckets loaded. Check Power and Wifi connections...
2021-02-01 08:55:30,260 - Mon Feb  1 08:55:30 2021 - Scanning for devices. Please wait...
2021-02-01 08:55:30,260 - Mon Feb  1 08:55:30 2021 - Scanning: ['TB1', 'TB2', 'TB3', 'TB4']
2021-02-01 08:55:30,306 - Mon Feb  1 08:55:30 2021 - Missing:  ['TB1', 'TB2', 'TB3', 'TB4']
2021-02-01 08:55:30,306 - Mon Feb  1 08:55:30 2021 - Found:    []
2021-02-01 08:55:30,306 - Mon Feb  1 08:55:30 2021 - Select Device to operate with the drop down above...
2021-02-01 08:55:30,306 - Mon Feb  1 08:55:30 2021 - No Tough Buckets loaded. Check Power and Wifi connections...
2021-02-01 08:55:36,074 - Mon Feb  1 08:55:36 2021 - Scanning for devices. Please wait...
2021-02-01 08:55:36,074 - Mon Feb  1 08:55:36 2021 - Scanning: ['TB1', 'TB2', 'TB3', 'TB4']
2021-02-01 08:55:36,200 - Mon Feb  1 08:55:36 2021 - Missing:  ['TB1', 'TB2', 'TB3', 'TB4']
2021-02-01 08:55:36,200 - Mon Feb  1 08:55:36 2021 - Found:    []
2021-02-01 08:55:36,200 - Mon Feb  1 08:55:36 2021 - Select Device to operate with the drop down above...
2021-02-01 08:55:36,200 - Mon Feb  1 08:55:36 2021 - No Tough Buckets loaded. Check Power and Wifi connections...
2021-02-01 08:56:03,425 - Mon Feb  1 08:56:03 2021 - Scanning for devices. Please wait...
2021-02-01 08:56:03,425 - Mon Feb  1 08:56:03 2021 - Scanning: ['TB1', 'TB2', 'TB3', 'TB4']
2021-02-01 08:56:03,472 - Mon Feb  1 08:56:03 2021 - Missing:  ['TB1', 'TB2', 'TB3', 'TB4']
2021-02-01 08:56:03,472 - Mon Feb  1 08:56:03 2021 - Found:    []
2021-02-01 08:56:03,472 - Mon Feb  1 08:56:03 2021 - Select Device to operate with the drop down above...
2021-02-01 08:56:03,472 - Mon Feb  1 08:56:03 2021 - No Tough Buckets loaded. Check Power and Wifi connections...
2021-02-01 08:56:04,738 - Mon Feb  1 08:56:04 2021 - Scanning for devices. Please wait...
2021-02-01 08:56:04,753 - Mon Feb  1 08:56:04 2021 - Scanning: ['TB1', 'TB2', 'TB3', 'TB4']
2021-02-01 08:56:04,878 - Mon Feb  1 08:56:04 2021 - Missing:  ['TB1', 'TB2', 'TB3', 'TB4']
2021-02-01 08:56:04,878 - Mon Feb  1 08:56:04 2021 - Found:    []
2021-02-01 08:56:04,878 - Mon Feb  1 08:56:04 2021 - Select Device to operate with the drop down above...
2021-02-01 08:56:04,878 - Mon Feb  1 08:56:04 2021 - No Tough Buckets loaded. Check Power and Wifi connections...
2021-02-01 08:56:07,983 - Mon Feb  1 08:56:07 2021 - Scanning for devices. Please wait...
2021-02-01 08:56:07,983 - Mon Feb  1 08:56:07 2021 - Scanning: ['TB1', 'TB2', 'TB3', 'TB4']
2021-02-01 08:56:08,108 - Mon Feb  1 08:56:08 2021 - Missing:  ['TB1', 'TB2', 'TB3', 'TB4']
2021-02-01 08:56:08,108 - Mon Feb  1 08:56:08 2021 - Found:    []
2021-02-01 08:56:08,108 - Mon Feb  1 08:56:08 2021 - Select Device to operate with the drop down above...
2021-02-01 08:56:08,108 - Mon Feb  1 08:56:08 2021 - No Tough Buckets loaded. Check Power and Wifi connections...
2021-02-01 08:57:53,356 - Mon Feb  1 08:57:53 2021 - Scanning for devices. Please wait...
2021-02-01 08:57:53,356 - Mon Feb  1 08:57:53 2021 - Scanning: ['TB1', 'TB2', 'TB3', 'TB4']
2021-02-01 08:57:53,418 - Mon Feb  1 08:57:53 2021 - Missing:  ['TB1', 'TB2', 'TB3', 'TB4']
2021-02-01 08:57:53,418 - Mon Feb  1 08:57:53 2021 - Found:    []
2021-02-01 08:57:53,418 - Mon Feb  1 08:57:53 2021 - Select Device to operate with the drop down above...
2021-02-01 08:57:53,418 - Mon Feb  1 08:57:53 2021 - No Tough Buckets loaded. Check Power and Wifi connections...
2021-02-01 08:57:54,278 - Mon Feb  1 08:57:54 2021 - Scanning for devices. Please wait...
2021-02-01 08:57:54,278 - Mon Feb  1 08:57:54 2021 - Scanning: ['TB1', 'TB2', 'TB3', 'TB4']
2021-02-01 08:57:54,418 - Mon Feb  1 08:57:54 2021 - Missing:  ['TB1', 'TB2', 'TB3', 'TB4']
2021-02-01 08:57:54,418 - Mon Feb  1 08:57:54 2021 - Found:    []
2021-02-01 08:57:54,418 - Mon Feb  1 08:57:54 2021 - Select Device to operate with the drop down above...
2021-02-01 08:57:54,418 - Mon Feb  1 08:57:54 2021 - No Tough Buckets loaded. Check Power and Wifi connections...
2021-02-01 09:00:34,986 - Mon Feb  1 09:00:34 2021 - Scanning for devices. Please wait...
2021-02-01 09:00:34,986 - Mon Feb  1 09:00:34 2021 - Scanning: ['TB1', 'TB2', 'TB3', 'TB4']
2021-02-01 09:00:35,128 - Mon Feb  1 09:00:35 2021 - Missing:  ['TB1', 'TB2', 'TB3', 'TB4']
2021-02-01 09:00:35,128 - Mon Feb  1 09:00:35 2021 - Found:    []
2021-02-01 09:00:35,128 - Mon Feb  1 09:00:35 2021 - Select Device to operate with the drop down above...
2021-02-01 09:00:35,128 - Mon Feb  1 09:00:35 2021 - No Tough Buckets loaded. Check Power and Wifi connections...
2021-02-01 09:02:10,916 - Mon Feb  1 09:02:10 2021 - Scanning for devices. Please wait...
2021-02-01 09:02:10,916 - Mon Feb  1 09:02:10 2021 - Scanning: ['TB1', 'TB2', 'TB3', 'TB4']
2021-02-01 09:02:11,040 - Mon Feb  1 09:02:11 2021 - Missing:  ['TB1', 'TB2', 'TB3', 'TB4']
2021-02-01 09:02:11,040 - Mon Feb  1 09:02:11 2021 - Found:    []
2021-02-01 09:02:11,040 - Mon Feb  1 09:02:11 2021 - Select Device to operate with the drop down above...
2021-02-01 09:02:11,040 - Mon Feb  1 09:02:11 2021 - No Tough Buckets loaded. Check Power and Wifi connections...
2021-02-01 09:02:11,447 - Mon Feb  1 09:02:11 2021 - Scanning for devices. Please wait...
2021-02-01 09:02:11,447 - Mon Feb  1 09:02:11 2021 - Scanning: ['TB1', 'TB2', 'TB3', 'TB4']
2021-02-01 09:02:11,572 - Mon Feb  1 09:02:11 2021 - Missing:  ['TB1', 'TB2', 'TB3', 'TB4']
2021-02-01 09:02:11,572 - Mon Feb  1 09:02:11 2021 - Found:    []
2021-02-01 09:02:11,572 - Mon Feb  1 09:02:11 2021 - Select Device to operate with the drop down above...
2021-02-01 09:02:11,572 - Mon Feb  1 09:02:11 2021 - No Tough Buckets loaded. Check Power and Wifi connections...
2021-02-01 09:02:11,931 - Mon Feb  1 09:02:11 2021 - Scanning for devices. Please wait...
2021-02-01 09:02:11,931 - Mon Feb  1 09:02:11 2021 - Scanning: ['TB1', 'TB2', 'TB3', 'TB4']
2021-02-01 09:02:12,103 - Mon Feb  1 09:02:12 2021 - Missing:  ['TB1', 'TB2', 'TB3', 'TB4']
2021-02-01 09:02:12,103 - Mon Feb  1 09:02:12 2021 - Found:    []
2021-02-01 09:02:12,103 - Mon Feb  1 09:02:12 2021 - Select Device to operate with the drop down above...
2021-02-01 09:02:12,103 - Mon Feb  1 09:02:12 2021 - No Tough Buckets loaded. Check Power and Wifi connections...
2021-02-01 09:02:12,627 - Mon Feb  1 09:02:12 2021 - Scanning for devices. Please wait...
2021-02-01 09:02:12,627 - Mon Feb  1 09:02:12 2021 - Scanning: ['TB1', 'TB2', 'TB3', 'TB4']
2021-02-01 09:02:12,783 - Mon Feb  1 09:02:12 2021 - Missing:  ['TB1', 'TB2', 'TB3', 'TB4']
2021-02-01 09:02:12,783 - Mon Feb  1 09:02:12 2021 - Found:    []
2021-02-01 09:02:12,783 - Mon Feb  1 09:02:12 2021 - Select Device to operate with the drop down above...
2021-02-01 09:02:12,783 - Mon Feb  1 09:02:12 2021 - No Tough Buckets loaded. Check Power and Wifi connections...
2021-02-01 09:02:13,129 - Mon Feb  1 09:02:13 2021 - Scanning for devices. Please wait...
2021-02-01 09:02:13,129 - Mon Feb  1 09:02:13 2021 - Scanning: ['TB1', 'TB2', 'TB3', 'TB4']
2021-02-01 09:02:13,285 - Mon Feb  1 09:02:13 2021 - Missing:  ['TB1', 'TB2', 'TB3', 'TB4']
2021-02-01 09:02:13,285 - Mon Feb  1 09:02:13 2021 - Found:    []
2021-02-01 09:02:13,285 - Mon Feb  1 09:02:13 2021 - Select Device to operate with the drop down above...
2021-02-01 09:02:13,285 - Mon Feb  1 09:02:13 2021 - No Tough Buckets loaded. Check Power and Wifi connections...
2021-02-01 09:02:13,675 - Mon Feb  1 09:02:13 2021 - Scanning for devices. Please wait...
2021-02-01 09:02:13,675 - Mon Feb  1 09:02:13 2021 - Scanning: ['TB1', 'TB2', 'TB3', 'TB4']
2021-02-01 09:02:13,816 - Mon Feb  1 09:02:13 2021 - Missing:  ['TB1', 'TB2', 'TB3', 'TB4']
2021-02-01 09:02:13,816 - Mon Feb  1 09:02:13 2021 - Found:    []
2021-02-01 09:02:13,816 - Mon Feb  1 09:02:13 2021 - Select Device to operate with the drop down above...
2021-02-01 09:02:13,816 - Mon Feb  1 09:02:13 2021 - No Tough Buckets loaded. Check Power and Wifi connections...
2021-02-01 09:02:30,440 - Mon Feb  1 09:02:30 2021 - Scanning for devices. Please wait...
2021-02-01 09:02:30,455 - Mon Feb  1 09:02:30 2021 - Scanning: ['TB1', 'TB2', 'TB3', 'TB4']
2021-02-01 09:02:30,596 - Mon Feb  1 09:02:30 2021 - Missing:  ['TB1', 'TB2', 'TB3', 'TB4']
2021-02-01 09:02:30,596 - Mon Feb  1 09:02:30 2021 - Found:    []
2021-02-01 09:02:30,596 - Mon Feb  1 09:02:30 2021 - Select Device to operate with the drop down above...
2021-02-01 09:02:30,596 - Mon Feb  1 09:02:30 2021 - No Tough Buckets loaded. Check Power and Wifi connections...
2021-02-01 09:02:30,939 - Mon Feb  1 09:02:30 2021 - Scanning for devices. Please wait...
2021-02-01 09:02:30,939 - Mon Feb  1 09:02:30 2021 - Scanning: ['TB1', 'TB2', 'TB3', 'TB4']
2021-02-01 09:02:31,064 - Mon Feb  1 09:02:31 2021 - Missing:  ['TB1', 'TB2', 'TB3', 'TB4']
2021-02-01 09:02:31,064 - Mon Feb  1 09:02:31 2021 - Found:    []
2021-02-01 09:02:31,064 - Mon Feb  1 09:02:31 2021 - Select Device to operate with the drop down above...
2021-02-01 09:02:31,064 - Mon Feb  1 09:02:31 2021 - No Tough Buckets loaded. Check Power and Wifi connections...
2021-02-01 09:02:31,357 - Mon Feb  1 09:02:31 2021 - Scanning for devices. Please wait...
2021-02-01 09:02:31,357 - Mon Feb  1 09:02:31 2021 - Scanning: ['TB1', 'TB2', 'TB3', 'TB4']
2021-02-01 09:02:31,498 - Mon Feb  1 09:02:31 2021 - Missing:  ['TB1', 'TB2', 'TB3', 'TB4']
2021-02-01 09:02:31,498 - Mon Feb  1 09:02:31 2021 - Found:    []
2021-02-01 09:02:31,498 - Mon Feb  1 09:02:31 2021 - Select Device to operate with the drop down above...
2021-02-01 09:02:31,498 - Mon Feb  1 09:02:31 2021 - No Tough Buckets loaded. Check Power and Wifi connections...
2021-02-01 09:05:47,439 - Mon Feb  1 09:05:47 2021 - Scanning for devices. Please wait...
2021-02-01 09:05:47,439 - Mon Feb  1 09:05:47 2021 - Scanning: ['TB1', 'TB2', 'TB3', 'TB4']
2021-02-01 09:05:47,579 - Mon Feb  1 09:05:47 2021 - Missing:  ['TB1', 'TB2', 'TB3', 'TB4']
2021-02-01 09:05:47,579 - Mon Feb  1 09:05:47 2021 - Found:    []
2021-02-01 09:05:47,579 - Mon Feb  1 09:05:47 2021 - Select Device to operate with the drop down above...
2021-02-01 09:05:47,579 - Mon Feb  1 09:05:47 2021 - No Tough Buckets loaded. Check Power and Wifi connections...
2021-02-01 09:06:33,653 - Mon Feb  1 09:06:33 2021 - Scanning for devices. Please wait...
2021-02-01 09:06:33,653 - Mon Feb  1 09:06:33 2021 - Scanning: ['TB1', 'TB2', 'TB3', 'TB4']
2021-02-01 09:06:33,804 - Mon Feb  1 09:06:33 2021 - Missing:  ['TB1', 'TB2', 'TB3', 'TB4']
2021-02-01 09:06:33,804 - Mon Feb  1 09:06:33 2021 - Found:    []
2021-02-01 09:06:33,804 - Mon Feb  1 09:06:33 2021 - Select Device to operate with the drop down above...
2021-02-01 09:06:33,804 - Mon Feb  1 09:06:33 2021 - No Tough Buckets loaded. Check Power and Wifi connections...
2021-02-01 09:06:35,114 - Mon Feb  1 09:06:35 2021 - Scanning for devices. Please wait...
2021-02-01 09:06:35,114 - Mon Feb  1 09:06:35 2021 - Scanning: ['TB1', 'TB2', 'TB3', 'TB4']
2021-02-01 09:06:35,239 - Mon Feb  1 09:06:35 2021 - Missing:  ['TB1', 'TB2', 'TB3', 'TB4']
2021-02-01 09:06:35,239 - Mon Feb  1 09:06:35 2021 - Found:    []
2021-02-01 09:06:35,239 - Mon Feb  1 09:06:35 2021 - Select Device to operate with the drop down above...
2021-02-01 09:06:35,239 - Mon Feb  1 09:06:35 2021 - No Tough Buckets loaded. Check Power and Wifi connections...
2021-02-01 09:06:35,739 - Mon Feb  1 09:06:35 2021 - Scanning for devices. Please wait...
2021-02-01 09:06:35,739 - Mon Feb  1 09:06:35 2021 - Scanning: ['TB1', 'TB2', 'TB3', 'TB4']
2021-02-01 09:06:35,888 - Mon Feb  1 09:06:35 2021 - Missing:  ['TB1', 'TB2', 'TB3', 'TB4']
2021-02-01 09:06:35,888 - Mon Feb  1 09:06:35 2021 - Found:    []
2021-02-01 09:06:35,888 - Mon Feb  1 09:06:35 2021 - Select Device to operate with the drop down above...
2021-02-01 09:06:35,888 - Mon Feb  1 09:06:35 2021 - No Tough Buckets loaded. Check Power and Wifi connections...
2021-02-01 09:06:36,687 - Mon Feb  1 09:06:36 2021 - Scanning for devices. Please wait...
2021-02-01 09:06:36,687 - Mon Feb  1 09:06:36 2021 - Scanning: ['TB1', 'TB2', 'TB3', 'TB4']
2021-02-01 09:06:36,827 - Mon Feb  1 09:06:36 2021 - Missing:  ['TB1', 'TB2', 'TB3', 'TB4']
2021-02-01 09:06:36,827 - Mon Feb  1 09:06:36 2021 - Found:    []
2021-02-01 09:06:36,827 - Mon Feb  1 09:06:36 2021 - Select Device to operate with the drop down above...
2021-02-01 09:06:36,827 - Mon Feb  1 09:06:36 2021 - No Tough Buckets loaded. Check Power and Wifi connections...
2021-02-01 09:07:27,412 - Mon Feb  1 09:07:27 2021 - Scanning for devices. Please wait...
2021-02-01 09:07:27,428 - Mon Feb  1 09:07:27 2021 - Scanning: ['TB1', 'TB2', 'TB3', 'TB4']
2021-02-01 09:07:27,553 - Mon Feb  1 09:07:27 2021 - Missing:  ['TB1', 'TB2', 'TB3', 'TB4']
2021-02-01 09:07:27,553 - Mon Feb  1 09:07:27 2021 - Found:    []
2021-02-01 09:07:27,553 - Mon Feb  1 09:07:27 2021 - Select Device to operate with the drop down above...
2021-02-01 09:07:27,553 - Mon Feb  1 09:07:27 2021 - No Tough Buckets loaded. Check Power and Wifi connections...
2021-02-01 09:07:28,553 - Mon Feb  1 09:07:28 2021 - Scanning for devices. Please wait...
2021-02-01 09:07:28,553 - Mon Feb  1 09:07:28 2021 - Scanning: ['TB1', 'TB2', 'TB3', 'TB4']
2021-02-01 09:07:28,693 - Mon Feb  1 09:07:28 2021 - Missing:  ['TB1', 'TB2', 'TB3', 'TB4']
2021-02-01 09:07:28,693 - Mon Feb  1 09:07:28 2021 - Found:    []
2021-02-01 09:07:28,693 - Mon Feb  1 09:07:28 2021 - Select Device to operate with the drop down above...
2021-02-01 09:07:28,693 - Mon Feb  1 09:07:28 2021 - No Tough Buckets loaded. Check Power and Wifi connections...
2021-02-01 09:08:57,981 - Mon Feb  1 09:08:57 2021 - Scanning for devices. Please wait...
2021-02-01 09:08:57,996 - Mon Feb  1 09:08:57 2021 - Scanning: ['TB1', 'TB2', 'TB3', 'TB4']
2021-02-01 09:08:58,090 - Mon Feb  1 09:08:58 2021 - Missing:  ['TB1', 'TB2', 'TB3', 'TB4']
2021-02-01 09:08:58,090 - Mon Feb  1 09:08:58 2021 - Found:    []
2021-02-01 09:08:58,090 - Mon Feb  1 09:08:58 2021 - Select Device to operate with the drop down above...
2021-02-01 09:08:58,090 - Mon Feb  1 09:08:58 2021 - No Tough Buckets loaded. Check Power and Wifi connections...
2021-02-01 09:11:37,126 - Mon Feb  1 09:11:37 2021 - Scanning for devices. Please wait...
2021-02-01 09:11:37,126 - Mon Feb  1 09:11:37 2021 - Scanning: ['TB1', 'TB2', 'TB3', 'TB4']
2021-02-01 09:11:37,321 - Mon Feb  1 09:11:37 2021 - Missing:  ['TB1', 'TB2', 'TB3', 'TB4']
2021-02-01 09:11:37,321 - Mon Feb  1 09:11:37 2021 - Found:    []
2021-02-01 09:11:37,321 - Mon Feb  1 09:11:37 2021 - Select Device to operate with the drop down above...
2021-02-01 09:11:37,321 - Mon Feb  1 09:11:37 2021 - No Tough Buckets loaded. Check Power and Wifi connections...
2021-02-01 09:11:38,198 - Mon Feb  1 09:11:38 2021 - Scanning for devices. Please wait...
2021-02-01 09:11:38,198 - Mon Feb  1 09:11:38 2021 - Scanning: ['TB1', 'TB2', 'TB3', 'TB4']
2021-02-01 09:11:38,386 - Mon Feb  1 09:11:38 2021 - Missing:  ['TB1', 'TB2', 'TB3', 'TB4']
2021-02-01 09:11:38,386 - Mon Feb  1 09:11:38 2021 - Found:    []
2021-02-01 09:11:38,386 - Mon Feb  1 09:11:38 2021 - Select Device to operate with the drop down above...
2021-02-01 09:11:38,386 - Mon Feb  1 09:11:38 2021 - No Tough Buckets loaded. Check Power and Wifi connections...
2021-02-01 09:11:39,230 - Mon Feb  1 09:11:39 2021 - Scanning for devices. Please wait...
2021-02-01 09:11:39,230 - Mon Feb  1 09:11:39 2021 - Scanning: ['TB1', 'TB2', 'TB3', 'TB4']
2021-02-01 09:11:39,402 - Mon Feb  1 09:11:39 2021 - Missing:  ['TB1', 'TB2', 'TB3', 'TB4']
2021-02-01 09:11:39,402 - Mon Feb  1 09:11:39 2021 - Found:    []
2021-02-01 09:11:39,402 - Mon Feb  1 09:11:39 2021 - Select Device to operate with the drop down above...
2021-02-01 09:11:39,402 - Mon Feb  1 09:11:39 2021 - No Tough Buckets loaded. Check Power and Wifi connections...
2021-02-01 09:11:41,382 - Mon Feb  1 09:11:41 2021 - Scanning for devices. Please wait...
2021-02-01 09:11:41,382 - Mon Feb  1 09:11:41 2021 - Scanning: ['TB1', 'TB2', 'TB3', 'TB4']
2021-02-01 09:11:41,585 - Mon Feb  1 09:11:41 2021 - Missing:  ['TB1', 'TB2', 'TB3', 'TB4']
2021-02-01 09:11:41,585 - Mon Feb  1 09:11:41 2021 - Found:    []
2021-02-01 09:11:41,585 - Mon Feb  1 09:11:41 2021 - Select Device to operate with the drop down above...
2021-02-01 09:11:41,585 - Mon Feb  1 09:11:41 2021 - No Tough Buckets loaded. Check Power and Wifi connections...
2021-02-01 09:11:41,955 - Mon Feb  1 09:11:41 2021 - Scanning for devices. Please wait...
2021-02-01 09:11:41,955 - Mon Feb  1 09:11:41 2021 - Scanning: ['TB1', 'TB2', 'TB3', 'TB4']
2021-02-01 09:11:42,142 - Mon Feb  1 09:11:42 2021 - Missing:  ['TB1', 'TB2', 'TB3', 'TB4']
2021-02-01 09:11:42,142 - Mon Feb  1 09:11:42 2021 - Found:    []
2021-02-01 09:11:42,142 - Mon Feb  1 09:11:42 2021 - Select Device to operate with the drop down above...
2021-02-01 09:11:42,142 - Mon Feb  1 09:11:42 2021 - No Tough Buckets loaded. Check Power and Wifi connections...
2021-02-01 09:11:42,653 - Mon Feb  1 09:11:42 2021 - Scanning for devices. Please wait...
2021-02-01 09:11:42,653 - Mon Feb  1 09:11:42 2021 - Scanning: ['TB1', 'TB2', 'TB3', 'TB4']
2021-02-01 09:11:42,855 - Mon Feb  1 09:11:42 2021 - Missing:  ['TB1', 'TB2', 'TB3', 'TB4']
2021-02-01 09:11:42,855 - Mon Feb  1 09:11:42 2021 - Found:    []
2021-02-01 09:11:42,855 - Mon Feb  1 09:11:42 2021 - Select Device to operate with the drop down above...
2021-02-01 09:11:42,855 - Mon Feb  1 09:11:42 2021 - No Tough Buckets loaded. Check Power and Wifi connections...
2021-02-01 09:11:43,381 - Mon Feb  1 09:11:43 2021 - Scanning for devices. Please wait...
2021-02-01 09:11:43,381 - Mon Feb  1 09:11:43 2021 - Scanning: ['TB1', 'TB2', 'TB3', 'TB4']
2021-02-01 09:11:43,584 - Mon Feb  1 09:11:43 2021 - Missing:  ['TB1', 'TB2', 'TB3', 'TB4']
2021-02-01 09:11:43,584 - Mon Feb  1 09:11:43 2021 - Found:    []
2021-02-01 09:11:43,584 - Mon Feb  1 09:11:43 2021 - Select Device to operate with the drop down above...
2021-02-01 09:11:43,584 - Mon Feb  1 09:11:43 2021 - No Tough Buckets loaded. Check Power and Wifi connections...
2021-02-01 09:11:44,110 - Mon Feb  1 09:11:44 2021 - Scanning for devices. Please wait...
2021-02-01 09:11:44,110 - Mon Feb  1 09:11:44 2021 - Scanning: ['TB1', 'TB2', 'TB3', 'TB4']
2021-02-01 09:11:44,313 - Mon Feb  1 09:11:44 2021 - Missing:  ['TB1', 'TB2', 'TB3', 'TB4']
2021-02-01 09:11:44,313 - Mon Feb  1 09:11:44 2021 - Found:    []
2021-02-01 09:11:44,313 - Mon Feb  1 09:11:44 2021 - Select Device to operate with the drop down above...
2021-02-01 09:11:44,313 - Mon Feb  1 09:11:44 2021 - No Tough Buckets loaded. Check Power and Wifi connections...
2021-02-01 09:12:19,337 - Mon Feb  1 09:12:19 2021 - Scanning for devices. Please wait...
2021-02-01 09:12:19,337 - Mon Feb  1 09:12:19 2021 - Scanning: ['TB1', 'TB2', 'TB3', 'TB4']
2021-02-01 09:12:19,384 - Mon Feb  1 09:12:19 2021 - Missing:  ['TB1', 'TB2', 'TB3', 'TB4']
2021-02-01 09:12:19,384 - Mon Feb  1 09:12:19 2021 - Found:    []
2021-02-01 09:12:19,384 - Mon Feb  1 09:12:19 2021 - Select Device to operate with the drop down above...
2021-02-01 09:12:19,384 - Mon Feb  1 09:12:19 2021 - No Tough Buckets loaded. Check Power and Wifi connections...
2021-02-01 09:12:20,097 - Mon Feb  1 09:12:20 2021 - Scanning for devices. Please wait...
2021-02-01 09:12:20,112 - Mon Feb  1 09:12:20 2021 - Scanning: ['TB1', 'TB2', 'TB3', 'TB4']
2021-02-01 09:12:20,223 - Mon Feb  1 09:12:20 2021 - Missing:  ['TB1', 'TB2', 'TB3', 'TB4']
2021-02-01 09:12:20,223 - Mon Feb  1 09:12:20 2021 - Found:    []
2021-02-01 09:12:20,223 - Mon Feb  1 09:12:20 2021 - Select Device to operate with the drop down above...
2021-02-01 09:12:20,223 - Mon Feb  1 09:12:20 2021 - No Tough Buckets loaded. Check Power and Wifi connections...
2021-02-01 09:12:21,082 - Mon Feb  1 09:12:21 2021 - Scanning for devices. Please wait...
2021-02-01 09:12:21,082 - Mon Feb  1 09:12:21 2021 - Scanning: ['TB1', 'TB2', 'TB3', 'TB4']
2021-02-01 09:12:21,223 - Mon Feb  1 09:12:21 2021 - Missing:  ['TB1', 'TB2', 'TB3', 'TB4']
2021-02-01 09:12:21,223 - Mon Feb  1 09:12:21 2021 - Found:    []
2021-02-01 09:12:21,223 - Mon Feb  1 09:12:21 2021 - Select Device to operate with the drop down above...
2021-02-01 09:12:21,223 - Mon Feb  1 09:12:21 2021 - No Tough Buckets loaded. Check Power and Wifi connections...
2021-02-01 09:12:21,801 - Mon Feb  1 09:12:21 2021 - Scanning for devices. Please wait...
2021-02-01 09:12:21,801 - Mon Feb  1 09:12:21 2021 - Scanning: ['TB1', 'TB2', 'TB3', 'TB4']
2021-02-01 09:12:21,941 - Mon Feb  1 09:12:21 2021 - Missing:  ['TB1', 'TB2', 'TB3', 'TB4']
2021-02-01 09:12:21,941 - Mon Feb  1 09:12:21 2021 - Found:    []
2021-02-01 09:12:21,941 - Mon Feb  1 09:12:21 2021 - Select Device to operate with the drop down above...
2021-02-01 09:12:21,941 - Mon Feb  1 09:12:21 2021 - No Tough Buckets loaded. Check Power and Wifi connections...
2021-02-01 09:18:04,415 - Mon Feb  1 09:18:04 2021 - Scanning for devices. Please wait...
2021-02-01 09:18:04,415 - Mon Feb  1 09:18:04 2021 - Scanning: ['TB1', 'TB2', 'TB3', 'TB4']
2021-02-01 09:18:04,618 - Mon Feb  1 09:18:04 2021 - Missing:  ['TB1', 'TB2', 'TB3', 'TB4']
2021-02-01 09:18:04,618 - Mon Feb  1 09:18:04 2021 - Found:    []
2021-02-01 09:18:04,618 - Mon Feb  1 09:18:04 2021 - Select Device to operate with the drop down above...
2021-02-01 09:18:04,618 - Mon Feb  1 09:18:04 2021 - No Tough Buckets loaded. Check Power and Wifi connections...
2021-02-01 09:18:08,172 - Mon Feb  1 09:18:08 2021 - Scanning for devices. Please wait...
2021-02-01 09:18:08,172 - Mon Feb  1 09:18:08 2021 - Scanning: ['TB1', 'TB2', 'TB3', 'TB4']
2021-02-01 09:18:08,406 - Mon Feb  1 09:18:08 2021 - Missing:  ['TB1', 'TB2', 'TB3', 'TB4']
2021-02-01 09:18:08,406 - Mon Feb  1 09:18:08 2021 - Found:    []
2021-02-01 09:18:08,406 - Mon Feb  1 09:18:08 2021 - Select Device to operate with the drop down above...
2021-02-01 09:18:08,406 - Mon Feb  1 09:18:08 2021 - No Tough Buckets loaded. Check Power and Wifi connections...
2021-02-01 09:18:09,203 - Mon Feb  1 09:18:09 2021 - Scanning for devices. Please wait...
2021-02-01 09:18:09,203 - Mon Feb  1 09:18:09 2021 - Scanning: ['TB1', 'TB2', 'TB3', 'TB4']
2021-02-01 09:18:09,398 - Mon Feb  1 09:18:09 2021 - Missing:  ['TB1', 'TB2', 'TB3', 'TB4']
2021-02-01 09:18:09,398 - Mon Feb  1 09:18:09 2021 - Found:    []
2021-02-01 09:18:09,398 - Mon Feb  1 09:18:09 2021 - Select Device to operate with the drop down above...
2021-02-01 09:18:09,398 - Mon Feb  1 09:18:09 2021 - No Tough Buckets loaded. Check Power and Wifi connections...
2021-02-01 09:18:52,018 - Mon Feb  1 09:18:52 2021 - Scanning for devices. Please wait...
2021-02-01 09:18:52,018 - Mon Feb  1 09:18:52 2021 - Scanning: ['TB1', 'TB2', 'TB3', 'TB4']
2021-02-01 09:18:52,252 - Mon Feb  1 09:18:52 2021 - Missing:  ['TB1', 'TB2', 'TB3', 'TB4']
2021-02-01 09:18:52,252 - Mon Feb  1 09:18:52 2021 - Found:    []
2021-02-01 09:18:52,252 - Mon Feb  1 09:18:52 2021 - Select Device to operate with the drop down above...
2021-02-01 09:18:52,252 - Mon Feb  1 09:18:52 2021 - No Tough Buckets loaded. Check Power and Wifi connections...
2021-02-01 09:31:45,172 - Mon Feb  1 09:31:45 2021 - Scanning for devices. Please wait...
2021-02-01 09:31:45,188 - Mon Feb  1 09:31:45 2021 - Scanning: ['TB1', 'TB2', 'TB3', 'TB4']
2021-02-01 09:31:53,948 - Mon Feb  1 09:31:53 2021 - Missing:  []
2021-02-01 09:31:53,948 - Mon Feb  1 09:31:53 2021 - Found:    ['TB1', 'TB2', 'TB3', 'TB4']
2021-02-01 09:31:53,948 - Mon Feb  1 09:31:53 2021 - Select Device to operate with the drop down above...
2021-02-01 09:32:09,537 - Mon Feb  1 09:32:09 2021 - TB1

Testing GPRS modem
Device cannot interface, check power and connections.
CDMA is powered on, no serial connection available
Testing UMTS modem
Device cannot interface, check power and connections.
Testing LTE modem
No LTE connected

2021-02-01 09:32:33,379 - Mon Feb  1 09:32:33 2021 - TB1

Testing GPRS modem
Device cannot interface, check power and connections.
CDMA is powered on, no serial connection available
Testing UMTS modem
Device cannot interface, check power and connections.
Testing LTE modem
No LTE connected

2021-02-01 09:32:51,940 - Mon Feb  1 09:32:51 2021 - TB1

GPRS power has been toggled.

2021-02-01 09:33:06,588 - Mon Feb  1 09:33:06 2021 - TB1

Testing GPRS modem
Device can interface.
SIM card is functional.
IMEI Number: 
860041044192410
CDMA is powered on, no serial connection available
Testing UMTS modem
Device cannot interface, check power and connections.
Testing LTE modem
No LTE connected

2021-02-01 09:33:17,486 - Mon Feb  1 09:33:17 2021 - This protocol is not supported by the chosen toughbucket
2021-02-01 09:33:47,590 - Mon Feb  1 09:33:47 2021 - TB1

Testing GPRS modem
Device can interface.
SIM card is functional.
IMEI Number: 
860041044192410
CDMA is powered on, no serial connection available
Testing UMTS modem
Device cannot interface, check power and connections.
Testing LTE modem
No LTE connected

2021-02-01 09:34:26,690 - Mon Feb  1 09:34:26 2021 - TB1

Testing GPRS modem
Device can interface.
SIM card is functional.
IMEI Number: 
860041044192410
CDMA is powered on, no serial connection available
Testing UMTS modem
Device cannot interface, check power and connections.
Testing LTE modem
No LTE connected

2021-02-01 09:34:58,937 - Mon Feb  1 09:34:58 2021 - TB1

AT+CMEE=2
OK
AT+CMGDA="DEL ALL"
+CMS ERROR: invalid input value
AT+CMGF=1
OK
AT+CMGS="+18503980372"
> Hello
> 

2021-02-01 09:35:35,240 - Mon Feb  1 09:35:35 2021 - TB2

ssh: connect to host 192.168.1.102 port 22: Connection timed out

2021-02-01 09:35:40,732 - Mon Feb  1 09:35:40 2021 - Scanning for devices. Please wait...
2021-02-01 09:35:40,732 - Mon Feb  1 09:35:40 2021 - Scanning: ['TB1', 'TB2', 'TB3', 'TB4']
2021-02-01 09:35:49,441 - Mon Feb  1 09:35:49 2021 - Missing:  []
2021-02-01 09:35:49,441 - Mon Feb  1 09:35:49 2021 - Found:    ['TB1', 'TB2', 'TB3', 'TB4']
2021-02-01 09:35:49,441 - Mon Feb  1 09:35:49 2021 - Select Device to operate with the drop down above...
2021-02-01 09:38:24,430 - Mon Feb  1 09:38:24 2021 - Scanning for devices. Please wait...
2021-02-01 09:38:24,445 - Mon Feb  1 09:38:24 2021 - Scanning: ['TB1', 'TB2', 'TB3', 'TB4']
2021-02-01 09:38:33,452 - Mon Feb  1 09:38:33 2021 - Missing:  ['TB2', 'TB3', 'TB4']
2021-02-01 09:38:33,452 - Mon Feb  1 09:38:33 2021 - Found:    ['TB1']
2021-02-01 09:38:33,452 - Mon Feb  1 09:38:33 2021 - Select Device to operate with the drop down above...
2021-02-01 09:38:51,172 - Mon Feb  1 09:38:51 2021 - TB1

Testing GPRS modem
Device can interface.
SIM card is functional.
IMEI Number: 
860041044192410
CDMA is powered on, no serial connection available
Testing UMTS modem
Device cannot interface, check power and connections.
Testing LTE modem
No LTE connected

2021-02-01 09:41:47,247 - Mon Feb  1 09:41:47 2021 - Scanning for devices. Please wait...
2021-02-01 09:41:47,247 - Mon Feb  1 09:41:47 2021 - Scanning: ['TB1', 'TB2', 'TB3', 'TB4']
2021-02-01 09:41:56,450 - Mon Feb  1 09:41:56 2021 - Missing:  ['TB2', 'TB3', 'TB4']
2021-02-01 09:41:56,450 - Mon Feb  1 09:41:56 2021 - Found:    ['TB1']
2021-02-01 09:41:56,450 - Mon Feb  1 09:41:56 2021 - Select Device to operate with the drop down above...
2021-02-01 09:42:11,162 - Mon Feb  1 09:42:11 2021 - TB1

Testing GPRS modem
Device can interface.
SIM card is functional.
IMEI Number: 
860041044192410
CDMA is powered on, no serial connection available
Testing UMTS modem
Device cannot interface, check power and connections.
Testing LTE modem
No LTE connected

2021-02-01 09:42:28,754 - Mon Feb  1 09:42:28 2021 - TB1

GPRS power has been toggled.

2021-02-01 09:42:35,886 - Mon Feb  1 09:42:35 2021 - This protocol is not supported by the chosen toughbucket
2021-02-01 09:45:40,428 - Mon Feb  1 09:45:40 2021 - This protocol is not supported by the chosen toughbucket
2021-02-01 09:47:48,580 - Mon Feb  1 09:47:48 2021 - TB1

Testing GPRS modem
Device cannot interface, check power and connections.
CDMA is powered on, no serial connection available
UMTS not supported
LTE not supported

2021-02-01 09:47:58,555 - Mon Feb  1 09:47:58 2021 - TB1

Testing GPRS modem
Device cannot interface, check power and connections.
CDMA is powered on, no serial connection available
UMTS not supported
LTE not supported

2021-02-01 09:48:07,217 - Mon Feb  1 09:48:07 2021 - TB1

Testing GPRS modem
Device cannot interface, check power and connections.
CDMA is powered on, no serial connection available
UMTS not supported
LTE not supported

2021-02-01 09:48:15,848 - Mon Feb  1 09:48:15 2021 - TB1

GPRS power has been toggled.

2021-02-01 09:48:24,902 - Mon Feb  1 09:48:24 2021 - TB1

Testing GPRS modem
Device can interface.
SIM card is functional.
IMEI Number: 
860041044192410
CDMA is powered on, no serial connection available
UMTS not supported
LTE not supported

2021-02-01 09:52:56,365 - Mon Feb  1 09:52:56 2021 - Scanning for devices. Please wait...
2021-02-01 09:52:56,365 - Mon Feb  1 09:52:56 2021 - Scanning: ['TB1', 'TB2', 'TB3', 'TB4']
2021-02-01 09:53:05,448 - Mon Feb  1 09:53:05 2021 - Missing:  ['TB2', 'TB3', 'TB4']
2021-02-01 09:53:05,448 - Mon Feb  1 09:53:05 2021 - Found:    ['TB1']
2021-02-01 09:53:05,448 - Mon Feb  1 09:53:05 2021 - Select Device to operate with the drop down above...
2021-02-01 09:53:19,624 - Mon Feb  1 09:53:19 2021 - Scanning for devices. Please wait...
2021-02-01 09:53:19,624 - Mon Feb  1 09:53:19 2021 - Scanning: ['TB1', 'TB2', 'TB3', 'TB4']
2021-02-01 09:53:25,473 - Mon Feb  1 09:53:25 2021 - Missing:  ['TB2', 'TB3']
2021-02-01 09:53:25,473 - Mon Feb  1 09:53:25 2021 - Found:    ['TB1', 'TB4']
2021-02-01 09:53:25,473 - Mon Feb  1 09:53:25 2021 - Select Device to operate with the drop down above...
2021-02-01 09:53:48,150 - Mon Feb  1 09:53:48 2021 - TB4

Device Can Interface
 




 




 




 




 




 




 




 




 




 




 




 




 




 




 




 




 




 

A
IMEI: 

 




868822040056374



 




868822040056374



 




868822040056374



 




868822040056374



 


IMSI: 
310410278914602



 




310410278914602



 



2021-02-01 09:54:15,522 - Mon Feb  1 09:54:15 2021 - TB4

Device Can Interface


 


IMEI: 

868822040056374



 


IMSI: 

310410278914602



 




310410278914602



 




310410278914602



 




310410278914602



 



310410278914602



 



2021-02-01 10:07:16,252 - Mon Feb  1 10:07:16 2021 - TB4

Technology set to GSM

2021-02-01 10:07:49,593 - Mon Feb  1 10:07:49 2021 - TB4

Device Can Interface

 


IMEI: 

868822040056374



 


IMSI: 


310410278914602



 




310410278914602



 




3104

2021-02-01 10:07:58,866 - Mon Feb  1 10:07:58 2021 - TB4

Something went wrong

2021-02-04 07:48:24,188 - Thu Feb  4 07:48:24 2021 - Scanning for devices. Please wait...
2021-02-04 07:48:24,188 - Thu Feb  4 07:48:24 2021 - Scanning: ['TB1', 'TB2', 'TB3', 'TB4']
2021-02-04 07:48:35,949 - Thu Feb  4 07:48:35 2021 - Missing:  ['TB1', 'TB2', 'TB3', 'TB4']
2021-02-04 07:48:35,949 - Thu Feb  4 07:48:35 2021 - Found:    []
2021-02-04 07:48:35,949 - Thu Feb  4 07:48:35 2021 - Select Device to operate with the drop down above...
2021-02-04 07:48:35,949 - Thu Feb  4 07:48:35 2021 - No Tough Buckets loaded. Check Power and Wifi connections...
2021-02-04 07:48:41,254 - Thu Feb  4 07:48:41 2021 - Scanning for devices. Please wait...
2021-02-04 07:48:41,254 - Thu Feb  4 07:48:41 2021 - Scanning: ['TB1', 'TB2', 'TB3', 'TB4']
2021-02-04 07:48:49,974 - Thu Feb  4 07:48:49 2021 - Missing:  ['TB1', 'TB2', 'TB3']
2021-02-04 07:48:49,974 - Thu Feb  4 07:48:49 2021 - Found:    ['TB4']
2021-02-04 07:48:49,974 - Thu Feb  4 07:48:49 2021 - Select Device to operate with the drop down above...
2021-02-04 07:49:17,317 - Thu Feb  4 07:49:17 2021 - TB4

Device Can Interface
 




 




 




 




 




 




 




 



 


IMEI: 

868822040056374



 




868822040056374



 




868822040056
IMSI: 

868822040056374



 




310410278914602



 




310410278914

2021-02-04 07:49:55,849 - Thu Feb  4 07:49:55 2021 - TB4

Something went wrong

2021-02-04 08:10:56,521 - Thu Feb  4 08:10:56 2021 - TB4

Something went wrong

2021-02-04 08:11:03,168 - Thu Feb  4 08:11:03 2021 - TB4

Technology set to GSM

2021-02-04 08:11:13,446 - Thu Feb  4 08:11:13 2021 - TB4

Something went wrong

2021-02-04 08:11:18,958 - Thu Feb  4 08:11:18 2021 - TB4

Technology set to GSM

2021-02-04 08:11:25,450 - Thu Feb  4 08:11:25 2021 - TB4

Something went wrong

2021-02-04 08:11:32,946 - Thu Feb  4 08:11:32 2021 - TB4

Something went wrong

2021-02-04 08:11:38,245 - Thu Feb  4 08:11:38 2021 - TB4

Technology set to GSM

2021-02-04 08:20:36,546 - Thu Feb  4 08:20:36 2021 - TB4

Technology set to GSM

2021-02-04 08:20:44,563 - Thu Feb  4 08:20:44 2021 - TB4

Something went wrong

2021-02-04 08:20:50,213 - Thu Feb  4 08:20:50 2021 - TB4

Technology set to GSM

2021-02-04 08:20:55,983 - Thu Feb  4 08:20:55 2021 - TB4

Something went wrong

2021-02-04 08:21:01,451 - Thu Feb  4 08:21:01 2021 - TB4

Technology set to GSM

2021-02-04 08:21:06,910 - Thu Feb  4 08:21:06 2021 - TB4

Something went wrong

2021-02-04 08:21:12,710 - Thu Feb  4 08:21:12 2021 - TB4

Technology set to GSM

2021-02-04 08:21:18,712 - Thu Feb  4 08:21:18 2021 - TB4

Something went wrong

2021-02-04 08:21:25,444 - Thu Feb  4 08:21:25 2021 - TB4

Technology set to GSM

2021-02-04 08:21:53,763 - Thu Feb  4 08:21:53 2021 - TB4

Technology set to GSM

2021-02-04 08:22:30,802 - Thu Feb  4 08:22:30 2021 - TB4

Something went wrong

2021-02-04 08:23:24,131 - Thu Feb  4 08:23:24 2021 - TB4

Device Can Interface
 



 




 




 




 




 




 




 




 




IMEI:  




868822040056374



 




868822040056374



 





IMSI: 


 

AT+CGSN


868822040056374



 

AT+CGSN


868822040056374



 

AT+CGSN

2021-02-04 08:23:44,965 - Thu Feb  4 08:23:44 2021 - TB4

Device Can Interface

 


IMEI: 

868822040056374



 


IMSI: 

310410278914602



 




310410278914602



 



310410278914602



O

2021-02-04 08:23:58,645 - Thu Feb  4 08:23:58 2021 - TB4

Device Can Interface
 




 




 




 




 




 




 




 




 


IMEI: 

 




868822040056374



 




868822040056374



 



IMSI: 

868822040056374



 




310410278914602



 




310410278914

2021-02-04 08:32:52,877 - Thu Feb  4 08:32:52 2021 - TB4

Device Can Interface
 




 




 




 




 




 




 




 




 


IMEI: 

 




868822040056374



 




868822040056374



 



IMSI: 

868822040056374



 




310410278914602



 




310410278914

2021-02-04 08:33:13,183 - Thu Feb  4 08:33:13 2021 - TB4

Device Can Interface


 


IMEI: 

868822040056374



 


IMSI: 0278914602



 




310410278914602



 




310410278914602





2021-02-04 08:34:17,731 - Thu Feb  4 08:34:17 2021 - TB4

Device Can Interface
 




 




 




 




 




 




 




 




 




IMEI:  




868822040056374



 




868822040056374



 





IMSI: 

868822040056374



 




310410278914602



 




310410278914

2021-02-04 08:34:31,808 - Thu Feb  4 08:34:31 2021 - TB4

Device Can Interface


 


IMEI: 

868822040056374



 


IMSI: 


310410278914602



 




310410278914602



 




3104

2021-02-04 08:36:19,361 - Thu Feb  4 08:36:19 2021 - TB4

Device Can Interface
 




 




 




 




 




 




 




 




 




IMEI:  




868822040056374



 




868822040056374



 





IMSI: 

868822040056374



 

AT+CGSN


868822040056374



 

AT+CGSN


868822040056

2021-02-04 08:36:37,942 - Thu Feb  4 08:36:37 2021 - TB4

Device Can Interface


 


IMEI: 

868822040056374



 


IMSI: 


310410278914602



 




310410278914602



 




3104

2021-02-04 08:39:46,968 - Thu Feb  4 08:39:46 2021 - TB4

Device Can Interface
 




 




 




 




 




 




 




 




 


IMEI: 

 




868822040056374



 




868822040056374



 



IMSI: 310410278914602



 




310410278914602



 



2021-02-04 08:40:25,431 - Thu Feb  4 08:40:25 2021 - TB4

Device Can Interface


 


IMEI: 

868822040056374



 


IMSI: 

310410278914602



 




310410278914602



 




310410278914

2021-02-04 08:40:41,987 - Thu Feb  4 08:40:41 2021 - TB4

Device Can Interface


 


IMEI: 

868822040056374



 


IMSI: 


310410278914602



 




310410278914602



 




3104

2021-02-04 08:41:01,908 - Thu Feb  4 08:41:01 2021 - TB4

Device Can Interface
 




 




 




 




 




 




 




 




 


IMEI: 

 




868822040056374



 




868822040056374



 



IMSI: 

868822040056374



 




310410278914602



 




310410278914

2021-02-04 08:41:51,446 - Thu Feb  4 08:41:51 2021 - TB4

Device Can Interface


 


IMEI: 

868822040056374



 


IMSI: 


310410278914602



 




310410278914602



 




3104

2021-02-04 08:43:25,389 - Thu Feb  4 08:43:25 2021 - TB4

Device Can Interface
 




 




 




 




 




 




 




 




 


IMEI:  




868822040056374



 




868822040056374



 


IMSI:  




310410278914602



 

2021-02-04 08:44:51,391 - Thu Feb  4 08:44:51 2021 - TB4

Device Can Interface         
IMEI:  868822040056374 868822040056374 
IMSI: 868822040056374 310410278914602 310410278914

2021-02-04 08:47:47,872 - Thu Feb  4 08:47:47 2021 - TB4

Device Can Interface          
IMEI: 868822040056374 868822040056374 868822040056374 A
IMSI: 310410278914602 310410278914602 310410278914602 

2021-02-04 08:48:05,064 - Thu Feb  4 08:48:05 2021 - TB4

Device Can Interface 
IMEI: 868822040056374 
IMSI: 310410278914602 310410278914602 

2021-02-04 08:48:23,069 - Thu Feb  4 08:48:23 2021 - TB4

Device Can Interface 
IMEI: 868822040056374 
IMSI: 310410278914602 310410278914602 310410278914602 A

2021-02-04 08:50:25,258 - Thu Feb  4 08:50:25 2021 - TB4

Device Can Interface          
IMEI: 868822040056374 868822040056374 868822040056374 A
IMSI:  AT+CGSN868822040056374 AT+CGSN868822040056374 AT+CGSN868822040056374

2021-02-04 08:50:41,827 - Thu Feb  4 08:50:41 2021 - TB4

Device Can Interface 
IMEI: 868822040056374 
IMSI: 310410278914602 310410278914602 310410278914602 

2021-02-04 08:51:23,887 - Thu Feb  4 08:51:23 2021 - TB4

Device Can Interface           
IMEI: 868822040056374 868822040056374 
IMSI: 310410278914602 310410278914602 310410278914602 A

2021-02-04 08:51:40,506 - Thu Feb  4 08:51:40 2021 - TB4

Device Can Interface 
IMEI: 868822040056374 
IMSI: 310410278914602 310410278914602 310410278914602 

2021-02-04 08:52:02,578 - Thu Feb  4 08:52:02 2021 - TB4

Traceback (most recent call last):
  File "testcomm.py", line 46, in <module>
    AT_Command_ModRes('AT', 'Device Can Interface')
  File "testcomm.py", line 41, in AT_Command_ModRes
    response = response.split()[0]
IndexError: list index out of range

2021-02-04 08:53:47,207 - Thu Feb  4 08:53:47 2021 - TB4

Device Can Interface
IMEI: AT
IMSI: 310410278914602

2021-02-04 08:53:57,141 - Thu Feb  4 08:53:57 2021 - TB4

Device Can Interface 
IMEI: 868822040056374
IMSI: 

2021-02-04 08:54:02,818 - Thu Feb  4 08:54:02 2021 - TB4

Device Can Interface
Traceback (most recent call last):
  File "testcomm.py", line 47, in <module>
    AT_Command_ModRes('AT+CGSN', 'IMEI: ')
  File "testcomm.py", line 36, in AT_Command_ModRes
    rcv = port.read(100)
  File "/usr/lib/python2.7/dist-packages/serial/serialposix.py", line 501, in read
    'device reports readiness to read but returned no data '
serial.serialutil.SerialException: device reports readiness to read but returned no data (device disconnected or multiple access on port?)

2021-02-04 08:54:21,125 - Thu Feb  4 08:54:21 2021 - TB4

Device Can Interface 
IMEI: 
IMSI: 310410278914602

2021-02-04 08:54:54,312 - Thu Feb  4 08:54:54 2021 - TB4

Device Can Interface 
IMEI: 868822040056374
IMSI: 

2021-02-04 08:55:12,905 - Thu Feb  4 08:55:12 2021 - TB4

Device Can Interface 
IMEI: 868822040056374
IMSI: 

2021-02-04 08:55:52,899 - Thu Feb  4 08:55:52 2021 - TB4

Device Can Interface 
IMEI: 
IMSI: 868822040056374

2021-02-04 08:57:07,333 - Thu Feb  4 08:57:07 2021 - TB4

Device Can Interface 
IMEI: 
IMSI: 868822040056374

2021-02-04 08:57:22,628 - Thu Feb  4 08:57:22 2021 - TB4

Device Can Interface 
IMEI: 868822040056374
IMSI: 

2021-02-04 08:57:36,571 - Thu Feb  4 08:57:36 2021 - TB4

Device Can Interface 
IMEI: 
IMSI: 868822040056374

2021-02-04 08:57:56,509 - Thu Feb  4 08:57:56 2021 - TB4

Device Can Interface 
IMEI: 868822040056374
IMSI: 

2021-02-04 08:58:39,946 - Thu Feb  4 08:58:39 2021 - TB4

Device Can Interface
 




 




 




 




 




 




 




 




 




 



 


IMEI: 


868822040056374



 




868822040056374



 




868822040056374



 

A
IMSI: 

ERROR




310410278914602



 




310410278914602



 




310410278914602

2021-02-04 08:59:17,546 - Thu Feb  4 08:59:17 2021 - TB4

Device Can Interface+CIMI310410278914602 
IMEI: 868822040056374 868822040056374 
IMSI: 310410278914602 310410278914602 310410278914602 3104102

2021-02-04 08:59:33,638 - Thu Feb  4 08:59:33 2021 - TB4

Device Can Interface 
IMEI: 868822040056374 
Traceback (most recent call last):
  File "testcomm.py", line 48, in <module>
    AT_Command_ModRes('AT+CIMI', 'IMSI: ')
  File "testcomm.py", line 34, in AT_Command_ModRes
    port.write(message.encode('utf-8')) #encode as bytes
  File "/usr/lib/python2.7/dist-packages/serial/serialposix.py", line 571, in write
    raise SerialException('write failed: {}'.format(e))
serial.serialutil.SerialException: write failed: [Errno 5] Input/output error

2021-02-04 08:59:46,652 - Thu Feb  4 08:59:46 2021 - TB4

Device Can Interface          
IMEI: 868822040056374 868822040056374 868822040056374 A
IMSI: 868822040056374 310410278914602 310410278914602 

2021-02-04 09:01:51,590 - Thu Feb  4 09:01:51 2021 - TB4

Device Can Interface           
IMEI: 868822040056374 868822040056374 868822040056374 A
IMSI: ERROR310410278914602 310410278914602 310410278914602

2021-02-04 09:02:10,451 - Thu Feb  4 09:02:10 2021 - TB4

Device Can Interface+CIMI310410278914602 
IMEI: 868822040056374 868822040056374 868822040056374 
IMSI: 868822040056374 310410278914602 310410278914602 

2021-02-04 09:02:40,295 - Thu Feb  4 09:02:40 2021 - TB4

Device Can Interface 
IMEI: 868822040056374 
Traceback (most recent call last):
  File "testcomm.py", line 48, in <module>
    AT_Command_ModRes('AT+CIMI', 'IMSI: ')
  File "testcomm.py", line 34, in AT_Command_ModRes
    port.write(message.encode('utf-8')) #encode as bytes
  File "/usr/lib/python2.7/dist-packages/serial/serialposix.py", line 571, in write
    raise SerialException('write failed: {}'.format(e))
serial.serialutil.SerialException: write failed: [Errno 5] Input/output error

2021-02-04 09:02:51,515 - Thu Feb  4 09:02:51 2021 - TB4

Device Can Interface           
IMEI: 868822040056374 868822040056374 868822040056374 A
IMSI: 868822040056374 310410278914602 310410278914602 

2021-02-04 09:04:28,865 - Thu Feb  4 09:04:28 2021 - TB4

Device Can Interface 
IMEI: 
IMSI: 310410278914602 310410278914602 310410278914602 

2021-02-04 09:04:41,182 - Thu Feb  4 09:04:41 2021 - TB4

Device Can Interface
IMEI: 868822040056374 
IMSI: 310410278914602 

2021-02-04 09:04:56,124 - Thu Feb  4 09:04:56 2021 - TB4

Device Can Interface
IMEI: 868822040056374 
IMSI: 310410278914602 310410278914602 310410278914602 A

2021-02-04 09:05:13,909 - Thu Feb  4 09:05:13 2021 - TB4

Device Can Interface 
IMEI: 868822040056374 868822040056374 868822040056374 A
IMSI: 

2021-02-04 09:05:29,159 - Thu Feb  4 09:05:29 2021 - TB4

Device Can Interface 
IMEI: 868822040056374 868822040056374 868822040056374 A
IMSI: 310410278914602 

2021-02-04 09:05:41,962 - Thu Feb  4 09:05:41 2021 - TB4

Device Can Interface
IMEI: 868822040056374 
IMSI: 310410278914602 310410278914602 310410278914602 A

2021-02-04 09:06:08,756 - Thu Feb  4 09:06:08 2021 - TB4

Device Can Interface 
IMEI: 868822040056374 868822040056374 868822040056374 A
Traceback (most recent call last):
  File "testcomm.py", line 48, in <module>
    AT_Command_ModRes('AT+CIMI', 'IMSI: ')
  File "testcomm.py", line 36, in AT_Command_ModRes
    rcv = port.read(100)
  File "/usr/lib/python2.7/dist-packages/serial/serialposix.py", line 501, in read
    'device reports readiness to read but returned no data '
serial.serialutil.SerialException: device reports readiness to read but returned no data (device disconnected or multiple access on port?)

2021-02-04 09:06:25,841 - Thu Feb  4 09:06:25 2021 - TB4

Device Can Interface 
IMEI: 868822040056374 868822040056374 868822040056374 A
IMSI: 

2021-02-04 09:08:28,516 - Thu Feb  4 09:08:28 2021 - TB4

Device Can Interface 
IMEI: 868822040056374 868822040056374 868822040056374 A
IMSI: 

2021-02-04 09:08:39,813 - Thu Feb  4 09:08:39 2021 - TB4

Device Can Interface 
IMEI: 868822040056374 868822040056374 868822040056374 A
IMSI: 

2021-02-04 09:08:52,695 - Thu Feb  4 09:08:52 2021 - TB4

Device Can Interface 
IMEI: 868822040056374 868822040056374 868822040056374 A
IMSI: 

2021-02-04 09:09:04,965 - Thu Feb  4 09:09:04 2021 - TB4

Device Can Interface 
IMEI: 868822040056374 868822040056374 868822040056374 A
IMSI: 310410278914602 

2021-02-04 09:09:23,383 - Thu Feb  4 09:09:23 2021 - TB4

Device Can Interface 
IMEI: 868822040056374 868822040056374 868822040056374 A
IMSI: 

2021-02-04 09:09:34,355 - Thu Feb  4 09:09:34 2021 - TB4

Device Can Interface 
IMEI: 868822040056374 868822040056374 868822040056374 A
IMSI: 868822040056374 

2021-02-04 09:09:47,910 - Thu Feb  4 09:09:47 2021 - TB4

Device Can Interface
IMEI: 868822040056374 
IMSI: 310410278914602 

2021-02-04 09:10:06,394 - Thu Feb  4 09:10:06 2021 - TB4

Device Can Interface 
IMEI: 868822040056374 
IMSI: 310410278914602 310410278914602 310410278914602 A

2021-02-04 09:10:25,891 - Thu Feb  4 09:10:25 2021 - TB4

Something went wrong

2021-02-04 09:10:31,530 - Thu Feb  4 09:10:31 2021 - TB4

Technology set to UMTS

2021-02-04 09:10:40,378 - Thu Feb  4 09:10:40 2021 - TB4

Device Can Interface
IMEI: 868822040056374 
IMSI: 310410278914602 310410278914602 310410278914602 A

2021-02-04 09:10:58,058 - Thu Feb  4 09:10:58 2021 - TB4

Device Can Interface 
IMEI: 868822040056374 868822040056374 868822040056374 A
IMSI: 310410278914602 

2021-02-04 09:14:03,957 - Thu Feb  4 09:14:03 2021 - TB4

Device Can Interface 
IMEI: 868822040056374 868822040056374 868822040056374 A
IMSI: ERROR

2021-02-04 09:14:14,281 - Thu Feb  4 09:14:14 2021 - TB4

Device Can Interface
IMEI: 868822040056374 
IMSI: 310410278914602 310410278914602 310410278914602 A

2021-02-04 09:21:33,544 - Thu Feb  4 09:21:33 2021 - TB4

Device Can Interface 
Traceback (most recent call last):
  File "testcomm.py", line 65, in <module>
    AT_Command_ModResAlt('AT+CGSN', 'IMEI: ')
  File "testcomm.py", line 52, in AT_Command_ModResAlt
    rcv = port.read(100)
  File "/usr/lib/python2.7/dist-packages/serial/serialposix.py", line 501, in read
    'device reports readiness to read but returned no data '
serial.serialutil.SerialException: device reports readiness to read but returned no data (device disconnected or multiple access on port?)

2021-02-04 09:21:57,908 - Thu Feb  4 09:21:57 2021 - TB4

Device Can Interface 
Traceback (most recent call last):
  File "testcomm.py", line 65, in <module>
    AT_Command_ModResAlt('AT+CGSN', 'IMEI: ')
  File "testcomm.py", line 52, in AT_Command_ModResAlt
    rcv = port.read(100)
  File "/usr/lib/python2.7/dist-packages/serial/serialposix.py", line 501, in read
    'device reports readiness to read but returned no data '
serial.serialutil.SerialException: device reports readiness to read but returned no data (device disconnected or multiple access on port?)

2021-02-04 09:22:22,535 - Thu Feb  4 09:22:22 2021 - TB4

Device Can Interface 
Traceback (most recent call last):
  File "testcomm.py", line 65, in <module>
    AT_Command_ModResAlt('AT+CGSN', 'IMEI: ')
  File "testcomm.py", line 52, in AT_Command_ModResAlt
    rcv = port.read(100)
  File "/usr/lib/python2.7/dist-packages/serial/serialposix.py", line 501, in read
    'device reports readiness to read but returned no data '
serial.serialutil.SerialException: device reports readiness to read but returned no data (device disconnected or multiple access on port?)

2021-02-04 09:22:44,450 - Thu Feb  4 09:22:44 2021 - TB4

Device Can Interface 
Traceback (most recent call last):
  File "testcomm.py", line 65, in <module>
    AT_Command_ModResAlt('AT+CGSN', 'IMEI: ')
  File "testcomm.py", line 52, in AT_Command_ModResAlt
    rcv = port.read(100)
  File "/usr/lib/python2.7/dist-packages/serial/serialposix.py", line 501, in read
    'device reports readiness to read but returned no data '
serial.serialutil.SerialException: device reports readiness to read but returned no data (device disconnected or multiple access on port?)

2021-02-04 09:24:02,660 - Thu Feb  4 09:24:02 2021 - TB4

Device Can Interface 
49
IMEI: 868822040056374 868822040056374 868822040056374 A
0
IMSI: 

2021-02-04 09:24:13,559 - Thu Feb  4 09:24:13 2021 - TB4

Device Can InterfaceT 
48
IMEI: 868822040056374 868822040056374 868822040056374 
16
IMSI: 868822040056374 

2021-02-04 09:27:32,594 - Thu Feb  4 09:27:32 2021 - TB4

Device Can Interface 
IMEI: 868822040056374
IMSI: T+CGSN868822040056374

2021-02-04 09:27:44,072 - Thu Feb  4 09:27:44 2021 - TB4

Device Can Interface
IMEI: 868822040056374 
IMSI: 310410278914602

2021-02-04 09:27:57,440 - Thu Feb  4 09:27:57 2021 - TB4

Device Can Interface 
IMEI: 868822040056374 
IMSI: 310410278914602

2021-02-04 09:28:07,630 - Thu Feb  4 09:28:07 2021 - TB4

Device Can Interface 
Traceback (most recent call last):
  File "testcomm.py", line 69, in <module>
    AT_Command_ModResAlt('AT+CGSN', 'IMEI: ')
  File "testcomm.py", line 52, in AT_Command_ModResAlt
    rcv = port.read(100)
  File "/usr/lib/python2.7/dist-packages/serial/serialposix.py", line 501, in read
    'device reports readiness to read but returned no data '
serial.serialutil.SerialException: device reports readiness to read but returned no data (device disconnected or multiple access on port?)

2021-02-04 09:28:58,240 - Thu Feb  4 09:28:58 2021 - TB4

Device Can Interface 
IMEI: 868822040056374 
IMSI: 310410278914602

2021-02-04 09:32:28,737 - Thu Feb  4 09:32:28 2021 - TB4

Device Can Interface 
IMEI: 868822040056374
IMSI: T+CGSN868822040056374

2021-02-04 09:32:39,057 - Thu Feb  4 09:32:39 2021 - TB4

Device Can Interface
IMEI: 868822040056374 
IMSI: 310410278914602

2021-02-04 09:33:24,831 - Thu Feb  4 09:33:24 2021 - TB4

Device Can Interface
Traceback (most recent call last):
  File "testcomm.py", line 71, in <module>
    AT_Command_ModResAlt('AT+CGSN', 'IMEI: ')
  File "testcomm.py", line 54, in AT_Command_ModResAlt
    rcv = port.read(100)
  File "/usr/lib/python2.7/dist-packages/serial/serialposix.py", line 501, in read
    'device reports readiness to read but returned no data '
serial.serialutil.SerialException: device reports readiness to read but returned no data (device disconnected or multiple access on port?)

2021-02-04 09:38:37,333 - Thu Feb  4 09:38:37 2021 - TB4

Device Can Interface
Traceback (most recent call last):
  File "testcomm.py", line 69, in <module>
    AT_Command_ModResAlt('AT+CGSN', 'IMEI: ')
  File "testcomm.py", line 52, in AT_Command_ModResAlt
    rcv = port.read(100)
  File "/usr/lib/python2.7/dist-packages/serial/serialposix.py", line 501, in read
    'device reports readiness to read but returned no data '
serial.serialutil.SerialException: device reports readiness to read but returned no data (device disconnected or multiple access on port?)

2021-02-04 09:40:18,251 - Thu Feb  4 09:40:18 2021 - Scanning for devices. Please wait...
2021-02-04 09:40:18,251 - Thu Feb  4 09:40:18 2021 - Scanning: ['TB1', 'TB2', 'TB3', 'TB4']
2021-02-04 09:40:28,449 - Thu Feb  4 09:40:28 2021 - Missing:  ['TB1', 'TB2', 'TB3', 'TB4']
2021-02-04 09:40:28,449 - Thu Feb  4 09:40:28 2021 - Found:    []
2021-02-04 09:40:28,449 - Thu Feb  4 09:40:28 2021 - Select Device to operate with the drop down above...
2021-02-04 09:40:28,449 - Thu Feb  4 09:40:28 2021 - No Tough Buckets loaded. Check Power and Wifi connections...
2021-02-04 09:40:39,062 - Thu Feb  4 09:40:39 2021 - Scanning for devices. Please wait...
2021-02-04 09:40:39,062 - Thu Feb  4 09:40:39 2021 - Scanning: ['TB1', 'TB2', 'TB3', 'TB4']
2021-02-04 09:40:48,091 - Thu Feb  4 09:40:48 2021 - Missing:  ['TB1', 'TB2', 'TB3']
2021-02-04 09:40:48,091 - Thu Feb  4 09:40:48 2021 - Found:    ['TB4']
2021-02-04 09:40:48,091 - Thu Feb  4 09:40:48 2021 - Select Device to operate with the drop down above...
2021-02-04 09:41:04,322 - Thu Feb  4 09:41:04 2021 - TB4

Device Can Interface 
IMEI: 868822040056374
IMSI: 310410278914602 

2021-02-04 09:41:19,259 - Thu Feb  4 09:41:19 2021 - TB4

Device Can Interface
IMEI: 868822040056374 
IMSI: 310410278914602 

2021-02-04 09:41:30,075 - Thu Feb  4 09:41:30 2021 - TB4

Device Can Interface
IMEI: 868822040056374 
IMSI: 310410278914602

2021-02-04 09:41:51,967 - Thu Feb  4 09:41:51 2021 - TB4

Device Can Interface 
IMEI: 868822040056374
IMSI: 868822040056374 

2021-02-04 09:42:19,068 - Thu Feb  4 09:42:19 2021 - TB4

Device Can Interface
IMEI: 868822040056374 
IMSI: 310410278914602

2021-02-04 09:42:30,009 - Thu Feb  4 09:42:30 2021 - TB4

Device Can Interface
IMEI: 868822040056374 
Traceback (most recent call last):
  File "testcomm.py", line 70, in <module>
    AT_Command_ModResAlt('AT+CIMI', 'IMSI: ')
  File "testcomm.py", line 52, in AT_Command_ModResAlt
    rcv = port.read(100)
  File "/usr/lib/python2.7/dist-packages/serial/serialposix.py", line 501, in read
    'device reports readiness to read but returned no data '
serial.serialutil.SerialException: device reports readiness to read but returned no data (device disconnected or multiple access on port?)

2021-02-04 09:50:00,810 - Thu Feb  4 09:50:00 2021 - TB4

Device Can Interface 
IMEI: 868822040056374
IMSI: 310410278914602

2021-02-04 09:50:09,242 - Thu Feb  4 09:50:09 2021 - TB4

Technology set to GSM

2021-02-04 09:50:23,259 - Thu Feb  4 09:50:23 2021 - TB4



2021-02-04 09:50:36,419 - Thu Feb  4 09:50:36 2021 - TB4

Traceback (most recent call last):
  File "gsmmess.py", line 23, in <module>
    port.write(message.encode('utf-8'))
  File "/usr/lib/python2.7/dist-packages/serial/serialposix.py", line 571, in write
    raise SerialException('write failed: {}'.format(e))
serial.serialutil.SerialException: write failed: [Errno 5] Input/output error

2021-02-04 09:50:49,893 - Thu Feb  4 09:50:49 2021 - TB4


OK

AT+CMGF=1


OK



2021-02-04 09:51:16,185 - Thu Feb  4 09:51:16 2021 - TB4



2021-02-04 09:59:08,940 - Thu Feb  4 09:59:08 2021 - TB4

Device Can Interface 
IMEI: 868822040056374
IMSI: 868822040056374 

2021-02-04 09:59:19,118 - Thu Feb  4 09:59:19 2021 - TB4

Device Can Interface
IMEI: 868822040056374 
IMSI: 310410278914602

2021-02-04 09:59:30,780 - Thu Feb  4 09:59:30 2021 - TB4

Device Can Interface 
IMEI: 868822040056374
IMSI: 310410278914602

2021-02-04 09:59:40,264 - Thu Feb  4 09:59:40 2021 - TB4

Device Can Interface 
IMEI: 868822040056374 
IMSI: 310410278914602

2021-02-04 09:59:49,676 - Thu Feb  4 09:59:49 2021 - TB4

Device Can Interface
IMEI: 868822040056374 
IMSI: 310410278914602

2021-02-04 09:59:59,232 - Thu Feb  4 09:59:59 2021 - TB4

Device Can Interface 
Traceback (most recent call last):
  File "testcomm.py", line 70, in <module>
    AT_Command_ModResAlt('AT+CGSN', 'IMEI: ')
  File "testcomm.py", line 53, in AT_Command_ModResAlt
    rcv = port.read(100)
  File "/usr/lib/python2.7/dist-packages/serial/serialposix.py", line 501, in read
    'device reports readiness to read but returned no data '
serial.serialutil.SerialException: device reports readiness to read but returned no data (device disconnected or multiple access on port?)

2021-02-04 10:00:12,725 - Thu Feb  4 10:00:12 2021 - TB4

Device Can Interface 
IMEI: 868822040056374
IMSI: 868822040056374 

2021-02-04 10:00:25,827 - Thu Feb  4 10:00:25 2021 - TB4

Device Can Interface
IMEI: 868822040056374 
IMSI: 310410278914602 

2021-02-08 08:51:11,059 - Mon Feb  8 08:51:11 2021 - Scanning for devices. Please wait...
2021-02-08 08:51:11,059 - Mon Feb  8 08:51:11 2021 - Scanning: ['TB1', 'TB2', 'TB3', 'TB4']
2021-02-08 08:51:22,950 - Mon Feb  8 08:51:22 2021 - Missing:  ['TB1', 'TB2', 'TB3', 'TB4']
2021-02-08 08:51:22,950 - Mon Feb  8 08:51:22 2021 - Found:    []
2021-02-08 08:51:22,950 - Mon Feb  8 08:51:22 2021 - Select Device to operate with the drop down above...
2021-02-08 08:51:22,950 - Mon Feb  8 08:51:22 2021 - No Tough Buckets loaded. Check Power and Wifi connections...
2021-02-08 08:51:28,068 - Mon Feb  8 08:51:28 2021 - Scanning for devices. Please wait...
2021-02-08 08:51:28,068 - Mon Feb  8 08:51:28 2021 - Scanning: ['TB1', 'TB2', 'TB3', 'TB4']
2021-02-08 08:51:39,944 - Mon Feb  8 08:51:39 2021 - Missing:  ['TB1', 'TB2', 'TB3', 'TB4']
2021-02-08 08:51:39,944 - Mon Feb  8 08:51:39 2021 - Found:    []
2021-02-08 08:51:39,944 - Mon Feb  8 08:51:39 2021 - Select Device to operate with the drop down above...
2021-02-08 08:51:39,944 - Mon Feb  8 08:51:39 2021 - No Tough Buckets loaded. Check Power and Wifi connections...
2021-02-08 08:51:51,371 - Mon Feb  8 08:51:51 2021 - Scanning for devices. Please wait...
2021-02-08 08:51:51,371 - Mon Feb  8 08:51:51 2021 - Scanning: ['TB1', 'TB2', 'TB3', 'TB4']
2021-02-08 08:52:00,472 - Mon Feb  8 08:52:00 2021 - Missing:  ['TB1', 'TB2', 'TB3']
2021-02-08 08:52:00,472 - Mon Feb  8 08:52:00 2021 - Found:    ['TB4']
2021-02-08 08:52:00,472 - Mon Feb  8 08:52:00 2021 - Select Device to operate with the drop down above...
2021-02-08 08:52:16,241 - Mon Feb  8 08:52:16 2021 - TB4

Device Can Interface 
IMEI: 868822040056374
IMSI: 310410278914602 

2021-02-08 08:52:28,206 - Mon Feb  8 08:52:28 2021 - TB4

Device Can Interface
IMEI: 868822040056374 
IMSI: 310410278914602 

2021-02-08 08:52:39,353 - Mon Feb  8 08:52:39 2021 - TB4

Device Can Interface
IMEI: 868822040056374 
IMSI: 310410278914602

2021-02-08 08:52:51,262 - Mon Feb  8 08:52:51 2021 - TB4

Device Can Interface 
IMEI: 868822040056374
IMSI: 310410278914602

2021-02-08 08:53:08,717 - Mon Feb  8 08:53:08 2021 - TB4

Something went wrong

2021-02-08 08:53:19,452 - Mon Feb  8 08:53:19 2021 - TB4

Technology set to GSM

2021-02-08 08:53:26,535 - Mon Feb  8 08:53:26 2021 - TB4

Something went wrong

2021-02-08 08:53:31,980 - Mon Feb  8 08:53:31 2021 - TB4

Technology set to UMTS

2021-02-08 08:53:59,363 - Mon Feb  8 08:53:59 2021 - TB4

Technology set to UMTS

2021-02-08 08:54:06,739 - Mon Feb  8 08:54:06 2021 - TB4

Something went wrong

2021-02-08 08:59:12,635 - Mon Feb  8 08:59:12 2021 - TB4


2021-02-08 08:59:41,378 - Mon Feb  8 08:59:41 2021 - TB4

Technology set to GSM

2021-02-08 08:59:49,930 - Mon Feb  8 08:59:49 2021 - TB4

Technology set to UMTS

2021-02-08 08:59:57,738 - Mon Feb  8 08:59:57 2021 - TB4

Technology set to GSM

2021-02-08 09:00:48,852 - Mon Feb  8 09:00:48 2021 - TB4

Device Can Interface 
IMEI: 868822040056374
IMSI: 868822040056374

2021-02-08 09:00:59,799 - Mon Feb  8 09:00:59 2021 - TB4

Device Can Interface
IMEI: 868822040056374 
IMSI: 310410278914602 

2021-02-08 09:01:09,549 - Mon Feb  8 09:01:09 2021 - TB4

Device Can Interface
IMEI: 868822040056374 
IMSI: 310410278914602

2021-02-08 09:01:29,832 - Mon Feb  8 09:01:29 2021 - TB4

Device Can Interface 
IMEI: 868822040056374
IMSI: 310410278914602 

2021-02-08 09:01:44,599 - Mon Feb  8 09:01:44 2021 - TB4



2021-02-08 09:03:25,190 - Mon Feb  8 09:03:25 2021 - TB4

Technology set to GSM

2021-02-08 09:03:35,020 - Mon Feb  8 09:03:35 2021 - TB4



2021-02-08 09:07:36,837 - Mon Feb  8 09:07:36 2021 - TB4


Message sent.

2021-02-08 09:07:53,130 - Mon Feb  8 09:07:53 2021 - TB4

Device Can Interface
IMEI: 868822040056374 
IMSI: 310410278914602 

2021-02-08 09:08:59,804 - Mon Feb  8 09:08:59 2021 - Scanning for devices. Please wait...
2021-02-08 09:08:59,820 - Mon Feb  8 09:08:59 2021 - Scanning: ['TB1', 'TB2', 'TB3', 'TB4']
2021-02-08 09:09:08,532 - Mon Feb  8 09:09:08 2021 - Missing:  ['TB1', 'TB2', 'TB3']
2021-02-08 09:09:08,532 - Mon Feb  8 09:09:08 2021 - Found:    ['TB4']
2021-02-08 09:09:08,532 - Mon Feb  8 09:09:08 2021 - Select Device to operate with the drop down above...
2021-02-08 09:09:12,313 - Mon Feb  8 09:09:12 2021 - Scanning for devices. Please wait...
2021-02-08 09:09:12,313 - Mon Feb  8 09:09:12 2021 - Scanning: ['TB1', 'TB2', 'TB3', 'TB4']
2021-02-08 09:09:21,014 - Mon Feb  8 09:09:21 2021 - Missing:  ['TB1', 'TB2', 'TB3']
2021-02-08 09:09:21,014 - Mon Feb  8 09:09:21 2021 - Found:    ['TB4']
2021-02-08 09:09:21,014 - Mon Feb  8 09:09:21 2021 - Select Device to operate with the drop down above...
2021-02-08 10:11:42,775 - Mon Feb  8 10:11:42 2021 - Scanning for devices. Please wait...
2021-02-08 10:11:42,775 - Mon Feb  8 10:11:42 2021 - Scanning: ['TB1', 'TB2', 'TB3', 'TB4']
2021-02-08 10:11:51,453 - Mon Feb  8 10:11:51 2021 - Missing:  ['TB1', 'TB2', 'TB3']
2021-02-08 10:11:51,453 - Mon Feb  8 10:11:51 2021 - Found:    ['TB4']
2021-02-08 10:11:51,453 - Mon Feb  8 10:11:51 2021 - Select Device to operate with the drop down above...
2021-02-08 10:12:08,626 - Mon Feb  8 10:12:08 2021 - TB4

Device Can Interface 
IMEI: 868822040056374
IMSI: 310410278914602 

2021-02-08 10:15:17,279 - Mon Feb  8 10:15:17 2021 - TB4

Device Can Interface 
IMEI: 868822040056374 
IMSI: 310410278914602

2021-02-08 10:15:27,837 - Mon Feb  8 10:15:27 2021 - TB4

Device Can Interface 
IMEI: 868822040056374 
IMSI: 310410278914602

2021-02-08 10:15:34,692 - Mon Feb  8 10:15:34 2021 - TB4

Technology set to GSM

2021-02-08 10:15:39,710 - Mon Feb  8 10:15:39 2021 - TB4

Technology set to UMTS

2021-02-08 10:15:48,130 - Mon Feb  8 10:15:48 2021 - TB4

Technology set to GSM

2021-02-08 10:16:03,337 - Mon Feb  8 10:16:03 2021 - TB4

Device Can Interface
IMEI: 868822040056374 
IMSI: 310410278914602

2021-02-08 10:16:19,981 - Mon Feb  8 10:16:19 2021 - TB4

Device Can Interface
Traceback (most recent call last):
  File "testcomm.py", line 70, in <module>
    AT_Command_ModResAlt('AT+CGSN', 'IMEI: ')
  File "testcomm.py", line 53, in AT_Command_ModResAlt
    rcv = port.read(100)
  File "/usr/lib/python2.7/dist-packages/serial/serialposix.py", line 501, in read
    'device reports readiness to read but returned no data '
serial.serialutil.SerialException: device reports readiness to read but returned no data (device disconnected or multiple access on port?)

2021-02-08 10:16:35,354 - Mon Feb  8 10:16:35 2021 - TB4

Device Can Interface 
IMEI: 868822040056374 
IMSI: 310410278914602

2021-02-08 10:16:53,694 - Mon Feb  8 10:16:53 2021 - TB4

Device Can Interface
IMEI: 868822040056374 
IMSI: 310410278914602

2021-02-08 10:17:04,008 - Mon Feb  8 10:17:04 2021 - TB4

Device Can Interface 
IMEI: 868822040056374
Traceback (most recent call last):
  File "testcomm.py", line 71, in <module>
    AT_Command_ModResAlt('AT+CIMI', 'IMSI: ')
  File "testcomm.py", line 53, in AT_Command_ModResAlt
    rcv = port.read(100)
  File "/usr/lib/python2.7/dist-packages/serial/serialposix.py", line 501, in read
    'device reports readiness to read but returned no data '
serial.serialutil.SerialException: device reports readiness to read but returned no data (device disconnected or multiple access on port?)

2021-02-08 10:20:53,668 - Mon Feb  8 10:20:53 2021 - TB4

Device Can Interface 

2021-02-08 10:21:51,952 - Mon Feb  8 10:21:51 2021 - TB4

Device Can Interface 
IMEI: 868822040056374 
IMSI: 310410278914602 

2021-02-08 10:22:05,866 - Mon Feb  8 10:22:05 2021 - TB4

Device Can Interface
IMEI: 868822040056374
IMSI: 310410278914602 

2021-02-08 10:22:21,481 - Mon Feb  8 10:22:21 2021 - TB4

Device Can Interface
IMEI: 868822040056374 
IMSI: 310410278914602 

2021-02-08 10:22:39,531 - Mon Feb  8 10:22:39 2021 - TB4

Device Can Interface 
IMEI: 868822040056374 
IMSI: 310410278914602 

2021-02-08 10:22:50,549 - Mon Feb  8 10:22:50 2021 - TB4

Device Can Interface
IMEI: 868822040056374 
IMSI: 310410278914602 

2021-02-08 10:23:01,954 - Mon Feb  8 10:23:01 2021 - TB4

Device Can Interface 
IMEI: 868822040056374 
IMSI: 310410278914602 

2021-02-08 10:23:19,687 - Mon Feb  8 10:23:19 2021 - TB4

Device Can Interface 
IMEI: 868822040056374 
IMSI: 310410278914602 

2021-02-08 10:23:28,484 - Mon Feb  8 10:23:28 2021 - TB4

Traceback (most recent call last):
  File "toggledevice.py", line 61, in <module>
    AT_Command('AT+CNMP=')
  File "toggledevice.py", line 55, in AT_Command
    rcv = port.read(160) 
  File "/usr/lib/python2.7/dist-packages/serial/serialposix.py", line 501, in read
    'device reports readiness to read but returned no data '
serial.serialutil.SerialException: device reports readiness to read but returned no data (device disconnected or multiple access on port?)

2021-02-08 10:23:35,790 - Mon Feb  8 10:23:35 2021 - TB4

Technology set to GSM

2021-02-08 10:23:44,672 - Mon Feb  8 10:23:44 2021 - TB4

Technology set to GSM

2021-02-08 10:23:54,400 - Mon Feb  8 10:23:54 2021 - TB4

Technology set to GSM

2021-02-08 10:24:03,317 - Mon Feb  8 10:24:03 2021 - TB4

Technology set to GSM

2021-02-08 10:24:12,797 - Mon Feb  8 10:24:12 2021 - TB4

Technology set to GSM

2021-02-08 10:24:19,362 - Mon Feb  8 10:24:19 2021 - TB4

Technology set to GSM

2021-02-08 10:24:28,067 - Mon Feb  8 10:24:28 2021 - TB4

Traceback (most recent call last):
  File "toggledevice.py", line 61, in <module>
    AT_Command('AT+CNMP=')
  File "toggledevice.py", line 56, in AT_Command
    response = rcv.decode('utf-8')	
  File "/usr/lib/python2.7/encodings/utf_8.py", line 16, in decode
    return codecs.utf_8_decode(input, errors, True)
UnicodeDecodeError: 'utf8' codec can't decode byte 0xa1 in position 2: invalid start byte

2021-02-08 10:29:10,463 - Mon Feb  8 10:29:10 2021 - Scanning for devices. Please wait...
2021-02-08 10:29:10,463 - Mon Feb  8 10:29:10 2021 - Scanning: ['TB1', 'TB2', 'TB3', 'TB4']
2021-02-08 10:29:19,476 - Mon Feb  8 10:29:19 2021 - Missing:  ['TB1', 'TB2', 'TB3']
2021-02-08 10:29:19,476 - Mon Feb  8 10:29:19 2021 - Found:    ['TB4']
2021-02-08 10:29:19,476 - Mon Feb  8 10:29:19 2021 - Select Device to operate with the drop down above...
2021-02-08 10:31:00,268 - Mon Feb  8 10:31:00 2021 - TB4

Technology set to GSM

2021-02-08 10:31:43,022 - Mon Feb  8 10:31:43 2021 - TB4

Technology set to GSM

2021-02-08 10:31:51,217 - Mon Feb  8 10:31:51 2021 - TB4

Technology set to UMTS

2021-02-08 10:32:02,744 - Mon Feb  8 10:32:02 2021 - TB4

Technology set to GSM

2021-02-08 10:32:12,905 - Mon Feb  8 10:32:12 2021 - TB4

Technology set to GSM

2021-02-08 10:32:22,033 - Mon Feb  8 10:32:22 2021 - TB4

Technology set to UMTS

2021-02-08 10:34:23,170 - Mon Feb  8 10:34:23 2021 - TB4


Message sent.

2021-02-08 10:34:34,655 - Mon Feb  8 10:34:34 2021 - TB4

Device Can Interface
IMEI: +CGSN868822040056374
IMSI: 310410278914602 

2021-02-08 10:34:55,357 - Mon Feb  8 10:34:55 2021 - TB4

Device Can Interface 
IMEI: 868822040056374 
IMSI: 310410278914602 

2021-02-08 10:35:21,258 - Mon Feb  8 10:35:21 2021 - TB4

Device Can Interface 
IMEI: 868822040056374 
IMSI: 310410278914602 

2021-02-08 10:35:27,534 - Mon Feb  8 10:35:27 2021 - TB4

Traceback (most recent call last):
  File "gsmmess.py", line 14, in <module>
    port.write(message.encode('utf-8'))
  File "/usr/lib/python2.7/dist-packages/serial/serialposix.py", line 571, in write
    raise SerialException('write failed: {}'.format(e))
serial.serialutil.SerialException: write failed: [Errno 5] Input/output error

2021-02-08 10:35:42,545 - Mon Feb  8 10:35:42 2021 - TB4


Message sent.

2021-02-08 10:35:53,068 - Mon Feb  8 10:35:53 2021 - TB4

Device Can Interface
IMEI: +CGSN868822040056374
IMSI: 310410278914602 

2021-02-08 10:38:30,837 - Mon Feb  8 10:38:30 2021 - TB4


Message sent.

2021-02-08 10:38:39,971 - Mon Feb  8 10:38:39 2021 - TB4

Device Can Interface
IMEI: +CGSN868822040056374
IMSI: 310410278914602 

2021-02-08 10:41:27,804 - Mon Feb  8 10:41:27 2021 - TB4


Message sent.

2021-02-08 10:41:51,574 - Mon Feb  8 10:41:51 2021 - TB4

Device Can Interface
IMEI: 868822040056374868822040056374868822040056374A
IMSI: 310410278914602310410278914602310410278914602A

2021-02-08 10:42:22,648 - Mon Feb  8 10:42:22 2021 - TB4

Device Can Interface
IMEI: 868822040056374868822040056374868822040056374A
IMSI: 310410278914602310410278914602310410278914602A

2021-02-08 10:42:45,807 - Mon Feb  8 10:42:45 2021 - TB4

Device Can Interface 
IMEI: 868822040056374 
IMSI: 310410278914602 

2021-02-08 10:42:57,494 - Mon Feb  8 10:42:57 2021 - TB4


Message sent.

2021-02-08 10:43:07,172 - Mon Feb  8 10:43:07 2021 - TB4

Device Can Interface
IMEI: 868822040056374 
IMSI: 310410278914602 

2021-02-08 10:43:23,331 - Mon Feb  8 10:43:23 2021 - TB4

Device Can Interface 
IMEI: 868822040056374 
IMSI: 310410278914602 

2021-02-08 10:43:33,897 - Mon Feb  8 10:43:33 2021 - TB4


Message sent.

2021-02-08 10:43:43,829 - Mon Feb  8 10:43:43 2021 - TB4

Device Can Interface 
IMEI: 868822040056374 
IMSI: 310410278914602 

2021-02-08 10:53:46,378 - Mon Feb  8 10:53:46 2021 - Scanning for devices. Please wait...
2021-02-08 10:53:46,393 - Mon Feb  8 10:53:46 2021 - Scanning: ['TB1', 'TB2', 'TB3', 'TB4']
2021-02-08 10:53:52,555 - Mon Feb  8 10:53:52 2021 - Missing:  ['TB2', 'TB3']
2021-02-08 10:53:52,555 - Mon Feb  8 10:53:52 2021 - Found:    ['TB1', 'TB4']
2021-02-08 10:53:52,555 - Mon Feb  8 10:53:52 2021 - Select Device to operate with the drop down above...
2021-02-08 10:54:04,549 - Mon Feb  8 10:54:04 2021 - TB1

Testing GPRS modem
Device can interface.
SIM card is functional.
IMEI Number: 
860041044192410
CDMA is powered on, no serial connection available
UMTS is not supported
LTE is not supported

2021-02-08 10:54:35,832 - Mon Feb  8 10:54:35 2021 - TB1

GPRS power has been toggled.

2021-02-08 10:54:41,426 - Mon Feb  8 10:54:41 2021 - This protocol is not supported by the chosen toughbucket
2021-02-08 10:54:49,065 - Mon Feb  8 10:54:49 2021 - TB1

GPRS power has been toggled.

2021-02-08 10:55:35,829 - Mon Feb  8 10:55:35 2021 - TB1

AT+CMEE=2
OK
AT+CMGDA="DEL ALL"
+CMS ERROR: invalid input value
AT+CMGF=1
OK
AT+CMGS="+18503980372"
> Hello
> 

2021-02-08 10:56:30,793 - Mon Feb  8 10:56:30 2021 - TB1

Testing GPRS modem
Device can interface.
SIM card is functional.
IMEI Number: 
860041044192410
CDMA is powered on, no serial connection available
UMTS is not supported
LTE is not supported

2021-02-08 10:58:37,247 - Mon Feb  8 10:58:37 2021 - TB1

AT+CMEE=2
OK
AT+CMGDA="DEL ALL"
OK
AT+CMGF=1
OK
AT+CMGS="+18503980372"
> Hello
> 

2021-02-08 10:59:00,419 - Mon Feb  8 10:59:00 2021 - TB1

GPRS power has been toggled.

2021-02-08 10:59:11,470 - Mon Feb  8 10:59:11 2021 - TB1



2021-02-08 11:03:00,560 - Mon Feb  8 11:03:00 2021 - TB1

Testing GPRS modem
Device cannot interface, check power and connections.
CDMA is powered on, no serial connection available
UMTS is not supported
LTE is not supported

2021-02-08 11:03:12,749 - Mon Feb  8 11:03:12 2021 - TB1

GPRS power has been toggled.

2021-02-08 11:03:24,393 - Mon Feb  8 11:03:24 2021 - TB1

Testing GPRS modem
Device can interface.
SIM card is functional.
IMEI Number: 
860041044192410
CDMA is powered on, no serial connection available
UMTS is not supported
LTE is not supported

2021-02-08 11:05:34,032 - Mon Feb  8 11:05:34 2021 - Missing:  ['TB2', 'TB3']
2021-02-08 11:05:34,032 - Mon Feb  8 11:05:34 2021 - Found:    ['TB1', 'TB4']
2021-02-08 11:05:34,032 - Mon Feb  8 11:05:34 2021 - Select Device to operate with the drop down above...
2021-02-08 11:19:57,802 - Mon Feb  8 11:19:57 2021 - Scanning for devices. Please wait...
2021-02-08 11:19:57,802 - Mon Feb  8 11:19:57 2021 - Scanning: ['TB1', 'TB2', 'TB3', 'TB4']
2021-02-08 11:20:07,951 - Mon Feb  8 11:20:07 2021 - Missing:  ['TB2', 'TB3']
2021-02-08 11:20:07,951 - Mon Feb  8 11:20:07 2021 - Found:    ['TB1', 'TB4']
2021-02-08 11:20:07,951 - Mon Feb  8 11:20:07 2021 - Select Device to operate with the drop down above...
2021-02-08 11:20:38,121 - Mon Feb  8 11:20:38 2021 - Scanning for devices. Please wait...
2021-02-08 11:20:38,121 - Mon Feb  8 11:20:38 2021 - Scanning: ['TB1', 'TB2', 'TB3', 'TB4']
2021-02-08 11:20:46,939 - Mon Feb  8 11:20:46 2021 - Missing:  ['TB2', 'TB3', 'TB4']
2021-02-08 11:20:46,939 - Mon Feb  8 11:20:46 2021 - Found:    ['TB1']
2021-02-08 11:20:46,939 - Mon Feb  8 11:20:46 2021 - Select Device to operate with the drop down above...
2021-02-08 11:21:22,899 - Mon Feb  8 11:21:22 2021 - TB1

Testing GPRS modem
Device can interface.
SIM card is functional.
IMEI Number: 
860041044192410
CDMA is powered on, no serial connection available
UMTS is not supported
LTE is not supported

2021-02-08 11:37:42,645 - Mon Feb  8 11:37:42 2021 - Scanning for devices. Please wait...
2021-02-08 11:37:42,645 - Mon Feb  8 11:37:42 2021 - Scanning: ['TB1', 'TB2', 'TB3', 'TB4']
2021-02-08 11:37:51,447 - Mon Feb  8 11:37:51 2021 - Missing:  ['TB2', 'TB3', 'TB4']
2021-02-08 11:37:51,447 - Mon Feb  8 11:37:51 2021 - Found:    ['TB1']
2021-02-08 11:37:51,447 - Mon Feb  8 11:37:51 2021 - Select Device to operate with the drop down above...
2021-02-11 09:02:12,344 - Thu Feb 11 09:02:12 2021 - Scanning for devices. Please wait...
2021-02-11 09:02:12,357 - Thu Feb 11 09:02:12 2021 - Scanning: ['TB1', 'TB2', 'TB3', 'TB4']
2021-02-11 09:02:24,445 - Thu Feb 11 09:02:24 2021 - Missing:  ['TB1', 'TB2', 'TB3', 'TB4']
2021-02-11 09:02:24,445 - Thu Feb 11 09:02:24 2021 - Found:    []
2021-02-11 09:02:24,445 - Thu Feb 11 09:02:24 2021 - Select Device to operate with the drop down above...
2021-02-11 09:02:24,445 - Thu Feb 11 09:02:24 2021 - No Tough Buckets loaded. Check Power and Wifi connections...
2021-02-11 09:02:30,021 - Thu Feb 11 09:02:30 2021 - Scanning for devices. Please wait...
2021-02-11 09:02:30,021 - Thu Feb 11 09:02:30 2021 - Scanning: ['TB1', 'TB2', 'TB3', 'TB4']
2021-02-11 09:02:38,941 - Thu Feb 11 09:02:38 2021 - Missing:  ['TB2', 'TB3', 'TB4']
2021-02-11 09:02:38,941 - Thu Feb 11 09:02:38 2021 - Found:    ['TB1']
2021-02-11 09:02:38,941 - Thu Feb 11 09:02:38 2021 - Select Device to operate with the drop down above...
2021-02-11 09:02:49,951 - Thu Feb 11 09:02:49 2021 - TB1

Testing GPRS modem
Device can interface.
SIM card is functional.
IMEI Number: 
860041044192410
CDMA is powered on, no serial connection available
UMTS is not supported
LTE is not supported

2021-02-11 09:03:50,310 - Thu Feb 11 09:03:50 2021 - TB1

Testing GPRS modem
Device can interface.
SIM card is functional.
IMEI Number: 
860041044192410
CDMA is powered on, no serial connection available
UMTS is not supported
LTE is not supported

2021-02-11 09:04:05,662 - Thu Feb 11 09:04:05 2021 - TB1

GSM on; most others off
toggledevice.py:60: RuntimeWarning: No channels have been set up yet - nothing to clean up!  Try cleaning up at the end of your program instead!
  GPIO.cleanup()

2021-02-11 09:04:20,864 - Thu Feb 11 09:04:20 2021 - TB1

GSM on; most others off
toggledevice.py:60: RuntimeWarning: No channels have been set up yet - nothing to clean up!  Try cleaning up at the end of your program instead!
  GPIO.cleanup()

2021-02-11 09:09:21,113 - Thu Feb 11 09:09:21 2021 - TB1

GSM on; most others off

2021-02-11 09:15:48,364 - Thu Feb 11 09:15:48 2021 - This protocol is not supported by the chosen toughbucket
2021-02-11 09:16:04,123 - Thu Feb 11 09:16:04 2021 - TB1

GSM on; most others off
UMTS on; most others off

2021-02-11 09:17:52,859 - Thu Feb 11 09:17:52 2021 - TB1

GSM on; most others off
UMTS on; most others off

2021-02-11 09:20:38,579 - Thu Feb 11 09:20:38 2021 - TB1

GSM on; most others off
toggledevice.py:78: RuntimeWarning: This channel is already in use, continuing anyway.  Use GPIO.setwarnings(False) to disable warnings.
  GPIO.setup(pinnum, GPIO.OUT)

2021-02-11 09:20:58,289 - Thu Feb 11 09:20:58 2021 - TB1

GSM on; most others off

2021-02-11 09:21:52,163 - Thu Feb 11 09:21:52 2021 - This protocol is not supported by the chosen toughbucket
2021-02-11 09:21:53,975 - Thu Feb 11 09:21:53 2021 - This protocol is not supported by the chosen toughbucket
2021-02-11 09:21:54,460 - Thu Feb 11 09:21:54 2021 - This protocol is not supported by the chosen toughbucket
2021-02-11 09:21:54,971 - Thu Feb 11 09:21:54 2021 - This protocol is not supported by the chosen toughbucket
2021-02-11 09:21:55,674 - Thu Feb 11 09:21:55 2021 - This protocol is not supported by the chosen toughbucket
2021-02-11 09:22:00,423 - Thu Feb 11 09:22:00 2021 - This protocol is not supported by the chosen toughbucket
2021-02-11 09:22:01,018 - Thu Feb 11 09:22:01 2021 - This protocol is not supported by the chosen toughbucket
2021-02-11 09:22:07,245 - Thu Feb 11 09:22:07 2021 - TB1

GSM on; most others off

2021-02-11 09:22:09,949 - Thu Feb 11 09:22:09 2021 - Scanning for devices. Please wait...
2021-02-11 09:22:09,949 - Thu Feb 11 09:22:09 2021 - Scanning: ['TB1', 'TB2', 'TB3', 'TB4']
2021-02-11 09:22:18,940 - Thu Feb 11 09:22:18 2021 - Missing:  ['TB2', 'TB3', 'TB4']
2021-02-11 09:22:18,940 - Thu Feb 11 09:22:18 2021 - Found:    ['TB1']
2021-02-11 09:22:18,940 - Thu Feb 11 09:22:18 2021 - Select Device to operate with the drop down above...
2021-02-11 09:22:33,590 - Thu Feb 11 09:22:33 2021 - 

ssh: connect to host 0.0.0.0 port 22: Unknown error

2021-02-11 09:22:36,540 - Thu Feb 11 09:22:36 2021 - 

ssh: connect to host 0.0.0.0 port 22: Unknown error

2021-02-11 09:22:37,447 - Thu Feb 11 09:22:37 2021 - 

ssh: connect to host 0.0.0.0 port 22: Unknown error

2021-02-11 09:22:38,509 - Thu Feb 11 09:22:38 2021 - 

ssh: connect to host 0.0.0.0 port 22: Unknown error

2021-02-11 09:23:03,537 - Thu Feb 11 09:23:03 2021 - TB1

UMTS power has been toggled.
UMTS on; most others off

2021-02-11 09:24:41,227 - Thu Feb 11 09:24:41 2021 - TB1

GSM on; most others off

2021-02-11 09:25:06,216 - Thu Feb 11 09:25:06 2021 - TB1

UMTS on; most others off

2021-02-11 09:25:13,450 - Thu Feb 11 09:25:13 2021 - TB1

Testing GPRS modem
Device cannot interface, check power and connections.
CDMA is powered on, no serial connection available
UMTS is not supported
LTE is not supported

2021-02-11 09:27:52,310 - Thu Feb 11 09:27:52 2021 - TB1


2021-02-11 09:27:55,983 - Thu Feb 11 09:27:55 2021 - TB1


2021-02-11 09:31:59,818 - Thu Feb 11 09:31:59 2021 - TB1

GSM on; most others off

2021-02-11 09:32:13,669 - Thu Feb 11 09:32:13 2021 - TB1

Device can interface.
GSM is active protocol.
Device can interface.
GSM is active protocol.
Device can interface.
GSM is active protocol.
Device can interface.
GSM is active protocol.

2021-02-11 09:32:27,535 - Thu Feb 11 09:32:27 2021 - TB1

Device can interface.
GSM is active protocol.
Device can interface.
GSM is active protocol.
Device can interface.
GSM is active protocol.
Device can interface.
GSM is active protocol.

2021-02-11 09:34:12,544 - Thu Feb 11 09:34:12 2021 - TB1

Device can interface.
GSM is active protocol.
Device can interface.
GSM is active protocol.
Device can interface.
GSM is active protocol.
Device can interface.
GSM is active protocol.

2021-02-11 09:34:33,015 - Thu Feb 11 09:34:33 2021 - TB1

Device can interface.
GSM is active protocol.
Device can interface.
GSM is active protocol.
Device can interface.
GSM is active protocol.
Device can interface.
GSM is active protocol.

2021-02-11 09:35:25,537 - Thu Feb 11 09:35:25 2021 - TB1

Device can interface.
GSM is active protocol.

2021-02-11 09:40:02,065 - Thu Feb 11 09:40:02 2021 - TB1

Device can interface.
GSM is active protocol.
SIM card is functional.
IMEI Number: 
860041044192410

2021-02-11 09:40:58,790 - Thu Feb 11 09:40:58 2021 - TB1

UMTS on; most others off

2021-02-11 09:41:17,510 - Thu Feb 11 09:41:17 2021 - TB1


2021-02-11 09:48:45,341 - Thu Feb 11 09:48:45 2021 - TB1

GSM on; most others off

2021-02-11 09:48:55,976 - Thu Feb 11 09:48:55 2021 - TB1

Device can interface.
GSMis active protocol.
SIM card is functional.
IMEI Number: 
860041044192410

2021-02-11 09:52:32,156 - Thu Feb 11 09:52:32 2021 - TB1

UMTS on; most others off

2021-02-11 09:52:46,641 - Thu Feb 11 09:52:46 2021 - TB1

Device can interface.
UMTSis active protocol.
SIM card is functional.
IMEI Number: 

357152073607952

2021-02-11 09:54:09,072 - Thu Feb 11 09:54:09 2021 - TB1

Device can interface.
UMTS is active protocol.
SIM card is functional.
IMEI Number: 

357152073607952

2021-02-11 09:54:50,868 - Thu Feb 11 09:54:50 2021 - TB1

GSM on; most others off

2021-02-11 09:55:31,561 - Thu Feb 11 09:55:31 2021 - TB1

AT+CMEE=2
OK
AT+CMGDA="DEL ALL"
+CMS ERROR: invalid input value
AT+CMGF=1
OK
AT+CMGS="+18503980372"
> Hello
> 

2021-02-11 09:55:50,005 - Thu Feb 11 09:55:50 2021 - TB1

UMTS on; most others off

2021-02-11 09:56:01,125 - Thu Feb 11 09:56:01 2021 - TB1

AT+CMEE=2
OK
AT+CMGDA="DEL ALL"
OK
AT+CMGF=1
OK
AT+CMGS="+18503980372"
> Hello
> 

2021-02-11 09:56:17,315 - Thu Feb 11 09:56:17 2021 - TB1


+CMS ERROR: unknown
AT+CMGDA="DEL ALL"
OK
AT+CMGF=1
OK
AT+CMGS="+18503980372"
> Hello
> 

2021-02-11 09:56:40,329 - Thu Feb 11 09:56:40 2021 - TB1

UMTS on; most others off

2021-02-11 09:56:54,130 - Thu Feb 11 09:56:54 2021 - TB1



2021-02-11 10:17:18,458 - Thu Feb 11 10:17:18 2021 - TB1

GSM on; most others off

2021-02-11 10:17:46,632 - Thu Feb 11 10:17:46 2021 - TB1

AT+CMEE=2
OK
AT+CMGDA="DEL ALL"
+CMS ERROR: invalid input value
AT+CMGF=1
OK
AT+CMGS="+18503980372"
> Hello
> 

2021-02-11 10:18:20,686 - Thu Feb 11 10:18:20 2021 - TB1

UMTS on; most others off

2021-02-11 10:18:34,772 - Thu Feb 11 10:18:34 2021 - TB1

AT+CMEE=2

OK
AT+CMGDA="DEL ALL"

ERROR
AT+CMGF=1

OK
AT+CMGS="+18503980372"

> Hello
> 

+CMS ERROR: 111


2021-02-11 10:18:57,883 - Thu Feb 11 10:18:57 2021 - TB1

Device can interface.
UMTS is active protocol.
SIM card is functional.
IMEI Number: 

357152073607952

2021-02-11 10:19:16,282 - Thu Feb 11 10:19:16 2021 - TB1

AT+CMEE=2

OK
AT+CMGDA="DEL ALL"

ERROR
AT+CMGF=1

OK
AT+CMGS="+18503980372"

> Hello
> 

+CMS ERROR: 111


2021-02-11 10:20:49,097 - Thu Feb 11 10:20:49 2021 - TB1

Device can interface.
UMTS is active protocol.
SIM card is functional.
IMEI Number: 

357152073607952

2021-02-11 10:21:13,202 - Thu Feb 11 10:21:13 2021 - TB1

GSM on; most others off

2021-02-11 10:21:36,035 - Thu Feb 11 10:21:36 2021 - TB1

AT+CMEE=2
OK
AT+CMGDA="DEL ALL"
+CMS ERROR: invalid input value
AT+CMGF=1
OK
AT+CMGS="+18503980372"
> Hello
> 

2021-02-11 10:22:32,924 - Thu Feb 11 10:22:32 2021 - TB1

Device can interface.
GSM is active protocol.
SIM card is functional.
IMEI Number: 
860041044192410

2021-02-11 10:31:31,984 - Thu Feb 11 10:31:31 2021 - Scanning for devices. Please wait...
2021-02-11 10:31:31,999 - Thu Feb 11 10:31:31 2021 - Scanning: ['TB1', 'TB2', 'TB3', 'TB4']
2021-02-11 10:31:44,949 - Thu Feb 11 10:31:44 2021 - Missing:  ['TB2', 'TB3', 'TB4']
2021-02-11 10:31:44,949 - Thu Feb 11 10:31:44 2021 - Found:    ['TB1']
2021-02-11 10:31:44,949 - Thu Feb 11 10:31:44 2021 - Select Device to operate with the drop down above...
2021-02-11 10:31:49,870 - Thu Feb 11 10:31:49 2021 - Scanning for devices. Please wait...
2021-02-11 10:31:49,870 - Thu Feb 11 10:31:49 2021 - Scanning: ['TB1', 'TB2', 'TB3', 'TB4']
2021-02-11 10:32:01,953 - Thu Feb 11 10:32:01 2021 - Missing:  ['TB1', 'TB2', 'TB3', 'TB4']
2021-02-11 10:32:01,953 - Thu Feb 11 10:32:01 2021 - Found:    []
2021-02-11 10:32:01,953 - Thu Feb 11 10:32:01 2021 - Select Device to operate with the drop down above...
2021-02-11 10:32:01,953 - Thu Feb 11 10:32:01 2021 - No Tough Buckets loaded. Check Power and Wifi connections...
2021-02-11 10:35:35,179 - Thu Feb 11 10:35:35 2021 - Scanning for devices. Please wait...
2021-02-11 10:35:35,179 - Thu Feb 11 10:35:35 2021 - Scanning: ['TB1', 'TB2', 'TB3', 'TB4']
2021-02-11 10:35:46,939 - Thu Feb 11 10:35:46 2021 - Missing:  ['TB1', 'TB2', 'TB3', 'TB4']
2021-02-11 10:35:46,939 - Thu Feb 11 10:35:46 2021 - Found:    []
2021-02-11 10:35:46,939 - Thu Feb 11 10:35:46 2021 - Select Device to operate with the drop down above...
2021-02-11 10:35:46,939 - Thu Feb 11 10:35:46 2021 - No Tough Buckets loaded. Check Power and Wifi connections...
2021-02-11 10:35:57,020 - Thu Feb 11 10:35:57 2021 - Scanning for devices. Please wait...
2021-02-11 10:35:57,020 - Thu Feb 11 10:35:57 2021 - Scanning: ['TB1', 'TB2', 'TB3', 'TB4']
2021-02-11 10:36:08,944 - Thu Feb 11 10:36:08 2021 - Missing:  ['TB1', 'TB2', 'TB3', 'TB4']
2021-02-11 10:36:08,944 - Thu Feb 11 10:36:08 2021 - Found:    []
2021-02-11 10:36:08,944 - Thu Feb 11 10:36:08 2021 - Select Device to operate with the drop down above...
2021-02-11 10:36:08,944 - Thu Feb 11 10:36:08 2021 - No Tough Buckets loaded. Check Power and Wifi connections...
2021-02-11 10:36:16,488 - Thu Feb 11 10:36:16 2021 - Scanning for devices. Please wait...
2021-02-11 10:36:16,488 - Thu Feb 11 10:36:16 2021 - Scanning: ['TB1', 'TB2', 'TB3', 'TB4']
2021-02-11 10:36:28,440 - Thu Feb 11 10:36:28 2021 - Missing:  ['TB1', 'TB2', 'TB3', 'TB4']
2021-02-11 10:36:28,440 - Thu Feb 11 10:36:28 2021 - Found:    []
2021-02-11 10:36:28,440 - Thu Feb 11 10:36:28 2021 - Select Device to operate with the drop down above...
2021-02-11 10:36:28,440 - Thu Feb 11 10:36:28 2021 - No Tough Buckets loaded. Check Power and Wifi connections...
2021-02-11 10:37:41,355 - Thu Feb 11 10:37:41 2021 - Scanning for devices. Please wait...
2021-02-11 10:37:41,355 - Thu Feb 11 10:37:41 2021 - Scanning: ['TB1', 'TB2', 'TB3', 'TB4']
2021-02-11 10:37:52,945 - Thu Feb 11 10:37:52 2021 - Missing:  ['TB1', 'TB2', 'TB3', 'TB4']
2021-02-11 10:37:52,945 - Thu Feb 11 10:37:52 2021 - Found:    []
2021-02-11 10:37:52,945 - Thu Feb 11 10:37:52 2021 - Select Device to operate with the drop down above...
2021-02-11 10:37:52,945 - Thu Feb 11 10:37:52 2021 - No Tough Buckets loaded. Check Power and Wifi connections...
2021-02-11 10:37:57,967 - Thu Feb 11 10:37:57 2021 - Scanning for devices. Please wait...
2021-02-11 10:37:57,982 - Thu Feb 11 10:37:57 2021 - Scanning: ['TB1', 'TB2', 'TB3', 'TB4']
2021-02-11 10:38:09,949 - Thu Feb 11 10:38:09 2021 - Missing:  ['TB1', 'TB2', 'TB3', 'TB4']
2021-02-11 10:38:09,949 - Thu Feb 11 10:38:09 2021 - Found:    []
2021-02-11 10:38:09,949 - Thu Feb 11 10:38:09 2021 - Select Device to operate with the drop down above...
2021-02-11 10:38:09,949 - Thu Feb 11 10:38:09 2021 - No Tough Buckets loaded. Check Power and Wifi connections...
2021-02-11 10:43:28,967 - Thu Feb 11 10:43:28 2021 - Scanning for devices. Please wait...
2021-02-11 10:43:28,967 - Thu Feb 11 10:43:28 2021 - Scanning: ['TB1', 'TB2', 'TB3', 'TB4']
2021-02-11 10:43:40,951 - Thu Feb 11 10:43:40 2021 - Missing:  ['TB1', 'TB2', 'TB3', 'TB4']
2021-02-11 10:43:40,951 - Thu Feb 11 10:43:40 2021 - Found:    []
2021-02-11 10:43:40,951 - Thu Feb 11 10:43:40 2021 - Select Device to operate with the drop down above...
2021-02-11 10:43:40,951 - Thu Feb 11 10:43:40 2021 - No Tough Buckets loaded. Check Power and Wifi connections...
2021-02-11 10:43:51,246 - Thu Feb 11 10:43:51 2021 - Scanning for devices. Please wait...
2021-02-11 10:43:51,246 - Thu Feb 11 10:43:51 2021 - Scanning: ['TB1', 'TB2', 'TB3', 'TB4']
2021-02-11 10:44:02,943 - Thu Feb 11 10:44:02 2021 - Missing:  ['TB1', 'TB2', 'TB3', 'TB4']
2021-02-11 10:44:02,943 - Thu Feb 11 10:44:02 2021 - Found:    []
2021-02-11 10:44:02,943 - Thu Feb 11 10:44:02 2021 - Select Device to operate with the drop down above...
2021-02-11 10:44:02,943 - Thu Feb 11 10:44:02 2021 - No Tough Buckets loaded. Check Power and Wifi connections...
2021-02-11 10:44:07,294 - Thu Feb 11 10:44:07 2021 - Scanning for devices. Please wait...
2021-02-11 10:44:07,294 - Thu Feb 11 10:44:07 2021 - Scanning: ['TB1', 'TB2', 'TB3', 'TB4']
2021-02-11 10:44:18,947 - Thu Feb 11 10:44:18 2021 - Missing:  ['TB1', 'TB2', 'TB3', 'TB4']
2021-02-11 10:44:18,947 - Thu Feb 11 10:44:18 2021 - Found:    []
2021-02-11 10:44:18,947 - Thu Feb 11 10:44:18 2021 - Select Device to operate with the drop down above...
2021-02-11 10:44:18,947 - Thu Feb 11 10:44:18 2021 - No Tough Buckets loaded. Check Power and Wifi connections...
2021-02-11 10:45:57,626 - Thu Feb 11 10:45:57 2021 - Scanning for devices. Please wait...
2021-02-11 10:45:57,626 - Thu Feb 11 10:45:57 2021 - Scanning: ['TB1', 'TB2', 'TB3', 'TB4']
2021-02-11 10:46:09,439 - Thu Feb 11 10:46:09 2021 - Missing:  ['TB1', 'TB2', 'TB3', 'TB4']
2021-02-11 10:46:09,439 - Thu Feb 11 10:46:09 2021 - Found:    []
2021-02-11 10:46:09,439 - Thu Feb 11 10:46:09 2021 - Select Device to operate with the drop down above...
2021-02-11 10:46:09,439 - Thu Feb 11 10:46:09 2021 - No Tough Buckets loaded. Check Power and Wifi connections...
2021-02-11 10:46:20,335 - Thu Feb 11 10:46:20 2021 - Scanning for devices. Please wait...
2021-02-11 10:46:20,335 - Thu Feb 11 10:46:20 2021 - Scanning: ['TB1', 'TB2', 'TB3', 'TB4']
2021-02-11 10:46:32,443 - Thu Feb 11 10:46:32 2021 - Missing:  ['TB1', 'TB2', 'TB3', 'TB4']
2021-02-11 10:46:32,443 - Thu Feb 11 10:46:32 2021 - Found:    []
2021-02-11 10:46:32,443 - Thu Feb 11 10:46:32 2021 - Select Device to operate with the drop down above...
2021-02-11 10:46:32,443 - Thu Feb 11 10:46:32 2021 - No Tough Buckets loaded. Check Power and Wifi connections...
2021-02-11 10:47:14,487 - Thu Feb 11 10:47:14 2021 - Scanning for devices. Please wait...
2021-02-11 10:47:14,487 - Thu Feb 11 10:47:14 2021 - Scanning: ['TB1', 'TB2', 'TB3', 'TB4']
2021-02-11 10:47:26,442 - Thu Feb 11 10:47:26 2021 - Missing:  ['TB1', 'TB2', 'TB3', 'TB4']
2021-02-11 10:47:26,442 - Thu Feb 11 10:47:26 2021 - Found:    []
2021-02-11 10:47:26,442 - Thu Feb 11 10:47:26 2021 - Select Device to operate with the drop down above...
2021-02-11 10:47:26,442 - Thu Feb 11 10:47:26 2021 - No Tough Buckets loaded. Check Power and Wifi connections...
2021-02-11 10:49:53,019 - Thu Feb 11 10:49:53 2021 - Scanning for devices. Please wait...
2021-02-11 10:49:53,019 - Thu Feb 11 10:49:53 2021 - Scanning: ['TB1', 'TB2', 'TB3', 'TB4']
2021-02-11 10:50:01,940 - Thu Feb 11 10:50:01 2021 - Missing:  ['TB1', 'TB3', 'TB4']
2021-02-11 10:50:01,940 - Thu Feb 11 10:50:01 2021 - Found:    ['TB2']
2021-02-11 10:50:01,940 - Thu Feb 11 10:50:01 2021 - Select Device to operate with the drop down above...
2021-02-11 10:50:19,509 - Thu Feb 11 10:50:19 2021 - TB2

Testing GPRS modem
Device cannot interface, check power and connections.
CDMA is powered on, no serial connection available
Testing UMTS modem
Device cannot interface, check power and connections.
Testing LTE modem
No LTE connected

2021-02-11 10:50:30,786 - Thu Feb 11 10:50:30 2021 - TB2

GPRS power has been toggled.
toggledevice.py:33: RuntimeWarning: This channel is already in use, continuing anyway.  Use GPIO.setwarnings(False) to disable warnings.
  GPIO.setup(used_pin, GPIO.OUT)

2021-02-11 10:50:54,566 - Thu Feb 11 10:50:54 2021 - TB2

Testing GPRS modem
Device can interface.
SIM card is functional.
IMEI Number: 
860041044172552
CDMA is powered on, no serial connection available
Testing UMTS modem
Device cannot interface, check power and connections.
Testing LTE modem
No LTE connected

2021-02-11 10:51:06,885 - Thu Feb 11 10:51:06 2021 - TB2

UMTS power has been toggled.
toggledevice.py:33: RuntimeWarning: This channel is already in use, continuing anyway.  Use GPIO.setwarnings(False) to disable warnings.
  GPIO.setup(used_pin, GPIO.OUT)

2021-02-11 10:51:22,218 - Thu Feb 11 10:51:22 2021 - TB2

Testing GPRS modem
Device can interface.
SIM card is functional.
IMEI Number: 
860041044172552
CDMA is powered on, no serial connection available
Testing UMTS modem
Device cannot interface, check power and connections.
Testing LTE modem
No LTE connected

2021-02-11 10:51:51,697 - Thu Feb 11 10:51:51 2021 - Scanning for devices. Please wait...
2021-02-11 10:51:51,697 - Thu Feb 11 10:51:51 2021 - Scanning: ['TB1', 'TB2', 'TB3', 'TB4']
2021-02-11 10:52:00,443 - Thu Feb 11 10:52:00 2021 - Missing:  ['TB1', 'TB3', 'TB4']
2021-02-11 10:52:00,443 - Thu Feb 11 10:52:00 2021 - Found:    ['TB2']
2021-02-11 10:52:00,443 - Thu Feb 11 10:52:00 2021 - Select Device to operate with the drop down above...
2021-02-11 10:52:19,331 - Thu Feb 11 10:52:19 2021 - TB2

Testing GPRS modem
Device can interface.
SIM card is functional.
IMEI Number: 
860041044172552
CDMA is powered on, no serial connection available
Testing UMTS modem
Device cannot interface, check power and connections.
Testing LTE modem
No LTE connected

2021-02-11 10:57:38,211 - Thu Feb 11 10:57:38 2021 - TB2

Testing GPRS modem
Device can interface.
SIM card is functional.
IMEI Number: 
860041044172552
CDMA is powered on, no serial connection available
Testing UMTS modem
Device cannot interface, check power and connections.
Testing LTE modem
No LTE connected

2021-02-11 10:57:43,091 - Thu Feb 11 10:57:43 2021 - TB2

UMTS power has been toggled.

2021-02-11 10:58:00,816 - Thu Feb 11 10:58:00 2021 - TB2

Testing GPRS modem
Device can interface.
SIM card is functional.
IMEI Number: 
860041044172552
CDMA is powered on, no serial connection available
Testing UMTS modem
Device can interface.
SIM card is functional.
IMEI Number: 

357152073626432
Testing LTE modem
No LTE connected

2021-02-11 11:05:17,952 - Thu Feb 11 11:05:17 2021 - TB2

Device can interface.
GSM is active protocol.
SIM card is functional.
IMEI Number: 
860041044172552
Device can interface.
GSM is active protocol.
SIM card is functional.
IMEI Number: 
860041044172552
Device can interface.
GSM is active protocol.
SIM card is functional.
IMEI Number: 
860041044172552
Device can interface.
GSM is active protocol.
SIM card is functional.
IMEI Number: 
860041044172552

2021-02-11 11:06:12,093 - Thu Feb 11 11:06:12 2021 - TB2

Device can interface.
GSM is active protocol.
SIM card is functional.
IMEI Number: 
860041044172552

2021-02-11 11:06:20,027 - Thu Feb 11 11:06:20 2021 - TB2

GSM on; most others off

2021-02-11 11:06:32,171 - Thu Feb 11 11:06:32 2021 - TB2

Device can interface.
GSM is active protocol.
SIM card is functional.
IMEI Number: 
860041044172552

2021-02-11 11:10:31,832 - Thu Feb 11 11:10:31 2021 - TB2

UMTS on; most others off

2021-02-11 11:10:46,505 - Thu Feb 11 11:10:46 2021 - TB2

AT+CMEE=2

OK
AT+CMGDA="DEL ALL"

ERROR
AT+CMGF=1

OK
AT+CMGS="+18503980372"

> Hello
> 

+CMS ERROR: 111


2021-02-11 11:11:23,077 - Thu Feb 11 11:11:23 2021 - TB2

Device can interface.
UMTS is active protocol.
SIM card is functional.
IMEI Number: 

357152073626432

2021-02-11 11:11:52,892 - Thu Feb 11 11:11:52 2021 - TB2

GSM on; most others off

2021-02-11 11:12:46,805 - Thu Feb 11 11:12:46 2021 - TB2

Device can interface.
GSM is active protocol.
SIM card is functional.
IMEI Number: 
860041044172552

2021-02-11 11:13:02,723 - Thu Feb 11 11:13:02 2021 - TB2

AT+CMEE=2
OK
AT+CMGDA="DEL ALL"
+CMS ERROR: invalid input value
AT+CMGF=1
OK
AT+CMGS="+18503980372"
> Hello
> 

2021-02-11 11:19:07,840 - Thu Feb 11 11:19:07 2021 - Scanning for devices. Please wait...
2021-02-11 11:19:07,840 - Thu Feb 11 11:19:07 2021 - Scanning: ['TB1', 'TB2', 'TB3', 'TB4']
2021-02-11 11:19:17,951 - Thu Feb 11 11:19:17 2021 - Missing:  ['TB1', 'TB4']
2021-02-11 11:19:17,951 - Thu Feb 11 11:19:17 2021 - Found:    ['TB2', 'TB3']
2021-02-11 11:19:17,951 - Thu Feb 11 11:19:17 2021 - Select Device to operate with the drop down above...
2021-02-11 11:20:51,129 - Thu Feb 11 11:20:51 2021 - TB3

Traceback (most recent call last):
  File "testcomm.py", line 34, in <module>
    getDeviceInfo("/dev/UMTS","UMTS")
  File "testcomm.py", line 5, in getDeviceInfo
    port = serial.Serial(devlink, baudrate=115200, timeout = 1)
  File "/usr/lib/python2.7/dist-packages/serial/serialutil.py", line 240, in __init__
    self.open()
  File "/usr/lib/python2.7/dist-packages/serial/serialposix.py", line 268, in open
    raise SerialException(msg.errno, "could not open port {}: {}".format(self._port, msg))
serial.serialutil.SerialException: [Errno 2] could not open port /dev/UMTS: [Errno 2] No such file or directory: '/dev/UMTS'

2021-02-11 11:21:03,323 - Thu Feb 11 11:21:03 2021 - This protocol is not supported by the chosen toughbucket
2021-02-11 11:21:15,658 - Thu Feb 11 11:21:15 2021 - TB3

GSM on; most others off
Traceback (most recent call last):
  File "toggledevice.py", line 83, in <module>
    toggleDevice("/dev/UMTS", 25, "UMTS", umtsset)
  File "toggledevice.py", line 64, in toggleDevice
    port = serial.Serial(devlink, baudrate=115200, timeout = 1)
  File "/usr/lib/python2.7/dist-packages/serial/serialutil.py", line 240, in __init__
    self.open()
  File "/usr/lib/python2.7/dist-packages/serial/serialposix.py", line 268, in open
    raise SerialException(msg.errno, "could not open port {}: {}".format(self._port, msg))
serial.serialutil.SerialException: [Errno 2] could not open port /dev/UMTS: [Errno 2] No such file or directory: '/dev/UMTS'

2021-02-11 11:24:50,989 - Thu Feb 11 11:24:50 2021 - TB3

Device can interface.
GSM is active protocol.
SIM card is functional.
IMEI Number: 
860041044171240

2021-02-11 11:27:06,566 - Thu Feb 11 11:27:06 2021 - TB3

GSM on; most others off

2021-02-11 11:27:08,756 - Thu Feb 11 11:27:08 2021 - This protocol is not supported by the chosen toughbucket
2021-02-11 11:27:18,729 - Thu Feb 11 11:27:18 2021 - TB3

Device can interface.
GSM is active protocol.
SIM card is functional.
IMEI Number: 
860041044171240

2021-02-11 11:27:54,193 - Thu Feb 11 11:27:54 2021 - TB3

Traceback (most recent call last):
  File "gsmmess.py", line 27, in <module>
    getActiveDevice()
  File "gsmmess.py", line 17, in getActiveDevice
    port = serial.Serial("/dev/UMTS", baudrate=115200, timeout = 1)
  File "/usr/lib/python2.7/dist-packages/serial/serialutil.py", line 240, in __init__
    self.open()
  File "/usr/lib/python2.7/dist-packages/serial/serialposix.py", line 268, in open
    raise SerialException(msg.errno, "could not open port {}: {}".format(self._port, msg))
serial.serialutil.SerialException: [Errno 2] could not open port /dev/UMTS: [Errno 2] No such file or directory: '/dev/UMTS'

2021-02-11 11:30:31,027 - Thu Feb 11 11:30:31 2021 - TB3

AT+CMEE=2
OK
AT+CMGDA="DEL ALL"
+CMS ERROR: invalid input value
AT+CMGF=1
OK
AT+CMGS="+18503980372"
> Hello
> 

2021-02-11 11:33:53,725 - Thu Feb 11 11:33:53 2021 - TB3

GSM on; most others off

2021-02-11 11:33:56,030 - Thu Feb 11 11:33:56 2021 - This protocol is not supported by the chosen toughbucket
2021-02-11 11:34:06,869 - Thu Feb 11 11:34:06 2021 - TB3

Device can interface.
GSM is active protocol.
SIM card is functional.
IMEI Number: 
860041044171240

2021-02-11 11:34:19,829 - Thu Feb 11 11:34:19 2021 - TB3

AT+CMEE=2
OK
AT+CMGDA="DEL ALL"
OK
AT+CMGF=1
OK
AT+CMGS="+18503980372"
> Hello
> 

2021-02-18 08:23:41,617 - Thu Feb 18 08:23:41 2021 - Scanning for devices. Please wait...
2021-02-18 08:23:41,628 - Thu Feb 18 08:23:41 2021 - Scanning: ['TB1', 'TB2', 'TB3', 'TB4']
2021-02-18 08:23:50,441 - Thu Feb 18 08:23:50 2021 - Missing:  ['TB2', 'TB3', 'TB4']
2021-02-18 08:23:50,441 - Thu Feb 18 08:23:50 2021 - Found:    ['TB1']
2021-02-18 08:23:50,441 - Thu Feb 18 08:23:50 2021 - Select Device to operate with the drop down above...
2021-02-18 08:24:08,231 - Thu Feb 18 08:24:08 2021 - TB1

No device can communicate. Try switching to one.
If that fails, check power and connections.

2021-02-18 08:24:40,350 - Thu Feb 18 08:24:40 2021 - TB1

GSM on; most others off

2021-02-18 08:24:51,307 - Thu Feb 18 08:24:51 2021 - TB1

Device can interface.
GSM is active protocol.
SIM card is functional.
IMEI Number: 
860041044192410

2021-02-18 08:25:17,162 - Thu Feb 18 08:25:17 2021 - TB1

UMTS on; most others off

2021-02-18 08:25:29,651 - Thu Feb 18 08:25:29 2021 - TB1

Device can interface.
UMTS is active protocol.
SIM card is functional.
IMEI Number: 

357152073607952

2021-02-18 08:33:22,257 - Thu Feb 18 08:33:22 2021 - Scanning for devices. Please wait...
2021-02-18 08:33:22,273 - Thu Feb 18 08:33:22 2021 - Scanning: ['TB1', 'TB2', 'TB3', 'TB4']
2021-02-18 08:33:31,950 - Thu Feb 18 08:33:31 2021 - Missing:  ['TB3', 'TB4']
2021-02-18 08:33:31,950 - Thu Feb 18 08:33:31 2021 - Found:    ['TB1', 'TB2']
2021-02-18 08:33:31,950 - Thu Feb 18 08:33:31 2021 - Select Device to operate with the drop down above...
2021-02-18 08:33:46,822 - Thu Feb 18 08:33:46 2021 - TB2

Device can interface.
GSM is active protocol.
SIM card is functional.
IMEI Number: 
860041044172552

2021-02-18 08:34:04,621 - Thu Feb 18 08:34:04 2021 - TB2

UMTS on; most others off

2021-02-18 08:34:27,403 - Thu Feb 18 08:34:27 2021 - TB2

GSM on; most others off

2021-02-18 08:34:47,335 - Thu Feb 18 08:34:47 2021 - TB2

AT+CMEE=2
OK
AT+CMGDA="DEL ALL"
+CMS ERROR: invalid input value
AT+CMGF=1
OK
AT+CMGS="+18503980372"
> Hello
> 

2021-02-18 09:07:01,483 - Thu Feb 18 09:07:01 2021 - TB2

UMTS on; most others off

2021-02-18 09:07:15,339 - Thu Feb 18 09:07:15 2021 - TB2

Device can interface.
UMTS is active protocol.
SIM card is functional.
IMEI Number: 

357152073626432

2021-02-18 09:07:41,955 - Thu Feb 18 09:07:41 2021 - TB2

GSM on; most others off

2021-02-18 09:07:51,366 - Thu Feb 18 09:07:51 2021 - TB2

Device can interface.
GSM is active protocol.
SIM card is functional.
IMEI Number: 
860041044172552

2021-02-18 09:08:00,233 - Thu Feb 18 09:08:00 2021 - Scanning for devices. Please wait...
2021-02-18 09:08:00,233 - Thu Feb 18 09:08:00 2021 - Scanning: ['TB1', 'TB2', 'TB3', 'TB4']
2021-02-18 09:08:06,041 - Thu Feb 18 09:08:06 2021 - Missing:  ['TB1', 'TB3']
2021-02-18 09:08:06,041 - Thu Feb 18 09:08:06 2021 - Found:    ['TB2', 'TB4']
2021-02-18 09:08:06,041 - Thu Feb 18 09:08:06 2021 - Select Device to operate with the drop down above...
2021-02-18 09:08:30,723 - Thu Feb 18 09:08:30 2021 - TB4

Device Can Interface 
IMEI: 868822040056374 
IMSI: 310410278914602 

2021-02-18 09:08:52,914 - Thu Feb 18 09:08:52 2021 - TB4

Technology set to GSM

2021-02-18 09:09:01,448 - Thu Feb 18 09:09:01 2021 - TB4

Technology set to UMTS

2021-02-18 09:09:11,883 - Thu Feb 18 09:09:11 2021 - TB4



+CMS ERROR: no network service


Message sent.

2021-02-22 10:36:08,950 - Mon Feb 22 10:36:08 2021 - TB2

Device can interface.
GSM is active protocol.
SIM card is functional.
IMEI Number: 
860041044172552

2021-02-22 10:37:44,182 - Mon Feb 22 10:37:44 2021 - TB2

UMTS on; most others off

2021-02-22 10:37:57,489 - Mon Feb 22 10:37:57 2021 - TB2

Device can interface.
UMTS is active protocol.
SIM card is functional.
IMEI Number: 

357152073626432

2021-03-01 10:14:41,847 - Mon Mar  1 10:14:41 2021 - Scanning for devices. Please wait...
2021-03-01 10:14:41,849 - Mon Mar  1 10:14:41 2021 - Scanning: ['TB1', 'TB2', 'TB3', 'TB4']
2021-03-01 10:14:54,946 - Mon Mar  1 10:14:54 2021 - Missing:  ['TB1', 'TB2', 'TB3']
2021-03-01 10:14:54,946 - Mon Mar  1 10:14:54 2021 - Found:    ['TB4']
2021-03-01 10:14:54,946 - Mon Mar  1 10:14:54 2021 - Select Device to operate with the drop down above...
2021-03-01 10:27:55,569 - Mon Mar  1 10:27:55 2021 - Scanning for devices. Please wait...
2021-03-01 10:27:55,571 - Mon Mar  1 10:27:55 2021 - Scanning: ['TB1', 'TB2', 'TB3', 'TB4']
2021-03-01 10:27:59,445 - Mon Mar  1 10:27:59 2021 - Missing:  []
2021-03-01 10:27:59,445 - Mon Mar  1 10:27:59 2021 - Found:    ['DRED1']
2021-03-01 10:27:59,445 - Mon Mar  1 10:27:59 2021 - Select Device to operate with the drop down above...
2021-03-01 10:28:44,137 - Mon Mar  1 10:28:44 2021 - Scanning for devices. Please wait...
2021-03-01 10:28:44,139 - Mon Mar  1 10:28:44 2021 - Scanning: ['DRED1']
2021-03-01 10:28:47,946 - Mon Mar  1 10:28:47 2021 - Missing:  []
2021-03-01 10:28:47,946 - Mon Mar  1 10:28:47 2021 - Found:    ['DRED1']
2021-03-01 10:28:47,946 - Mon Mar  1 10:28:47 2021 - Select Device to operate with the drop down above...
2021-03-01 10:37:09,418 - Mon Mar  1 10:37:09 2021 - Scanning for devices. Please wait...
2021-03-01 10:37:09,420 - Mon Mar  1 10:37:09 2021 - Scanning: ['DRED1']
2021-03-01 10:37:13,440 - Mon Mar  1 10:37:13 2021 - Missing:  []
2021-03-01 10:37:13,440 - Mon Mar  1 10:37:13 2021 - Found:    ['DRED1']
2021-03-01 10:37:13,441 - Mon Mar  1 10:37:13 2021 - Select Device to operate with the drop down above...
2021-03-01 10:42:40,788 - Mon Mar  1 10:42:40 2021 - Scanning for devices. Please wait...
2021-03-01 10:42:40,790 - Mon Mar  1 10:42:40 2021 - Scanning: ['DRED1']
2021-03-01 10:42:44,445 - Mon Mar  1 10:42:44 2021 - Missing:  []
2021-03-01 10:42:44,446 - Mon Mar  1 10:42:44 2021 - Found:    ['DRED1']
2021-03-01 10:42:44,446 - Mon Mar  1 10:42:44 2021 - Select Device to operate with the drop down above...
2021-03-01 10:43:50,557 - Mon Mar  1 10:43:50 2021 - Scanning for devices. Please wait...
2021-03-01 10:43:50,557 - Mon Mar  1 10:43:50 2021 - Scanning: ['DRED1']
2021-03-01 10:43:54,446 - Mon Mar  1 10:43:54 2021 - Missing:  []
2021-03-01 10:43:54,447 - Mon Mar  1 10:43:54 2021 - Found:    ['DRED1']
2021-03-01 10:43:54,448 - Mon Mar  1 10:43:54 2021 - Select Device to operate with the drop down above...
2021-03-01 10:47:19,951 - Mon Mar  1 10:47:19 2021 - Scanning for devices. Please wait...
2021-03-01 10:47:19,953 - Mon Mar  1 10:47:19 2021 - Scanning: ['DRED1']
2021-03-01 10:47:23,945 - Mon Mar  1 10:47:23 2021 - Missing:  []
2021-03-01 10:47:23,945 - Mon Mar  1 10:47:23 2021 - Found:    ['DRED1']
2021-03-01 10:47:23,945 - Mon Mar  1 10:47:23 2021 - Select Device to operate with the drop down above...
2021-03-01 10:55:02,445 - Mon Mar  1 10:55:02 2021 - Missing:  []
2021-03-01 10:55:02,445 - Mon Mar  1 10:55:02 2021 - Found:    ['DRED1']
2021-03-01 10:55:02,445 - Mon Mar  1 10:55:02 2021 - Select Device to operate with the drop down above...
2021-03-01 10:57:43,934 - Mon Mar  1 10:57:43 2021 - Scanning for devices. Please wait...
2021-03-01 10:57:43,936 - Mon Mar  1 10:57:43 2021 - Scanning: ['DRED1']
2021-03-01 10:57:47,945 - Mon Mar  1 10:57:47 2021 - Missing:  []
2021-03-01 10:57:47,946 - Mon Mar  1 10:57:47 2021 - Found:    ['DRED1']
2021-03-01 10:57:47,946 - Mon Mar  1 10:57:47 2021 - Select Device to operate with the drop down above...
2021-03-01 11:00:58,106 - Mon Mar  1 11:00:58 2021 - Scanning for devices. Please wait...
2021-03-01 11:00:58,108 - Mon Mar  1 11:00:58 2021 - Scanning: ['DRED1']
2021-03-01 11:01:01,945 - Mon Mar  1 11:01:01 2021 - Missing:  []
2021-03-01 11:01:01,945 - Mon Mar  1 11:01:01 2021 - Found:    ['DRED1']
2021-03-01 11:01:01,945 - Mon Mar  1 11:01:01 2021 - Select Device to operate with the drop down above...
2021-03-01 11:01:40,279 - Mon Mar  1 11:01:40 2021 - DRED1

ssh: connect to host 192.168.1.201 port 22: Connection timed out

2021-03-01 11:05:41,332 - Mon Mar  1 11:05:41 2021 - DRED1

bash: /bin/python: No such file or directory
bash: /range/nbfm__5w_.py: No such file or directory

2021-03-01 11:07:08,861 - Mon Mar  1 11:07:08 2021 - Scanning for devices. Please wait...
2021-03-01 11:07:08,863 - Mon Mar  1 11:07:08 2021 - Scanning: ['DRED1']
2021-03-01 11:07:08,967 - Mon Mar  1 11:07:08 2021 - Missing:  []
2021-03-01 11:07:08,967 - Mon Mar  1 11:07:08 2021 - Found:    ['DRED1']
2021-03-01 11:07:08,967 - Mon Mar  1 11:07:08 2021 - Select Device to operate with the drop down above...
2021-03-01 11:07:19,249 - Mon Mar  1 11:07:19 2021 - DRED1

bash: /bin/python: No such file or directory
bash: /range/nbfm__5w_.py: No such file or directory

2021-03-01 11:10:10,983 - Mon Mar  1 11:10:10 2021 - Scanning for devices. Please wait...
2021-03-01 11:10:10,984 - Mon Mar  1 11:10:10 2021 - Scanning: ['DRED1']
2021-03-01 11:10:11,072 - Mon Mar  1 11:10:11 2021 - Missing:  []
2021-03-01 11:10:11,072 - Mon Mar  1 11:10:11 2021 - Found:    ['DRED1']
2021-03-01 11:10:11,072 - Mon Mar  1 11:10:11 2021 - Select Device to operate with the drop down above...
2021-03-01 11:10:15,923 - Mon Mar  1 11:10:15 2021 - DRED1

bash: /bin/python: No such file or directory
bash: /range/nbfm__5w_.py: No such file or directory

2021-03-01 11:11:37,619 - Mon Mar  1 11:11:37 2021 - Scanning for devices. Please wait...
2021-03-01 11:11:37,619 - Mon Mar  1 11:11:37 2021 - Scanning: ['DRED1']
2021-03-01 11:11:37,723 - Mon Mar  1 11:11:37 2021 - Missing:  []
2021-03-01 11:11:37,723 - Mon Mar  1 11:11:37 2021 - Found:    ['DRED1']
2021-03-01 11:11:37,723 - Mon Mar  1 11:11:37 2021 - Select Device to operate with the drop down above...
2021-03-01 11:11:41,832 - Mon Mar  1 11:11:41 2021 - DRED1

bash: /bin/python: No such file or directory
bash: /range/nbfm__5w_.py: No such file or directory

2021-03-01 11:13:26,747 - Mon Mar  1 11:13:26 2021 - Scanning for devices. Please wait...
2021-03-01 11:13:26,749 - Mon Mar  1 11:13:26 2021 - Scanning: ['DRED1']
2021-03-01 11:13:26,836 - Mon Mar  1 11:13:26 2021 - Missing:  []
2021-03-01 11:13:26,836 - Mon Mar  1 11:13:26 2021 - Found:    ['DRED1']
2021-03-01 11:13:26,837 - Mon Mar  1 11:13:26 2021 - Select Device to operate with the drop down above...
2021-03-01 11:13:30,473 - Mon Mar  1 11:13:30 2021 - DRED1

bash: /bin/python: No such file or directory
bash: /range/nbfm__5w_.py: No such file or directory

2021-03-01 11:16:55,007 - Mon Mar  1 11:16:55 2021 - Scanning for devices. Please wait...
2021-03-01 11:16:55,009 - Mon Mar  1 11:16:55 2021 - Scanning: ['DRED1']
2021-03-01 11:16:55,140 - Mon Mar  1 11:16:55 2021 - Missing:  []
2021-03-01 11:16:55,141 - Mon Mar  1 11:16:55 2021 - Found:    ['DRED1']
2021-03-01 11:16:55,141 - Mon Mar  1 11:16:55 2021 - Select Device to operate with the drop down above...
2021-03-01 11:16:58,422 - Mon Mar  1 11:16:58 2021 - DRED1

bash: /bin/python: No such file or directory
bash: /range/nbfm_140100_5w_s01_0112.py: Permission denied

2021-03-01 11:17:51,406 - Mon Mar  1 11:17:51 2021 - Scanning for devices. Please wait...
2021-03-01 11:17:51,407 - Mon Mar  1 11:17:51 2021 - Scanning: ['DRED1']
2021-03-01 11:17:51,531 - Mon Mar  1 11:17:51 2021 - Missing:  []
2021-03-01 11:17:51,532 - Mon Mar  1 11:17:51 2021 - Found:    ['DRED1']
2021-03-01 11:17:51,532 - Mon Mar  1 11:17:51 2021 - Select Device to operate with the drop down above...
2021-03-01 11:17:54,440 - Mon Mar  1 11:17:54 2021 - DRED1

bash: /bin/python: No such file or directory
sudo: /range/nbfm_140100_5w_s01_0112.py: command not found

2021-03-01 11:18:12,914 - Mon Mar  1 11:18:12 2021 - Scanning for devices. Please wait...
2021-03-01 11:18:12,916 - Mon Mar  1 11:18:12 2021 - Scanning: ['DRED1']
2021-03-01 11:18:13,013 - Mon Mar  1 11:18:13 2021 - Missing:  []
2021-03-01 11:18:13,013 - Mon Mar  1 11:18:13 2021 - Found:    ['DRED1']
2021-03-01 11:18:13,013 - Mon Mar  1 11:18:13 2021 - Select Device to operate with the drop down above...
2021-03-01 11:19:33,738 - Mon Mar  1 11:19:33 2021 - DRED1

bash: /bin/python: No such file or directory
gr-osmosdr 0.1.4 (0.1.4) gnuradio 3.7.13.4
built-in sink types: uhd hackrf bladerf soapy redpitaya freesrp file 
[32;1m[INFO] [UHD] [39;0mlinux; GNU C++ version 8.2.0; Boost_106700; UHD_3.13.1.0-3

RtApiAlsa::getDeviceInfo: snd_pcm_open error for device (default), No such file or directory.

Using HackRF One with firmware 2018.01.1 
UU
2021-03-01 11:24:52,740 - Mon Mar  1 11:24:52 2021 - DRED1

bash: /bin/python: No such file or directory
gr-osmosdr 0.1.4 (0.1.4) gnuradio 3.7.13.4
built-in sink types: uhd hackrf bladerf soapy redpitaya freesrp file 
[32;1m[INFO] [UHD] [39;0mlinux; GNU C++ version 8.2.0; Boost_106700; UHD_3.13.1.0-3

RtApiAlsa::getDeviceInfo: snd_pcm_open error for device (default), No such file or directory.

Using HackRF One with firmware 2018.01.1 
U
2021-03-01 11:26:27,338 - Mon Mar  1 11:26:27 2021 - DRED1

bash: /bin/python: No such file or directory
gr-osmosdr 0.1.4 (0.1.4) gnuradio 3.7.13.4
built-in sink types: uhd hackrf bladerf soapy redpitaya freesrp file 
[32;1m[INFO] [UHD] [39;0mlinux; GNU C++ version 8.2.0; Boost_106700; UHD_3.13.1.0-3

RtApiAlsa::getDeviceInfo: snd_pcm_open error for device (default), No such file or directory.

Using HackRF One with firmware 2018.01.1 
UU
2021-03-01 11:30:34,100 - Mon Mar  1 11:30:34 2021 - Scanning for devices. Please wait...
2021-03-01 11:30:34,101 - Mon Mar  1 11:30:34 2021 - Scanning: ['DRED1']
2021-03-01 11:30:34,292 - Mon Mar  1 11:30:34 2021 - Missing:  []
2021-03-01 11:30:34,292 - Mon Mar  1 11:30:34 2021 - Found:    ['DRED1']
2021-03-01 11:30:34,293 - Mon Mar  1 11:30:34 2021 - Select Device to operate with the drop down above...
2021-03-01 11:31:57,834 - Mon Mar  1 11:31:57 2021 - DRED1

bash: /bin/python: No such file or directory
gr-osmosdr 0.1.4 (0.1.4) gnuradio 3.7.13.4
built-in sink types: uhd hackrf bladerf soapy redpitaya freesrp file 
[32;1m[INFO] [UHD] [39;0mlinux; GNU C++ version 8.2.0; Boost_106700; UHD_3.13.1.0-3

RtApiAlsa::getDeviceInfo: snd_pcm_open error for device (default), No such file or directory.

Using HackRF One with firmware 2018.01.1 
UU
2021-03-01 11:33:30,950 - Mon Mar  1 11:33:30 2021 - Scanning for devices. Please wait...
2021-03-01 11:33:30,952 - Mon Mar  1 11:33:30 2021 - Scanning: ['DRED1']
2021-03-01 11:33:31,025 - Mon Mar  1 11:33:31 2021 - Missing:  []
2021-03-01 11:33:31,025 - Mon Mar  1 11:33:31 2021 - Found:    ['DRED1']
2021-03-01 11:33:31,025 - Mon Mar  1 11:33:31 2021 - Select Device to operate with the drop down above...
2021-03-01 11:34:53,882 - Mon Mar  1 11:34:53 2021 - DRED1

bash: /bin/python: No such file or directory
gr-osmosdr 0.1.4 (0.1.4) gnuradio 3.7.13.4
built-in sink types: uhd hackrf bladerf soapy redpitaya freesrp file 
[32;1m[INFO] [UHD] [39;0mlinux; GNU C++ version 8.2.0; Boost_106700; UHD_3.13.1.0-3

RtApiAlsa::getDeviceInfo: snd_pcm_open error for device (default), No such file or directory.

Using HackRF One with firmware 2018.01.1 
UU
2021-03-01 11:37:40,943 - Mon Mar  1 11:37:40 2021 - Scanning for devices. Please wait...
2021-03-01 11:37:40,945 - Mon Mar  1 11:37:40 2021 - Scanning: ['DRED1']
2021-03-01 11:37:41,025 - Mon Mar  1 11:37:41 2021 - Missing:  []
2021-03-01 11:37:41,025 - Mon Mar  1 11:37:41 2021 - Found:    ['DRED1']
2021-03-01 11:37:41,026 - Mon Mar  1 11:37:41 2021 - Select Device to operate with the drop down above...
2021-03-01 11:39:02,283 - Mon Mar  1 11:39:02 2021 - DRED1

gr-osmosdr 0.1.4 (0.1.4) gnuradio 3.7.13.4
built-in sink types: uhd hackrf bladerf soapy redpitaya freesrp file 
[32;1m[INFO] [UHD] [39;0mlinux; GNU C++ version 8.2.0; Boost_106700; UHD_3.13.1.0-3

RtApiAlsa::getDeviceInfo: snd_pcm_open error for device (default), No such file or directory.

Using HackRF One with firmware 2018.01.1 
U
2021-03-01 11:41:46,597 - Mon Mar  1 11:41:46 2021 - DRED1

gr-osmosdr 0.1.4 (0.1.4) gnuradio 3.7.13.4
built-in sink types: uhd hackrf bladerf soapy redpitaya freesrp file 
[32;1m[INFO] [UHD] [39;0mlinux; GNU C++ version 8.2.0; Boost_106700; UHD_3.13.1.0-3

RtApiAlsa::getDeviceInfo: snd_pcm_open error for device (default), No such file or directory.

Using HackRF One with firmware 2018.01.1 
U
2021-03-04 09:22:59,623 - Thu Mar  4 09:22:59 2021 - Scanning for devices. Please wait...
2021-03-04 09:22:59,627 - Thu Mar  4 09:22:59 2021 - Scanning: ['DRED1']
2021-03-04 09:22:59,764 - Thu Mar  4 09:22:59 2021 - Missing:  []
2021-03-04 09:22:59,765 - Thu Mar  4 09:22:59 2021 - Found:    ['DRED1']
2021-03-04 09:22:59,765 - Thu Mar  4 09:22:59 2021 - Select Device to operate with the drop down above...
2021-03-04 10:10:52,110 - Thu Mar  4 10:10:52 2021 - Scanning for devices. Please wait...
2021-03-04 10:10:52,112 - Thu Mar  4 10:10:52 2021 - Scanning: ['DRED1']
2021-03-04 10:10:52,257 - Thu Mar  4 10:10:52 2021 - Missing:  []
2021-03-04 10:10:52,257 - Thu Mar  4 10:10:52 2021 - Found:    ['DRED1']
2021-03-04 10:10:52,257 - Thu Mar  4 10:10:52 2021 - Select Device to operate with the drop down above...
2021-03-04 10:59:52,058 - Thu Mar  4 10:59:52 2021 - Scanning for devices. Please wait...
2021-03-04 10:59:52,060 - Thu Mar  4 10:59:52 2021 - Scanning: ['DRED1']
2021-03-04 10:59:52,193 - Thu Mar  4 10:59:52 2021 - Missing:  []
2021-03-04 10:59:52,194 - Thu Mar  4 10:59:52 2021 - Found:    ['DRED1']
2021-03-04 10:59:52,194 - Thu Mar  4 10:59:52 2021 - Select Device to operate with the drop down above...
2021-03-04 11:02:31,289 - Thu Mar  4 11:02:31 2021 - 

ssh: connect to host 0.0.0.0 port 22: Unknown error

2021-03-04 11:02:57,996 - Thu Mar  4 11:02:57 2021 - Scanning for devices. Please wait...
2021-03-04 11:02:57,997 - Thu Mar  4 11:02:57 2021 - Scanning: ['DRED1']
2021-03-04 11:02:58,088 - Thu Mar  4 11:02:58 2021 - Missing:  []
2021-03-04 11:02:58,088 - Thu Mar  4 11:02:58 2021 - Found:    ['DRED1']
2021-03-04 11:02:58,088 - Thu Mar  4 11:02:58 2021 - Select Device to operate with the drop down above...
2021-03-04 11:03:10,759 - Thu Mar  4 11:03:10 2021 - DRED1

/usr/bin/crontab: /usr/bin/crontab: cannot execute binary file

2021-03-04 11:04:25,178 - Thu Mar  4 11:04:25 2021 - Scanning for devices. Please wait...
2021-03-04 11:04:25,180 - Thu Mar  4 11:04:25 2021 - Scanning: ['DRED1']
2021-03-04 11:04:25,282 - Thu Mar  4 11:04:25 2021 - Missing:  []
2021-03-04 11:04:25,282 - Thu Mar  4 11:04:25 2021 - Found:    ['DRED1']
2021-03-04 11:04:25,282 - Thu Mar  4 11:04:25 2021 - Select Device to operate with the drop down above...
2021-03-04 11:04:29,936 - Thu Mar  4 11:04:29 2021 - DRED1

/usr/bin/crontab: /usr/bin/crontab: cannot execute binary file

2021-03-04 11:05:50,781 - Thu Mar  4 11:05:50 2021 - DRED1

/usr/bin/crontab: /usr/bin/crontab: cannot execute binary file

2021-03-04 11:08:35,719 - Thu Mar  4 11:08:35 2021 - Scanning for devices. Please wait...
2021-03-04 11:08:35,721 - Thu Mar  4 11:08:35 2021 - Scanning: ['DRED1']
2021-03-04 11:08:35,836 - Thu Mar  4 11:08:35 2021 - Missing:  []
2021-03-04 11:08:35,836 - Thu Mar  4 11:08:35 2021 - Found:    ['DRED1']
2021-03-04 11:08:35,836 - Thu Mar  4 11:08:35 2021 - Select Device to operate with the drop down above...
2021-03-04 11:08:40,743 - Thu Mar  4 11:08:40 2021 - DRED1

/usr/bin/crontab: /usr/bin/crontab: cannot execute binary file

2021-03-04 11:10:58,029 - Thu Mar  4 11:10:58 2021 - Scanning for devices. Please wait...
2021-03-04 11:10:58,031 - Thu Mar  4 11:10:58 2021 - Scanning: ['DRED1']
2021-03-04 11:11:01,945 - Thu Mar  4 11:11:01 2021 - Missing:  []
2021-03-04 11:11:01,945 - Thu Mar  4 11:11:01 2021 - Found:    ['DRED1']
2021-03-04 11:11:01,945 - Thu Mar  4 11:11:01 2021 - Select Device to operate with the drop down above...
2021-03-04 11:11:41,802 - Thu Mar  4 11:11:41 2021 - DRED1

/usr/bin/crontab: /usr/bin/crontab: cannot execute binary file

2021-03-04 11:13:01,615 - Thu Mar  4 11:13:01 2021 - DRED1

/usr/bin/crontab: /usr/bin/crontab: cannot execute binary file

2021-03-04 11:15:48,517 - Thu Mar  4 11:15:48 2021 - Scanning for devices. Please wait...
2021-03-04 11:15:48,519 - Thu Mar  4 11:15:48 2021 - Scanning: ['DRED1']
2021-03-04 11:15:48,612 - Thu Mar  4 11:15:48 2021 - Missing:  []
2021-03-04 11:15:48,613 - Thu Mar  4 11:15:48 2021 - Found:    ['DRED1']
2021-03-04 11:15:48,613 - Thu Mar  4 11:15:48 2021 - Select Device to operate with the drop down above...
2021-03-04 11:15:57,519 - Thu Mar  4 11:15:57 2021 - DRED1


2021-03-04 11:18:03,496 - Thu Mar  4 11:18:03 2021 - Scanning for devices. Please wait...
2021-03-04 11:18:03,497 - Thu Mar  4 11:18:03 2021 - Scanning: ['DRED1']
2021-03-04 11:18:03,586 - Thu Mar  4 11:18:03 2021 - Missing:  []
2021-03-04 11:18:03,586 - Thu Mar  4 11:18:03 2021 - Found:    ['DRED1']
2021-03-04 11:18:03,587 - Thu Mar  4 11:18:03 2021 - Select Device to operate with the drop down above...
2021-03-04 11:18:13,699 - Thu Mar  4 11:18:13 2021 - DRED1


2021-03-04 11:19:31,661 - Thu Mar  4 11:19:31 2021 - DRED1


2021-03-04 11:21:12,584 - Thu Mar  4 11:21:12 2021 - Missing:  []
2021-03-04 11:21:12,584 - Thu Mar  4 11:21:12 2021 - Found:    ['DRED1']
2021-03-04 11:21:12,585 - Thu Mar  4 11:21:12 2021 - Select Device to operate with the drop down above...
2021-03-04 11:21:30,289 - Thu Mar  4 11:21:30 2021 - DRED1


2021-03-04 11:22:48,081 - Thu Mar  4 11:22:48 2021 - DRED1


2021-03-04 11:23:25,173 - Thu Mar  4 11:23:25 2021 - Scanning for devices. Please wait...
2021-03-04 11:23:25,175 - Thu Mar  4 11:23:25 2021 - Scanning: ['DRED1']
2021-03-04 11:23:25,275 - Thu Mar  4 11:23:25 2021 - Missing:  []
2021-03-04 11:23:25,275 - Thu Mar  4 11:23:25 2021 - Found:    ['DRED1']
2021-03-04 11:23:25,275 - Thu Mar  4 11:23:25 2021 - Select Device to operate with the drop down above...
2021-03-04 11:23:34,981 - Thu Mar  4 11:23:34 2021 - DRED1


2021-03-04 11:24:52,990 - Thu Mar  4 11:24:52 2021 - DRED1


2021-03-04 11:25:19,949 - Thu Mar  4 11:25:19 2021 - Scanning for devices. Please wait...
2021-03-04 11:25:19,951 - Thu Mar  4 11:25:19 2021 - Scanning: ['DRED1']
2021-03-04 11:25:20,055 - Thu Mar  4 11:25:20 2021 - Missing:  []
2021-03-04 11:25:20,055 - Thu Mar  4 11:25:20 2021 - Found:    ['DRED1']
2021-03-04 11:25:20,055 - Thu Mar  4 11:25:20 2021 - Select Device to operate with the drop down above...
2021-03-04 11:25:28,556 - Thu Mar  4 11:25:28 2021 - DRED1


2021-03-04 11:27:42,369 - Thu Mar  4 11:27:42 2021 - Scanning for devices. Please wait...
2021-03-04 11:27:42,371 - Thu Mar  4 11:27:42 2021 - Scanning: ['DRED1']
2021-03-04 11:27:42,469 - Thu Mar  4 11:27:42 2021 - Missing:  []
2021-03-04 11:27:42,469 - Thu Mar  4 11:27:42 2021 - Found:    ['DRED1']
2021-03-04 11:27:42,470 - Thu Mar  4 11:27:42 2021 - Select Device to operate with the drop down above...
2021-03-04 11:27:55,428 - Thu Mar  4 11:27:55 2021 - DRED1


2021-03-04 11:28:47,607 - Thu Mar  4 11:28:47 2021 - Scanning for devices. Please wait...
2021-03-04 11:28:47,609 - Thu Mar  4 11:28:47 2021 - Scanning: ['DRED1']
2021-03-04 11:28:47,701 - Thu Mar  4 11:28:47 2021 - Missing:  []
2021-03-04 11:28:47,701 - Thu Mar  4 11:28:47 2021 - Found:    ['DRED1']
2021-03-04 11:28:47,701 - Thu Mar  4 11:28:47 2021 - Select Device to operate with the drop down above...
2021-03-04 11:28:58,251 - Thu Mar  4 11:28:58 2021 - DRED1


2021-03-04 11:28:59,147 - Thu Mar  4 11:28:59 2021 - DRED1


2021-03-04 11:29:40,019 - Thu Mar  4 11:29:40 2021 - Scanning for devices. Please wait...
2021-03-04 11:29:40,020 - Thu Mar  4 11:29:40 2021 - Scanning: ['DRED1']
2021-03-04 11:29:40,114 - Thu Mar  4 11:29:40 2021 - Missing:  []
2021-03-04 11:29:40,114 - Thu Mar  4 11:29:40 2021 - Found:    ['DRED1']
2021-03-04 11:29:40,114 - Thu Mar  4 11:29:40 2021 - Select Device to operate with the drop down above...
2021-03-04 11:29:52,937 - Thu Mar  4 11:29:52 2021 - DRED1


2021-03-04 11:29:53,851 - Thu Mar  4 11:29:53 2021 - DRED1


2021-03-04 11:31:45,802 - Thu Mar  4 11:31:45 2021 - DRED1


2021-03-04 11:31:46,680 - Thu Mar  4 11:31:46 2021 - DRED1


2021-03-04 11:31:53,714 - Thu Mar  4 11:31:53 2021 - DRED1


2021-03-04 11:31:55,132 - Thu Mar  4 11:31:55 2021 - DRED1


2021-03-04 11:32:27,420 - Thu Mar  4 11:32:27 2021 - Scanning for devices. Please wait...
2021-03-04 11:32:27,422 - Thu Mar  4 11:32:27 2021 - Scanning: ['DRED1']
2021-03-04 11:32:27,538 - Thu Mar  4 11:32:27 2021 - Missing:  []
2021-03-04 11:32:27,538 - Thu Mar  4 11:32:27 2021 - Found:    ['DRED1']
2021-03-04 11:32:27,538 - Thu Mar  4 11:32:27 2021 - Select Device to operate with the drop down above...
2021-03-04 11:32:36,775 - Thu Mar  4 11:32:36 2021 - DRED1


2021-03-04 11:32:37,703 - Thu Mar  4 11:32:37 2021 - DRED1


2021-03-04 11:38:06,931 - Thu Mar  4 11:38:06 2021 - Scanning for devices. Please wait...
2021-03-04 11:38:06,932 - Thu Mar  4 11:38:06 2021 - Scanning: ['DRED1']
2021-03-04 11:38:07,040 - Thu Mar  4 11:38:07 2021 - Missing:  []
2021-03-04 11:38:07,041 - Thu Mar  4 11:38:07 2021 - Found:    ['DRED1']
2021-03-04 11:38:07,041 - Thu Mar  4 11:38:07 2021 - Select Device to operate with the drop down above...
2021-03-04 11:38:17,654 - Thu Mar  4 11:38:17 2021 - DRED1


2021-03-04 11:41:26,774 - Thu Mar  4 11:41:26 2021 - Scanning for devices. Please wait...
2021-03-04 11:41:26,776 - Thu Mar  4 11:41:26 2021 - Scanning: ['DRED1']
2021-03-04 11:41:26,871 - Thu Mar  4 11:41:26 2021 - Missing:  []
2021-03-04 11:41:26,871 - Thu Mar  4 11:41:26 2021 - Found:    ['DRED1']
2021-03-04 11:41:26,871 - Thu Mar  4 11:41:26 2021 - Select Device to operate with the drop down above...
2021-03-04 11:41:35,309 - Thu Mar  4 11:41:35 2021 - DRED1


2021-03-04 11:43:29,113 - Thu Mar  4 11:43:29 2021 - Scanning for devices. Please wait...
2021-03-04 11:43:29,116 - Thu Mar  4 11:43:29 2021 - Scanning: ['DRED1']
2021-03-04 11:43:29,207 - Thu Mar  4 11:43:29 2021 - Missing:  []
2021-03-04 11:43:29,208 - Thu Mar  4 11:43:29 2021 - Found:    ['DRED1']
2021-03-04 11:43:29,208 - Thu Mar  4 11:43:29 2021 - Select Device to operate with the drop down above...
2021-03-04 11:43:37,047 - Thu Mar  4 11:43:37 2021 - DRED1


2021-03-04 11:47:17,109 - Thu Mar  4 11:47:17 2021 - Scanning for devices. Please wait...
2021-03-04 11:47:17,112 - Thu Mar  4 11:47:17 2021 - Scanning: ['DRED1']
2021-03-04 11:47:17,196 - Thu Mar  4 11:47:17 2021 - Missing:  []
2021-03-04 11:47:17,196 - Thu Mar  4 11:47:17 2021 - Found:    ['DRED1']
2021-03-04 11:47:17,196 - Thu Mar  4 11:47:17 2021 - Select Device to operate with the drop down above...
2021-03-04 11:47:26,513 - Thu Mar  4 11:47:26 2021 - DRED1


2021-03-08 09:11:21,409 - Mon Mar  8 09:11:21 2021 - Scanning for devices. Please wait...
2021-03-08 09:11:21,411 - Mon Mar  8 09:11:21 2021 - Scanning: ['DRED1']
2021-03-08 09:11:21,567 - Mon Mar  8 09:11:21 2021 - Missing:  []
2021-03-08 09:11:21,567 - Mon Mar  8 09:11:21 2021 - Found:    ['DRED1']
2021-03-08 09:11:21,567 - Mon Mar  8 09:11:21 2021 - Select Device to operate with the drop down above...
2021-03-08 09:11:39,807 - Mon Mar  8 09:11:39 2021 - DRED1


2021-03-08 09:13:43,811 - Mon Mar  8 09:13:43 2021 - Scanning for devices. Please wait...
2021-03-08 09:13:43,813 - Mon Mar  8 09:13:43 2021 - Scanning: ['DRED1']
2021-03-08 09:13:43,950 - Mon Mar  8 09:13:43 2021 - Missing:  []
2021-03-08 09:13:43,950 - Mon Mar  8 09:13:43 2021 - Found:    ['DRED1']
2021-03-08 09:13:43,951 - Mon Mar  8 09:13:43 2021 - Select Device to operate with the drop down above...
2021-03-08 09:13:55,030 - Mon Mar  8 09:13:55 2021 - DRED1


2021-03-08 09:17:18,797 - Mon Mar  8 09:17:18 2021 - Scanning for devices. Please wait...
2021-03-08 09:17:18,799 - Mon Mar  8 09:17:18 2021 - Scanning: ['DRED1']
2021-03-08 09:17:18,896 - Mon Mar  8 09:17:18 2021 - Missing:  []
2021-03-08 09:17:18,897 - Mon Mar  8 09:17:18 2021 - Found:    ['DRED1']
2021-03-08 09:17:18,897 - Mon Mar  8 09:17:18 2021 - Select Device to operate with the drop down above...
2021-03-08 09:17:34,954 - Mon Mar  8 09:17:34 2021 - DRED1


2021-03-08 09:20:19,138 - Mon Mar  8 09:20:19 2021 - Scanning for devices. Please wait...
2021-03-08 09:20:19,138 - Mon Mar  8 09:20:19 2021 - Scanning: ['DRED1']
2021-03-08 09:20:19,233 - Mon Mar  8 09:20:19 2021 - Missing:  []
2021-03-08 09:20:19,234 - Mon Mar  8 09:20:19 2021 - Found:    ['DRED1']
2021-03-08 09:20:19,234 - Mon Mar  8 09:20:19 2021 - Select Device to operate with the drop down above...
2021-03-08 09:20:35,175 - Mon Mar  8 09:20:35 2021 - DRED1


2021-03-08 09:24:57,007 - Mon Mar  8 09:24:57 2021 - Scanning for devices. Please wait...
2021-03-08 09:24:57,007 - Mon Mar  8 09:24:57 2021 - Scanning: ['DRED1']
2021-03-08 09:24:57,114 - Mon Mar  8 09:24:57 2021 - Missing:  []
2021-03-08 09:24:57,114 - Mon Mar  8 09:24:57 2021 - Found:    ['DRED1']
2021-03-08 09:24:57,114 - Mon Mar  8 09:24:57 2021 - Select Device to operate with the drop down above...
2021-03-08 09:25:09,925 - Mon Mar  8 09:25:09 2021 - DRED1


2021-03-08 09:26:14,352 - Mon Mar  8 09:26:14 2021 - Scanning for devices. Please wait...
2021-03-08 09:26:14,354 - Mon Mar  8 09:26:14 2021 - Scanning: ['DRED1']
2021-03-08 09:26:14,445 - Mon Mar  8 09:26:14 2021 - Missing:  []
2021-03-08 09:26:14,445 - Mon Mar  8 09:26:14 2021 - Found:    ['DRED1']
2021-03-08 09:26:14,445 - Mon Mar  8 09:26:14 2021 - Select Device to operate with the drop down above...
2021-03-08 09:26:24,051 - Mon Mar  8 09:26:24 2021 - DRED1


2021-03-08 09:49:36,216 - Mon Mar  8 09:49:36 2021 - Scanning for devices. Please wait...
2021-03-08 09:49:36,218 - Mon Mar  8 09:49:36 2021 - Scanning: ['DRED1']
2021-03-08 09:49:36,311 - Mon Mar  8 09:49:36 2021 - Missing:  []
2021-03-08 09:49:36,312 - Mon Mar  8 09:49:36 2021 - Found:    ['DRED1']
2021-03-08 09:49:36,312 - Mon Mar  8 09:49:36 2021 - Select Device to operate with the drop down above...
2021-03-08 09:49:47,465 - Mon Mar  8 09:49:47 2021 - DRED1


2021-03-08 09:52:19,781 - Mon Mar  8 09:52:19 2021 - Scanning for devices. Please wait...
2021-03-08 09:52:19,783 - Mon Mar  8 09:52:19 2021 - Scanning: ['DRED1']
2021-03-08 09:52:19,894 - Mon Mar  8 09:52:19 2021 - Missing:  []
2021-03-08 09:52:19,894 - Mon Mar  8 09:52:19 2021 - Found:    ['DRED1']
2021-03-08 09:52:19,894 - Mon Mar  8 09:52:19 2021 - Select Device to operate with the drop down above...
2021-03-08 09:52:31,938 - Mon Mar  8 09:52:31 2021 - DRED1


2021-03-08 09:53:14,829 - Mon Mar  8 09:53:14 2021 - Scanning for devices. Please wait...
2021-03-08 09:53:14,831 - Mon Mar  8 09:53:14 2021 - Scanning: ['DRED1']
2021-03-08 09:53:14,931 - Mon Mar  8 09:53:14 2021 - Missing:  []
2021-03-08 09:53:14,931 - Mon Mar  8 09:53:14 2021 - Found:    ['DRED1']
2021-03-08 09:53:14,932 - Mon Mar  8 09:53:14 2021 - Select Device to operate with the drop down above...
2021-03-08 09:53:23,787 - Mon Mar  8 09:53:23 2021 - DRED1


2021-03-08 09:55:13,170 - Mon Mar  8 09:55:13 2021 - Scanning for devices. Please wait...
2021-03-08 09:55:13,172 - Mon Mar  8 09:55:13 2021 - Scanning: ['DRED1']
2021-03-08 09:55:13,248 - Mon Mar  8 09:55:13 2021 - Missing:  []
2021-03-08 09:55:13,248 - Mon Mar  8 09:55:13 2021 - Found:    ['DRED1']
2021-03-08 09:55:13,248 - Mon Mar  8 09:55:13 2021 - Select Device to operate with the drop down above...
2021-03-08 09:55:21,149 - Mon Mar  8 09:55:21 2021 - DRED1


2021-03-08 09:56:48,915 - Mon Mar  8 09:56:48 2021 - Scanning for devices. Please wait...
2021-03-08 09:56:48,916 - Mon Mar  8 09:56:48 2021 - Scanning: ['DRED1']
2021-03-08 09:56:49,001 - Mon Mar  8 09:56:49 2021 - Missing:  []
2021-03-08 09:56:49,002 - Mon Mar  8 09:56:49 2021 - Found:    ['DRED1']
2021-03-08 09:56:49,002 - Mon Mar  8 09:56:49 2021 - Select Device to operate with the drop down above...
2021-03-08 09:57:02,467 - Mon Mar  8 09:57:02 2021 - DRED1


2021-03-08 09:57:03,402 - Mon Mar  8 09:57:03 2021 - DRED1


2021-03-08 09:58:54,845 - Mon Mar  8 09:58:54 2021 - DRED1


2021-03-08 09:58:55,676 - Mon Mar  8 09:58:55 2021 - DRED1


2021-03-08 10:02:34,176 - Mon Mar  8 10:02:34 2021 - Scanning for devices. Please wait...
2021-03-08 10:02:34,178 - Mon Mar  8 10:02:34 2021 - Scanning: ['DRED1']
2021-03-08 10:02:34,277 - Mon Mar  8 10:02:34 2021 - Missing:  []
2021-03-08 10:02:34,277 - Mon Mar  8 10:02:34 2021 - Found:    ['DRED1']
2021-03-08 10:02:34,277 - Mon Mar  8 10:02:34 2021 - Select Device to operate with the drop down above...
2021-03-08 10:02:38,406 - Mon Mar  8 10:02:38 2021 - One or more fields are empty.
2021-03-08 10:03:15,412 - Mon Mar  8 10:03:15 2021 - Scanning for devices. Please wait...
2021-03-08 10:03:15,413 - Mon Mar  8 10:03:15 2021 - Scanning: ['DRED1']
2021-03-08 10:03:15,535 - Mon Mar  8 10:03:15 2021 - Missing:  []
2021-03-08 10:03:15,535 - Mon Mar  8 10:03:15 2021 - Found:    ['DRED1']
2021-03-08 10:03:15,535 - Mon Mar  8 10:03:15 2021 - Select Device to operate with the drop down above...
2021-03-08 10:03:20,916 - Mon Mar  8 10:03:20 2021 - One or more fields are empty.
2021-03-08 10:03:25,829 - Mon Mar  8 10:03:25 2021 - One or more fields are empty.
2021-03-08 10:04:11,464 - Mon Mar  8 10:04:11 2021 - Scanning for devices. Please wait...
2021-03-08 10:04:11,466 - Mon Mar  8 10:04:11 2021 - Scanning: ['DRED1']
2021-03-08 10:04:11,558 - Mon Mar  8 10:04:11 2021 - Missing:  []
2021-03-08 10:04:11,558 - Mon Mar  8 10:04:11 2021 - Found:    ['DRED1']
2021-03-08 10:04:11,558 - Mon Mar  8 10:04:11 2021 - Select Device to operate with the drop down above...
2021-03-08 10:04:16,767 - Mon Mar  8 10:04:16 2021 - One or more fields are empty.
2021-03-08 10:04:18,943 - Mon Mar  8 10:04:18 2021 - One or more fields are empty.
2021-03-08 10:04:20,583 - Mon Mar  8 10:04:20 2021 - One or more fields are empty.
2021-03-08 10:04:22,239 - Mon Mar  8 10:04:22 2021 - One or more fields are empty.
2021-03-08 10:04:24,608 - Mon Mar  8 10:04:24 2021 - One or more fields are empty.
2021-03-08 10:04:28,632 - Mon Mar  8 10:04:28 2021 - One or more fields are empty.
2021-03-08 10:12:26,340 - Mon Mar  8 10:12:26 2021 - Scanning for devices. Please wait...
2021-03-08 10:12:26,342 - Mon Mar  8 10:12:26 2021 - Scanning: ['DRED1']
2021-03-08 10:12:26,444 - Mon Mar  8 10:12:26 2021 - Missing:  []
2021-03-08 10:12:26,444 - Mon Mar  8 10:12:26 2021 - Found:    ['DRED1']
2021-03-08 10:12:26,444 - Mon Mar  8 10:12:26 2021 - Select Device to operate with the drop down above...
2021-03-08 10:12:54,090 - Mon Mar  8 10:12:54 2021 - DRED1


2021-03-08 10:12:54,999 - Mon Mar  8 10:12:54 2021 - DRED1


2021-03-08 10:18:02,356 - Mon Mar  8 10:18:02 2021 - DRED1


2021-03-08 10:18:03,257 - Mon Mar  8 10:18:03 2021 - DRED1


2021-03-08 10:24:04,028 - Mon Mar  8 10:24:04 2021 - Scanning for devices. Please wait...
2021-03-08 10:24:04,030 - Mon Mar  8 10:24:04 2021 - Scanning: ['DRED1']
2021-03-08 10:24:04,114 - Mon Mar  8 10:24:04 2021 - Missing:  []
2021-03-08 10:24:04,114 - Mon Mar  8 10:24:04 2021 - Found:    ['DRED1']
2021-03-08 10:24:04,115 - Mon Mar  8 10:24:04 2021 - Select Device to operate with the drop down above...
2021-03-08 10:24:15,191 - Mon Mar  8 10:24:15 2021 - DRED1


2021-03-08 10:24:16,066 - Mon Mar  8 10:24:16 2021 - DRED1


2021-03-08 10:26:09,603 - Mon Mar  8 10:26:09 2021 - Scanning for devices. Please wait...
2021-03-08 10:26:09,605 - Mon Mar  8 10:26:09 2021 - Scanning: ['DRED1']
2021-03-08 10:26:09,682 - Mon Mar  8 10:26:09 2021 - Missing:  []
2021-03-08 10:26:09,682 - Mon Mar  8 10:26:09 2021 - Found:    ['DRED1']
2021-03-08 10:26:09,683 - Mon Mar  8 10:26:09 2021 - Select Device to operate with the drop down above...
2021-03-08 10:26:18,137 - Mon Mar  8 10:26:18 2021 - DRED1


2021-03-08 10:26:19,109 - Mon Mar  8 10:26:19 2021 - DRED1


2021-03-08 10:31:30,829 - Mon Mar  8 10:31:30 2021 - Scanning for devices. Please wait...
2021-03-08 10:31:30,831 - Mon Mar  8 10:31:30 2021 - Scanning: ['DRED1']
2021-03-08 10:31:30,924 - Mon Mar  8 10:31:30 2021 - Missing:  []
2021-03-08 10:31:30,924 - Mon Mar  8 10:31:30 2021 - Found:    ['DRED1']
2021-03-08 10:31:30,924 - Mon Mar  8 10:31:30 2021 - Select Device to operate with the drop down above...
2021-03-08 10:31:42,151 - Mon Mar  8 10:31:42 2021 - Invalid content in one or more fields
2021-03-08 10:31:42,601 - Mon Mar  8 10:31:42 2021 - DRED1


2021-03-08 10:31:43,609 - Mon Mar  8 10:31:43 2021 - DRED1


2021-03-08 10:33:24,707 - Mon Mar  8 10:33:24 2021 - Scanning for devices. Please wait...
2021-03-08 10:33:24,708 - Mon Mar  8 10:33:24 2021 - Scanning: ['DRED1']
2021-03-08 10:33:24,796 - Mon Mar  8 10:33:24 2021 - Missing:  []
2021-03-08 10:33:24,796 - Mon Mar  8 10:33:24 2021 - Found:    ['DRED1']
2021-03-08 10:33:24,796 - Mon Mar  8 10:33:24 2021 - Select Device to operate with the drop down above...
2021-03-08 10:33:31,568 - Mon Mar  8 10:33:31 2021 - Invalid content in one or more fields
2021-03-08 10:33:32,135 - Mon Mar  8 10:33:32 2021 - DRED1


2021-03-08 10:33:32,977 - Mon Mar  8 10:33:32 2021 - DRED1


2021-03-08 10:33:57,338 - Mon Mar  8 10:33:57 2021 - Scanning for devices. Please wait...
2021-03-08 10:33:57,339 - Mon Mar  8 10:33:57 2021 - Scanning: ['DRED1']
2021-03-08 10:33:57,561 - Mon Mar  8 10:33:57 2021 - Missing:  []
2021-03-08 10:33:57,562 - Mon Mar  8 10:33:57 2021 - Found:    ['DRED1']
2021-03-08 10:33:57,562 - Mon Mar  8 10:33:57 2021 - Select Device to operate with the drop down above...
2021-03-08 10:34:05,307 - Mon Mar  8 10:34:05 2021 - Invalid content in one or more fields
2021-03-08 10:34:06,340 - Mon Mar  8 10:34:06 2021 - Invalid content in one or more fields
2021-03-08 10:38:12,277 - Mon Mar  8 10:38:12 2021 - Scanning for devices. Please wait...
2021-03-08 10:38:12,279 - Mon Mar  8 10:38:12 2021 - Scanning: ['DRED1']
2021-03-08 10:38:12,382 - Mon Mar  8 10:38:12 2021 - Missing:  []
2021-03-08 10:38:12,383 - Mon Mar  8 10:38:12 2021 - Found:    ['DRED1']
2021-03-08 10:38:12,383 - Mon Mar  8 10:38:12 2021 - Select Device to operate with the drop down above...
2021-03-08 10:38:22,247 - Mon Mar  8 10:38:22 2021 - Invalid content in Minutes field
2021-03-08 10:38:32,167 - Mon Mar  8 10:38:32 2021 - Invalid content in Minutes field
2021-03-08 10:39:27,885 - Mon Mar  8 10:39:27 2021 - Scanning for devices. Please wait...
2021-03-08 10:39:27,887 - Mon Mar  8 10:39:27 2021 - Scanning: ['DRED1']
2021-03-08 10:39:27,987 - Mon Mar  8 10:39:27 2021 - Missing:  []
2021-03-08 10:39:27,987 - Mon Mar  8 10:39:27 2021 - Found:    ['DRED1']
2021-03-08 10:39:27,987 - Mon Mar  8 10:39:27 2021 - Select Device to operate with the drop down above...
2021-03-08 10:39:39,060 - Mon Mar  8 10:39:39 2021 - DRED1


2021-03-08 10:39:40,090 - Mon Mar  8 10:39:40 2021 - DRED1


2021-03-08 10:39:50,419 - Mon Mar  8 10:39:50 2021 - Invalid content in Minutes field
2021-03-08 10:39:55,873 - Mon Mar  8 10:39:55 2021 - Invalid content in Minutes field
2021-03-08 10:39:58,733 - Mon Mar  8 10:39:58 2021 - Invalid content in Minutes field
2021-03-08 10:40:04,903 - Mon Mar  8 10:40:04 2021 - DRED1


2021-03-08 10:40:05,826 - Mon Mar  8 10:40:05 2021 - DRED1


2021-03-08 10:40:20,774 - Mon Mar  8 10:40:20 2021 - Invalid content in Minutes field
2021-03-08 10:46:07,556 - Mon Mar  8 10:46:07 2021 - Invalid content in Minutes field
2021-03-08 10:46:13,780 - Mon Mar  8 10:46:13 2021 - 

ssh: connect to host 0.0.0.0 port 22: Unknown error

2021-03-08 10:46:13,813 - Mon Mar  8 10:46:13 2021 - 

ssh: connect to host 0.0.0.0 port 22: Unknown error

2021-03-08 10:47:25,563 - Mon Mar  8 10:47:25 2021 - Scanning for devices. Please wait...
2021-03-08 10:47:25,565 - Mon Mar  8 10:47:25 2021 - Scanning: ['DRED1']
2021-03-08 10:47:25,623 - Mon Mar  8 10:47:25 2021 - Missing:  []
2021-03-08 10:47:25,623 - Mon Mar  8 10:47:25 2021 - Found:    ['DRED1']
2021-03-08 10:47:25,623 - Mon Mar  8 10:47:25 2021 - Select Device to operate with the drop down above...
2021-03-08 10:47:39,151 - Mon Mar  8 10:47:39 2021 - Invalid content in Minutes field
2021-03-08 10:47:44,561 - Mon Mar  8 10:47:44 2021 - DRED1


2021-03-08 10:47:45,577 - Mon Mar  8 10:47:45 2021 - DRED1


2021-03-08 10:48:12,092 - Mon Mar  8 10:48:12 2021 - Scanning for devices. Please wait...
2021-03-08 10:48:12,095 - Mon Mar  8 10:48:12 2021 - Scanning: ['DRED1']
2021-03-08 10:48:12,174 - Mon Mar  8 10:48:12 2021 - Missing:  []
2021-03-08 10:48:12,175 - Mon Mar  8 10:48:12 2021 - Found:    ['DRED1']
2021-03-08 10:48:12,175 - Mon Mar  8 10:48:12 2021 - Select Device to operate with the drop down above...
2021-03-08 10:48:27,740 - Mon Mar  8 10:48:27 2021 - Invalid content in Hours field
2021-03-08 10:48:39,073 - Mon Mar  8 10:48:39 2021 - Invalid content in Hours field
2021-03-08 10:48:45,714 - Mon Mar  8 10:48:45 2021 - 

ssh: connect to host 0.0.0.0 port 22: Unknown error

2021-03-08 10:48:45,747 - Mon Mar  8 10:48:45 2021 - 

ssh: connect to host 0.0.0.0 port 22: Unknown error

2021-03-08 10:48:50,822 - Mon Mar  8 10:48:50 2021 - Scanning for devices. Please wait...
2021-03-08 10:48:50,823 - Mon Mar  8 10:48:50 2021 - Scanning: ['DRED1']
2021-03-08 10:48:50,886 - Mon Mar  8 10:48:50 2021 - Missing:  []
2021-03-08 10:48:50,887 - Mon Mar  8 10:48:50 2021 - Found:    ['DRED1']
2021-03-08 10:48:50,887 - Mon Mar  8 10:48:50 2021 - Select Device to operate with the drop down above...
2021-03-08 10:48:59,903 - Mon Mar  8 10:48:59 2021 - DRED1


2021-03-08 10:49:00,961 - Mon Mar  8 10:49:00 2021 - DRED1


2021-03-08 10:49:53,635 - Mon Mar  8 10:49:53 2021 - Scanning for devices. Please wait...
2021-03-08 10:49:53,637 - Mon Mar  8 10:49:53 2021 - Scanning: ['DRED1']
2021-03-08 10:49:53,725 - Mon Mar  8 10:49:53 2021 - Missing:  []
2021-03-08 10:49:53,725 - Mon Mar  8 10:49:53 2021 - Found:    ['DRED1']
2021-03-08 10:49:53,725 - Mon Mar  8 10:49:53 2021 - Select Device to operate with the drop down above...
2021-03-08 10:50:06,248 - Mon Mar  8 10:50:06 2021 - Invalid content in Hours field
2021-03-08 10:50:17,788 - Mon Mar  8 10:50:17 2021 - Invalid content in Hours field
2021-03-08 10:50:33,817 - Mon Mar  8 10:50:33 2021 - DRED1


2021-03-08 10:50:34,721 - Mon Mar  8 10:50:34 2021 - DRED1


2021-03-08 10:53:05,360 - Mon Mar  8 10:53:05 2021 - Scanning for devices. Please wait...
2021-03-08 10:53:05,362 - Mon Mar  8 10:53:05 2021 - Scanning: ['DRED1']
2021-03-08 10:53:05,456 - Mon Mar  8 10:53:05 2021 - Missing:  []
2021-03-08 10:53:05,456 - Mon Mar  8 10:53:05 2021 - Found:    ['DRED1']
2021-03-08 10:53:05,456 - Mon Mar  8 10:53:05 2021 - Select Device to operate with the drop down above...
2021-03-08 10:53:20,418 - Mon Mar  8 10:53:20 2021 - Invalid content in Hours field
2021-03-08 10:53:27,083 - Mon Mar  8 10:53:27 2021 - Invalid content in Hours field
2021-03-08 10:54:19,386 - Mon Mar  8 10:54:19 2021 - Scanning for devices. Please wait...
2021-03-08 10:54:19,388 - Mon Mar  8 10:54:19 2021 - Scanning: ['DRED1']
2021-03-08 10:54:19,481 - Mon Mar  8 10:54:19 2021 - Missing:  []
2021-03-08 10:54:19,481 - Mon Mar  8 10:54:19 2021 - Found:    ['DRED1']
2021-03-08 10:54:19,481 - Mon Mar  8 10:54:19 2021 - Select Device to operate with the drop down above...
2021-03-08 10:54:30,933 - Mon Mar  8 10:54:30 2021 - Invalid content in Minutes field
2021-03-08 10:54:44,721 - Mon Mar  8 10:54:44 2021 - Invalid content in Minutes field
2021-03-08 10:54:50,594 - Mon Mar  8 10:54:50 2021 - Invalid content in Minutes field
2021-03-08 10:55:12,968 - Mon Mar  8 10:55:12 2021 - Invalid content in Hours field
2021-03-08 10:55:21,278 - Mon Mar  8 10:55:21 2021 - Invalid content in Hours field
2021-03-08 10:58:21,910 - Mon Mar  8 10:58:21 2021 - Scanning for devices. Please wait...
2021-03-08 10:58:21,910 - Mon Mar  8 10:58:21 2021 - Scanning: ['DRED1']
2021-03-08 10:58:22,046 - Mon Mar  8 10:58:22 2021 - Missing:  []
2021-03-08 10:58:22,046 - Mon Mar  8 10:58:22 2021 - Found:    ['DRED1']
2021-03-08 10:58:22,046 - Mon Mar  8 10:58:22 2021 - Select Device to operate with the drop down above...
2021-03-08 10:58:36,218 - Mon Mar  8 10:58:36 2021 - Invalid content in Month field
2021-03-08 10:58:42,665 - Mon Mar  8 10:58:42 2021 - Invalid content in Month field
2021-03-08 10:59:01,802 - Mon Mar  8 10:59:01 2021 - DRED1


2021-03-08 11:01:28,283 - Mon Mar  8 11:01:28 2021 - Missing:  []
2021-03-08 11:01:28,283 - Mon Mar  8 11:01:28 2021 - Found:    ['DRED1']
2021-03-08 11:01:28,283 - Mon Mar  8 11:01:28 2021 - Select Device to operate with the drop down above...
2021-03-08 11:01:54,059 - Mon Mar  8 11:01:54 2021 - DRED1


2021-03-08 11:01:54,988 - Mon Mar  8 11:01:54 2021 - DRED1


2021-03-08 11:02:02,482 - Mon Mar  8 11:02:02 2021 - Invalid content in Month field
2021-03-08 11:02:13,488 - Mon Mar  8 11:02:13 2021 - Invalid content in Hours field
2021-03-08 11:02:19,440 - Mon Mar  8 11:02:19 2021 - Invalid content in Hours field
2021-03-08 11:02:27,821 - Mon Mar  8 11:02:27 2021 - DRED1


2021-03-08 11:02:28,708 - Mon Mar  8 11:02:28 2021 - DRED1


2021-03-08 11:02:44,232 - Mon Mar  8 11:02:44 2021 - DRED1


2021-03-08 11:02:45,164 - Mon Mar  8 11:02:45 2021 - DRED1


2021-03-08 11:03:55,332 - Mon Mar  8 11:03:55 2021 - Scanning for devices. Please wait...
2021-03-08 11:03:55,333 - Mon Mar  8 11:03:55 2021 - Scanning: ['DRED1']
2021-03-08 11:03:55,455 - Mon Mar  8 11:03:55 2021 - Missing:  []
2021-03-08 11:03:55,455 - Mon Mar  8 11:03:55 2021 - Found:    ['DRED1']
2021-03-08 11:03:55,455 - Mon Mar  8 11:03:55 2021 - Select Device to operate with the drop down above...
2021-03-08 11:04:13,957 - Mon Mar  8 11:04:13 2021 - Invalid content in Day of Week field
2021-03-08 11:04:19,876 - Mon Mar  8 11:04:19 2021 - DRED1


2021-03-08 11:04:20,782 - Mon Mar  8 11:04:20 2021 - DRED1


2021-03-08 11:04:30,796 - Mon Mar  8 11:04:30 2021 - DRED1


2021-03-08 11:04:31,690 - Mon Mar  8 11:04:31 2021 - DRED1


2021-03-08 11:10:59,950 - Mon Mar  8 11:10:59 2021 - Scanning for devices. Please wait...
2021-03-08 11:10:59,952 - Mon Mar  8 11:10:59 2021 - Scanning: ['DRED1']
2021-03-08 11:11:00,053 - Mon Mar  8 11:11:00 2021 - Missing:  []
2021-03-08 11:11:00,054 - Mon Mar  8 11:11:00 2021 - Found:    ['DRED1']
2021-03-08 11:11:00,054 - Mon Mar  8 11:11:00 2021 - Select Device to operate with the drop down above...
2021-03-08 11:11:20,647 - Mon Mar  8 11:11:20 2021 - Invalid content in Minutes field
2021-03-08 11:11:25,451 - Mon Mar  8 11:11:25 2021 - DRED1


2021-03-08 11:11:26,299 - Mon Mar  8 11:11:26 2021 - DRED1


2021-03-08 11:12:46,124 - Mon Mar  8 11:12:46 2021 - Scanning for devices. Please wait...
2021-03-08 11:12:46,126 - Mon Mar  8 11:12:46 2021 - Scanning: ['DRED1']
2021-03-08 11:12:46,224 - Mon Mar  8 11:12:46 2021 - Missing:  []
2021-03-08 11:12:46,224 - Mon Mar  8 11:12:46 2021 - Found:    ['DRED1']
2021-03-08 11:12:46,224 - Mon Mar  8 11:12:46 2021 - Select Device to operate with the drop down above...
2021-03-08 11:12:50,571 - Mon Mar  8 11:12:50 2021 - DRED1

/bin/bash: crontab backupcron: No such file or directory

2021-03-08 11:15:11,791 - Mon Mar  8 11:15:11 2021 - Scanning for devices. Please wait...
2021-03-08 11:15:11,793 - Mon Mar  8 11:15:11 2021 - Scanning: ['DRED1']
2021-03-08 11:15:11,885 - Mon Mar  8 11:15:11 2021 - Missing:  []
2021-03-08 11:15:11,885 - Mon Mar  8 11:15:11 2021 - Found:    ['DRED1']
2021-03-08 11:15:11,885 - Mon Mar  8 11:15:11 2021 - Select Device to operate with the drop down above...
2021-03-08 11:16:56,172 - Mon Mar  8 11:16:56 2021 - Scanning for devices. Please wait...
2021-03-08 11:16:56,174 - Mon Mar  8 11:16:56 2021 - Scanning: ['DRED1']
2021-03-08 11:16:56,326 - Mon Mar  8 11:16:56 2021 - Missing:  []
2021-03-08 11:16:56,326 - Mon Mar  8 11:16:56 2021 - Found:    ['DRED1']
2021-03-08 11:16:56,326 - Mon Mar  8 11:16:56 2021 - Select Device to operate with the drop down above...
2021-03-08 11:17:16,151 - Mon Mar  8 11:17:16 2021 - DRED1


2021-03-08 11:17:17,003 - Mon Mar  8 11:17:17 2021 - DRED1


2021-03-08 11:18:18,777 - Mon Mar  8 11:18:18 2021 - Scanning for devices. Please wait...
2021-03-08 11:18:18,778 - Mon Mar  8 11:18:18 2021 - Scanning: ['DRED1']
2021-03-08 11:18:18,865 - Mon Mar  8 11:18:18 2021 - Missing:  []
2021-03-08 11:18:18,865 - Mon Mar  8 11:18:18 2021 - Found:    ['DRED1']
2021-03-08 11:18:18,865 - Mon Mar  8 11:18:18 2021 - Select Device to operate with the drop down above...
2021-03-08 11:18:23,240 - Mon Mar  8 11:18:23 2021 - DRED1


2021-03-08 11:19:51,608 - Mon Mar  8 11:19:51 2021 - Scanning for devices. Please wait...
2021-03-08 11:19:51,610 - Mon Mar  8 11:19:51 2021 - Scanning: ['DRED1']
2021-03-08 11:19:51,712 - Mon Mar  8 11:19:51 2021 - Missing:  []
2021-03-08 11:19:51,712 - Mon Mar  8 11:19:51 2021 - Found:    ['DRED1']
2021-03-08 11:19:51,712 - Mon Mar  8 11:19:51 2021 - Select Device to operate with the drop down above...
2021-03-08 11:20:09,792 - Mon Mar  8 11:20:09 2021 - DRED1

ssh: Could not resolve hostname 192.168.1.201/bin/bash: No such host is known. 

2021-03-08 11:20:37,358 - Mon Mar  8 11:20:37 2021 - Scanning for devices. Please wait...
2021-03-08 11:20:37,360 - Mon Mar  8 11:20:37 2021 - Scanning: ['DRED1']
2021-03-08 11:20:37,445 - Mon Mar  8 11:20:37 2021 - Missing:  []
2021-03-08 11:20:37,446 - Mon Mar  8 11:20:37 2021 - Found:    ['DRED1']
2021-03-08 11:20:37,446 - Mon Mar  8 11:20:37 2021 - Select Device to operate with the drop down above...
2021-03-08 11:20:57,857 - Mon Mar  8 11:20:57 2021 - DRED1

/usr/bin/crontab: /usr/bin/crontab: cannot execute binary file

2021-03-08 11:21:00,206 - Mon Mar  8 11:21:00 2021 - DRED1


2021-03-08 11:23:37,846 - Mon Mar  8 11:23:37 2021 - Scanning for devices. Please wait...
2021-03-08 11:23:37,848 - Mon Mar  8 11:23:37 2021 - Scanning: ['DRED1']
2021-03-08 11:23:37,953 - Mon Mar  8 11:23:37 2021 - Missing:  []
2021-03-08 11:23:37,953 - Mon Mar  8 11:23:37 2021 - Found:    ['DRED1']
2021-03-08 11:23:37,953 - Mon Mar  8 11:23:37 2021 - Select Device to operate with the drop down above...
2021-03-08 11:24:00,541 - Mon Mar  8 11:24:00 2021 - DRED1


2021-03-08 11:24:58,053 - Mon Mar  8 11:24:58 2021 - Scanning for devices. Please wait...
2021-03-08 11:24:58,055 - Mon Mar  8 11:24:58 2021 - Scanning: ['DRED1']
2021-03-08 11:24:58,174 - Mon Mar  8 11:24:58 2021 - Missing:  []
2021-03-08 11:24:58,174 - Mon Mar  8 11:24:58 2021 - Found:    ['DRED1']
2021-03-08 11:24:58,174 - Mon Mar  8 11:24:58 2021 - Select Device to operate with the drop down above...
2021-03-08 11:25:11,484 - Mon Mar  8 11:25:11 2021 - 

ssh: connect to host 0.0.0.0 port 22: Unknown error

2021-03-08 11:25:11,516 - Mon Mar  8 11:25:11 2021 - 

ssh: connect to host 0.0.0.0 port 22: Unknown error

2021-03-08 11:25:19,614 - Mon Mar  8 11:25:19 2021 - 

ssh: connect to host 0.0.0.0 port 22: Unknown error

2021-03-08 11:25:19,646 - Mon Mar  8 11:25:19 2021 - 

ssh: connect to host 0.0.0.0 port 22: Unknown error

2021-03-08 11:25:26,082 - Mon Mar  8 11:25:26 2021 - DRED1


2021-03-08 11:26:05,535 - Mon Mar  8 11:26:05 2021 - Scanning for devices. Please wait...
2021-03-08 11:26:05,537 - Mon Mar  8 11:26:05 2021 - Scanning: ['DRED1']
2021-03-08 11:26:05,645 - Mon Mar  8 11:26:05 2021 - Missing:  []
2021-03-08 11:26:05,645 - Mon Mar  8 11:26:05 2021 - Found:    ['DRED1']
2021-03-08 11:26:05,645 - Mon Mar  8 11:26:05 2021 - Select Device to operate with the drop down above...
2021-03-08 11:26:15,849 - Mon Mar  8 11:26:15 2021 - DRED1


2021-03-08 11:26:16,753 - Mon Mar  8 11:26:16 2021 - DRED1


2021-03-08 11:29:04,820 - Mon Mar  8 11:29:04 2021 - DRED1


2021-03-08 11:29:25,926 - Mon Mar  8 11:29:25 2021 - Scanning for devices. Please wait...
2021-03-08 11:29:25,928 - Mon Mar  8 11:29:25 2021 - Scanning: ['DRED1']
2021-03-08 11:29:26,032 - Mon Mar  8 11:29:26 2021 - Missing:  []
2021-03-08 11:29:26,033 - Mon Mar  8 11:29:26 2021 - Found:    ['DRED1']
2021-03-08 11:29:26,033 - Mon Mar  8 11:29:26 2021 - Select Device to operate with the drop down above...
2021-03-08 11:29:37,545 - Mon Mar  8 11:29:37 2021 - DRED1


2021-03-08 11:29:38,479 - Mon Mar  8 11:29:38 2021 - DRED1


2021-03-08 11:30:28,766 - Mon Mar  8 11:30:28 2021 - DRED1


2021-03-08 11:30:44,629 - Mon Mar  8 11:30:44 2021 - DRED1


2021-03-08 11:30:45,580 - Mon Mar  8 11:30:45 2021 - DRED1


2021-03-08 11:31:33,440 - Mon Mar  8 11:31:33 2021 - DRED1


2021-03-08 11:32:43,234 - Mon Mar  8 11:32:43 2021 - DRED1


2021-03-08 11:32:44,158 - Mon Mar  8 11:32:44 2021 - DRED1


2021-03-08 11:33:00,944 - Mon Mar  8 11:33:00 2021 - DRED1


2021-03-08 11:34:00,578 - Mon Mar  8 11:34:00 2021 - DRED1


2021-03-08 11:34:01,474 - Mon Mar  8 11:34:01 2021 - DRED1


2021-03-08 11:34:09,884 - Mon Mar  8 11:34:09 2021 - DRED1


2021-03-08 11:34:10,777 - Mon Mar  8 11:34:10 2021 - DRED1


2021-03-08 11:35:42,089 - Mon Mar  8 11:35:42 2021 - DRED1


2021-03-08 11:35:43,425 - Mon Mar  8 11:35:43 2021 - DRED1


2021-03-08 11:36:04,621 - Mon Mar  8 11:36:04 2021 - DRED1


2021-03-08 11:36:05,565 - Mon Mar  8 11:36:05 2021 - DRED1


2021-03-08 11:37:23,165 - Mon Mar  8 11:37:23 2021 - Scanning for devices. Please wait...
2021-03-08 11:37:23,167 - Mon Mar  8 11:37:23 2021 - Scanning: ['DRED1']
2021-03-08 11:37:23,251 - Mon Mar  8 11:37:23 2021 - Missing:  []
2021-03-08 11:37:23,252 - Mon Mar  8 11:37:23 2021 - Found:    ['DRED1']
2021-03-08 11:37:23,252 - Mon Mar  8 11:37:23 2021 - Select Device to operate with the drop down above...
2021-03-08 11:37:37,373 - Mon Mar  8 11:37:37 2021 - DRED1


2021-03-08 11:37:38,300 - Mon Mar  8 11:37:38 2021 - DRED1


2021-03-08 11:38:47,480 - Mon Mar  8 11:38:47 2021 - DRED1


2021-03-08 11:39:44,307 - Mon Mar  8 11:39:44 2021 - DRED1


2021-03-08 11:39:45,205 - Mon Mar  8 11:39:45 2021 - DRED1


2021-03-08 11:40:12,435 - Mon Mar  8 11:40:12 2021 - DRED1


2021-03-08 11:40:13,359 - Mon Mar  8 11:40:13 2021 - DRED1


2021-03-08 11:40:22,730 - Mon Mar  8 11:40:22 2021 - DRED1


2021-03-08 11:40:31,862 - Mon Mar  8 11:40:31 2021 - DRED1


2021-03-08 11:40:32,763 - Mon Mar  8 11:40:32 2021 - DRED1


2021-03-08 11:42:18,334 - Mon Mar  8 11:42:18 2021 - DRED1

gr-osmosdr 0.1.4 (0.1.4) gnuradio 3.7.13.4
built-in sink types: uhd hackrf bladerf soapy redpitaya freesrp file 
[32;1m[INFO] [UHD] [39;0mlinux; GNU C++ version 8.2.0; Boost_106700; UHD_3.13.1.0-3

RtApiAlsa::getDeviceInfo: snd_pcm_open error for device (default), No such file or directory.

Using HackRF One with firmware 2018.01.1 
U
2021-03-08 11:48:00,693 - Mon Mar  8 11:48:00 2021 - Scanning for devices. Please wait...
2021-03-08 11:48:00,695 - Mon Mar  8 11:48:00 2021 - Scanning: ['DRED1']
2021-03-08 11:48:00,780 - Mon Mar  8 11:48:00 2021 - Missing:  []
2021-03-08 11:48:00,780 - Mon Mar  8 11:48:00 2021 - Found:    ['DRED1']
2021-03-08 11:48:00,780 - Mon Mar  8 11:48:00 2021 - Select Device to operate with the drop down above...
2021-03-08 11:52:19,601 - Mon Mar  8 11:52:19 2021 - Scanning for devices. Please wait...
2021-03-08 11:52:19,602 - Mon Mar  8 11:52:19 2021 - Scanning: ['DRED1']
2021-03-08 11:52:19,715 - Mon Mar  8 11:52:19 2021 - Missing:  []
2021-03-08 11:52:19,716 - Mon Mar  8 11:52:19 2021 - Found:    ['DRED1']
2021-03-08 11:52:19,716 - Mon Mar  8 11:52:19 2021 - Select Device to operate with the drop down above...
2021-03-08 12:02:37,357 - Mon Mar  8 12:02:37 2021 - Scanning for devices. Please wait...
2021-03-08 12:02:37,359 - Mon Mar  8 12:02:37 2021 - Scanning: ['DRED1']
2021-03-08 12:02:37,461 - Mon Mar  8 12:02:37 2021 - Missing:  []
2021-03-08 12:02:37,461 - Mon Mar  8 12:02:37 2021 - Found:    ['DRED1']
2021-03-08 12:02:37,461 - Mon Mar  8 12:02:37 2021 - Select Device to operate with the drop down above...
2021-03-08 12:07:27,230 - Mon Mar  8 12:07:27 2021 - Scanning for devices. Please wait...
2021-03-08 12:07:27,232 - Mon Mar  8 12:07:27 2021 - Scanning: ['DRED1']
2021-03-08 12:07:27,360 - Mon Mar  8 12:07:27 2021 - Missing:  []
2021-03-08 12:07:27,361 - Mon Mar  8 12:07:27 2021 - Found:    ['DRED1']
2021-03-08 12:07:27,361 - Mon Mar  8 12:07:27 2021 - Select Device to operate with the drop down above...
2021-03-11 09:14:56,338 - Thu Mar 11 09:14:56 2021 - 

ssh: connect to host 0.0.0.0 port 22: Unknown error

2021-03-11 09:14:57,508 - Thu Mar 11 09:14:57 2021 - 

ssh: connect to host 0.0.0.0 port 22: Unknown error

2021-03-11 09:20:41,042 - Thu Mar 11 09:20:41 2021 - Scanning for devices. Please wait...
2021-03-11 09:20:41,044 - Thu Mar 11 09:20:41 2021 - Scanning: ['DRED1']
2021-03-11 09:20:42,219 - Thu Mar 11 09:20:42 2021 - Missing:  []
2021-03-11 09:20:42,220 - Thu Mar 11 09:20:42 2021 - Found:    ['DRED1']
2021-03-11 09:20:42,221 - Thu Mar 11 09:20:42 2021 - Select Device to operate with the drop down above...
2021-03-11 09:22:18,550 - Thu Mar 11 09:22:18 2021 - DRED1

gr-osmosdr 0.1.4 (0.1.4) gnuradio 3.7.13.4
built-in sink types: uhd hackrf bladerf soapy redpitaya freesrp file 
[32;1m[INFO] [UHD] [39;0mlinux; GNU C++ version 8.2.0; Boost_106700; UHD_3.13.1.0-3

RtApiAlsa::getDeviceInfo: snd_pcm_open error for device (default), No such file or directory.

Using HackRF One with firmware 2018.01.1 
UUU
2021-03-11 09:24:13,182 - Thu Mar 11 09:24:13 2021 - DRED1

gr-osmosdr 0.1.4 (0.1.4) gnuradio 3.7.13.4
built-in sink types: uhd hackrf bladerf soapy redpitaya freesrp file 
[32;1m[INFO] [UHD] [39;0mlinux; GNU C++ version 8.2.0; Boost_106700; UHD_3.13.1.0-3

RtApiAlsa::getDeviceInfo: snd_pcm_open error for device (default), No such file or directory.

Using HackRF One with firmware 2018.01.1 
UU
2021-03-11 09:26:02,886 - Thu Mar 11 09:26:02 2021 - DRED1

gr-osmosdr 0.1.4 (0.1.4) gnuradio 3.7.13.4
built-in sink types: uhd hackrf bladerf soapy redpitaya freesrp file 
[32;1m[INFO] [UHD] [39;0mlinux; GNU C++ version 8.2.0; Boost_106700; UHD_3.13.1.0-3

RtApiAlsa::getDeviceInfo: snd_pcm_open error for device (default), No such file or directory.

Using HackRF One with firmware 2018.01.1 
U
2021-03-11 09:26:13,754 - Thu Mar 11 09:26:13 2021 - Scanning for devices. Please wait...
2021-03-11 09:26:13,756 - Thu Mar 11 09:26:13 2021 - Scanning: ['DRED1']
2021-03-11 09:26:13,840 - Thu Mar 11 09:26:13 2021 - Missing:  []
2021-03-11 09:26:13,840 - Thu Mar 11 09:26:13 2021 - Found:    ['DRED1']
2021-03-11 09:26:13,840 - Thu Mar 11 09:26:13 2021 - Select Device to operate with the drop down above...
2021-03-11 09:26:46,195 - Thu Mar 11 09:26:46 2021 - Scanning for devices. Please wait...
2021-03-11 09:26:46,196 - Thu Mar 11 09:26:46 2021 - Scanning: ['DRED1']
2021-03-11 09:26:46,298 - Thu Mar 11 09:26:46 2021 - Missing:  []
2021-03-11 09:26:46,299 - Thu Mar 11 09:26:46 2021 - Found:    ['DRED1']
2021-03-11 09:26:46,299 - Thu Mar 11 09:26:46 2021 - Select Device to operate with the drop down above...
2021-03-11 09:28:11,790 - Thu Mar 11 09:28:11 2021 - DRED1

gr-osmosdr 0.1.4 (0.1.4) gnuradio 3.7.13.4
built-in sink types: uhd hackrf bladerf soapy redpitaya freesrp file 
[32;1m[INFO] [UHD] [39;0mlinux; GNU C++ version 8.2.0; Boost_106700; UHD_3.13.1.0-3

RtApiAlsa::getDeviceInfo: snd_pcm_open error for device (default), No such file or directory.

Using HackRF One with firmware 2018.01.1 
U
2021-03-11 09:32:43,653 - Thu Mar 11 09:32:43 2021 - Scanning for devices. Please wait...
2021-03-11 09:32:43,655 - Thu Mar 11 09:32:43 2021 - Scanning: ['DRED1']
2021-03-11 09:32:43,745 - Thu Mar 11 09:32:43 2021 - Missing:  []
2021-03-11 09:32:43,746 - Thu Mar 11 09:32:43 2021 - Found:    ['DRED1']
2021-03-11 09:32:43,746 - Thu Mar 11 09:32:43 2021 - Select Device to operate with the drop down above...
2021-03-11 09:33:48,388 - Thu Mar 11 09:33:48 2021 - Scanning for devices. Please wait...
2021-03-11 09:33:48,389 - Thu Mar 11 09:33:48 2021 - Scanning: ['DRED1']
2021-03-11 09:33:48,539 - Thu Mar 11 09:33:48 2021 - Missing:  []
2021-03-11 09:33:48,539 - Thu Mar 11 09:33:48 2021 - Found:    ['DRED1']
2021-03-11 09:33:48,539 - Thu Mar 11 09:33:48 2021 - Select Device to operate with the drop down above...
2021-03-11 09:33:55,281 - Thu Mar 11 09:33:55 2021 - DRED1

python: can't open file '/range/nbfm__5w_s01_0112.py': [Errno 2] No such file or directory

2021-03-11 09:34:02,756 - Thu Mar 11 09:34:02 2021 - DRED1

python: can't open file '/range/nbfm__5w_s01_0112.py': [Errno 2] No such file or directory

2021-03-11 09:35:25,229 - Thu Mar 11 09:35:25 2021 - Scanning for devices. Please wait...
2021-03-11 09:35:25,229 - Thu Mar 11 09:35:25 2021 - Scanning: ['DRED1']
2021-03-11 09:35:25,342 - Thu Mar 11 09:35:25 2021 - Missing:  []
2021-03-11 09:35:25,342 - Thu Mar 11 09:35:25 2021 - Found:    ['DRED1']
2021-03-11 09:35:25,342 - Thu Mar 11 09:35:25 2021 - Select Device to operate with the drop down above...
2021-03-11 09:36:19,065 - Thu Mar 11 09:36:19 2021 - Scanning for devices. Please wait...
2021-03-11 09:36:19,067 - Thu Mar 11 09:36:19 2021 - Scanning: ['DRED1']
2021-03-11 09:36:19,152 - Thu Mar 11 09:36:19 2021 - Missing:  []
2021-03-11 09:36:19,153 - Thu Mar 11 09:36:19 2021 - Found:    ['DRED1']
2021-03-11 09:36:19,153 - Thu Mar 11 09:36:19 2021 - Select Device to operate with the drop down above...
2021-03-11 09:38:42,310 - Thu Mar 11 09:38:42 2021 - Scanning for devices. Please wait...
2021-03-11 09:38:42,311 - Thu Mar 11 09:38:42 2021 - Scanning: ['DRED1']
2021-03-11 09:38:42,408 - Thu Mar 11 09:38:42 2021 - Missing:  []
2021-03-11 09:38:42,409 - Thu Mar 11 09:38:42 2021 - Found:    ['DRED1']
2021-03-11 09:38:42,409 - Thu Mar 11 09:38:42 2021 - Select Device to operate with the drop down above...
2021-03-11 09:39:04,183 - Thu Mar 11 09:39:04 2021 - DRED1


2021-03-11 09:39:05,096 - Thu Mar 11 09:39:05 2021 - DRED1


2021-03-11 09:39:37,098 - Thu Mar 11 09:39:37 2021 - DRED1


2021-03-11 09:41:10,729 - Thu Mar 11 09:41:10 2021 - DRED1

gr-osmosdr 0.1.4 (0.1.4) gnuradio 3.7.13.4
built-in sink types: uhd hackrf bladerf soapy redpitaya freesrp file 
[32;1m[INFO] [UHD] [39;0mlinux; GNU C++ version 8.2.0; Boost_106700; UHD_3.13.1.0-3

RtApiAlsa::getDeviceInfo: snd_pcm_open error for device (default), No such file or directory.

Using HackRF One with firmware 2018.01.1 
UU
2021-03-11 09:42:12,846 - Thu Mar 11 09:42:12 2021 - DRED1

gr-osmosdr 0.1.4 (0.1.4) gnuradio 3.7.13.4
built-in sink types: uhd hackrf bladerf soapy redpitaya freesrp file 
[32;1m[INFO] [UHD] [39;0mlinux; GNU C++ version 8.2.0; Boost_106700; UHD_3.13.1.0-3

RtApiAlsa::getDeviceInfo: snd_pcm_open error for device (default), No such file or directory.

Using HackRF One with firmware 2018.01.1 
U
2021-03-11 09:42:22,165 - Thu Mar 11 09:42:22 2021 - DRED1

python: can't open file '/range/nbfm_696969_5w_s04_0033.py': [Errno 2] No such file or directory

2021-03-11 09:45:17,044 - Thu Mar 11 09:45:17 2021 - Missing:  []
2021-03-11 09:45:17,045 - Thu Mar 11 09:45:17 2021 - Found:    ['DRED1']
2021-03-11 09:45:17,045 - Thu Mar 11 09:45:17 2021 - Select Device to operate with the drop down above...
2021-03-11 09:50:46,698 - Thu Mar 11 09:50:46 2021 - Scanning for devices. Please wait...
2021-03-11 09:50:46,700 - Thu Mar 11 09:50:46 2021 - Scanning: ['DRED1']
2021-03-11 09:50:46,800 - Thu Mar 11 09:50:46 2021 - Missing:  []
2021-03-11 09:50:46,800 - Thu Mar 11 09:50:46 2021 - Found:    ['DRED1']
2021-03-11 09:50:46,800 - Thu Mar 11 09:50:46 2021 - Select Device to operate with the drop down above...
2021-03-11 09:51:09,627 - Thu Mar 11 09:51:09 2021 - DRED1

python: can't open file '/range/nbfm_140100_5w_s01_0033.py': [Errno 2] No such file or directory

2021-03-11 09:52:12,757 - Thu Mar 11 09:52:12 2021 - DRED1

gr-osmosdr 0.1.4 (0.1.4) gnuradio 3.7.13.4
built-in sink types: uhd hackrf bladerf soapy redpitaya freesrp file 
[32;1m[INFO] [UHD] [39;0mlinux; GNU C++ version 8.2.0; Boost_106700; UHD_3.13.1.0-3

RtApiAlsa::getDeviceInfo: snd_pcm_open error for device (default), No such file or directory.

Using HackRF One with firmware 2018.01.1 
UU
2021-03-11 11:34:11,013 - Thu Mar 11 11:34:11 2021 - Scanning for devices. Please wait...
2021-03-11 11:34:11,015 - Thu Mar 11 11:34:11 2021 - Scanning: ['DRED1']
2021-03-11 11:34:13,947 - Thu Mar 11 11:34:13 2021 - Missing:  ['DRED1']
2021-03-11 11:34:13,948 - Thu Mar 11 11:34:13 2021 - Found:    []
2021-03-11 11:34:13,948 - Thu Mar 11 11:34:13 2021 - No Tough Buckets loaded. Check Power and Wifi connections...
2021-03-15 09:05:14,528 - Mon Mar 15 09:05:14 2021 - Missing:  []
2021-03-15 09:05:14,530 - Mon Mar 15 09:05:14 2021 - Found:    ['DRED1']
2021-03-15 09:05:14,530 - Mon Mar 15 09:05:14 2021 - Select Device to operate with the drop down above...
2021-03-15 09:06:08,793 - Mon Mar 15 09:06:08 2021 - DRED1


2021-03-15 09:06:09,759 - Mon Mar 15 09:06:09 2021 - DRED1


2021-03-15 09:06:52,117 - Mon Mar 15 09:06:52 2021 - DRED1


2021-03-15 09:08:08,211 - Mon Mar 15 09:08:08 2021 - DRED1

gr-osmosdr 0.1.4 (0.1.4) gnuradio 3.7.13.4
built-in sink types: uhd hackrf bladerf soapy redpitaya freesrp file 
[32;1m[INFO] [UHD] [39;0mlinux; GNU C++ version 8.2.0; Boost_106700; UHD_3.13.1.0-3

RtApiAlsa::getDeviceInfo: snd_pcm_open error for device (default), No such file or directory.

Using HackRF One with firmware 2018.01.1 
UU
2021-03-15 09:22:06,069 - Mon Mar 15 09:22:06 2021 - Scanning for devices. Please wait...
2021-03-15 09:22:06,071 - Mon Mar 15 09:22:06 2021 - Scanning: ['DRED1']
2021-03-15 09:22:06,135 - Mon Mar 15 09:22:06 2021 - Missing:  []
2021-03-15 09:22:06,135 - Mon Mar 15 09:22:06 2021 - Found:    ['DRED1']
2021-03-15 09:22:06,135 - Mon Mar 15 09:22:06 2021 - Select Device to operate with the drop down above...
2021-03-15 09:23:01,986 - Mon Mar 15 09:23:01 2021 - Scanning for devices. Please wait...
2021-03-15 09:23:01,989 - Mon Mar 15 09:23:01 2021 - Scanning: ['DRED1']
2021-03-15 09:23:02,090 - Mon Mar 15 09:23:02 2021 - Missing:  []
2021-03-15 09:23:02,090 - Mon Mar 15 09:23:02 2021 - Found:    ['DRED1']
2021-03-15 09:23:02,090 - Mon Mar 15 09:23:02 2021 - Select Device to operate with the drop down above...
2021-03-15 09:34:55,521 - Mon Mar 15 09:34:55 2021 - Scanning for devices. Please wait...
2021-03-15 09:34:55,523 - Mon Mar 15 09:34:55 2021 - Scanning: ['DRED1']
2021-03-15 09:34:55,589 - Mon Mar 15 09:34:55 2021 - Missing:  []
2021-03-15 09:34:55,589 - Mon Mar 15 09:34:55 2021 - Found:    ['DRED1']
2021-03-15 09:34:55,589 - Mon Mar 15 09:34:55 2021 - Select Device to operate with the drop down above...
2021-03-15 09:37:45,288 - Mon Mar 15 09:37:45 2021 - Scanning for devices. Please wait...
2021-03-15 09:37:45,290 - Mon Mar 15 09:37:45 2021 - Scanning: ['DRED1']
2021-03-15 09:37:45,353 - Mon Mar 15 09:37:45 2021 - Missing:  []
2021-03-15 09:37:45,353 - Mon Mar 15 09:37:45 2021 - Found:    ['DRED1']
2021-03-15 09:37:45,353 - Mon Mar 15 09:37:45 2021 - Select Device to operate with the drop down above...
2021-03-15 09:38:14,740 - Mon Mar 15 09:38:14 2021 - Invalid content in Hours field
2021-03-15 09:38:22,911 - Mon Mar 15 09:38:22 2021 - DRED1


2021-03-15 09:38:23,805 - Mon Mar 15 09:38:23 2021 - DRED1


2021-03-15 09:39:00,763 - Mon Mar 15 09:39:00 2021 - DRED1


2021-03-15 09:40:43,674 - Mon Mar 15 09:40:43 2021 - Missing:  []
2021-03-15 09:40:43,674 - Mon Mar 15 09:40:43 2021 - Found:    ['DRED1']
2021-03-15 09:40:43,674 - Mon Mar 15 09:40:43 2021 - Select Device to operate with the drop down above...
2021-03-15 09:41:13,073 - Mon Mar 15 09:41:13 2021 - DRED1


2021-03-15 09:41:13,974 - Mon Mar 15 09:41:13 2021 - DRED1


2021-03-15 09:42:34,878 - Mon Mar 15 09:42:34 2021 - Scanning for devices. Please wait...
2021-03-15 09:42:34,878 - Mon Mar 15 09:42:34 2021 - Scanning: ['DRED1']
2021-03-15 09:42:34,993 - Mon Mar 15 09:42:34 2021 - Missing:  []
2021-03-15 09:42:34,993 - Mon Mar 15 09:42:34 2021 - Found:    ['DRED1']
2021-03-15 09:42:34,993 - Mon Mar 15 09:42:34 2021 - Select Device to operate with the drop down above...
2021-03-15 09:42:38,419 - Mon Mar 15 09:42:38 2021 - DRED1


2021-03-15 09:43:14,528 - Mon Mar 15 09:43:14 2021 - DRED1


2021-03-15 09:43:15,358 - Mon Mar 15 09:43:15 2021 - DRED1


2021-03-15 09:43:58,597 - Mon Mar 15 09:43:58 2021 - DRED1


2021-03-15 09:44:27,544 - Mon Mar 15 09:44:27 2021 - DRED1


2021-03-15 09:44:28,461 - Mon Mar 15 09:44:28 2021 - DRED1


2021-03-15 09:51:48,421 - Mon Mar 15 09:51:48 2021 - Scanning for devices. Please wait...
2021-03-15 09:51:48,422 - Mon Mar 15 09:51:48 2021 - Scanning: ['DRED1']
2021-03-15 09:51:48,515 - Mon Mar 15 09:51:48 2021 - Missing:  []
2021-03-15 09:51:48,516 - Mon Mar 15 09:51:48 2021 - Found:    ['DRED1']
2021-03-15 09:51:48,516 - Mon Mar 15 09:51:48 2021 - Select Device to operate with the drop down above...
2021-03-15 09:52:13,972 - Mon Mar 15 09:52:13 2021 - DRED1


2021-03-15 09:52:14,861 - Mon Mar 15 09:52:14 2021 - DRED1


2021-03-15 09:52:52,588 - Mon Mar 15 09:52:52 2021 - DRED1


2021-03-15 09:52:53,637 - Mon Mar 15 09:52:53 2021 - DRED1


2021-03-15 09:53:06,436 - Mon Mar 15 09:53:06 2021 - DRED1


2021-03-15 09:58:57,723 - Mon Mar 15 09:58:57 2021 - Scanning for devices. Please wait...
2021-03-15 09:58:57,725 - Mon Mar 15 09:58:57 2021 - Scanning: ['DRED1']
2021-03-15 09:58:57,800 - Mon Mar 15 09:58:57 2021 - Missing:  []
2021-03-15 09:58:57,800 - Mon Mar 15 09:58:57 2021 - Found:    ['DRED1']
2021-03-15 09:58:57,800 - Mon Mar 15 09:58:57 2021 - Select Device to operate with the drop down above...
2021-03-15 10:00:46,330 - Mon Mar 15 10:00:46 2021 - Invalid content in Day of Month field
2021-03-15 10:03:13,115 - Mon Mar 15 10:03:13 2021 - Scanning for devices. Please wait...
2021-03-15 10:03:13,117 - Mon Mar 15 10:03:13 2021 - Scanning: ['DRED1']
2021-03-15 10:03:16,947 - Mon Mar 15 10:03:16 2021 - Missing:  []
2021-03-15 10:03:16,947 - Mon Mar 15 10:03:16 2021 - Found:    ['DRED1']
2021-03-15 10:03:16,947 - Mon Mar 15 10:03:16 2021 - Select Device to operate with the drop down above...
2021-03-15 10:03:36,063 - Mon Mar 15 10:03:36 2021 - Invalid content in Day of Month field
2021-03-15 10:03:46,858 - Mon Mar 15 10:03:46 2021 - Invalid content in Day of Month field
2021-03-15 10:06:10,883 - Mon Mar 15 10:06:10 2021 - Scanning for devices. Please wait...
2021-03-15 10:06:10,885 - Mon Mar 15 10:06:10 2021 - Scanning: ['DRED1']
2021-03-15 10:06:13,943 - Mon Mar 15 10:06:13 2021 - Missing:  ['DRED1']
2021-03-15 10:06:13,943 - Mon Mar 15 10:06:13 2021 - Found:    []
2021-03-15 10:06:13,944 - Mon Mar 15 10:06:13 2021 - No DREDs loaded. Check Power and Wifi connections...
2021-03-15 10:06:51,117 - Mon Mar 15 10:06:51 2021 - Invalid content in Day of Month field
2021-03-15 10:11:42,667 - Mon Mar 15 10:11:42 2021 - Invalid content in Day of Month field
2021-03-15 10:12:06,644 - Mon Mar 15 10:12:06 2021 - Invalid content in Month field
2021-03-15 10:12:18,275 - Mon Mar 15 10:12:18 2021 - 

ssh: connect to host 0.0.0.0 port 22: Unknown error

2021-03-15 10:12:18,308 - Mon Mar 15 10:12:18 2021 - 

ssh: connect to host 0.0.0.0 port 22: Unknown error

2021-03-15 10:12:30,472 - Mon Mar 15 10:12:30 2021 - Invalid content in Day of Month field
2021-03-15 10:12:46,102 - Mon Mar 15 10:12:46 2021 - 

ssh: connect to host 0.0.0.0 port 22: Unknown error

2021-03-15 10:12:46,134 - Mon Mar 15 10:12:46 2021 - 

ssh: connect to host 0.0.0.0 port 22: Unknown error

2021-03-15 10:14:28,227 - Mon Mar 15 10:14:28 2021 - Invalid content in Day of Month field
2021-03-15 10:14:39,628 - Mon Mar 15 10:14:39 2021 - Invalid content in Month field
2021-03-15 10:15:31,514 - Mon Mar 15 10:15:31 2021 - Invalid content in Day of Month field
2021-03-15 10:17:53,112 - Mon Mar 15 10:17:53 2021 - Invalid content in Hours field
2021-03-15 10:18:00,116 - Mon Mar 15 10:18:00 2021 - Invalid content in Month field
2021-03-15 10:18:08,794 - Mon Mar 15 10:18:08 2021 - 

ssh: connect to host 0.0.0.0 port 22: Unknown error

2021-03-15 10:18:08,826 - Mon Mar 15 10:18:08 2021 - 

ssh: connect to host 0.0.0.0 port 22: Unknown error

2021-03-15 10:19:14,451 - Mon Mar 15 10:19:14 2021 - Invalid content in Day of Month field
2021-03-15 10:23:41,359 - Mon Mar 15 10:23:41 2021 - Invalid content in Day of Month field
2021-03-15 10:25:37,588 - Mon Mar 15 10:25:37 2021 - 

ssh: connect to host 0.0.0.0 port 22: Unknown error

2021-03-15 10:25:37,622 - Mon Mar 15 10:25:37 2021 - 

ssh: connect to host 0.0.0.0 port 22: Unknown error

2021-03-15 10:26:35,803 - Mon Mar 15 10:26:35 2021 - 

ssh: connect to host 0.0.0.0 port 22: Unknown error

2021-03-15 10:26:35,835 - Mon Mar 15 10:26:35 2021 - 

ssh: connect to host 0.0.0.0 port 22: Unknown error

2021-03-15 10:26:46,804 - Mon Mar 15 10:26:46 2021 - 

ssh: connect to host 0.0.0.0 port 22: Unknown error

2021-03-15 10:26:46,837 - Mon Mar 15 10:26:46 2021 - 

ssh: connect to host 0.0.0.0 port 22: Unknown error

2021-03-15 10:28:12,326 - Mon Mar 15 10:28:12 2021 - Invalid content in Day of Month field
2021-03-15 10:28:21,430 - Mon Mar 15 10:28:21 2021 - Invalid content in Day of Month field
2021-03-15 10:28:54,998 - Mon Mar 15 10:28:54 2021 - Invalid content in Day of Month field
2021-03-15 10:30:15,277 - Mon Mar 15 10:30:15 2021 - Invalid content in Day of Month field
2021-03-15 10:30:29,748 - Mon Mar 15 10:30:29 2021 - 

ssh: connect to host 0.0.0.0 port 22: Unknown error

2021-03-15 10:30:29,779 - Mon Mar 15 10:30:29 2021 - 

ssh: connect to host 0.0.0.0 port 22: Unknown error

2021-03-15 10:30:39,066 - Mon Mar 15 10:30:39 2021 - Invalid content in Day of Month field
2021-03-15 10:33:33,114 - Mon Mar 15 10:33:33 2021 - Invalid content in Day of Month field
2021-03-15 10:33:47,178 - Mon Mar 15 10:33:47 2021 - Invalid content in Minutes field
2021-03-15 10:34:04,038 - Mon Mar 15 10:34:04 2021 - Invalid content in Minutes field
2021-03-15 10:34:17,936 - Mon Mar 15 10:34:17 2021 - Invalid content in Minutes field
2021-03-15 10:34:33,803 - Mon Mar 15 10:34:33 2021 - Invalid content in Minutes field
2021-03-15 10:34:49,070 - Mon Mar 15 10:34:49 2021 - Invalid content in Minutes field
2021-03-15 10:37:11,638 - Mon Mar 15 10:37:11 2021 - 

ssh: connect to host 0.0.0.0 port 22: Unknown error

2021-03-15 10:37:11,669 - Mon Mar 15 10:37:11 2021 - 

ssh: connect to host 0.0.0.0 port 22: Unknown error

2021-03-15 10:37:32,555 - Mon Mar 15 10:37:32 2021 - 

ssh: connect to host 0.0.0.0 port 22: Unknown error

2021-03-15 10:37:32,586 - Mon Mar 15 10:37:32 2021 - 

ssh: connect to host 0.0.0.0 port 22: Unknown error

2021-03-15 10:37:45,505 - Mon Mar 15 10:37:45 2021 - Invalid content in Minutes field
2021-03-15 10:38:59,998 - Mon Mar 15 10:38:59 2021 - Invalid content in Minutes field
2021-03-15 10:39:54,692 - Mon Mar 15 10:39:54 2021 - Invalid content in Minutes field
2021-03-15 10:42:12,433 - Mon Mar 15 10:42:12 2021 - One or more fields are empty.
2021-03-15 10:42:18,699 - Mon Mar 15 10:42:18 2021 - Invalid content in Minutes field
2021-03-15 10:42:24,428 - Mon Mar 15 10:42:24 2021 - Invalid content in Minutes field
2021-03-15 10:42:25,020 - Mon Mar 15 10:42:25 2021 - Invalid content in Minutes field
2021-03-15 10:42:25,478 - Mon Mar 15 10:42:25 2021 - Invalid content in Minutes field
2021-03-15 10:43:17,194 - Mon Mar 15 10:43:17 2021 - 

ssh: connect to host 0.0.0.0 port 22: Unknown error

2021-03-15 10:43:17,225 - Mon Mar 15 10:43:17 2021 - 

ssh: connect to host 0.0.0.0 port 22: Unknown error

2021-03-15 10:43:23,702 - Mon Mar 15 10:43:23 2021 - 

ssh: connect to host 0.0.0.0 port 22: Unknown error

2021-03-15 10:43:23,736 - Mon Mar 15 10:43:23 2021 - 

ssh: connect to host 0.0.0.0 port 22: Unknown error

2021-03-15 10:43:27,786 - Mon Mar 15 10:43:27 2021 - Invalid content in Minutes field
2021-03-15 10:43:29,370 - Mon Mar 15 10:43:29 2021 - Invalid content in Minutes field
2021-03-15 10:43:38,686 - Mon Mar 15 10:43:38 2021 - 

ssh: connect to host 0.0.0.0 port 22: Unknown error

2021-03-15 10:43:38,717 - Mon Mar 15 10:43:38 2021 - 

ssh: connect to host 0.0.0.0 port 22: Unknown error

2021-03-15 10:43:58,676 - Mon Mar 15 10:43:58 2021 - Invalid content in Minutes field
2021-03-15 10:43:59,604 - Mon Mar 15 10:43:59 2021 - Invalid content in Minutes field
2021-03-15 10:44:00,004 - Mon Mar 15 10:44:00 2021 - Invalid content in Minutes field
2021-03-15 10:44:03,254 - Mon Mar 15 10:44:03 2021 - Invalid content in Minutes field
2021-03-15 10:44:06,960 - Mon Mar 15 10:44:06 2021 - Invalid content in Minutes field
2021-03-15 10:44:14,040 - Mon Mar 15 10:44:14 2021 - Invalid content in Minutes field
2021-03-15 10:44:22,734 - Mon Mar 15 10:44:22 2021 - 

ssh: connect to host 0.0.0.0 port 22: Unknown error

2021-03-15 10:44:22,767 - Mon Mar 15 10:44:22 2021 - 

ssh: connect to host 0.0.0.0 port 22: Unknown error

2021-03-15 10:44:26,088 - Mon Mar 15 10:44:26 2021 - 

ssh: connect to host 0.0.0.0 port 22: Unknown error

2021-03-15 10:44:26,118 - Mon Mar 15 10:44:26 2021 - 

ssh: connect to host 0.0.0.0 port 22: Unknown error

2021-03-15 10:44:55,549 - Mon Mar 15 10:44:55 2021 - Invalid content in Minutes field
2021-03-15 10:44:56,204 - Mon Mar 15 10:44:56 2021 - Invalid content in Minutes field
2021-03-15 10:44:56,699 - Mon Mar 15 10:44:56 2021 - Invalid content in Minutes field
2021-03-15 10:44:57,228 - Mon Mar 15 10:44:57 2021 - Invalid content in Minutes field
2021-03-15 10:45:11,725 - Mon Mar 15 10:45:11 2021 - 

ssh: connect to host 0.0.0.0 port 22: Unknown error

2021-03-15 10:45:11,757 - Mon Mar 15 10:45:11 2021 - 

ssh: connect to host 0.0.0.0 port 22: Unknown error

2021-03-15 10:46:19,501 - Mon Mar 15 10:46:19 2021 - Invalid content in Minutes field
2021-03-15 10:46:20,253 - Mon Mar 15 10:46:20 2021 - Invalid content in Minutes field
2021-03-15 10:47:56,358 - Mon Mar 15 10:47:56 2021 - Invalid content in Minutes field
2021-03-15 10:47:57,429 - Mon Mar 15 10:47:57 2021 - Invalid content in Minutes field
2021-03-15 10:47:58,077 - Mon Mar 15 10:47:58 2021 - Invalid content in Minutes field
2021-03-15 10:48:09,176 - Mon Mar 15 10:48:09 2021 - Invalid content in Minutes field
2021-03-15 10:48:45,814 - Mon Mar 15 10:48:45 2021 - Invalid content in Minutes field
2021-03-15 10:48:46,293 - Mon Mar 15 10:48:46 2021 - Invalid content in Minutes field
2021-03-15 10:48:46,606 - Mon Mar 15 10:48:46 2021 - Invalid content in Minutes field
2021-03-15 10:48:46,781 - Mon Mar 15 10:48:46 2021 - Invalid content in Minutes field
2021-03-15 10:50:17,606 - Mon Mar 15 10:50:17 2021 - One or more fields are empty.
2021-03-15 10:50:27,579 - Mon Mar 15 10:50:27 2021 - Invalid content in Minutes field
2021-03-15 10:50:28,335 - Mon Mar 15 10:50:28 2021 - Invalid content in Minutes field
2021-03-15 10:50:57,932 - Mon Mar 15 10:50:57 2021 - 

ssh: connect to host 0.0.0.0 port 22: Unknown error

2021-03-15 10:50:57,964 - Mon Mar 15 10:50:57 2021 - 

ssh: connect to host 0.0.0.0 port 22: Unknown error

2021-03-15 10:51:03,169 - Mon Mar 15 10:51:03 2021 - 

ssh: connect to host 0.0.0.0 port 22: Unknown error

2021-03-15 10:51:03,202 - Mon Mar 15 10:51:03 2021 - 

ssh: connect to host 0.0.0.0 port 22: Unknown error

2021-03-15 10:51:08,194 - Mon Mar 15 10:51:08 2021 - 

ssh: connect to host 0.0.0.0 port 22: Unknown error

2021-03-15 10:51:08,224 - Mon Mar 15 10:51:08 2021 - 

ssh: connect to host 0.0.0.0 port 22: Unknown error

2021-03-15 10:52:13,732 - Mon Mar 15 10:52:13 2021 - 

ssh: connect to host 0.0.0.0 port 22: Unknown error

2021-03-15 10:52:13,769 - Mon Mar 15 10:52:13 2021 - 

ssh: connect to host 0.0.0.0 port 22: Unknown error

2021-03-15 10:52:19,302 - Mon Mar 15 10:52:19 2021 - Invalid content in Day of Month field
2021-03-15 10:52:48,993 - Mon Mar 15 10:52:48 2021 - Invalid content in Day of Month field
2021-03-15 10:53:38,108 - Mon Mar 15 10:53:38 2021 - 

ssh: connect to host 0.0.0.0 port 22: Unknown error

2021-03-15 10:53:38,140 - Mon Mar 15 10:53:38 2021 - 

ssh: connect to host 0.0.0.0 port 22: Unknown error

2021-03-15 10:53:42,066 - Mon Mar 15 10:53:42 2021 - 

ssh: connect to host 0.0.0.0 port 22: Unknown error

2021-03-15 10:53:42,097 - Mon Mar 15 10:53:42 2021 - 

ssh: connect to host 0.0.0.0 port 22: Unknown error

2021-03-15 10:53:49,463 - Mon Mar 15 10:53:49 2021 - Invalid content in Day of Month field
2021-03-15 10:54:01,645 - Mon Mar 15 10:54:01 2021 - 

ssh: connect to host 0.0.0.0 port 22: Unknown error

2021-03-15 10:54:01,677 - Mon Mar 15 10:54:01 2021 - 

ssh: connect to host 0.0.0.0 port 22: Unknown error

2021-03-15 10:57:53,812 - Mon Mar 15 10:57:53 2021 - Invalid content in Day of Month field
2021-03-15 10:59:03,091 - Mon Mar 15 10:59:03 2021 - Invalid content in Day of Month field
2021-03-15 10:59:17,988 - Mon Mar 15 10:59:17 2021 - 

ssh: connect to host 0.0.0.0 port 22: Unknown error

2021-03-15 10:59:18,022 - Mon Mar 15 10:59:18 2021 - 

ssh: connect to host 0.0.0.0 port 22: Unknown error

2021-03-15 10:59:26,418 - Mon Mar 15 10:59:26 2021 - 

ssh: connect to host 0.0.0.0 port 22: Unknown error

2021-03-15 10:59:26,451 - Mon Mar 15 10:59:26 2021 - 

ssh: connect to host 0.0.0.0 port 22: Unknown error

2021-03-15 10:59:43,688 - Mon Mar 15 10:59:43 2021 - 

ssh: connect to host 0.0.0.0 port 22: Unknown error

2021-03-15 10:59:43,720 - Mon Mar 15 10:59:43 2021 - 

ssh: connect to host 0.0.0.0 port 22: Unknown error

2021-03-15 10:59:59,774 - Mon Mar 15 10:59:59 2021 - 

ssh: connect to host 0.0.0.0 port 22: Unknown error

2021-03-15 10:59:59,805 - Mon Mar 15 10:59:59 2021 - 

ssh: connect to host 0.0.0.0 port 22: Unknown error

2021-03-15 11:00:13,884 - Mon Mar 15 11:00:13 2021 - Invalid content in Day of Month field
2021-03-15 11:07:13,068 - Mon Mar 15 11:07:13 2021 - Invalid content in Day of Month field
2021-03-15 11:09:32,679 - Mon Mar 15 11:09:32 2021 - 

ssh: connect to host 0.0.0.0 port 22: Unknown error

2021-03-15 11:09:32,710 - Mon Mar 15 11:09:32 2021 - 

ssh: connect to host 0.0.0.0 port 22: Unknown error

2021-03-15 11:10:09,001 - Mon Mar 15 11:10:09 2021 - 

ssh: connect to host 0.0.0.0 port 22: Unknown error

2021-03-15 11:10:09,033 - Mon Mar 15 11:10:09 2021 - 

ssh: connect to host 0.0.0.0 port 22: Unknown error

2021-03-15 11:10:20,763 - Mon Mar 15 11:10:20 2021 - 

ssh: connect to host 0.0.0.0 port 22: Unknown error

2021-03-15 11:10:20,798 - Mon Mar 15 11:10:20 2021 - 

ssh: connect to host 0.0.0.0 port 22: Unknown error

2021-03-15 11:10:32,435 - Mon Mar 15 11:10:32 2021 - 

ssh: connect to host 0.0.0.0 port 22: Unknown error

2021-03-15 11:10:32,466 - Mon Mar 15 11:10:32 2021 - 

ssh: connect to host 0.0.0.0 port 22: Unknown error

2021-03-15 11:14:24,778 - Mon Mar 15 11:14:24 2021 - Invalid content in Hours field
2021-03-15 11:14:36,152 - Mon Mar 15 11:14:36 2021 - Invalid content in Hours field
2021-03-15 11:14:52,530 - Mon Mar 15 11:14:52 2021 - Invalid content in Hours field
2021-03-15 11:15:25,218 - Mon Mar 15 11:15:25 2021 - Invalid content in Hours field
2021-03-15 11:17:48,353 - Mon Mar 15 11:17:48 2021 - 

ssh: connect to host 0.0.0.0 port 22: Unknown error

2021-03-15 11:17:48,384 - Mon Mar 15 11:17:48 2021 - 

ssh: connect to host 0.0.0.0 port 22: Unknown error

2021-03-15 11:17:54,492 - Mon Mar 15 11:17:54 2021 - 

ssh: connect to host 0.0.0.0 port 22: Unknown error

2021-03-15 11:17:54,522 - Mon Mar 15 11:17:54 2021 - 

ssh: connect to host 0.0.0.0 port 22: Unknown error

2021-03-15 11:18:04,711 - Mon Mar 15 11:18:04 2021 - 

ssh: connect to host 0.0.0.0 port 22: Unknown error

2021-03-15 11:18:04,744 - Mon Mar 15 11:18:04 2021 - 

ssh: connect to host 0.0.0.0 port 22: Unknown error

2021-03-15 11:19:17,089 - Mon Mar 15 11:19:17 2021 - 

ssh: connect to host 0.0.0.0 port 22: Unknown error

2021-03-15 11:19:17,120 - Mon Mar 15 11:19:17 2021 - 

ssh: connect to host 0.0.0.0 port 22: Unknown error

2021-03-15 11:19:21,167 - Mon Mar 15 11:19:21 2021 - 

ssh: connect to host 0.0.0.0 port 22: Unknown error

2021-03-15 11:19:21,200 - Mon Mar 15 11:19:21 2021 - 

ssh: connect to host 0.0.0.0 port 22: Unknown error

2021-03-15 11:19:26,436 - Mon Mar 15 11:19:26 2021 - 

ssh: connect to host 0.0.0.0 port 22: Unknown error

2021-03-15 11:19:26,467 - Mon Mar 15 11:19:26 2021 - 

ssh: connect to host 0.0.0.0 port 22: Unknown error

2021-03-15 11:19:38,857 - Mon Mar 15 11:19:38 2021 - 

ssh: connect to host 0.0.0.0 port 22: Unknown error

2021-03-15 11:19:38,888 - Mon Mar 15 11:19:38 2021 - 

ssh: connect to host 0.0.0.0 port 22: Unknown error

2021-03-15 11:22:55,109 - Mon Mar 15 11:22:55 2021 - 

ssh: connect to host 0.0.0.0 port 22: Unknown error

2021-03-15 11:22:55,141 - Mon Mar 15 11:22:55 2021 - 

ssh: connect to host 0.0.0.0 port 22: Unknown error

2021-03-15 11:23:06,002 - Mon Mar 15 11:23:06 2021 - 

ssh: connect to host 0.0.0.0 port 22: Unknown error

2021-03-15 11:23:06,033 - Mon Mar 15 11:23:06 2021 - 

ssh: connect to host 0.0.0.0 port 22: Unknown error

2021-03-15 11:23:18,521 - Mon Mar 15 11:23:18 2021 - 

ssh: connect to host 0.0.0.0 port 22: Unknown error

2021-03-15 11:23:18,552 - Mon Mar 15 11:23:18 2021 - 

ssh: connect to host 0.0.0.0 port 22: Unknown error

2021-03-15 11:23:22,620 - Mon Mar 15 11:23:22 2021 - 

ssh: connect to host 0.0.0.0 port 22: Unknown error

2021-03-15 11:23:22,650 - Mon Mar 15 11:23:22 2021 - 

ssh: connect to host 0.0.0.0 port 22: Unknown error

2021-03-15 11:23:33,053 - Mon Mar 15 11:23:33 2021 - 

ssh: connect to host 0.0.0.0 port 22: Unknown error

2021-03-15 11:23:33,084 - Mon Mar 15 11:23:33 2021 - 

ssh: connect to host 0.0.0.0 port 22: Unknown error

2021-03-15 11:26:01,740 - Mon Mar 15 11:26:01 2021 - 

ssh: connect to host 0.0.0.0 port 22: Unknown error

2021-03-15 11:26:01,771 - Mon Mar 15 11:26:01 2021 - 

ssh: connect to host 0.0.0.0 port 22: Unknown error

2021-03-15 11:26:23,364 - Mon Mar 15 11:26:23 2021 - 

ssh: connect to host 0.0.0.0 port 22: Unknown error

2021-03-15 11:26:23,397 - Mon Mar 15 11:26:23 2021 - 

ssh: connect to host 0.0.0.0 port 22: Unknown error

2021-03-15 11:26:28,657 - Mon Mar 15 11:26:28 2021 - 

ssh: connect to host 0.0.0.0 port 22: Unknown error

2021-03-15 11:26:28,688 - Mon Mar 15 11:26:28 2021 - 

ssh: connect to host 0.0.0.0 port 22: Unknown error

2021-03-15 11:26:34,321 - Mon Mar 15 11:26:34 2021 - 

ssh: connect to host 0.0.0.0 port 22: Unknown error

2021-03-15 11:26:34,353 - Mon Mar 15 11:26:34 2021 - 

ssh: connect to host 0.0.0.0 port 22: Unknown error

2021-03-15 11:28:05,579 - Mon Mar 15 11:28:05 2021 - 

ssh: connect to host 0.0.0.0 port 22: Unknown error

2021-03-15 11:28:05,610 - Mon Mar 15 11:28:05 2021 - 

ssh: connect to host 0.0.0.0 port 22: Unknown error

2021-03-15 11:28:11,948 - Mon Mar 15 11:28:11 2021 - 

ssh: connect to host 0.0.0.0 port 22: Unknown error

2021-03-15 11:28:11,978 - Mon Mar 15 11:28:11 2021 - 

ssh: connect to host 0.0.0.0 port 22: Unknown error

2021-03-15 11:29:36,589 - Mon Mar 15 11:29:36 2021 - 

ssh: connect to host 0.0.0.0 port 22: Unknown error

2021-03-15 11:29:36,620 - Mon Mar 15 11:29:36 2021 - 

ssh: connect to host 0.0.0.0 port 22: Unknown error

2021-03-15 11:29:48,663 - Mon Mar 15 11:29:48 2021 - 

ssh: connect to host 0.0.0.0 port 22: Unknown error

2021-03-15 11:29:48,694 - Mon Mar 15 11:29:48 2021 - 

ssh: connect to host 0.0.0.0 port 22: Unknown error

2021-03-15 11:29:55,802 - Mon Mar 15 11:29:55 2021 - 

ssh: connect to host 0.0.0.0 port 22: Unknown error

2021-03-15 11:29:55,835 - Mon Mar 15 11:29:55 2021 - 

ssh: connect to host 0.0.0.0 port 22: Unknown error

2021-03-15 11:31:58,263 - Mon Mar 15 11:31:58 2021 - 

ssh: connect to host 0.0.0.0 port 22: Unknown error

2021-03-15 11:31:58,295 - Mon Mar 15 11:31:58 2021 - 

ssh: connect to host 0.0.0.0 port 22: Unknown error

2021-03-15 11:32:03,320 - Mon Mar 15 11:32:03 2021 - 

ssh: connect to host 0.0.0.0 port 22: Unknown error

2021-03-15 11:32:03,353 - Mon Mar 15 11:32:03 2021 - 

ssh: connect to host 0.0.0.0 port 22: Unknown error

2021-03-15 11:32:10,317 - Mon Mar 15 11:32:10 2021 - 

ssh: connect to host 0.0.0.0 port 22: Unknown error

2021-03-15 11:32:10,348 - Mon Mar 15 11:32:10 2021 - 

ssh: connect to host 0.0.0.0 port 22: Unknown error

2021-03-15 11:32:43,916 - Mon Mar 15 11:32:43 2021 - One or more fields are empty.
2021-03-15 11:32:49,099 - Mon Mar 15 11:32:49 2021 - 

ssh: connect to host 0.0.0.0 port 22: Unknown error

2021-03-15 11:32:49,131 - Mon Mar 15 11:32:49 2021 - 

ssh: connect to host 0.0.0.0 port 22: Unknown error

2021-03-15 11:33:00,301 - Mon Mar 15 11:33:00 2021 - 

ssh: connect to host 0.0.0.0 port 22: Unknown error

2021-03-15 11:33:00,332 - Mon Mar 15 11:33:00 2021 - 

ssh: connect to host 0.0.0.0 port 22: Unknown error

2021-03-15 11:33:07,318 - Mon Mar 15 11:33:07 2021 - Invalid content in Hours field
2021-03-15 11:33:11,862 - Mon Mar 15 11:33:11 2021 - Invalid content in Hours field
2021-03-15 11:33:31,223 - Mon Mar 15 11:33:31 2021 - Invalid content in Hours field
2021-03-15 11:33:49,175 - Mon Mar 15 11:33:49 2021 - 

ssh: connect to host 0.0.0.0 port 22: Unknown error

2021-03-15 11:33:49,207 - Mon Mar 15 11:33:49 2021 - 

ssh: connect to host 0.0.0.0 port 22: Unknown error

2021-03-15 11:34:31,960 - Mon Mar 15 11:34:31 2021 - Invalid content in Month field
2021-03-15 11:35:06,209 - Mon Mar 15 11:35:06 2021 - 

ssh: connect to host 0.0.0.0 port 22: Unknown error

2021-03-15 11:35:06,240 - Mon Mar 15 11:35:06 2021 - 

ssh: connect to host 0.0.0.0 port 22: Unknown error

2021-03-15 11:35:10,043 - Mon Mar 15 11:35:10 2021 - Invalid content in Month field
2021-03-15 11:36:22,992 - Mon Mar 15 11:36:22 2021 - Invalid content in Month field
2021-03-15 11:36:52,639 - Mon Mar 15 11:36:52 2021 - 

ssh: connect to host 0.0.0.0 port 22: Unknown error

2021-03-15 11:36:52,669 - Mon Mar 15 11:36:52 2021 - 

ssh: connect to host 0.0.0.0 port 22: Unknown error

2021-03-15 11:36:57,013 - Mon Mar 15 11:36:57 2021 - 

ssh: connect to host 0.0.0.0 port 22: Unknown error

2021-03-15 11:36:57,044 - Mon Mar 15 11:36:57 2021 - 

ssh: connect to host 0.0.0.0 port 22: Unknown error

2021-03-15 11:37:02,325 - Mon Mar 15 11:37:02 2021 - 

ssh: connect to host 0.0.0.0 port 22: Unknown error

2021-03-15 11:37:02,357 - Mon Mar 15 11:37:02 2021 - 

ssh: connect to host 0.0.0.0 port 22: Unknown error

2021-03-15 11:37:07,260 - Mon Mar 15 11:37:07 2021 - 

ssh: connect to host 0.0.0.0 port 22: Unknown error

2021-03-15 11:37:07,291 - Mon Mar 15 11:37:07 2021 - 

ssh: connect to host 0.0.0.0 port 22: Unknown error

2021-03-15 11:37:32,194 - Mon Mar 15 11:37:32 2021 - 

ssh: connect to host 0.0.0.0 port 22: Unknown error

2021-03-15 11:37:32,225 - Mon Mar 15 11:37:32 2021 - 

ssh: connect to host 0.0.0.0 port 22: Unknown error

2021-03-15 11:37:35,763 - Mon Mar 15 11:37:35 2021 - 

ssh: connect to host 0.0.0.0 port 22: Unknown error

2021-03-15 11:37:35,794 - Mon Mar 15 11:37:35 2021 - 

ssh: connect to host 0.0.0.0 port 22: Unknown error

2021-03-15 11:37:40,018 - Mon Mar 15 11:37:40 2021 - 

ssh: connect to host 0.0.0.0 port 22: Unknown error

2021-03-15 11:37:40,049 - Mon Mar 15 11:37:40 2021 - 

ssh: connect to host 0.0.0.0 port 22: Unknown error

2021-03-15 11:43:19,732 - Mon Mar 15 11:43:19 2021 - One or more fields are empty.
2021-03-15 11:43:26,374 - Mon Mar 15 11:43:26 2021 - 

ssh: connect to host 0.0.0.0 port 22: Unknown error

2021-03-15 11:43:26,406 - Mon Mar 15 11:43:26 2021 - 

ssh: connect to host 0.0.0.0 port 22: Unknown error

2021-03-15 11:43:36,434 - Mon Mar 15 11:43:36 2021 - 

ssh: connect to host 0.0.0.0 port 22: Unknown error

2021-03-15 11:43:36,468 - Mon Mar 15 11:43:36 2021 - 

ssh: connect to host 0.0.0.0 port 22: Unknown error

2021-03-15 11:43:50,935 - Mon Mar 15 11:43:50 2021 - 

ssh: connect to host 0.0.0.0 port 22: Unknown error

2021-03-15 11:43:50,966 - Mon Mar 15 11:43:50 2021 - 

ssh: connect to host 0.0.0.0 port 22: Unknown error

2021-03-15 11:44:25,910 - Mon Mar 15 11:44:25 2021 - 

ssh: connect to host 0.0.0.0 port 22: Unknown error

2021-03-15 11:44:25,941 - Mon Mar 15 11:44:25 2021 - 

ssh: connect to host 0.0.0.0 port 22: Unknown error

2021-03-15 11:44:29,622 - Mon Mar 15 11:44:29 2021 - 

ssh: connect to host 0.0.0.0 port 22: Unknown error

2021-03-15 11:44:29,654 - Mon Mar 15 11:44:29 2021 - 

ssh: connect to host 0.0.0.0 port 22: Unknown error

2021-03-15 11:44:43,919 - Mon Mar 15 11:44:43 2021 - 

ssh: connect to host 0.0.0.0 port 22: Unknown error

2021-03-15 11:44:43,953 - Mon Mar 15 11:44:43 2021 - 

ssh: connect to host 0.0.0.0 port 22: Unknown error

2021-03-15 11:44:49,471 - Mon Mar 15 11:44:49 2021 - 

ssh: connect to host 0.0.0.0 port 22: Unknown error

2021-03-15 11:44:49,501 - Mon Mar 15 11:44:49 2021 - 

ssh: connect to host 0.0.0.0 port 22: Unknown error

2021-03-15 11:44:54,385 - Mon Mar 15 11:44:54 2021 - 

ssh: connect to host 0.0.0.0 port 22: Unknown error

2021-03-15 11:44:54,416 - Mon Mar 15 11:44:54 2021 - 

ssh: connect to host 0.0.0.0 port 22: Unknown error

2021-03-15 11:44:58,145 - Mon Mar 15 11:44:58 2021 - 

ssh: connect to host 0.0.0.0 port 22: Unknown error

2021-03-15 11:44:58,177 - Mon Mar 15 11:44:58 2021 - 

ssh: connect to host 0.0.0.0 port 22: Unknown error

2021-03-15 11:45:01,274 - Mon Mar 15 11:45:01 2021 - 

ssh: connect to host 0.0.0.0 port 22: Unknown error

2021-03-15 11:45:01,306 - Mon Mar 15 11:45:01 2021 - 

ssh: connect to host 0.0.0.0 port 22: Unknown error

2021-03-15 11:45:18,260 - Mon Mar 15 11:45:18 2021 - 

ssh: connect to host 0.0.0.0 port 22: Unknown error

2021-03-15 11:45:18,293 - Mon Mar 15 11:45:18 2021 - 

ssh: connect to host 0.0.0.0 port 22: Unknown error

2021-03-15 11:45:24,605 - Mon Mar 15 11:45:24 2021 - 

ssh: connect to host 0.0.0.0 port 22: Unknown error

2021-03-15 11:45:24,637 - Mon Mar 15 11:45:24 2021 - 

ssh: connect to host 0.0.0.0 port 22: Unknown error

2021-03-15 11:45:31,486 - Mon Mar 15 11:45:31 2021 - 

ssh: connect to host 0.0.0.0 port 22: Unknown error

2021-03-15 11:45:31,517 - Mon Mar 15 11:45:31 2021 - 

ssh: connect to host 0.0.0.0 port 22: Unknown error

2021-03-15 11:45:35,038 - Mon Mar 15 11:45:35 2021 - 

ssh: connect to host 0.0.0.0 port 22: Unknown error

2021-03-15 11:45:35,069 - Mon Mar 15 11:45:35 2021 - 

ssh: connect to host 0.0.0.0 port 22: Unknown error

2021-03-15 11:47:40,568 - Mon Mar 15 11:47:40 2021 - 

ssh: connect to host 0.0.0.0 port 22: Unknown error

2021-03-15 11:47:40,600 - Mon Mar 15 11:47:40 2021 - 

ssh: connect to host 0.0.0.0 port 22: Unknown error

2021-03-15 11:47:46,556 - Mon Mar 15 11:47:46 2021 - 

ssh: connect to host 0.0.0.0 port 22: Unknown error

2021-03-15 11:47:46,587 - Mon Mar 15 11:47:46 2021 - 

ssh: connect to host 0.0.0.0 port 22: Unknown error

2021-03-15 11:47:56,311 - Mon Mar 15 11:47:56 2021 - 

ssh: connect to host 0.0.0.0 port 22: Unknown error

2021-03-15 11:47:56,342 - Mon Mar 15 11:47:56 2021 - 

ssh: connect to host 0.0.0.0 port 22: Unknown error

2021-03-15 11:48:00,037 - Mon Mar 15 11:48:00 2021 - 

ssh: connect to host 0.0.0.0 port 22: Unknown error

2021-03-15 11:48:00,067 - Mon Mar 15 11:48:00 2021 - 

ssh: connect to host 0.0.0.0 port 22: Unknown error

2021-03-15 11:48:03,120 - Mon Mar 15 11:48:03 2021 - 

ssh: connect to host 0.0.0.0 port 22: Unknown error

2021-03-15 11:48:03,150 - Mon Mar 15 11:48:03 2021 - 

ssh: connect to host 0.0.0.0 port 22: Unknown error

2021-03-15 11:48:18,018 - Mon Mar 15 11:48:18 2021 - 

ssh: connect to host 0.0.0.0 port 22: Unknown error

2021-03-15 11:48:18,050 - Mon Mar 15 11:48:18 2021 - 

ssh: connect to host 0.0.0.0 port 22: Unknown error

2021-03-15 11:48:23,825 - Mon Mar 15 11:48:23 2021 - 

ssh: connect to host 0.0.0.0 port 22: Unknown error

2021-03-15 11:48:23,854 - Mon Mar 15 11:48:23 2021 - 

ssh: connect to host 0.0.0.0 port 22: Unknown error

2021-03-15 11:48:28,445 - Mon Mar 15 11:48:28 2021 - Invalid content in Day of Week field
2021-03-15 11:48:34,156 - Mon Mar 15 11:48:34 2021 - 

ssh: connect to host 0.0.0.0 port 22: Unknown error

2021-03-15 11:48:34,189 - Mon Mar 15 11:48:34 2021 - 

ssh: connect to host 0.0.0.0 port 22: Unknown error

2021-03-18 09:14:56,399 - Thu Mar 18 09:14:56 2021 - Scanning for devices. Please wait...
2021-03-18 09:14:56,403 - Thu Mar 18 09:14:56 2021 - Scanning: ['DRED1']
2021-03-18 09:14:56,504 - Thu Mar 18 09:14:56 2021 - Missing:  []
2021-03-18 09:14:56,505 - Thu Mar 18 09:14:56 2021 - Found:    ['DRED1']
2021-03-18 09:14:56,505 - Thu Mar 18 09:14:56 2021 - Select Device to operate with the drop down above...
2021-03-18 09:17:11,661 - Thu Mar 18 09:17:11 2021 - Scanning for devices. Please wait...
2021-03-18 09:17:11,663 - Thu Mar 18 09:17:11 2021 - Scanning: ['DRED1']
2021-03-18 09:17:11,752 - Thu Mar 18 09:17:11 2021 - Missing:  []
2021-03-18 09:17:11,753 - Thu Mar 18 09:17:11 2021 - Found:    ['DRED1']
2021-03-18 09:17:11,753 - Thu Mar 18 09:17:11 2021 - Select Device to operate with the drop down above...
2021-03-18 09:17:16,355 - Thu Mar 18 09:17:16 2021 - DRED1


2021-03-18 09:18:44,473 - Thu Mar 18 09:18:44 2021 - Scanning for devices. Please wait...
2021-03-18 09:18:44,474 - Thu Mar 18 09:18:44 2021 - Scanning: ['DRED1']
2021-03-18 09:18:44,566 - Thu Mar 18 09:18:44 2021 - Missing:  []
2021-03-18 09:18:44,567 - Thu Mar 18 09:18:44 2021 - Found:    ['DRED1']
2021-03-18 09:18:44,567 - Thu Mar 18 09:18:44 2021 - Select Device to operate with the drop down above...
2021-03-18 09:19:28,751 - Thu Mar 18 09:19:28 2021 - Scanning for devices. Please wait...
2021-03-18 09:19:28,753 - Thu Mar 18 09:19:28 2021 - Scanning: ['DRED1']
2021-03-18 09:19:28,852 - Thu Mar 18 09:19:28 2021 - Missing:  []
2021-03-18 09:19:28,852 - Thu Mar 18 09:19:28 2021 - Found:    ['DRED1']
2021-03-18 09:19:28,852 - Thu Mar 18 09:19:28 2021 - Select Device to operate with the drop down above...
2021-03-18 09:21:45,090 - Thu Mar 18 09:21:45 2021 - Scanning for devices. Please wait...
2021-03-18 09:21:45,091 - Thu Mar 18 09:21:45 2021 - Scanning: ['DRED1']
2021-03-18 09:21:45,186 - Thu Mar 18 09:21:45 2021 - Missing:  []
2021-03-18 09:21:45,186 - Thu Mar 18 09:21:45 2021 - Found:    ['DRED1']
2021-03-18 09:21:45,186 - Thu Mar 18 09:21:45 2021 - Select Device to operate with the drop down above...
2021-03-18 09:21:49,469 - Thu Mar 18 09:21:49 2021 - DRED1

ssh: Could not resolve hostname 192.168.1.201crontab: No such host is known. 

2021-03-18 09:22:21,303 - Thu Mar 18 09:22:21 2021 - Scanning for devices. Please wait...
2021-03-18 09:22:21,305 - Thu Mar 18 09:22:21 2021 - Scanning: ['DRED1']
2021-03-18 09:22:21,405 - Thu Mar 18 09:22:21 2021 - Missing:  []
2021-03-18 09:22:21,406 - Thu Mar 18 09:22:21 2021 - Found:    ['DRED1']
2021-03-18 09:22:21,406 - Thu Mar 18 09:22:21 2021 - Select Device to operate with the drop down above...
2021-03-18 09:22:24,624 - Thu Mar 18 09:22:24 2021 - DRED1

ssh: Could not resolve hostname 192.168.1.201crontab: No such host is known. 

2021-03-18 09:22:25,200 - Thu Mar 18 09:22:25 2021 - DRED1

# To run audio out the 3.5mm jack to an external COTS radio utilizing a RigBlaster NOMIC, use the following format:
# 00 21 * * 1-5 sudo python /range/PTT_on.py ; omxplayer -o local /home/pi/Music/hunting.wav ; sudo python /range/PTT_off.py




# To define the specific time for the action desired, you can provide concrete values for minute (m), hour (h), day of month (dom),
# month (mon), and day of week (dow) or use '*' in these fields (for 'any').
# 
# For example, you can run a backup of all your user accounts at 5 a.m every Monday with:
# 0 5 * * 1 tar -zcf /var/backups/home.tgz /home/
58 14 * * * /range/relay1on.sh ; sudo python /range/nbfm_140100_5w_s01_0112.py ; /range/relay1off.sh
06,07,08 04 * * * /range/relay1on.sh ; sudo python /range/nbfm_140100_5w_s01_0112.py ; /range/relay1off.sh
06,07 07 * * * /range/relay1on.sh ; sudo python /range/nbfm_226900_5w_s04_0033.py ; /range/relay1off.sh

2021-03-18 09:22:50,261 - Thu Mar 18 09:22:50 2021 - DRED1


2021-03-18 09:22:51,532 - Thu Mar 18 09:22:51 2021 - DRED1

ssh: Could not resolve hostname 192.168.1.201crontab: No such host is known. 

2021-03-18 09:22:52,108 - Thu Mar 18 09:22:52 2021 - DRED1

# To run audio out the 3.5mm jack to an external COTS radio utilizing a RigBlaster NOMIC, use the following format:
# 00 21 * * 1-5 sudo python /range/PTT_on.py ; omxplayer -o local /home/pi/Music/hunting.wav ; sudo python /range/PTT_off.py




# To define the specific time for the action desired, you can provide concrete values for minute (m), hour (h), day of month (dom),
# month (mon), and day of week (dow) or use '*' in these fields (for 'any').
# 
# For example, you can run a backup of all your user accounts at 5 a.m every Monday with:
# 0 5 * * 1 tar -zcf /var/backups/home.tgz /home/
58 14 * * * /range/relay1on.sh ; sudo python /range/nbfm_140100_5w_s01_0112.py ; /range/relay1off.sh
06,07,08 04 * * * /range/relay1on.sh ; sudo python /range/nbfm_140100_5w_s01_0112.py ; /range/relay1off.sh
06,07 07 * * * /range/relay1on.sh ; sudo python /range/nbfm_226900_5w_s04_0033.py ; /range/relay1off.sh

2021-03-18 09:23:20,254 - Thu Mar 18 09:23:20 2021 - Scanning for devices. Please wait...
2021-03-18 09:23:20,254 - Thu Mar 18 09:23:20 2021 - Scanning: ['DRED1']
2021-03-18 09:23:20,376 - Thu Mar 18 09:23:20 2021 - Missing:  []
2021-03-18 09:23:20,376 - Thu Mar 18 09:23:20 2021 - Found:    ['DRED1']
2021-03-18 09:23:20,376 - Thu Mar 18 09:23:20 2021 - Select Device to operate with the drop down above...
2021-03-18 09:23:26,449 - Thu Mar 18 09:23:26 2021 - DRED1

ssh: Could not resolve hostname 192.168.1.201crontab: No such host is known. 

2021-03-18 09:23:26,984 - Thu Mar 18 09:23:26 2021 - DRED1


2021-03-18 09:23:30,230 - Thu Mar 18 09:23:30 2021 - DRED1

ssh: Could not resolve hostname 192.168.1.201crontab: No such host is known. 

2021-03-18 09:23:30,776 - Thu Mar 18 09:23:30 2021 - DRED1


2021-03-18 09:24:05,662 - Thu Mar 18 09:24:05 2021 - Scanning for devices. Please wait...
2021-03-18 09:24:05,664 - Thu Mar 18 09:24:05 2021 - Scanning: ['DRED1']
2021-03-18 09:24:05,742 - Thu Mar 18 09:24:05 2021 - Missing:  []
2021-03-18 09:24:05,743 - Thu Mar 18 09:24:05 2021 - Found:    ['DRED1']
2021-03-18 09:24:05,743 - Thu Mar 18 09:24:05 2021 - Select Device to operate with the drop down above...
2021-03-18 09:24:08,819 - Thu Mar 18 09:24:08 2021 - DRED1


2021-03-18 09:24:09,244 - Thu Mar 18 09:24:09 2021 - DRED1


2021-03-18 09:24:12,516 - Thu Mar 18 09:24:12 2021 - DRED1


2021-03-18 09:24:13,005 - Thu Mar 18 09:24:13 2021 - DRED1


2021-03-18 09:24:43,884 - Thu Mar 18 09:24:43 2021 - DRED1


2021-03-18 09:25:28,101 - Thu Mar 18 09:25:28 2021 - Scanning for devices. Please wait...
2021-03-18 09:25:28,102 - Thu Mar 18 09:25:28 2021 - Scanning: ['DRED1']
2021-03-18 09:25:28,216 - Thu Mar 18 09:25:28 2021 - Missing:  []
2021-03-18 09:25:28,216 - Thu Mar 18 09:25:28 2021 - Found:    ['DRED1']
2021-03-18 09:25:28,216 - Thu Mar 18 09:25:28 2021 - Select Device to operate with the drop down above...
2021-03-18 09:25:43,274 - Thu Mar 18 09:25:43 2021 - DRED1


2021-03-18 09:25:43,701 - Thu Mar 18 09:25:43 2021 - DRED1


2021-03-18 09:25:45,667 - Thu Mar 18 09:25:45 2021 - DRED1


2021-03-18 09:25:46,180 - Thu Mar 18 09:25:46 2021 - DRED1


2021-03-18 09:26:02,268 - Thu Mar 18 09:26:02 2021 - Scanning for devices. Please wait...
2021-03-18 09:26:02,270 - Thu Mar 18 09:26:02 2021 - Scanning: ['DRED1']
2021-03-18 09:26:02,372 - Thu Mar 18 09:26:02 2021 - Missing:  []
2021-03-18 09:26:02,372 - Thu Mar 18 09:26:02 2021 - Found:    ['DRED1']
2021-03-18 09:26:02,373 - Thu Mar 18 09:26:02 2021 - Select Device to operate with the drop down above...
2021-03-18 09:26:05,490 - Thu Mar 18 09:26:05 2021 - DRED1


2021-03-18 09:26:05,912 - Thu Mar 18 09:26:05 2021 - DRED1


2021-03-18 09:26:08,124 - Thu Mar 18 09:26:08 2021 - DRED1


2021-03-18 09:26:08,596 - Thu Mar 18 09:26:08 2021 - DRED1


2021-03-18 09:26:21,775 - Thu Mar 18 09:26:21 2021 - Scanning for devices. Please wait...
2021-03-18 09:26:21,777 - Thu Mar 18 09:26:21 2021 - Scanning: ['DRED1']
2021-03-18 09:26:21,876 - Thu Mar 18 09:26:21 2021 - Missing:  []
2021-03-18 09:26:21,876 - Thu Mar 18 09:26:21 2021 - Found:    ['DRED1']
2021-03-18 09:26:21,876 - Thu Mar 18 09:26:21 2021 - Select Device to operate with the drop down above...
2021-03-18 09:26:25,749 - Thu Mar 18 09:26:25 2021 - DRED1


2021-03-18 09:26:26,192 - Thu Mar 18 09:26:26 2021 - DRED1

# 0 5 * * 1 tar -zcf /var/backups/home.tgz /home/

2021-03-18 09:26:30,374 - Thu Mar 18 09:26:30 2021 - DRED1


2021-03-18 09:26:30,838 - Thu Mar 18 09:26:30 2021 - DRED1

# 0 5 * * 1 tar -zcf /var/backups/home.tgz /home/

2021-03-18 09:26:45,786 - Thu Mar 18 09:26:45 2021 - DRED1


2021-03-18 09:26:46,478 - Thu Mar 18 09:26:46 2021 - DRED1

# 0 5 * * 1 tar -zcf /var/backups/home.tgz /home/

2021-03-18 09:27:12,161 - Thu Mar 18 09:27:12 2021 - DRED1


2021-03-18 09:27:13,102 - Thu Mar 18 09:27:13 2021 - DRED1


2021-03-18 09:27:19,725 - Thu Mar 18 09:27:19 2021 - DRED1


2021-03-18 09:27:20,188 - Thu Mar 18 09:27:20 2021 - DRED1

# 0 5 * * 1 tar -zcf /var/backups/home.tgz /home/
40 13 * * * /range/relay1on.sh ; sudo python /range/nbfm_140100_5w_s01_0112.py ; /range/relay1off.sh

2021-03-18 09:27:31,052 - Thu Mar 18 09:27:31 2021 - DRED1


2021-03-18 09:27:31,944 - Thu Mar 18 09:27:31 2021 - DRED1


2021-03-18 09:27:33,891 - Thu Mar 18 09:27:33 2021 - DRED1


2021-03-18 09:27:34,354 - Thu Mar 18 09:27:34 2021 - DRED1

# 0 5 * * 1 tar -zcf /var/backups/home.tgz /home/
40 13 * * * /range/relay1on.sh ; sudo python /range/nbfm_140100_5w_s01_0112.py ; /range/relay1off.sh
40 16 * * * /range/relay1on.sh ; sudo python /range/nbfm_140100_5w_s01_0112.py ; /range/relay1off.sh

2021-03-18 09:27:56,120 - Thu Mar 18 09:27:56 2021 - Scanning for devices. Please wait...
2021-03-18 09:27:56,121 - Thu Mar 18 09:27:56 2021 - Scanning: ['DRED1']
2021-03-18 09:27:56,197 - Thu Mar 18 09:27:56 2021 - Missing:  []
2021-03-18 09:27:56,197 - Thu Mar 18 09:27:56 2021 - Found:    ['DRED1']
2021-03-18 09:27:56,198 - Thu Mar 18 09:27:56 2021 - Select Device to operate with the drop down above...
2021-03-18 09:28:05,911 - Thu Mar 18 09:28:05 2021 - DRED1


2021-03-18 09:28:16,933 - Thu Mar 18 09:28:16 2021 - DRED1


2021-03-18 09:28:17,955 - Thu Mar 18 09:28:17 2021 - DRED1


2021-03-18 09:28:20,717 - Thu Mar 18 09:28:20 2021 - DRED1


2021-03-18 09:28:21,157 - Thu Mar 18 09:28:21 2021 - DRED1

12 12 * * * /range/relay1on.sh ; sudo python /range/nbfm_140100_5w_s01_0112.py ; /range/relay1off.sh

2021-03-18 09:28:24,280 - Thu Mar 18 09:28:24 2021 - DRED1


2021-03-18 09:28:25,828 - Thu Mar 18 09:28:25 2021 - DRED1


2021-03-18 09:28:26,313 - Thu Mar 18 09:28:26 2021 - DRED1


2021-03-18 09:28:36,515 - Thu Mar 18 09:28:36 2021 - DRED1


2021-03-18 09:28:36,994 - Thu Mar 18 09:28:36 2021 - DRED1


2021-03-18 09:31:37,230 - Thu Mar 18 09:31:37 2021 - DRED1


2021-03-18 09:44:21,469 - Thu Mar 18 09:44:21 2021 - Scanning for devices. Please wait...
2021-03-18 09:44:21,470 - Thu Mar 18 09:44:21 2021 - Scanning: ['DRED1']
2021-03-18 09:44:21,597 - Thu Mar 18 09:44:21 2021 - Missing:  []
2021-03-18 09:44:21,597 - Thu Mar 18 09:44:21 2021 - Found:    ['DRED1']
2021-03-18 09:44:21,597 - Thu Mar 18 09:44:21 2021 - Select Device to operate with the drop down above...
2021-03-18 09:44:26,634 - Thu Mar 18 09:44:26 2021 - DRED1


2021-03-18 09:44:44,630 - Thu Mar 18 09:44:44 2021 - DRED1


2021-03-18 09:44:45,071 - Thu Mar 18 09:44:45 2021 - DRED1


2021-03-18 09:44:45,936 - Thu Mar 18 09:44:45 2021 - DRED1


2021-03-18 09:44:48,730 - Thu Mar 18 09:44:48 2021 - DRED1


2021-03-18 09:44:49,768 - Thu Mar 18 09:44:49 2021 - DRED1

#O3RWBSGFZV
30 10 * * * /range/relay1on.sh ; sudo python /range/nbfm_140100_5w_s01_0112.py ; /range/relay1off.sh

2021-03-18 09:45:10,155 - Thu Mar 18 09:45:10 2021 - DRED1


2021-03-18 09:45:10,537 - Thu Mar 18 09:45:10 2021 - DRED1


2021-03-18 09:45:11,433 - Thu Mar 18 09:45:11 2021 - DRED1


2021-03-18 09:45:19,016 - Thu Mar 18 09:45:19 2021 - DRED1


2021-03-18 09:45:19,411 - Thu Mar 18 09:45:19 2021 - DRED1


2021-03-18 09:45:20,325 - Thu Mar 18 09:45:20 2021 - DRED1


2021-03-18 09:45:21,953 - Thu Mar 18 09:45:21 2021 - DRED1


2021-03-18 09:45:22,351 - Thu Mar 18 09:45:22 2021 - DRED1

#O3RWBSGFZV
30 10 * * * /range/relay1on.sh ; sudo python /range/nbfm_140100_5w_s01_0112.py ; /range/relay1off.sh
#SEFHC5KNO0
30 12 * * * /range/relay1on.sh ; sudo python /range/nbfm_140100_5w_s01_0112.py ; /range/relay1off.sh
#E2ZLXPG4E3
30 14 * * * /range/relay1on.sh ; sudo python /range/nbfm_140100_5w_s01_0112.py ; /range/relay1off.sh

2021-03-18 09:47:34,564 - Thu Mar 18 09:47:34 2021 - DRED1


2021-03-18 09:47:34,962 - Thu Mar 18 09:47:34 2021 - DRED1

#O3RWBSGFZV
30 10 * * * /range/relay1on.sh ; sudo python /range/nbfm_140100_5w_s01_0112.py ; /range/relay1off.sh
#SEFHC5KNO0
30 12 * * * /range/relay1on.sh ; sudo python /range/nbfm_140100_5w_s01_0112.py ; /range/relay1off.sh
#E2ZLXPG4E3
30 14 * * * /range/relay1on.sh ; sudo python /range/nbfm_140100_5w_s01_0112.py ; /range/relay1off.sh

2021-03-18 09:53:02,318 - Thu Mar 18 09:53:02 2021 - DRED1


2021-03-18 09:53:16,826 - Thu Mar 18 09:53:16 2021 - DRED1


2021-03-18 09:53:17,222 - Thu Mar 18 09:53:17 2021 - DRED1


2021-03-18 09:53:18,127 - Thu Mar 18 09:53:18 2021 - DRED1


2021-03-18 09:53:23,450 - Thu Mar 18 09:53:23 2021 - DRED1


2021-03-18 09:53:23,846 - Thu Mar 18 09:53:23 2021 - DRED1


2021-03-18 09:53:24,700 - Thu Mar 18 09:53:24 2021 - DRED1


2021-03-18 09:53:28,331 - Thu Mar 18 09:53:28 2021 - DRED1


2021-03-18 09:53:28,752 - Thu Mar 18 09:53:28 2021 - DRED1


2021-03-18 09:53:29,619 - Thu Mar 18 09:53:29 2021 - DRED1


2021-03-18 09:56:39,872 - Thu Mar 18 09:56:39 2021 - DRED1


2021-03-18 09:56:40,282 - Thu Mar 18 09:56:40 2021 - DRED1

#GULD1M5T6O
30 11 * * * /range/relay1on.sh ; sudo python /range/nbfm_140100_5w_s01_0112.py ; /range/relay1off.sh
#EIMO551EE6
30 13 * * * /range/relay1on.sh ; sudo python /range/nbfm_140100_5w_s01_0112.py ; /range/relay1off.sh
#LZ693PWBYR
30 15 * * * /range/relay1on.sh ; sudo python /range/nbfm_140100_5w_s01_0112.py ; /range/relay1off.sh

2021-03-18 10:46:32,887 - Thu Mar 18 10:46:32 2021 - Scanning for devices. Please wait...
2021-03-18 10:46:32,889 - Thu Mar 18 10:46:32 2021 - Scanning: ['DRED1']
2021-03-18 10:46:33,002 - Thu Mar 18 10:46:33 2021 - Missing:  []
2021-03-18 10:46:33,002 - Thu Mar 18 10:46:33 2021 - Found:    ['DRED1']
2021-03-18 10:46:33,002 - Thu Mar 18 10:46:33 2021 - Select Device to operate with the drop down above...
2021-03-18 10:46:41,850 - Thu Mar 18 10:46:41 2021 - DRED1


2021-03-18 10:46:42,382 - Thu Mar 18 10:46:42 2021 - DRED1

#GULD1M5T6O
30 11 * * * /range/relay1on.sh ; sudo python /range/nbfm_140100_5w_s01_0112.py ; /range/relay1off.sh
#EIMO551EE6
30 13 * * * /range/relay1on.sh ; sudo python /range/nbfm_140100_5w_s01_0112.py ; /range/relay1off.sh
#LZ693PWBYR
30 15 * * * /range/relay1on.sh ; sudo python /range/nbfm_140100_5w_s01_0112.py ; /range/relay1off.sh

2021-03-18 10:46:58,681 - Thu Mar 18 10:46:58 2021 - DRED1


2021-03-18 10:46:59,090 - Thu Mar 18 10:46:59 2021 - DRED1

#GULD1M5T6O
30 11 * * * /range/relay1on.sh ; sudo python /range/nbfm_140100_5w_s01_0112.py ; /range/relay1off.sh
#EIMO551EE6
30 13 * * * /range/relay1on.sh ; sudo python /range/nbfm_140100_5w_s01_0112.py ; /range/relay1off.sh
#LZ693PWBYR
30 15 * * * /range/relay1on.sh ; sudo python /range/nbfm_140100_5w_s01_0112.py ; /range/relay1off.sh

2021-03-18 10:47:35,869 - Thu Mar 18 10:47:35 2021 - DRED1


2021-03-18 10:47:36,253 - Thu Mar 18 10:47:36 2021 - DRED1

#GULD1M5T6O
30 11 * * * /range/relay1on.sh ; sudo python /range/nbfm_140100_5w_s01_0112.py ; /range/relay1off.sh
#EIMO551EE6
30 13 * * * /range/relay1on.sh ; sudo python /range/nbfm_140100_5w_s01_0112.py ; /range/relay1off.sh
#LZ693PWBYR
30 15 * * * /range/relay1on.sh ; sudo python /range/nbfm_140100_5w_s01_0112.py ; /range/relay1off.sh

2021-03-18 10:47:42,250 - Thu Mar 18 10:47:42 2021 - DRED1


2021-03-18 10:47:42,642 - Thu Mar 18 10:47:42 2021 - DRED1

#GULD1M5T6O
30 11 * * * /range/relay1on.sh ; sudo python /range/nbfm_140100_5w_s01_0112.py ; /range/relay1off.sh
#EIMO551EE6
30 13 * * * /range/relay1on.sh ; sudo python /range/nbfm_140100_5w_s01_0112.py ; /range/relay1off.sh
#LZ693PWBYR
30 15 * * * /range/relay1on.sh ; sudo python /range/nbfm_140100_5w_s01_0112.py ; /range/relay1off.sh

2021-03-18 10:48:01,244 - Thu Mar 18 10:48:01 2021 - Scanning for devices. Please wait...
2021-03-18 10:48:01,246 - Thu Mar 18 10:48:01 2021 - Scanning: ['DRED1']
2021-03-18 10:48:01,345 - Thu Mar 18 10:48:01 2021 - Missing:  []
2021-03-18 10:48:01,345 - Thu Mar 18 10:48:01 2021 - Found:    ['DRED1']
2021-03-18 10:48:01,346 - Thu Mar 18 10:48:01 2021 - Select Device to operate with the drop down above...
2021-03-18 10:48:05,007 - Thu Mar 18 10:48:05 2021 - DRED1


2021-03-18 10:48:05,406 - Thu Mar 18 10:48:05 2021 - DRED1

#GULD1M5T6O
30 11 * * * /range/relay1on.sh ; sudo python /range/nbfm_140100_5w_s01_0112.py ; /range/relay1off.sh
#EIMO551EE6
30 13 * * * /range/relay1on.sh ; sudo python /range/nbfm_140100_5w_s01_0112.py ; /range/relay1off.sh
#LZ693PWBYR
30 15 * * * /range/relay1on.sh ; sudo python /range/nbfm_140100_5w_s01_0112.py ; /range/relay1off.sh

2021-03-18 10:48:15,466 - Thu Mar 18 10:48:15 2021 - DRED1


2021-03-18 10:48:15,851 - Thu Mar 18 10:48:15 2021 - DRED1

#GULD1M5T6O
30 11 * * * /range/relay1on.sh ; sudo python /range/nbfm_140100_5w_s01_0112.py ; /range/relay1off.sh
#EIMO551EE6
30 13 * * * /range/relay1on.sh ; sudo python /range/nbfm_140100_5w_s01_0112.py ; /range/relay1off.sh
#LZ693PWBYR
30 15 * * * /range/relay1on.sh ; sudo python /range/nbfm_140100_5w_s01_0112.py ; /range/relay1off.sh

2021-03-18 10:48:18,085 - Thu Mar 18 10:48:18 2021 - DRED1


2021-03-18 10:48:18,510 - Thu Mar 18 10:48:18 2021 - DRED1

#GULD1M5T6O
30 11 * * * /range/relay1on.sh ; sudo python /range/nbfm_140100_5w_s01_0112.py ; /range/relay1off.sh
#EIMO551EE6
30 13 * * * /range/relay1on.sh ; sudo python /range/nbfm_140100_5w_s01_0112.py ; /range/relay1off.sh
#LZ693PWBYR
30 15 * * * /range/relay1on.sh ; sudo python /range/nbfm_140100_5w_s01_0112.py ; /range/relay1off.sh

2021-03-18 10:48:20,312 - Thu Mar 18 10:48:20 2021 - DRED1


2021-03-18 10:48:20,692 - Thu Mar 18 10:48:20 2021 - DRED1

#GULD1M5T6O
30 11 * * * /range/relay1on.sh ; sudo python /range/nbfm_140100_5w_s01_0112.py ; /range/relay1off.sh
#EIMO551EE6
30 13 * * * /range/relay1on.sh ; sudo python /range/nbfm_140100_5w_s01_0112.py ; /range/relay1off.sh
#LZ693PWBYR
30 15 * * * /range/relay1on.sh ; sudo python /range/nbfm_140100_5w_s01_0112.py ; /range/relay1off.sh

2021-03-18 10:49:06,601 - Thu Mar 18 10:49:06 2021 - Scanning for devices. Please wait...
2021-03-18 10:49:06,603 - Thu Mar 18 10:49:06 2021 - Scanning: ['DRED1']
2021-03-18 10:49:06,712 - Thu Mar 18 10:49:06 2021 - Missing:  []
2021-03-18 10:49:06,712 - Thu Mar 18 10:49:06 2021 - Found:    ['DRED1']
2021-03-18 10:49:06,712 - Thu Mar 18 10:49:06 2021 - Select Device to operate with the drop down above...
2021-03-18 10:49:12,373 - Thu Mar 18 10:49:12 2021 - DRED1


2021-03-18 10:49:12,771 - Thu Mar 18 10:49:12 2021 - DRED1

#GULD1M5T6O
30 11 * * * /range/relay1on.sh ; sudo python /range/nbfm_140100_5w_s01_0112.py ; /range/relay1off.sh
#EIMO551EE6
30 13 * * * /range/relay1on.sh ; sudo python /range/nbfm_140100_5w_s01_0112.py ; /range/relay1off.sh
#LZ693PWBYR
30 15 * * * /range/relay1on.sh ; sudo python /range/nbfm_140100_5w_s01_0112.py ; /range/relay1off.sh

2021-03-18 10:49:17,993 - Thu Mar 18 10:49:17 2021 - DRED1


2021-03-18 10:49:18,423 - Thu Mar 18 10:49:18 2021 - DRED1

#GULD1M5T6O
30 11 * * * /range/relay1on.sh ; sudo python /range/nbfm_140100_5w_s01_0112.py ; /range/relay1off.sh
#EIMO551EE6
30 13 * * * /range/relay1on.sh ; sudo python /range/nbfm_140100_5w_s01_0112.py ; /range/relay1off.sh
#LZ693PWBYR
30 15 * * * /range/relay1on.sh ; sudo python /range/nbfm_140100_5w_s01_0112.py ; /range/relay1off.sh

2021-03-18 10:49:20,203 - Thu Mar 18 10:49:20 2021 - DRED1


2021-03-18 10:49:20,721 - Thu Mar 18 10:49:20 2021 - DRED1

#GULD1M5T6O
30 11 * * * /range/relay1on.sh ; sudo python /range/nbfm_140100_5w_s01_0112.py ; /range/relay1off.sh
#EIMO551EE6
30 13 * * * /range/relay1on.sh ; sudo python /range/nbfm_140100_5w_s01_0112.py ; /range/relay1off.sh
#LZ693PWBYR
30 15 * * * /range/relay1on.sh ; sudo python /range/nbfm_140100_5w_s01_0112.py ; /range/relay1off.sh

2021-03-18 10:49:22,806 - Thu Mar 18 10:49:22 2021 - DRED1


2021-03-18 10:49:23,192 - Thu Mar 18 10:49:23 2021 - DRED1

#GULD1M5T6O
30 11 * * * /range/relay1on.sh ; sudo python /range/nbfm_140100_5w_s01_0112.py ; /range/relay1off.sh
#EIMO551EE6
30 13 * * * /range/relay1on.sh ; sudo python /range/nbfm_140100_5w_s01_0112.py ; /range/relay1off.sh
#LZ693PWBYR
30 15 * * * /range/relay1on.sh ; sudo python /range/nbfm_140100_5w_s01_0112.py ; /range/relay1off.sh

2021-03-18 10:49:25,566 - Thu Mar 18 10:49:25 2021 - DRED1


2021-03-18 10:49:25,960 - Thu Mar 18 10:49:25 2021 - DRED1

#GULD1M5T6O
30 11 * * * /range/relay1on.sh ; sudo python /range/nbfm_140100_5w_s01_0112.py ; /range/relay1off.sh
#EIMO551EE6
30 13 * * * /range/relay1on.sh ; sudo python /range/nbfm_140100_5w_s01_0112.py ; /range/relay1off.sh
#LZ693PWBYR
30 15 * * * /range/relay1on.sh ; sudo python /range/nbfm_140100_5w_s01_0112.py ; /range/relay1off.sh

2021-03-18 10:50:15,931 - Thu Mar 18 10:50:15 2021 - Scanning for devices. Please wait...
2021-03-18 10:50:15,933 - Thu Mar 18 10:50:15 2021 - Scanning: ['DRED1']
2021-03-18 10:50:16,024 - Thu Mar 18 10:50:16 2021 - Missing:  []
2021-03-18 10:50:16,024 - Thu Mar 18 10:50:16 2021 - Found:    ['DRED1']
2021-03-18 10:50:16,024 - Thu Mar 18 10:50:16 2021 - Select Device to operate with the drop down above...
2021-03-18 10:50:22,829 - Thu Mar 18 10:50:22 2021 - DRED1


2021-03-18 10:50:23,227 - Thu Mar 18 10:50:23 2021 - DRED1

#GULD1M5T6O
30 11 * * * /range/relay1on.sh ; sudo python /range/nbfm_140100_5w_s01_0112.py ; /range/relay1off.sh
#EIMO551EE6
30 13 * * * /range/relay1on.sh ; sudo python /range/nbfm_140100_5w_s01_0112.py ; /range/relay1off.sh
#LZ693PWBYR
30 15 * * * /range/relay1on.sh ; sudo python /range/nbfm_140100_5w_s01_0112.py ; /range/relay1off.sh

2021-03-18 10:50:30,107 - Thu Mar 18 10:50:30 2021 - DRED1


2021-03-18 10:50:30,484 - Thu Mar 18 10:50:30 2021 - DRED1

#GULD1M5T6O
30 11 * * * /range/relay1on.sh ; sudo python /range/nbfm_140100_5w_s01_0112.py ; /range/relay1off.sh
#EIMO551EE6
30 13 * * * /range/relay1on.sh ; sudo python /range/nbfm_140100_5w_s01_0112.py ; /range/relay1off.sh
#LZ693PWBYR
30 15 * * * /range/relay1on.sh ; sudo python /range/nbfm_140100_5w_s01_0112.py ; /range/relay1off.sh

2021-03-18 10:50:36,065 - Thu Mar 18 10:50:36 2021 - DRED1


2021-03-18 10:50:36,633 - Thu Mar 18 10:50:36 2021 - DRED1

#GULD1M5T6O
30 11 * * * /range/relay1on.sh ; sudo python /range/nbfm_140100_5w_s01_0112.py ; /range/relay1off.sh
#EIMO551EE6
30 13 * * * /range/relay1on.sh ; sudo python /range/nbfm_140100_5w_s01_0112.py ; /range/relay1off.sh
#LZ693PWBYR
30 15 * * * /range/relay1on.sh ; sudo python /range/nbfm_140100_5w_s01_0112.py ; /range/relay1off.sh

2021-03-18 10:50:47,180 - Thu Mar 18 10:50:47 2021 - Scanning for devices. Please wait...
2021-03-18 10:50:47,181 - Thu Mar 18 10:50:47 2021 - Scanning: ['DRED1']
2021-03-18 10:50:47,306 - Thu Mar 18 10:50:47 2021 - Missing:  []
2021-03-18 10:50:47,306 - Thu Mar 18 10:50:47 2021 - Found:    ['DRED1']
2021-03-18 10:50:47,306 - Thu Mar 18 10:50:47 2021 - Select Device to operate with the drop down above...
2021-03-18 10:50:51,910 - Thu Mar 18 10:50:51 2021 - DRED1


2021-03-18 10:50:52,308 - Thu Mar 18 10:50:52 2021 - DRED1

#GULD1M5T6O
30 11 * * * /range/relay1on.sh ; sudo python /range/nbfm_140100_5w_s01_0112.py ; /range/relay1off.sh
#EIMO551EE6
30 13 * * * /range/relay1on.sh ; sudo python /range/nbfm_140100_5w_s01_0112.py ; /range/relay1off.sh
#LZ693PWBYR
30 15 * * * /range/relay1on.sh ; sudo python /range/nbfm_140100_5w_s01_0112.py ; /range/relay1off.sh

2021-03-18 10:50:56,352 - Thu Mar 18 10:50:56 2021 - DRED1


2021-03-18 10:50:56,756 - Thu Mar 18 10:50:56 2021 - DRED1

#GULD1M5T6O
30 11 * * * /range/relay1on.sh ; sudo python /range/nbfm_140100_5w_s01_0112.py ; /range/relay1off.sh
#EIMO551EE6
30 13 * * * /range/relay1on.sh ; sudo python /range/nbfm_140100_5w_s01_0112.py ; /range/relay1off.sh
#LZ693PWBYR
30 15 * * * /range/relay1on.sh ; sudo python /range/nbfm_140100_5w_s01_0112.py ; /range/relay1off.sh

2021-03-18 10:51:16,869 - Thu Mar 18 10:51:16 2021 - Scanning for devices. Please wait...
2021-03-18 10:51:16,869 - Thu Mar 18 10:51:16 2021 - Scanning: ['DRED1']
2021-03-18 10:51:16,967 - Thu Mar 18 10:51:16 2021 - Missing:  []
2021-03-18 10:51:16,967 - Thu Mar 18 10:51:16 2021 - Found:    ['DRED1']
2021-03-18 10:51:16,967 - Thu Mar 18 10:51:16 2021 - Select Device to operate with the drop down above...
2021-03-18 10:51:22,401 - Thu Mar 18 10:51:22 2021 - DRED1


2021-03-18 10:51:22,788 - Thu Mar 18 10:51:22 2021 - DRED1

#GULD1M5T6O
30 11 * * * /range/relay1on.sh ; sudo python /range/nbfm_140100_5w_s01_0112.py ; /range/relay1off.sh
#EIMO551EE6
30 13 * * * /range/relay1on.sh ; sudo python /range/nbfm_140100_5w_s01_0112.py ; /range/relay1off.sh
#LZ693PWBYR
30 15 * * * /range/relay1on.sh ; sudo python /range/nbfm_140100_5w_s01_0112.py ; /range/relay1off.sh

2021-03-18 10:52:39,138 - Thu Mar 18 10:52:39 2021 - Scanning for devices. Please wait...
2021-03-18 10:52:39,140 - Thu Mar 18 10:52:39 2021 - Scanning: ['DRED1']
2021-03-18 10:52:39,265 - Thu Mar 18 10:52:39 2021 - Missing:  []
2021-03-18 10:52:39,265 - Thu Mar 18 10:52:39 2021 - Found:    ['DRED1']
2021-03-18 10:52:39,265 - Thu Mar 18 10:52:39 2021 - Select Device to operate with the drop down above...
2021-03-18 10:52:43,838 - Thu Mar 18 10:52:43 2021 - DRED1


2021-03-18 10:52:44,255 - Thu Mar 18 10:52:44 2021 - DRED1

#GULD1M5T6O
30 11 * * * /range/relay1on.sh ; sudo python /range/nbfm_140100_5w_s01_0112.py ; /range/relay1off.sh
#EIMO551EE6
30 13 * * * /range/relay1on.sh ; sudo python /range/nbfm_140100_5w_s01_0112.py ; /range/relay1off.sh
#LZ693PWBYR
30 15 * * * /range/relay1on.sh ; sudo python /range/nbfm_140100_5w_s01_0112.py ; /range/relay1off.sh

2021-03-18 10:52:50,373 - Thu Mar 18 10:52:50 2021 - DRED1

bash: removejob.py: command not found

2021-03-18 10:52:50,806 - Thu Mar 18 10:52:50 2021 - DRED1


2021-03-18 10:53:24,129 - Thu Mar 18 10:53:24 2021 - Scanning for devices. Please wait...
2021-03-18 10:53:24,131 - Thu Mar 18 10:53:24 2021 - Scanning: ['DRED1']
2021-03-18 10:53:24,207 - Thu Mar 18 10:53:24 2021 - Missing:  []
2021-03-18 10:53:24,207 - Thu Mar 18 10:53:24 2021 - Found:    ['DRED1']
2021-03-18 10:53:24,207 - Thu Mar 18 10:53:24 2021 - Select Device to operate with the drop down above...
2021-03-18 10:53:28,245 - Thu Mar 18 10:53:28 2021 - DRED1


2021-03-18 10:53:28,643 - Thu Mar 18 10:53:28 2021 - DRED1

#EIMO551EE6
30 13 * * * /range/relay1on.sh ; sudo python /range/nbfm_140100_5w_s01_0112.py ; /range/relay1off.sh
#LZ693PWBYR
30 15 * * * /range/relay1on.sh ; sudo python /range/nbfm_140100_5w_s01_0112.py ; /range/relay1off.sh

2021-03-18 10:53:32,423 - Thu Mar 18 10:53:32 2021 - DRED1


2021-03-18 10:53:32,840 - Thu Mar 18 10:53:32 2021 - DRED1

#EIMO551EE6
30 13 * * * /range/relay1on.sh ; sudo python /range/nbfm_140100_5w_s01_0112.py ; /range/relay1off.sh
#LZ693PWBYR
30 15 * * * /range/relay1on.sh ; sudo python /range/nbfm_140100_5w_s01_0112.py ; /range/relay1off.sh

2021-03-18 10:53:40,272 - Thu Mar 18 10:53:40 2021 - DRED1


2021-03-18 10:53:40,673 - Thu Mar 18 10:53:40 2021 - DRED1


2021-03-18 10:53:43,148 - Thu Mar 18 10:53:43 2021 - DRED1


2021-03-18 10:53:43,566 - Thu Mar 18 10:53:43 2021 - DRED1

# 0 5 * * 1 tar -zcf /var/backups/home.tgz /home/
#GULD1M5T6O
30 11 * * * /range/relay1on.sh ; sudo python /range/nbfm_140100_5w_s01_0112.py ; /range/relay1off.sh
#LZ693PWBYR
30 15 * * * /range/relay1on.sh ; sudo python /range/nbfm_140100_5w_s01_0112.py ; /range/relay1off.sh

2021-03-18 10:53:53,684 - Thu Mar 18 10:53:53 2021 - DRED1


2021-03-18 10:53:54,117 - Thu Mar 18 10:53:54 2021 - DRED1

# 0 5 * * 1 tar -zcf /var/backups/home.tgz /home/
#GULD1M5T6O
30 11 * * * /range/relay1on.sh ; sudo python /range/nbfm_140100_5w_s01_0112.py ; /range/relay1off.sh
#LZ693PWBYR
30 15 * * * /range/relay1on.sh ; sudo python /range/nbfm_140100_5w_s01_0112.py ; /range/relay1off.sh

2021-03-18 10:54:06,763 - Thu Mar 18 10:54:06 2021 - DRED1


2021-03-18 10:54:07,174 - Thu Mar 18 10:54:07 2021 - DRED1


2021-03-18 10:54:09,588 - Thu Mar 18 10:54:09 2021 - DRED1


2021-03-18 10:54:10,000 - Thu Mar 18 10:54:10 2021 - DRED1

# 0 5 * * 1 tar -zcf /var/backups/home.tgz /home/
#EIMO551EE6
30 13 * * * /range/relay1on.sh ; sudo python /range/nbfm_140100_5w_s01_0112.py ; /range/relay1off.sh
#LZ693PWBYR
30 15 * * * /range/relay1on.sh ; sudo python /range/nbfm_140100_5w_s01_0112.py ; /range/relay1off.sh

2021-03-18 10:55:16,714 - Thu Mar 18 10:55:16 2021 - Scanning for devices. Please wait...
2021-03-18 10:55:16,715 - Thu Mar 18 10:55:16 2021 - Scanning: ['DRED1']
2021-03-18 10:55:16,810 - Thu Mar 18 10:55:16 2021 - Missing:  []
2021-03-18 10:55:16,810 - Thu Mar 18 10:55:16 2021 - Found:    ['DRED1']
2021-03-18 10:55:16,810 - Thu Mar 18 10:55:16 2021 - Select Device to operate with the drop down above...
2021-03-18 10:55:21,913 - Thu Mar 18 10:55:21 2021 - DRED1


2021-03-18 10:55:22,305 - Thu Mar 18 10:55:22 2021 - DRED1

# 0 5 * * 1 tar -zcf /var/backups/home.tgz /home/
#EIMO551EE6
30 13 * * * /range/relay1on.sh ; sudo python /range/nbfm_140100_5w_s01_0112.py ; /range/relay1off.sh
#LZ693PWBYR
30 15 * * * /range/relay1on.sh ; sudo python /range/nbfm_140100_5w_s01_0112.py ; /range/relay1off.sh

2021-03-18 10:55:34,788 - Thu Mar 18 10:55:34 2021 - DRED1


2021-03-18 10:55:35,310 - Thu Mar 18 10:55:35 2021 - DRED1

# 0 5 * * 1 tar -zcf /var/backups/home.tgz /home/
#EIMO551EE6
30 13 * * * /range/relay1on.sh ; sudo python /range/nbfm_140100_5w_s01_0112.py ; /range/relay1off.sh
#LZ693PWBYR
30 15 * * * /range/relay1on.sh ; sudo python /range/nbfm_140100_5w_s01_0112.py ; /range/relay1off.sh

2021-03-18 10:55:47,504 - Thu Mar 18 10:55:47 2021 - DRED1

Traceback (most recent call last):
  File "removejob.py", line 4, in <module>
    removecron = "#" + sys.argv[1]
IndexError: list index out of range

2021-03-18 10:55:48,728 - Thu Mar 18 10:55:48 2021 - DRED1


2021-03-18 10:56:14,929 - Thu Mar 18 10:56:14 2021 - DRED1


2021-03-18 10:56:15,409 - Thu Mar 18 10:56:15 2021 - DRED1


2021-03-18 10:56:17,787 - Thu Mar 18 10:56:17 2021 - DRED1


2021-03-18 10:56:18,168 - Thu Mar 18 10:56:18 2021 - DRED1

# 0 5 * * 1 tar -zcf /var/backups/home.tgz /home/
#LZ693PWBYR
30 15 * * * /range/relay1on.sh ; sudo python /range/nbfm_140100_5w_s01_0112.py ; /range/relay1off.sh

2021-03-18 10:57:04,573 - Thu Mar 18 10:57:04 2021 - DRED1


2021-03-18 10:57:05,060 - Thu Mar 18 10:57:05 2021 - DRED1


2021-03-18 10:57:07,179 - Thu Mar 18 10:57:07 2021 - DRED1


2021-03-18 10:57:07,555 - Thu Mar 18 10:57:07 2021 - DRED1

# 0 5 * * 1 tar -zcf /var/backups/home.tgz /home/

2021-03-18 10:57:20,930 - Thu Mar 18 10:57:20 2021 - Scanning for devices. Please wait...
2021-03-18 10:57:20,932 - Thu Mar 18 10:57:20 2021 - Scanning: ['DRED1']
2021-03-18 10:57:21,029 - Thu Mar 18 10:57:21 2021 - Missing:  []
2021-03-18 10:57:21,029 - Thu Mar 18 10:57:21 2021 - Found:    ['DRED1']
2021-03-18 10:57:21,029 - Thu Mar 18 10:57:21 2021 - Select Device to operate with the drop down above...
2021-03-18 10:57:27,299 - Thu Mar 18 10:57:27 2021 - DRED1


2021-03-18 10:57:27,683 - Thu Mar 18 10:57:27 2021 - DRED1


2021-03-18 10:57:43,723 - Thu Mar 18 10:57:43 2021 - DRED1


2021-03-18 10:57:44,143 - Thu Mar 18 10:57:44 2021 - DRED1


2021-03-18 10:57:45,120 - Thu Mar 18 10:57:45 2021 - DRED1


2021-03-18 10:57:48,728 - Thu Mar 18 10:57:48 2021 - DRED1


2021-03-18 10:57:49,929 - Thu Mar 18 10:57:49 2021 - DRED1

#0MBD11EM1T
30 12 * * * /range/relay1on.sh ; sudo python /range/nbfm_140100_5w_s01_0112.py ; /range/relay1off.sh

2021-03-18 10:58:00,972 - Thu Mar 18 10:58:00 2021 - DRED1


2021-03-18 10:58:01,383 - Thu Mar 18 10:58:01 2021 - DRED1


2021-03-18 10:58:03,748 - Thu Mar 18 10:58:03 2021 - DRED1


2021-03-18 10:58:04,132 - Thu Mar 18 10:58:04 2021 - DRED1


2021-03-18 10:58:06,472 - Thu Mar 18 10:58:06 2021 - DRED1


2021-03-18 10:58:07,965 - Thu Mar 18 10:58:07 2021 - DRED1


2021-03-18 10:58:08,377 - Thu Mar 18 10:58:08 2021 - DRED1


2021-03-18 10:58:11,841 - Thu Mar 18 10:58:11 2021 - DRED1


2021-03-18 10:58:12,271 - Thu Mar 18 10:58:12 2021 - DRED1


2021-03-18 10:58:13,210 - Thu Mar 18 10:58:13 2021 - DRED1


2021-03-18 10:58:14,626 - Thu Mar 18 10:58:14 2021 - DRED1


2021-03-18 10:58:15,021 - Thu Mar 18 10:58:15 2021 - DRED1

30 12 * * * /range/relay1on.sh ; sudo python /range/nbfm_140100_5w_s01_0112.py ; /range/relay1off.sh

2021-03-18 10:58:31,447 - Thu Mar 18 10:58:31 2021 - 

ssh: connect to host 0.0.0.0 port 22: Unknown error

2021-03-18 10:58:31,466 - Thu Mar 18 10:58:31 2021 - 

ssh: connect to host 0.0.0.0 port 22: Unknown error

2021-03-18 10:58:33,730 - Thu Mar 18 10:58:33 2021 - Scanning for devices. Please wait...
2021-03-18 10:58:33,732 - Thu Mar 18 10:58:33 2021 - Scanning: ['DRED1']
2021-03-18 10:58:33,830 - Thu Mar 18 10:58:33 2021 - Missing:  []
2021-03-18 10:58:33,831 - Thu Mar 18 10:58:33 2021 - Found:    ['DRED1']
2021-03-18 10:58:33,831 - Thu Mar 18 10:58:33 2021 - Select Device to operate with the drop down above...
2021-03-18 10:58:36,623 - Thu Mar 18 10:58:36 2021 - DRED1


2021-03-18 10:58:37,008 - Thu Mar 18 10:58:37 2021 - DRED1

#BEGPKKNNU8
30 12 * * * /range/relay1on.sh ; sudo python /range/nbfm_140100_5w_s01_0112.py ; /range/relay1off.sh

2021-03-18 11:03:01,632 - Thu Mar 18 11:03:01 2021 - Scanning for devices. Please wait...
2021-03-18 11:03:01,634 - Thu Mar 18 11:03:01 2021 - Scanning: ['DRED1']
2021-03-18 11:03:01,741 - Thu Mar 18 11:03:01 2021 - Missing:  []
2021-03-18 11:03:01,741 - Thu Mar 18 11:03:01 2021 - Found:    ['DRED1']
2021-03-18 11:03:01,741 - Thu Mar 18 11:03:01 2021 - Select Device to operate with the drop down above...
2021-03-18 11:03:06,048 - Thu Mar 18 11:03:06 2021 - DRED1


2021-03-18 11:03:06,477 - Thu Mar 18 11:03:06 2021 - DRED1

#BEGPKKNNU8
30 12 * * * /range/relay1on.sh ; sudo python /range/nbfm_140100_5w_s01_0112.py ; /range/relay1off.sh

2021-03-18 11:03:16,506 - Thu Mar 18 11:03:16 2021 - DRED1


2021-03-18 11:03:17,011 - Thu Mar 18 11:03:17 2021 - DRED1


2021-03-18 11:03:18,801 - Thu Mar 18 11:03:18 2021 - DRED1


2021-03-18 11:03:19,216 - Thu Mar 18 11:03:19 2021 - DRED1


2021-03-18 11:03:22,593 - Thu Mar 18 11:03:22 2021 - DRED1


2021-03-18 11:03:23,918 - Thu Mar 18 11:03:23 2021 - DRED1


2021-03-18 11:03:24,312 - Thu Mar 18 11:03:24 2021 - DRED1


2021-03-18 11:07:29,216 - Thu Mar 18 11:07:29 2021 - Scanning for devices. Please wait...
2021-03-18 11:07:29,216 - Thu Mar 18 11:07:29 2021 - Scanning: ['DRED1']
2021-03-18 11:07:29,370 - Thu Mar 18 11:07:29 2021 - Missing:  []
2021-03-18 11:07:29,370 - Thu Mar 18 11:07:29 2021 - Found:    ['DRED1']
2021-03-18 11:07:29,370 - Thu Mar 18 11:07:29 2021 - Select Device to operate with the drop down above...
2021-03-18 11:07:34,543 - Thu Mar 18 11:07:34 2021 - DRED1


2021-03-18 11:07:34,935 - Thu Mar 18 11:07:34 2021 - DRED1


2021-03-18 11:07:35,856 - Thu Mar 18 11:07:35 2021 - DRED1


2021-03-18 11:07:38,265 - Thu Mar 18 11:07:38 2021 - DRED1


2021-03-18 11:07:38,668 - Thu Mar 18 11:07:38 2021 - DRED1

#CL2G3HIMWM
00 12 */2 * * /range/relay1on.sh ; sudo python /range/nbfm_150200_5w_s03_3344.py ; /range/relay1off.sh

2021-03-18 11:07:56,937 - Thu Mar 18 11:07:56 2021 - DRED1


2021-03-18 11:07:57,412 - Thu Mar 18 11:07:57 2021 - DRED1


2021-03-18 11:08:00,782 - Thu Mar 18 11:08:00 2021 - DRED1


2021-03-18 11:08:01,181 - Thu Mar 18 11:08:01 2021 - DRED1


2021-03-18 11:09:15,520 - Thu Mar 18 11:09:15 2021 - DRED1


2021-03-18 11:09:15,911 - Thu Mar 18 11:09:15 2021 - DRED1


2021-03-18 11:09:16,807 - Thu Mar 18 11:09:16 2021 - DRED1


2021-03-18 11:09:18,299 - Thu Mar 18 11:09:18 2021 - DRED1


2021-03-18 11:09:18,699 - Thu Mar 18 11:09:18 2021 - DRED1

#CTJBRESCQL
24 16 * * * /range/relay1on.sh ; sudo python /range/nbfm_140100_5w_s04_0033.py ; /range/relay1off.sh

2021-03-18 11:15:43,215 - Thu Mar 18 11:15:43 2021 - DRED1


2021-03-18 11:15:43,627 - Thu Mar 18 11:15:43 2021 - DRED1


2021-03-18 11:15:45,787 - Thu Mar 18 11:15:45 2021 - DRED1


2021-03-18 11:15:46,213 - Thu Mar 18 11:15:46 2021 - DRED1


2021-03-22 10:27:38,415 - Mon Mar 22 10:27:38 2021 - Scanning for devices. Please wait...
2021-03-22 10:27:38,417 - Mon Mar 22 10:27:38 2021 - Scanning: ['DRED1']
2021-03-22 10:27:38,520 - Mon Mar 22 10:27:38 2021 - Missing:  []
2021-03-22 10:27:38,520 - Mon Mar 22 10:27:38 2021 - Found:    ['DRED1']
2021-03-22 10:27:38,521 - Mon Mar 22 10:27:38 2021 - Select Device to operate with the drop down above...
2021-03-22 11:03:20,484 - Mon Mar 22 11:03:20 2021 - Scanning for devices. Please wait...
2021-03-22 11:03:20,486 - Mon Mar 22 11:03:20 2021 - Scanning: ['DRED1']
2021-03-22 11:03:20,707 - Mon Mar 22 11:03:20 2021 - Missing:  []
2021-03-22 11:03:20,708 - Mon Mar 22 11:03:20 2021 - Found:    ['DRED1']
2021-03-22 11:03:20,708 - Mon Mar 22 11:03:20 2021 - Select Device to operate with the drop down above...
2021-03-22 11:36:06,599 - Mon Mar 22 11:36:06 2021 - Scanning for devices. Please wait...
2021-03-22 11:36:06,600 - Mon Mar 22 11:36:06 2021 - Scanning: ['DRED1']
2021-03-22 11:36:10,445 - Mon Mar 22 11:36:10 2021 - Missing:  []
2021-03-22 11:36:10,445 - Mon Mar 22 11:36:10 2021 - Found:    ['DRED1']
2021-03-22 11:36:10,445 - Mon Mar 22 11:36:10 2021 - Select Device to operate with the drop down above...
2021-03-22 11:36:28,702 - Mon Mar 22 11:36:28 2021 - Invalid content in Minutes field
2021-03-22 11:38:07,755 - Mon Mar 22 11:38:07 2021 - Invalid content in Minutes field
2021-03-22 11:38:26,679 - Mon Mar 22 11:38:26 2021 - Invalid content in Minutes field
2021-03-22 11:38:33,733 - Mon Mar 22 11:38:33 2021 - Invalid content in Minutes field
2021-03-22 11:38:38,111 - Mon Mar 22 11:38:38 2021 - Invalid content in Minutes field
2021-03-22 11:39:06,251 - Mon Mar 22 11:39:06 2021 - DRED1

ssh: connect to host 192.168.1.201 port 22: Connection timed out

2021-03-25 09:36:54,041 - Thu Mar 25 09:36:54 2021 - Scanning for devices. Please wait...
2021-03-25 09:36:54,046 - Thu Mar 25 09:36:54 2021 - Scanning: ['DRED1']
2021-03-25 09:36:56,944 - Thu Mar 25 09:36:56 2021 - Missing:  ['DRED1']
2021-03-25 09:36:56,944 - Thu Mar 25 09:36:56 2021 - Found:    []
2021-03-25 09:36:56,944 - Thu Mar 25 09:36:56 2021 - No DREDs loaded. Check Power and Wifi connections...
2021-03-25 09:37:35,596 - Thu Mar 25 09:37:35 2021 - Invalid content in Minutes field
2021-03-25 09:37:52,101 - Thu Mar 25 09:37:52 2021 - Invalid content in Minutes field
2021-03-25 09:38:05,279 - Thu Mar 25 09:38:05 2021 - Invalid content in Minutes field
2021-03-25 09:38:13,062 - Thu Mar 25 09:38:13 2021 - Invalid content in Day of Week field
2021-03-25 09:38:46,028 - Thu Mar 25 09:38:46 2021 - Invalid content in Day of Week field
2021-03-25 09:38:57,998 - Thu Mar 25 09:38:57 2021 - Invalid content in Day of Week field
2021-03-25 09:39:03,746 - Thu Mar 25 09:39:03 2021 - 

ssh: connect to host 0.0.0.0 port 22: Unknown error

2021-03-25 09:39:03,762 - Thu Mar 25 09:39:03 2021 - 

ssh: connect to host 0.0.0.0 port 22: Unknown error

2021-03-25 09:39:03,793 - Thu Mar 25 09:39:03 2021 - 

ssh: connect to host 0.0.0.0 port 22: Unknown error

2021-03-25 09:39:20,000 - Thu Mar 25 09:39:20 2021 - Invalid content in Day of Week field
2021-03-25 09:39:57,105 - Thu Mar 25 09:39:57 2021 - 

ssh: connect to host 0.0.0.0 port 22: Unknown error

2021-03-25 09:39:57,122 - Thu Mar 25 09:39:57 2021 - 

ssh: connect to host 0.0.0.0 port 22: Unknown error

2021-03-25 09:39:57,154 - Thu Mar 25 09:39:57 2021 - 

ssh: connect to host 0.0.0.0 port 22: Unknown error

2021-03-25 09:40:15,006 - Thu Mar 25 09:40:15 2021 - Invalid content in Minutes field
2021-03-25 09:40:25,776 - Thu Mar 25 09:40:25 2021 - Invalid content in Minutes field
2021-03-25 09:40:48,652 - Thu Mar 25 09:40:48 2021 - Invalid content in Minutes field
2021-03-25 09:43:22,091 - Thu Mar 25 09:43:22 2021 - 

ssh: connect to host 0.0.0.0 port 22: Unknown error

2021-03-25 09:43:22,107 - Thu Mar 25 09:43:22 2021 - 

ssh: connect to host 0.0.0.0 port 22: Unknown error

2021-03-25 09:43:22,138 - Thu Mar 25 09:43:22 2021 - 

ssh: connect to host 0.0.0.0 port 22: Unknown error

2021-03-25 09:44:15,460 - Thu Mar 25 09:44:15 2021 - 

ssh: connect to host 0.0.0.0 port 22: Unknown error

2021-03-25 09:44:15,477 - Thu Mar 25 09:44:15 2021 - 

ssh: connect to host 0.0.0.0 port 22: Unknown error

2021-03-25 09:44:15,508 - Thu Mar 25 09:44:15 2021 - 

ssh: connect to host 0.0.0.0 port 22: Unknown error

2021-03-25 09:49:01,722 - Thu Mar 25 09:49:01 2021 - 

ssh: connect to host 0.0.0.0 port 22: Unknown error

2021-03-25 09:49:01,738 - Thu Mar 25 09:49:01 2021 - 

ssh: connect to host 0.0.0.0 port 22: Unknown error

2021-03-25 09:49:01,769 - Thu Mar 25 09:49:01 2021 - 

ssh: connect to host 0.0.0.0 port 22: Unknown error

2021-03-25 09:49:33,838 - Thu Mar 25 09:49:33 2021 - 

ssh: connect to host 0.0.0.0 port 22: Unknown error

2021-03-25 09:49:33,853 - Thu Mar 25 09:49:33 2021 - 

ssh: connect to host 0.0.0.0 port 22: Unknown error

2021-03-25 09:49:33,884 - Thu Mar 25 09:49:33 2021 - 

ssh: connect to host 0.0.0.0 port 22: Unknown error

2021-04-01 09:11:20,981 - Thu Apr  1 09:11:20 2021 - Invalid content in Minutes field
2021-04-01 09:14:52,351 - Thu Apr  1 09:14:52 2021 - 

ssh: connect to host 0.0.0.0 port 22: Unknown error

2021-04-01 09:14:52,367 - Thu Apr  1 09:14:52 2021 - 

ssh: connect to host 0.0.0.0 port 22: Unknown error

2021-04-01 09:14:52,399 - Thu Apr  1 09:14:52 2021 - 

ssh: connect to host 0.0.0.0 port 22: Unknown error

2021-04-01 09:15:02,183 - Thu Apr  1 09:15:02 2021 - Invalid content in Minutes field
2021-04-05 09:05:49,169 - Mon Apr  5 09:05:49 2021 - One or more fields are empty.
2021-04-05 09:09:42,563 - Mon Apr  5 09:09:42 2021 - Scanning for devices. Please wait...
2021-04-05 09:09:42,566 - Mon Apr  5 09:09:42 2021 - Scanning: ['DRED1']
2021-04-05 09:09:42,696 - Mon Apr  5 09:09:42 2021 - Missing:  []
2021-04-05 09:09:42,697 - Mon Apr  5 09:09:42 2021 - Found:    ['DRED1']
2021-04-05 09:09:42,697 - Mon Apr  5 09:09:42 2021 - Select Device to operate with the drop down above...
2021-04-05 09:10:40,679 - Mon Apr  5 09:10:40 2021 - DRED1

gr-osmosdr 0.1.4 (0.1.4) gnuradio 3.7.13.4
built-in sink types: uhd hackrf bladerf soapy redpitaya freesrp file 
[32;1m[INFO] [UHD] [39;0mlinux; GNU C++ version 8.2.0; Boost_106700; UHD_3.13.1.0-3

RtApiAlsa::getDeviceInfo: snd_pcm_open error for device (default), No such file or directory.

Using HackRF One with firmware 2018.01.1 
UU
2021-04-05 09:11:47,468 - Mon Apr  5 09:11:47 2021 - DRED1

gr-osmosdr 0.1.4 (0.1.4) gnuradio 3.7.13.4
built-in sink types: uhd hackrf bladerf soapy redpitaya freesrp file 
[32;1m[INFO] [UHD] [39;0mlinux; GNU C++ version 8.2.0; Boost_106700; UHD_3.13.1.0-3

RtApiAlsa::getDeviceInfo: snd_pcm_open error for device (default), No such file or directory.

Using HackRF One with firmware 2018.01.1 
UU
2021-04-05 09:12:14,296 - Mon Apr  5 09:12:14 2021 - DRED1


2021-04-05 09:12:14,739 - Mon Apr  5 09:12:14 2021 - DRED1


2021-04-05 09:12:15,692 - Mon Apr  5 09:12:15 2021 - DRED1


2021-04-05 09:12:21,302 - Mon Apr  5 09:12:21 2021 - DRED1


2021-04-05 09:12:21,705 - Mon Apr  5 09:12:21 2021 - DRED1

#T5FQ1POBZ3
00 11 * * 1-5 /range/relay1on.sh ; sudo python /range/nbfm_167700_5w_s04_0033.py ; /range/relay1off.sh

2021-04-05 09:12:34,850 - Mon Apr  5 09:12:34 2021 - DRED1


2021-04-05 09:12:35,321 - Mon Apr  5 09:12:35 2021 - DRED1


2021-04-05 09:12:37,398 - Mon Apr  5 09:12:37 2021 - DRED1


2021-04-05 09:12:37,777 - Mon Apr  5 09:12:37 2021 - DRED1


2021-04-05 09:12:40,024 - Mon Apr  5 09:12:40 2021 - DRED1


2021-04-05 09:12:40,445 - Mon Apr  5 09:12:40 2021 - DRED1


2021-04-05 09:12:41,375 - Mon Apr  5 09:12:41 2021 - DRED1


2021-04-05 09:12:43,619 - Mon Apr  5 09:12:43 2021 - DRED1


2021-04-05 09:12:44,023 - Mon Apr  5 09:12:44 2021 - DRED1

#LS6SW7KEQ6
00 11 * * 1-5 /range/relay1on.sh ; sudo python /range/nbfm_167700_5w_s04_0033.py ; /range/relay1off.sh

2021-04-05 09:12:48,944 - Mon Apr  5 09:12:48 2021 - DRED1


2021-04-05 09:12:54,664 - Mon Apr  5 09:12:54 2021 - DRED1


2021-04-05 09:12:55,061 - Mon Apr  5 09:12:55 2021 - DRED1


2021-04-05 09:14:11,970 - Mon Apr  5 09:14:11 2021 - DRED1

gr-osmosdr 0.1.4 (0.1.4) gnuradio 3.7.13.4
built-in sink types: uhd hackrf bladerf soapy redpitaya freesrp file 
[32;1m[INFO] [UHD] [39;0mlinux; GNU C++ version 8.2.0; Boost_106700; UHD_3.13.1.0-3

RtApiAlsa::getDeviceInfo: snd_pcm_open error for device (default), No such file or directory.

Using HackRF One with firmware 2018.01.1 
UU
2021-04-05 09:14:49,848 - Mon Apr  5 09:14:49 2021 - DRED1

gr-osmosdr 0.1.4 (0.1.4) gnuradio 3.7.13.4
built-in sink types: uhd hackrf bladerf soapy redpitaya freesrp file 
[32;1m[INFO] [UHD] [39;0mlinux; GNU C++ version 8.2.0; Boost_106700; UHD_3.13.1.0-3

RtApiAlsa::getDeviceInfo: snd_pcm_open error for device (default), No such file or directory.

Using HackRF One with firmware 2018.01.1 
U
2021-04-05 09:19:33,683 - Mon Apr  5 09:19:33 2021 - Scanning for devices. Please wait...
2021-04-05 09:19:33,685 - Mon Apr  5 09:19:33 2021 - Scanning: ['DRED1']
2021-04-05 09:19:33,751 - Mon Apr  5 09:19:33 2021 - Missing:  []
2021-04-05 09:19:33,751 - Mon Apr  5 09:19:33 2021 - Found:    ['DRED1']
2021-04-05 09:19:33,752 - Mon Apr  5 09:19:33 2021 - Select Device to operate with the drop down above...
2021-04-05 09:19:50,607 - Mon Apr  5 09:19:50 2021 - DRED1


2021-04-05 09:19:51,000 - Mon Apr  5 09:19:51 2021 - DRED1


2021-04-05 09:19:51,839 - Mon Apr  5 09:19:51 2021 - DRED1


2021-04-05 09:20:01,467 - Mon Apr  5 09:20:01 2021 - DRED1


2021-04-05 09:20:03,320 - Mon Apr  5 09:20:03 2021 - DRED1


2021-04-05 09:20:03,708 - Mon Apr  5 09:20:03 2021 - DRED1


2021-04-05 09:20:08,942 - Mon Apr  5 09:20:08 2021 - DRED1


2021-04-05 09:20:09,311 - Mon Apr  5 09:20:09 2021 - DRED1


2021-04-05 09:20:10,170 - Mon Apr  5 09:20:10 2021 - DRED1


2021-04-05 09:20:28,409 - Mon Apr  5 09:20:28 2021 - DRED1


2021-04-05 09:20:29,546 - Mon Apr  5 09:20:29 2021 - DRED1

#KBNWK5F8E0
00 16 * * * /range/relay1on.sh ; sudo python /range/nbfm_140100_5w_s01_0112.py ; /range/relay1off.sh

2021-04-05 09:20:34,496 - Mon Apr  5 09:20:34 2021 - DRED1


2021-04-05 09:20:34,879 - Mon Apr  5 09:20:34 2021 - DRED1

#KBNWK5F8E0
00 16 * * * /range/relay1on.sh ; sudo python /range/nbfm_140100_5w_s01_0112.py ; /range/relay1off.sh

2021-04-05 09:20:40,196 - Mon Apr  5 09:20:40 2021 - DRED1


2021-04-05 09:20:40,642 - Mon Apr  5 09:20:40 2021 - DRED1

#KBNWK5F8E0
00 16 * * * /range/relay1on.sh ; sudo python /range/nbfm_140100_5w_s01_0112.py ; /range/relay1off.sh

2021-04-05 09:20:51,135 - Mon Apr  5 09:20:51 2021 - DRED1


2021-04-05 09:20:51,535 - Mon Apr  5 09:20:51 2021 - DRED1

#KBNWK5F8E0
00 16 * * * /range/relay1on.sh ; sudo python /range/nbfm_140100_5w_s01_0112.py ; /range/relay1off.sh

2021-04-05 09:21:02,439 - Mon Apr  5 09:21:02 2021 - DRED1


2021-04-05 09:21:35,490 - Mon Apr  5 09:21:35 2021 - Scanning for devices. Please wait...
2021-04-05 09:21:35,491 - Mon Apr  5 09:21:35 2021 - Scanning: ['DRED1']
2021-04-05 09:21:35,588 - Mon Apr  5 09:21:35 2021 - Missing:  []
2021-04-05 09:21:35,588 - Mon Apr  5 09:21:35 2021 - Found:    ['DRED1']
2021-04-05 09:21:35,588 - Mon Apr  5 09:21:35 2021 - Select Device to operate with the drop down above...
2021-04-05 09:22:02,546 - Mon Apr  5 09:22:02 2021 - DRED1


2021-04-05 09:22:02,963 - Mon Apr  5 09:22:02 2021 - DRED1


2021-04-05 09:22:03,817 - Mon Apr  5 09:22:03 2021 - DRED1


2021-04-05 09:23:32,387 - Mon Apr  5 09:23:32 2021 - Scanning for devices. Please wait...
2021-04-05 09:23:32,387 - Mon Apr  5 09:23:32 2021 - Scanning: ['DRED1']
2021-04-05 09:23:32,477 - Mon Apr  5 09:23:32 2021 - Missing:  []
2021-04-05 09:23:32,477 - Mon Apr  5 09:23:32 2021 - Found:    ['DRED1']
2021-04-05 09:23:32,477 - Mon Apr  5 09:23:32 2021 - Select Device to operate with the drop down above...
2021-04-05 09:23:51,578 - Mon Apr  5 09:23:51 2021 - Job Successfully added.
2021-04-05 09:24:07,313 - Mon Apr  5 09:24:07 2021 - DRED1


2021-04-05 09:24:11,734 - Mon Apr  5 09:24:11 2021 - DRED1


2021-04-05 09:24:12,286 - Mon Apr  5 09:24:12 2021 - DRED1


2021-04-05 09:26:24,834 - Mon Apr  5 09:26:24 2021 - Scanning for devices. Please wait...
2021-04-05 09:26:24,836 - Mon Apr  5 09:26:24 2021 - Scanning: ['DRED1']
2021-04-05 09:26:24,926 - Mon Apr  5 09:26:24 2021 - Missing:  []
2021-04-05 09:26:24,927 - Mon Apr  5 09:26:24 2021 - Found:    ['DRED1']
2021-04-05 09:26:24,927 - Mon Apr  5 09:26:24 2021 - Select Device to operate with the drop down above...
2021-04-05 09:26:51,850 - Mon Apr  5 09:26:51 2021 - Job Successfully added.
2021-04-05 09:27:30,717 - Mon Apr  5 09:27:30 2021 - Job Successfully added.
2021-04-05 09:28:26,302 - Mon Apr  5 09:28:26 2021 - Scanning for devices. Please wait...
2021-04-05 09:28:26,304 - Mon Apr  5 09:28:26 2021 - Scanning: ['DRED1']
2021-04-05 09:28:26,405 - Mon Apr  5 09:28:26 2021 - Missing:  []
2021-04-05 09:28:26,405 - Mon Apr  5 09:28:26 2021 - Found:    ['DRED1']
2021-04-05 09:28:26,405 - Mon Apr  5 09:28:26 2021 - Select Device to operate with the drop down above...
2021-04-05 09:28:31,376 - Mon Apr  5 09:28:31 2021 - No jobs found.
2021-04-05 09:28:36,986 - Mon Apr  5 09:28:36 2021 - No jobs found.
2021-04-05 09:29:52,058 - Mon Apr  5 09:29:52 2021 - Scanning for devices. Please wait...
2021-04-05 09:29:52,060 - Mon Apr  5 09:29:52 2021 - Scanning: ['DRED1']
2021-04-05 09:29:52,149 - Mon Apr  5 09:29:52 2021 - Missing:  []
2021-04-05 09:29:52,149 - Mon Apr  5 09:29:52 2021 - Found:    ['DRED1']
2021-04-05 09:29:52,150 - Mon Apr  5 09:29:52 2021 - Select Device to operate with the drop down above...
2021-04-05 09:30:21,419 - Mon Apr  5 09:30:21 2021 - Scanning for devices. Please wait...
2021-04-05 09:30:21,419 - Mon Apr  5 09:30:21 2021 - Scanning: ['DRED1']
2021-04-05 09:30:21,515 - Mon Apr  5 09:30:21 2021 - Missing:  []
2021-04-05 09:30:21,515 - Mon Apr  5 09:30:21 2021 - Found:    ['DRED1']
2021-04-05 09:30:21,515 - Mon Apr  5 09:30:21 2021 - Select Device to operate with the drop down above...
2021-04-05 09:30:25,339 - Mon Apr  5 09:30:25 2021 - DRED1

#CQSHQX3PV6
10 22 * * * /range/relay1on.sh ; sudo python /range/nbfm_140100_5w_s01_0112.py ; /range/relay1off.sh

2021-04-05 09:30:29,770 - Mon Apr  5 09:30:29 2021 - DRED1

#CQSHQX3PV6
10 22 * * * /range/relay1on.sh ; sudo python /range/nbfm_140100_5w_s01_0112.py ; /range/relay1off.sh

2021-04-05 09:30:51,286 - Mon Apr  5 09:30:51 2021 - Scanning for devices. Please wait...
2021-04-05 09:30:51,287 - Mon Apr  5 09:30:51 2021 - Scanning: ['DRED1']
2021-04-05 09:30:51,376 - Mon Apr  5 09:30:51 2021 - Missing:  []
2021-04-05 09:30:51,376 - Mon Apr  5 09:30:51 2021 - Found:    ['DRED1']
2021-04-05 09:30:51,376 - Mon Apr  5 09:30:51 2021 - Select Device to operate with the drop down above...
2021-04-05 09:30:56,174 - Mon Apr  5 09:30:56 2021 - No jobs found.
2021-04-05 09:31:41,998 - Mon Apr  5 09:31:41 2021 - Scanning for devices. Please wait...
2021-04-05 09:31:42,000 - Mon Apr  5 09:31:42 2021 - Scanning: ['DRED1']
2021-04-05 09:31:42,108 - Mon Apr  5 09:31:42 2021 - Missing:  []
2021-04-05 09:31:42,108 - Mon Apr  5 09:31:42 2021 - Found:    ['DRED1']
2021-04-05 09:31:42,108 - Mon Apr  5 09:31:42 2021 - Select Device to operate with the drop down above...
2021-04-05 09:31:46,081 - Mon Apr  5 09:31:46 2021 - No jobs found.
2021-04-05 09:31:49,666 - Mon Apr  5 09:31:49 2021 - All jobs removed.
2021-04-05 09:31:55,751 - Mon Apr  5 09:31:55 2021 - No jobs found.
2021-04-05 09:32:49,544 - Mon Apr  5 09:32:49 2021 - Scanning for devices. Please wait...
2021-04-05 09:32:49,546 - Mon Apr  5 09:32:49 2021 - Scanning: ['DRED1']
2021-04-05 09:32:49,621 - Mon Apr  5 09:32:49 2021 - Missing:  []
2021-04-05 09:32:49,621 - Mon Apr  5 09:32:49 2021 - Found:    ['DRED1']
2021-04-05 09:32:49,621 - Mon Apr  5 09:32:49 2021 - Select Device to operate with the drop down above...
2021-04-05 09:32:53,553 - Mon Apr  5 09:32:53 2021 - DRED1


2021-04-05 09:33:09,810 - Mon Apr  5 09:33:09 2021 - Job Successfully added.
2021-04-05 09:33:16,030 - Mon Apr  5 09:33:16 2021 - DRED1

#YK9KIQY7OB
30 08 * * * /range/relay1on.sh ; sudo python /range/nbfm_140100_5w_s01_0112.py ; /range/relay1off.sh

2021-04-05 09:33:26,429 - Mon Apr  5 09:33:26 2021 - DRED1

#YK9KIQY7OB
30 08 * * * /range/relay1on.sh ; sudo python /range/nbfm_140100_5w_s01_0112.py ; /range/relay1off.sh

2021-04-05 09:33:28,806 - Mon Apr  5 09:33:28 2021 - All jobs removed.
2021-04-05 09:33:31,386 - Mon Apr  5 09:33:31 2021 - DRED1


2021-04-05 09:33:36,508 - Mon Apr  5 09:33:36 2021 - DRED1


2021-04-05 09:33:53,323 - Mon Apr  5 09:33:53 2021 - Scanning for devices. Please wait...
2021-04-05 09:33:53,325 - Mon Apr  5 09:33:53 2021 - Scanning: ['DRED1']
2021-04-05 09:33:53,400 - Mon Apr  5 09:33:53 2021 - Missing:  []
2021-04-05 09:33:53,401 - Mon Apr  5 09:33:53 2021 - Found:    ['DRED1']
2021-04-05 09:33:53,401 - Mon Apr  5 09:33:53 2021 - Select Device to operate with the drop down above...
2021-04-05 09:33:57,840 - Mon Apr  5 09:33:57 2021 - DRED1


2021-04-05 09:34:18,548 - Mon Apr  5 09:34:18 2021 - Job Successfully added.
2021-04-05 09:34:21,470 - Mon Apr  5 09:34:21 2021 - DRED1

#727HRNDQJ4
30 10 * * * /range/relay1on.sh ; sudo python /range/nbfm_140100_5w_s01_0112.py ; /range/relay1off.sh

2021-04-05 09:35:01,463 - Mon Apr  5 09:35:01 2021 - Scanning for devices. Please wait...
2021-04-05 09:35:01,465 - Mon Apr  5 09:35:01 2021 - Scanning: ['DRED1']
2021-04-05 09:35:01,533 - Mon Apr  5 09:35:01 2021 - Missing:  []
2021-04-05 09:35:01,534 - Mon Apr  5 09:35:01 2021 - Found:    ['DRED1']
2021-04-05 09:35:01,534 - Mon Apr  5 09:35:01 2021 - Select Device to operate with the drop down above...
2021-04-05 09:35:08,629 - Mon Apr  5 09:35:08 2021 - DRED1

#727HRNDQJ4
30 10 * * * /range/relay1on.sh ; sudo python /range/nbfm_140100_5w_s01_0112.py ; /range/relay1off.sh

2021-04-05 09:35:11,169 - Mon Apr  5 09:35:11 2021 - All jobs removed.
2021-04-05 09:35:13,505 - Mon Apr  5 09:35:13 2021 - No jobs found.
2021-04-05 09:36:49,275 - Mon Apr  5 09:36:49 2021 - Scanning for devices. Please wait...
2021-04-05 09:36:49,277 - Mon Apr  5 09:36:49 2021 - Scanning: ['DRED1']
2021-04-05 09:36:49,374 - Mon Apr  5 09:36:49 2021 - Missing:  []
2021-04-05 09:36:49,374 - Mon Apr  5 09:36:49 2021 - Found:    ['DRED1']
2021-04-05 09:36:49,374 - Mon Apr  5 09:36:49 2021 - Select Device to operate with the drop down above...
2021-04-05 09:37:04,727 - Mon Apr  5 09:37:04 2021 - Job Successfully added.
2021-04-05 09:37:11,808 - Mon Apr  5 09:37:11 2021 - DRED1

#1RXAE99D6Y
30 09 * * * /range/relay1on.sh ; sudo python /range/nbfm_140100_5w_s01_0112.py ; /range/relay1off.sh

2021-04-05 09:37:19,639 - Mon Apr  5 09:37:19 2021 - All jobs removed.
2021-04-05 09:37:22,230 - Mon Apr  5 09:37:22 2021 - No jobs found.
2021-04-05 09:38:18,511 - Mon Apr  5 09:38:18 2021 - Scanning for devices. Please wait...
2021-04-05 09:38:18,513 - Mon Apr  5 09:38:18 2021 - Scanning: ['DRED1']
2021-04-05 09:38:18,597 - Mon Apr  5 09:38:18 2021 - Missing:  []
2021-04-05 09:38:18,597 - Mon Apr  5 09:38:18 2021 - Found:    ['DRED1']
2021-04-05 09:38:18,597 - Mon Apr  5 09:38:18 2021 - Select Device to operate with the drop down above...
2021-04-05 09:38:30,440 - Mon Apr  5 09:38:30 2021 - No jobs found.
2021-04-05 09:38:42,711 - Mon Apr  5 09:38:42 2021 - Job Successfully added.
2021-04-05 09:38:44,656 - Mon Apr  5 09:38:44 2021 - DRED1 Jobs
#W7MGYEETKA
10 20 * * * /range/relay1on.sh ; sudo python /range/nbfm_140100_5w_s01_0112.py ; /range/relay1off.sh

2021-04-05 09:39:35,742 - Mon Apr  5 09:39:35 2021 - DRED1

gr-osmosdr 0.1.4 (0.1.4) gnuradio 3.7.13.4
built-in sink types: uhd hackrf bladerf soapy redpitaya freesrp file 
[32;1m[INFO] [UHD] [39;0mlinux; GNU C++ version 8.2.0; Boost_106700; UHD_3.13.1.0-3

RtApiAlsa::getDeviceInfo: snd_pcm_open error for device (default), No such file or directory.

Using HackRF One with firmware 2018.01.1 
UU
2021-04-05 09:41:04,050 - Mon Apr  5 09:41:04 2021 - DRED1

python: can't open file '/range/nbfm_121000_5w_s04_0033.py': [Errno 2] No such file or directory

2021-04-05 09:44:08,175 - Mon Apr  5 09:44:08 2021 - Scanning for devices. Please wait...
2021-04-05 09:44:08,176 - Mon Apr  5 09:44:08 2021 - Scanning: ['DRED1']
2021-04-05 09:44:08,271 - Mon Apr  5 09:44:08 2021 - Missing:  []
2021-04-05 09:44:08,271 - Mon Apr  5 09:44:08 2021 - Found:    ['DRED1']
2021-04-05 09:44:08,271 - Mon Apr  5 09:44:08 2021 - Select Device to operate with the drop down above...
2021-04-05 09:45:30,567 - Mon Apr  5 09:45:30 2021 - Sound played successfully.
2021-04-05 09:45:41,028 - Mon Apr  5 09:45:41 2021 - DRED1

python: can't open file '/range/nbfm_112000_5w_s01_0112.py': [Errno 2] No such file or directory

2021-04-05 09:46:44,929 - Mon Apr  5 09:46:44 2021 - Scanning for devices. Please wait...
2021-04-05 09:46:44,931 - Mon Apr  5 09:46:44 2021 - Scanning: ['DRED1']
2021-04-05 09:46:44,983 - Mon Apr  5 09:46:44 2021 - Missing:  []
2021-04-05 09:46:44,983 - Mon Apr  5 09:46:44 2021 - Found:    ['DRED1']
2021-04-05 09:46:44,983 - Mon Apr  5 09:46:44 2021 - Select Device to operate with the drop down above...
2021-04-05 09:46:50,328 - Mon Apr  5 09:46:50 2021 - Playing sound s04_0033 on frequency 140100
2021-04-05 09:47:29,467 - Mon Apr  5 09:47:29 2021 - Sound played successfully.
2021-04-05 09:52:37,775 - Mon Apr  5 09:52:37 2021 - Scanning for devices. Please wait...
2021-04-05 09:52:37,777 - Mon Apr  5 09:52:37 2021 - Scanning: ['DRED1']
2021-04-05 09:52:37,858 - Mon Apr  5 09:52:37 2021 - Missing:  []
2021-04-05 09:52:37,858 - Mon Apr  5 09:52:37 2021 - Found:    ['DRED1']
2021-04-05 09:52:37,858 - Mon Apr  5 09:52:37 2021 - Select Device to operate with the drop down above...
2021-04-05 09:52:39,439 - Mon Apr  5 09:52:39 2021 - Please wait...
2021-04-05 09:53:14,787 - Mon Apr  5 09:53:14 2021 - Scanning for devices. Please wait...
2021-04-05 09:53:14,789 - Mon Apr  5 09:53:14 2021 - Scanning: ['DRED1']
2021-04-05 09:53:14,869 - Mon Apr  5 09:53:14 2021 - Missing:  []
2021-04-05 09:53:14,869 - Mon Apr  5 09:53:14 2021 - Found:    ['DRED1']
2021-04-05 09:53:14,869 - Mon Apr  5 09:53:14 2021 - Select Device to operate with the drop down above...
2021-04-05 09:53:17,864 - Mon Apr  5 09:53:17 2021 - Please wait...
2021-04-05 09:54:36,654 - Mon Apr  5 09:54:36 2021 - Sound played successfully.
2021-04-05 09:55:31,873 - Mon Apr  5 09:55:31 2021 - DRED1

gr-osmosdr 0.1.4 (0.1.4) gnuradio 3.7.13.4
built-in sink types: uhd hackrf bladerf soapy redpitaya freesrp file 
[32;1m[INFO] [UHD] [39;0mlinux; GNU C++ version 8.2.0; Boost_106700; UHD_3.13.1.0-3

RtApiAlsa::getDeviceInfo: snd_pcm_open error for device (default), No such file or directory.

Using HackRF One with firmware 2018.01.1 
UU
2021-04-05 09:56:09,750 - Mon Apr  5 09:56:09 2021 - DRED1

gr-osmosdr 0.1.4 (0.1.4) gnuradio 3.7.13.4
built-in sink types: uhd hackrf bladerf soapy redpitaya freesrp file 
[32;1m[INFO] [UHD] [39;0mlinux; GNU C++ version 8.2.0; Boost_106700; UHD_3.13.1.0-3

RtApiAlsa::getDeviceInfo: snd_pcm_open error for device (default), No such file or directory.

Using HackRF One with firmware 2018.01.1 
UU
2021-04-05 09:56:45,256 - Mon Apr  5 09:56:45 2021 - Scanning for devices. Please wait...
2021-04-05 09:56:45,258 - Mon Apr  5 09:56:45 2021 - Scanning: ['DRED1']
2021-04-05 09:56:45,348 - Mon Apr  5 09:56:45 2021 - Missing:  []
2021-04-05 09:56:45,349 - Mon Apr  5 09:56:45 2021 - Found:    ['DRED1']
2021-04-05 09:56:45,349 - Mon Apr  5 09:56:45 2021 - Select Device to operate with the drop down above...
2021-04-05 09:56:59,319 - Mon Apr  5 09:56:59 2021 - Playing first sound in queue.
2021-04-05 09:57:38,340 - Mon Apr  5 09:57:38 2021 - DRED1

gr-osmosdr 0.1.4 (0.1.4) gnuradio 3.7.13.4
built-in sink types: uhd hackrf bladerf soapy redpitaya freesrp file 
[32;1m[INFO] [UHD] [39;0mlinux; GNU C++ version 8.2.0; Boost_106700; UHD_3.13.1.0-3

RtApiAlsa::getDeviceInfo: snd_pcm_open error for device (default), No such file or directory.

Using HackRF One with firmware 2018.01.1 
U
2021-04-05 09:57:38,341 - Mon Apr  5 09:57:38 2021 - Playing next sound in queue
2021-04-05 09:58:16,246 - Mon Apr  5 09:58:16 2021 - DRED1

gr-osmosdr 0.1.4 (0.1.4) gnuradio 3.7.13.4
built-in sink types: uhd hackrf bladerf soapy redpitaya freesrp file 
[32;1m[INFO] [UHD] [39;0mlinux; GNU C++ version 8.2.0; Boost_106700; UHD_3.13.1.0-3

RtApiAlsa::getDeviceInfo: snd_pcm_open error for device (default), No such file or directory.

Using HackRF One with firmware 2018.01.1 
U
2021-04-05 09:58:16,246 - Mon Apr  5 09:58:16 2021 - Playing next sound in queue
2021-04-05 09:58:22,648 - Mon Apr  5 09:58:22 2021 - Scanning for devices. Please wait...
2021-04-05 09:58:22,649 - Mon Apr  5 09:58:22 2021 - Scanning: ['DRED1']
2021-04-05 09:58:22,750 - Mon Apr  5 09:58:22 2021 - Missing:  []
2021-04-05 09:58:22,750 - Mon Apr  5 09:58:22 2021 - Found:    ['DRED1']
2021-04-05 09:58:22,750 - Mon Apr  5 09:58:22 2021 - Select Device to operate with the drop down above...
2021-04-05 09:58:30,832 - Mon Apr  5 09:58:30 2021 - Playing first sound in queue.
2021-04-05 09:59:09,032 - Mon Apr  5 09:59:09 2021 - Playing next sound in queue
2021-04-05 09:59:46,919 - Mon Apr  5 09:59:46 2021 - Playing next sound in queue
2021-04-05 10:00:40,667 - Mon Apr  5 10:00:40 2021 - Scanning for devices. Please wait...
2021-04-05 10:00:40,669 - Mon Apr  5 10:00:40 2021 - Scanning: ['DRED1']
2021-04-05 10:00:40,764 - Mon Apr  5 10:00:40 2021 - Missing:  []
2021-04-05 10:00:40,764 - Mon Apr  5 10:00:40 2021 - Found:    ['DRED1']
2021-04-05 10:00:40,764 - Mon Apr  5 10:00:40 2021 - Select Device to operate with the drop down above...
2021-04-05 10:07:06,998 - Mon Apr  5 10:07:06 2021 - Scanning for devices. Please wait...
2021-04-05 10:07:07,000 - Mon Apr  5 10:07:07 2021 - Scanning: ['DRED1']
2021-04-05 10:07:07,091 - Mon Apr  5 10:07:07 2021 - Missing:  []
2021-04-05 10:07:07,091 - Mon Apr  5 10:07:07 2021 - Found:    ['DRED1']
2021-04-05 10:07:07,091 - Mon Apr  5 10:07:07 2021 - Select Device to operate with the drop down above...
2021-04-05 10:07:29,686 - Mon Apr  5 10:07:29 2021 - Please wait...
2021-04-05 10:08:16,915 - Mon Apr  5 10:08:16 2021 - Sound played successfully.
2021-04-05 10:16:33,654 - Mon Apr  5 10:16:33 2021 - Scanning for devices. Please wait...
2021-04-05 10:16:33,654 - Mon Apr  5 10:16:33 2021 - Scanning: ['DRED1']
2021-04-05 10:16:33,750 - Mon Apr  5 10:16:33 2021 - Missing:  []
2021-04-05 10:16:33,750 - Mon Apr  5 10:16:33 2021 - Found:    ['DRED1']
2021-04-05 10:16:33,750 - Mon Apr  5 10:16:33 2021 - Select Device to operate with the drop down above...
2021-04-05 10:16:37,351 - Mon Apr  5 10:16:37 2021 - Please wait...
2021-04-05 10:17:47,486 - Mon Apr  5 10:17:47 2021 - Sound played successfully.
2021-04-05 10:33:59,482 - Mon Apr  5 10:33:59 2021 - Scanning for devices. Please wait...
2021-04-05 10:33:59,482 - Mon Apr  5 10:33:59 2021 - Scanning: ['DRED1']
2021-04-05 10:33:59,561 - Mon Apr  5 10:33:59 2021 - Missing:  []
2021-04-05 10:33:59,561 - Mon Apr  5 10:33:59 2021 - Found:    ['DRED1']
2021-04-05 10:33:59,562 - Mon Apr  5 10:33:59 2021 - Select Device to operate with the drop down above...
2021-04-05 10:34:19,357 - Mon Apr  5 10:34:19 2021 - One or more fields are empty.
2021-04-05 10:45:18,482 - Mon Apr  5 10:45:18 2021 - Scanning for devices. Please wait...
2021-04-05 10:45:18,484 - Mon Apr  5 10:45:18 2021 - Scanning: ['DRED1']
2021-04-05 10:45:18,579 - Mon Apr  5 10:45:18 2021 - Missing:  []
2021-04-05 10:45:18,580 - Mon Apr  5 10:45:18 2021 - Found:    ['DRED1']
2021-04-05 10:45:18,580 - Mon Apr  5 10:45:18 2021 - Select Device to operate with the drop down above...
2021-04-05 10:46:13,867 - Mon Apr  5 10:46:13 2021 - Scanning for devices. Please wait...
2021-04-05 10:46:13,869 - Mon Apr  5 10:46:13 2021 - Scanning: ['DRED1']
2021-04-05 10:46:13,961 - Mon Apr  5 10:46:13 2021 - Missing:  []
2021-04-05 10:46:13,961 - Mon Apr  5 10:46:13 2021 - Found:    ['DRED1']
2021-04-05 10:46:13,961 - Mon Apr  5 10:46:13 2021 - Select Device to operate with the drop down above...
2021-04-05 10:46:35,651 - Mon Apr  5 10:46:35 2021 - Job Successfully added.
2021-04-05 10:46:37,294 - Mon Apr  5 10:46:37 2021 - Job Successfully added.
2021-04-05 10:46:44,186 - Mon Apr  5 10:46:44 2021 - DRED1 Jobs
#W7MGYEETKA
10 20 * * * /range/relay1on.sh ; sudo python /range/nbfm_140100_5w_s01_0112.py ; /range/relay1off.sh
#7GQV7I17KH
00 12 * * * /range/relay1on.sh ; sudo python /range/nbfm_140100_5w_s01_0112.py ; /range/relay1off.sh
#KAD369NX2E
00 12 * * * /range/relay1on.sh ; sudo python /range/nbfm_140100_5w_s01_0112.py ; /range/relay1off.sh

2021-04-05 10:47:48,253 - Mon Apr  5 10:47:48 2021 - All jobs removed.
2021-04-05 10:47:50,571 - Mon Apr  5 10:47:50 2021 - No jobs found.
2021-04-05 10:47:59,028 - Mon Apr  5 10:47:59 2021 - Scanning for devices. Please wait...
2021-04-05 10:47:59,029 - Mon Apr  5 10:47:59 2021 - Scanning: ['DRED1']
2021-04-05 10:47:59,119 - Mon Apr  5 10:47:59 2021 - Missing:  []
2021-04-05 10:47:59,119 - Mon Apr  5 10:47:59 2021 - Found:    ['DRED1']
2021-04-05 10:47:59,119 - Mon Apr  5 10:47:59 2021 - Select Device to operate with the drop down above...
2021-04-05 10:48:24,154 - Mon Apr  5 10:48:24 2021 - Job Successfully added.
2021-04-05 10:48:26,047 - Mon Apr  5 10:48:26 2021 - Job Successfully added.
2021-04-05 10:48:30,188 - Mon Apr  5 10:48:30 2021 - DRED1 Jobs
#0WNEUHOCJI
00 12 * * * /range/relay1on.sh ; sudo python /range/nbfm_140100_5w_s01_0112.py ; /range/relay1off.sh
#DBDD9PZ942
00 13 * * * /range/relay1on.sh ; sudo python /range/nbfm_140100_5w_s01_0112.py ; /range/relay1off.sh

2021-04-05 10:55:51,312 - Mon Apr  5 10:55:51 2021 - Scanning for devices. Please wait...
2021-04-05 10:55:51,313 - Mon Apr  5 10:55:51 2021 - Scanning: ['DRED1']
2021-04-05 10:55:51,395 - Mon Apr  5 10:55:51 2021 - Missing:  []
2021-04-05 10:55:51,396 - Mon Apr  5 10:55:51 2021 - Found:    ['DRED1']
2021-04-05 10:55:51,396 - Mon Apr  5 10:55:51 2021 - Select Device to operate with the drop down above...
2021-04-05 10:55:56,170 - Mon Apr  5 10:55:56 2021 - DRED1 Jobs
#0WNEUHOCJI
00 12 * * * /range/relay1on.sh ; sudo python /range/nbfm_140100_5w_s01_0112.py ; /range/relay1off.sh
#DBDD9PZ942
00 13 * * * /range/relay1on.sh ; sudo python /range/nbfm_140100_5w_s01_0112.py ; /range/relay1off.sh

2021-04-05 10:55:58,643 - Mon Apr  5 10:55:58 2021 - All jobs removed.
2021-04-05 10:56:20,159 - Mon Apr  5 10:56:20 2021 - No jobs found.
2021-04-05 10:56:49,818 - Mon Apr  5 10:56:49 2021 - Job Successfully added.
2021-04-05 10:56:51,542 - Mon Apr  5 10:56:51 2021 - Job Successfully added.
2021-04-05 10:56:53,398 - Mon Apr  5 10:56:53 2021 - Job Successfully added.
2021-04-05 10:56:57,115 - Mon Apr  5 10:56:57 2021 - DRED1 Jobs
#SBI9IUI2Z6
00 12 * * * /range/relay1on.sh ; sudo python /range/nbfm_140100_5w_s01_0112.py ; /range/relay1off.sh
#T19NJPYTEW
00 13 * * * /range/relay1on.sh ; sudo python /range/nbfm_140100_5w_s01_0112.py ; /range/relay1off.sh
#D01BZHMYXL
30 14 * * * /range/relay1on.sh ; sudo python /range/nbfm_140100_5w_s01_0112.py ; /range/relay1off.sh

2021-04-05 10:57:09,812 - Mon Apr  5 10:57:09 2021 - All jobs removed.
2021-04-05 10:57:12,820 - Mon Apr  5 10:57:12 2021 - Job Successfully added.
2021-04-05 10:57:14,628 - Mon Apr  5 10:57:14 2021 - Job Successfully added.
2021-04-05 10:57:28,772 - Mon Apr  5 10:57:28 2021 - DRED1 Jobs
#D2SBS9FGA0
00 12 * * * /range/relay1on.sh ; sudo python /range/nbfm_140100_5w_s01_0112.py ; /range/relay1off.sh
#DPAM7QS430
00 13 * * * /range/relay1on.sh ; sudo python /range/nbfm_140100_5w_s01_0112.py ; /range/relay1off.sh

2021-04-05 10:57:48,378 - Mon Apr  5 10:57:48 2021 - All jobs removed.
2021-04-05 10:57:50,581 - Mon Apr  5 10:57:50 2021 - No jobs found.
2021-04-05 10:57:53,507 - Mon Apr  5 10:57:53 2021 - Job Successfully added.
2021-04-05 10:57:55,350 - Mon Apr  5 10:57:55 2021 - Job Successfully added.
2021-04-05 10:57:55,350 - Mon Apr  5 10:57:55 2021 - Invalid content in Hours field
2021-04-05 10:58:00,904 - Mon Apr  5 10:58:00 2021 - DRED1 Jobs
#T5RFLGKKDV
00 12 * * * /range/relay1on.sh ; sudo python /range/nbfm_140100_5w_s01_0112.py ; /range/relay1off.sh
#F6QYPAZHE5
00 13 * * * /range/relay1on.sh ; sudo python /range/nbfm_140100_5w_s01_0112.py ; /range/relay1off.sh

2021-04-08 09:00:23,333 - Thu Apr  8 09:00:23 2021 - Scanning for devices. Please wait...
2021-04-08 09:00:23,333 - Thu Apr  8 09:00:23 2021 - Scanning: ['DRED1']
2021-04-08 09:00:23,435 - Thu Apr  8 09:00:23 2021 - Missing:  []
2021-04-08 09:00:23,435 - Thu Apr  8 09:00:23 2021 - Found:    ['DRED1']
2021-04-08 09:00:23,435 - Thu Apr  8 09:00:23 2021 - Select Device to operate with the drop down above...
2021-04-08 09:00:25,858 - Thu Apr  8 09:00:25 2021 - Please wait...
2021-04-08 09:01:06,645 - Thu Apr  8 09:01:06 2021 - Sound played successfully.
2021-04-08 09:01:28,468 - Thu Apr  8 09:01:28 2021 - Playing first sound in queue.
2021-04-08 09:02:06,358 - Thu Apr  8 09:02:06 2021 - Playing next sound in queue
2021-04-08 09:02:44,291 - Thu Apr  8 09:02:44 2021 - Playing next sound in queue
2021-04-08 09:03:09,965 - Thu Apr  8 09:03:09 2021 - Job Successfully added.
2021-04-08 09:03:19,832 - Thu Apr  8 09:03:19 2021 - DRED1 Jobs
#T5RFLGKKDV
00 12 * * * /range/relay1on.sh ; sudo python /range/nbfm_140100_5w_s01_0112.py ; /range/relay1off.sh
#F6QYPAZHE5
00 13 * * * /range/relay1on.sh ; sudo python /range/nbfm_140100_5w_s01_0112.py ; /range/relay1off.sh
#CNDVCBBNFH
30 10 * * * /range/relay1on.sh ; sudo python /range/nbfm_167700_5w_s04_0033.py ; /range/relay1off.sh

2021-04-08 09:03:36,114 - Thu Apr  8 09:03:36 2021 - DRED1


2021-04-08 09:03:36,646 - Thu Apr  8 09:03:36 2021 - DRED1


2021-04-08 09:03:39,514 - Thu Apr  8 09:03:39 2021 - DRED1 Jobs
#T5RFLGKKDV
00 12 * * * /range/relay1on.sh ; sudo python /range/nbfm_140100_5w_s01_0112.py ; /range/relay1off.sh
#F6QYPAZHE5
00 13 * * * /range/relay1on.sh ; sudo python /range/nbfm_140100_5w_s01_0112.py ; /range/relay1off.sh

2021-04-08 11:14:03,617 - Thu Apr  8 11:14:03 2021 - Missing:  []
2021-04-08 11:14:03,617 - Thu Apr  8 11:14:03 2021 - Found:    ['DRED1']
2021-04-08 11:14:03,618 - Thu Apr  8 11:14:03 2021 - Select Device to operate with the drop down above...
2021-04-08 11:14:15,738 - Thu Apr  8 11:14:15 2021 - Please wait...
2021-04-08 11:15:15,358 - Thu Apr  8 11:15:15 2021 - Sound played successfully.
2021-04-12 09:24:12,118 - Mon Apr 12 09:24:12 2021 - Scanning for devices. Please wait...
2021-04-12 09:24:12,122 - Mon Apr 12 09:24:12 2021 - Scanning: ['DRED1']
2021-04-12 09:24:12,306 - Mon Apr 12 09:24:12 2021 - Missing:  []
2021-04-12 09:24:12,307 - Mon Apr 12 09:24:12 2021 - Found:    ['DRED1']
2021-04-12 09:24:12,307 - Mon Apr 12 09:24:12 2021 - Select Device to operate with the drop down above...
2021-04-12 09:25:36,248 - Mon Apr 12 09:25:36 2021 - 

ssh: connect to host 0.0.0.0 port 22: Unknown error

2021-04-12 09:25:36,264 - Mon Apr 12 09:25:36 2021 - 

ssh: connect to host 0.0.0.0 port 22: Unknown error

2021-04-12 09:25:36,295 - Mon Apr 12 09:25:36 2021 - 

ssh: connect to host 0.0.0.0 port 22: Unknown error

2021-04-12 09:26:03,316 - Mon Apr 12 09:26:03 2021 - DRED1

ssh: connect to host 192.168.1.201 port 22: Connection timed out

2021-04-12 09:26:24,359 - Mon Apr 12 09:26:24 2021 - DRED1

ssh: connect to host 192.168.1.201 port 22: Connection timed out

2021-04-12 09:26:28,414 - Mon Apr 12 09:26:28 2021 - Job Successfully added.
2021-04-12 09:26:40,660 - Mon Apr 12 09:26:40 2021 - DRED1 Jobs
#T5RFLGKKDV
00 12 * * * /range/relay1on.sh ; sudo python /range/nbfm_140100_5w_s01_0112.py ; /range/relay1off.sh
#F6QYPAZHE5
00 13 * * * /range/relay1on.sh ; sudo python /range/nbfm_140100_5w_s01_0112.py ; /range/relay1off.sh
* * * * * /range/relay1on.sh ; sudo python /range/nbfm_140100_5w_s06_0031.py ; /range/relay1off.sh

2021-04-12 09:27:40,265 - Mon Apr 12 09:27:40 2021 - All jobs removed.
2021-04-12 09:27:46,205 - Mon Apr 12 09:27:46 2021 - No jobs found.
2021-04-12 09:28:01,859 - Mon Apr 12 09:28:01 2021 - Job Successfully added.
2021-04-12 09:28:04,820 - Mon Apr 12 09:28:04 2021 - DRED1 Jobs
#S8SX63ZLG2
* * * * * /range/relay1on.sh ; sudo python /range/nbfm_140100_5w_s06_0031.py ; /range/relay1off.sh

2021-04-12 09:28:37,159 - Mon Apr 12 09:28:37 2021 - All jobs removed.
2021-04-12 09:28:49,689 - Mon Apr 12 09:28:49 2021 - Job Successfully added.
2021-04-12 09:28:56,335 - Mon Apr 12 09:28:56 2021 - DRED1 Jobs
#RPWFH39OEG
* * * * * /range/relay1on.sh ; sudo python /range/nbfm_140100_5w_s06_00311.py ; /range/relay1off.sh

2021-04-12 09:30:09,081 - Mon Apr 12 09:30:09 2021 - All jobs removed.
2021-04-12 09:30:23,173 - Mon Apr 12 09:30:23 2021 - 

ssh: connect to host 0.0.0.0 port 22: Unknown error

2021-04-12 09:30:23,190 - Mon Apr 12 09:30:23 2021 - 

ssh: connect to host 0.0.0.0 port 22: Unknown error

2021-04-12 09:30:23,221 - Mon Apr 12 09:30:23 2021 - 

ssh: connect to host 0.0.0.0 port 22: Unknown error

2021-04-12 09:30:36,775 - Mon Apr 12 09:30:36 2021 - Job Successfully added.
2021-04-12 09:30:41,462 - Mon Apr 12 09:30:41 2021 - DRED1 Jobs
#NUKSQ5CECS
* * * * * /range/relay1on.sh ; sudo python /range/nbfm_140100_5w_s06_0031.py ; /range/relay1off.sh

2021-04-12 09:30:46,829 - Mon Apr 12 09:30:46 2021 - All jobs removed.
2021-04-12 09:31:12,169 - Mon Apr 12 09:31:12 2021 - Job Successfully added.
2021-04-12 09:31:15,359 - Mon Apr 12 09:31:15 2021 - DRED1 Jobs
#N5PF6R6RRV
11/11 * * * * /range/relay1on.sh ; sudo python /range/nbfm_140100_5w_s06_0031.py ; /range/relay1off.sh

2021-04-12 09:31:33,805 - Mon Apr 12 09:31:33 2021 - Invalid content in Minutes field
2021-04-12 09:31:42,878 - Mon Apr 12 09:31:42 2021 - Invalid content in Minutes field
2021-04-12 09:31:51,900 - Mon Apr 12 09:31:51 2021 - Invalid content in Minutes field
2021-04-12 09:32:57,109 - Mon Apr 12 09:32:57 2021 - DRED1 Jobs
#N5PF6R6RRV
11/11 * * * * /range/relay1on.sh ; sudo python /range/nbfm_140100_5w_s06_0031.py ; /range/relay1off.sh

2021-04-12 09:33:02,132 - Mon Apr 12 09:33:02 2021 - All jobs removed.
2021-04-12 09:35:21,989 - Mon Apr 12 09:35:21 2021 - All jobs removed.
2021-04-12 09:35:38,074 - Mon Apr 12 09:35:38 2021 - Please wait...
2021-04-12 09:36:17,203 - Mon Apr 12 09:36:17 2021 - Sound played successfully.
2021-04-12 09:36:35,819 - Mon Apr 12 09:36:35 2021 - Job Successfully added.
2021-04-12 09:41:48,691 - Mon Apr 12 09:41:48 2021 - Scanning for devices. Please wait...
2021-04-12 09:41:48,693 - Mon Apr 12 09:41:48 2021 - Scanning: ['DRED1']
2021-04-12 09:41:48,800 - Mon Apr 12 09:41:48 2021 - Missing:  []
2021-04-12 09:41:48,800 - Mon Apr 12 09:41:48 2021 - Found:    ['DRED1']
2021-04-12 09:41:48,800 - Mon Apr 12 09:41:48 2021 - Select Device to operate with the drop down above...
2021-04-12 09:48:16,912 - Mon Apr 12 09:48:16 2021 - Invalid content in Minutes field
2021-04-12 09:48:23,271 - Mon Apr 12 09:48:23 2021 - Invalid content in Minutes field
2021-04-12 09:48:39,653 - Mon Apr 12 09:48:39 2021 - Invalid content in Minutes field
2021-04-12 09:48:42,852 - Mon Apr 12 09:48:42 2021 - Invalid content in Minutes field
2021-04-12 09:48:50,179 - Mon Apr 12 09:48:50 2021 - Invalid content in Minutes field
2021-04-12 09:49:03,182 - Mon Apr 12 09:49:03 2021 - Invalid content in Minutes field
2021-04-12 09:51:10,797 - Mon Apr 12 09:51:10 2021 - Scanning for devices. Please wait...
2021-04-12 09:51:10,799 - Mon Apr 12 09:51:10 2021 - Scanning: ['DRED1']
2021-04-12 09:51:10,890 - Mon Apr 12 09:51:10 2021 - Missing:  []
2021-04-12 09:51:10,891 - Mon Apr 12 09:51:10 2021 - Found:    ['DRED1']
2021-04-12 09:51:10,891 - Mon Apr 12 09:51:10 2021 - Select Device to operate with the drop down above...
2021-04-12 09:51:14,852 - Mon Apr 12 09:51:14 2021 - DRED1 Jobs
#1F4ZD6113W
52 22 * * * /range/relay1on.sh ; sudo python /range/nbfm_140125_5w_s04_0033.py ; /range/relay1off.sh

2021-04-12 09:55:14,959 - Mon Apr 12 09:55:14 2021 - Scanning for devices. Please wait...
2021-04-12 09:55:14,960 - Mon Apr 12 09:55:14 2021 - Scanning: ['DRED1']
2021-04-12 09:55:15,042 - Mon Apr 12 09:55:15 2021 - Missing:  []
2021-04-12 09:55:15,042 - Mon Apr 12 09:55:15 2021 - Found:    ['DRED1']
2021-04-12 09:55:15,043 - Mon Apr 12 09:55:15 2021 - Select Device to operate with the drop down above...
2021-04-12 09:55:36,121 - Mon Apr 12 09:55:36 2021 - DRED1 Jobs
#1F4ZD6113W
52 22 * * * /range/relay1on.sh ; sudo python /range/nbfm_140125_5w_s04_0033.py ; /range/relay1off.sh

2021-04-12 09:55:43,915 - Mon Apr 12 09:55:43 2021 - Invalid content in Minutes field
2021-04-12 09:55:50,581 - Mon Apr 12 09:55:50 2021 - Job Successfully added.
2021-04-12 09:55:56,963 - Mon Apr 12 09:55:56 2021 - DRED1 Jobs
#1F4ZD6113W
52 22 * * * /range/relay1on.sh ; sudo python /range/nbfm_140125_5w_s04_0033.py ; /range/relay1off.sh
#C7O4XA55A0
10-50/02 12 * * * /range/relay1on.sh ; sudo python /range/nbfm_140100_5w_s01_0112.py ; /range/relay1off.sh

2021-04-12 09:56:23,757 - Mon Apr 12 09:56:23 2021 - Job Successfully added.
2021-04-12 09:56:26,088 - Mon Apr 12 09:56:26 2021 - DRED1 Jobs
#1F4ZD6113W
52 22 * * * /range/relay1on.sh ; sudo python /range/nbfm_140125_5w_s04_0033.py ; /range/relay1off.sh
#C7O4XA55A0
10-50/02 12 * * * /range/relay1on.sh ; sudo python /range/nbfm_140100_5w_s01_0112.py ; /range/relay1off.sh
#L1QA8PUOKF
10-50/02 08-16/2 * * * /range/relay1on.sh ; sudo python /range/nbfm_140100_5w_s01_0112.py ; /range/relay1off.sh

2021-04-12 09:56:31,599 - Mon Apr 12 09:56:31 2021 - All jobs removed.
2021-04-12 09:56:34,482 - Mon Apr 12 09:56:34 2021 - No jobs found.
2021-04-12 09:57:16,629 - Mon Apr 12 09:57:16 2021 - Job Successfully added.
2021-04-12 09:57:18,524 - Mon Apr 12 09:57:18 2021 - All jobs removed.
2021-04-12 09:57:46,710 - Mon Apr 12 09:57:46 2021 - Job Successfully added.
2021-04-12 09:58:47,058 - Mon Apr 12 09:58:47 2021 - Job Successfully added.
2021-04-12 09:58:49,012 - Mon Apr 12 09:58:49 2021 - Job Successfully added.
2021-04-12 09:58:50,740 - Mon Apr 12 09:58:50 2021 - Job Successfully added.
2021-04-12 09:58:54,589 - Mon Apr 12 09:58:54 2021 - DRED1 Jobs
#GD8ASHPHI3
30 08-16/2 * * * /range/relay1on.sh ; sudo python /range/nbfm_140100_5w_s01_0112.py ; /range/relay1off.sh
#HHEXQH21CH
10 12-14 * * * /range/relay1on.sh ; sudo python /range/nbfm_140100_5w_s01_0112.py ; /range/relay1off.sh
#T6UGWSAO8B
30-50 08 * * * /range/relay1on.sh ; sudo python /range/nbfm_140100_5w_s01_0112.py ; /range/relay1off.sh
#PJMGM0A3U7
*/10 */4 * * * /range/relay1on.sh ; sudo python /range/nbfm_140100_5w_s01_0112.py ; /range/relay1off.sh

2021-04-12 09:59:43,710 - Mon Apr 12 09:59:43 2021 - All jobs removed.
2021-04-12 09:59:48,462 - Mon Apr 12 09:59:48 2021 - Job Successfully added.
2021-04-12 09:59:50,273 - Mon Apr 12 09:59:50 2021 - Job Successfully added.
2021-04-12 09:59:52,053 - Mon Apr 12 09:59:52 2021 - Job Successfully added.
2021-04-12 10:00:20,042 - Mon Apr 12 10:00:20 2021 - DRED1 Jobs
#1UOBH25BCK
10 12-14 * * * /range/relay1on.sh ; sudo python /range/nbfm_140100_5w_s01_0112.py ; /range/relay1off.sh
#5EZJ94SFIW
30-50 08 * * * /range/relay1on.sh ; sudo python /range/nbfm_140100_5w_s01_0112.py ; /range/relay1off.sh
#MN3Q4B1SBW
*/10 */4 * * * /range/relay1on.sh ; sudo python /range/nbfm_140100_5w_s01_0112.py ; /range/relay1off.sh

2021-04-12 10:00:21,764 - Mon Apr 12 10:00:21 2021 - All jobs removed.
2021-04-12 10:00:37,804 - Mon Apr 12 10:00:37 2021 - Job Successfully added.
2021-04-12 10:00:40,254 - Mon Apr 12 10:00:40 2021 - Job Successfully added.
2021-04-12 10:00:42,673 - Mon Apr 12 10:00:42 2021 - Job Successfully added.
2021-04-12 10:00:45,075 - Mon Apr 12 10:00:45 2021 - DRED1 Jobs
#YJFUZKLYDW
10 12-14 * * * /range/relay1on.sh ; sudo python /range/nbfm_140100_5w_s01_0112.py ; /range/relay1off.sh
#TZQ24D4088
30-50 08 * * * /range/relay1on.sh ; sudo python /range/nbfm_140100_5w_s01_0112.py ; /range/relay1off.sh
#BMDAHU4IUE
*/10 */4 * * * /range/relay1on.sh ; sudo python /range/nbfm_140100_5w_s01_0112.py ; /range/relay1off.sh

2021-04-12 10:01:03,107 - Mon Apr 12 10:01:03 2021 - All jobs removed.
2021-04-12 10:04:47,543 - Mon Apr 12 10:04:47 2021 - Scanning for devices. Please wait...
2021-04-12 10:04:47,545 - Mon Apr 12 10:04:47 2021 - Scanning: ['DRED1']
2021-04-12 10:04:47,646 - Mon Apr 12 10:04:47 2021 - Missing:  []
2021-04-12 10:04:47,647 - Mon Apr 12 10:04:47 2021 - Found:    ['DRED1']
2021-04-12 10:04:47,647 - Mon Apr 12 10:04:47 2021 - Select Device to operate with the drop down above...
2021-04-12 10:05:05,990 - Mon Apr 12 10:05:05 2021 - Job Successfully added.
2021-04-12 10:05:08,939 - Mon Apr 12 10:05:08 2021 - DRED1 Jobs
#TX1W6W7UA5
30 10 * * * /range/relay1on.sh ; sudo python /range/nbfm_140100_5w_s01_0112.py ; /range/relay1off.sh

2021-04-12 10:05:11,940 - Mon Apr 12 10:05:11 2021 - All jobs removed.
2021-04-12 10:05:50,257 - Mon Apr 12 10:05:50 2021 - Job Successfully added.
2021-04-12 10:05:52,719 - Mon Apr 12 10:05:52 2021 - DRED1 Jobs
#HUXBV9QR0I
30 14 * * * /range/relay1on.sh ; sudo python /range/nbfm_140100_5w_s01_0112.py ; /range/relay1off.sh

2021-04-12 10:06:02,944 - Mon Apr 12 10:06:02 2021 - Job Successfully added.
2021-04-12 10:06:07,526 - Mon Apr 12 10:06:07 2021 - DRED1 Jobs
#HUXBV9QR0I
30 14 * * * /range/relay1on.sh ; sudo python /range/nbfm_140100_5w_s01_0112.py ; /range/relay1off.sh
#NUNTXMXJG4
30 06 * * * /range/relay1on.sh ; sudo python /range/nbfm_140100_5w_s01_0112.py ; /range/relay1off.sh

2021-04-12 10:06:23,228 - Mon Apr 12 10:06:23 2021 - All jobs removed.
2021-04-12 10:06:38,669 - Mon Apr 12 10:06:38 2021 - Job Successfully added.
2021-04-12 10:06:46,442 - Mon Apr 12 10:06:46 2021 - Job Successfully added.
2021-04-12 10:09:22,664 - Mon Apr 12 10:09:22 2021 - All jobs removed.
2021-04-12 10:10:10,268 - Mon Apr 12 10:10:10 2021 - Job Successfully added.
2021-04-12 10:10:16,337 - Mon Apr 12 10:10:16 2021 - Job Successfully added.
2021-04-12 10:12:30,808 - Mon Apr 12 10:12:30 2021 - DRED1 Jobs
#0EG3POUW40
26 23 * * * /range/relay1on.sh ; sudo python /range/nbfm_140100_5w_s08_0027.py ; /range/relay1off.sh
#LOCDL0O6MS
26 23 * * * /range/relay1on.sh ; sudo python /range/nbfm_140100_5w_s09_0103.py ; /range/relay1off.sh

2021-04-12 10:12:33,858 - Mon Apr 12 10:12:33 2021 - All jobs removed.
2021-04-12 10:13:22,729 - Mon Apr 12 10:13:22 2021 - Please wait...
2021-04-12 10:13:56,505 - Mon Apr 12 10:13:56 2021 - Sound played successfully.
2021-04-12 10:14:24,075 - Mon Apr 12 10:14:24 2021 - Job Successfully added.
2021-04-12 10:14:26,371 - Mon Apr 12 10:14:26 2021 - DRED1 Jobs
#S9746CVN7K
30 23 * * * /range/relay1on.sh ; sudo python /range/nbfm_140100_5w_s08_0027.py ; /range/relay1off.sh

2021-04-12 10:15:39,974 - Mon Apr 12 10:15:39 2021 - All jobs removed.
2021-04-12 10:15:44,909 - Mon Apr 12 10:15:44 2021 - Job Successfully added.
2021-04-12 10:15:47,153 - Mon Apr 12 10:15:47 2021 - Job Successfully added.
2021-04-12 10:15:48,554 - Mon Apr 12 10:15:48 2021 - DRED1 Jobs
#ZV7U10OSV4
31 23 * * * /range/relay1on.sh ; sudo python /range/nbfm_140100_5w_s08_0027.py ; /range/relay1off.sh
#OE3D7HLKB6
31 23 * * * /range/relay1on.sh ; sudo python /range/nbfm_140100_5w_s08_0027.py ; /range/relay1off.sh

2021-04-12 10:19:39,681 - Mon Apr 12 10:19:39 2021 - All jobs removed.
2021-04-12 10:20:33,615 - Mon Apr 12 10:20:33 2021 - Job Successfully added.
2021-04-12 10:20:35,681 - Mon Apr 12 10:20:35 2021 - All jobs removed.
2021-04-12 10:20:42,598 - Mon Apr 12 10:20:42 2021 - Job Successfully added.
2021-04-12 10:20:45,243 - Mon Apr 12 10:20:45 2021 - Job Successfully added.
2021-04-12 10:20:47,578 - Mon Apr 12 10:20:47 2021 - Job Successfully added.
2021-04-12 10:20:48,986 - Mon Apr 12 10:20:48 2021 - DRED1 Jobs
#UKXXFSUFID
31 10 * * * /range/relay1on.sh ; sudo python /range/nbfm_140100_5w_s08_0027.py ; /range/relay1off.sh
#YCV27D4Z5S
31 10 * * * /range/relay1on.sh ; sudo python /range/nbfm_140100_5w_s08_0027.py ; /range/relay1off.sh
#B8NYOT5OYP
31 10 * * * /range/relay1on.sh ; sudo python /range/nbfm_140100_5w_s08_0027.py ; /range/relay1off.sh

2021-04-12 10:20:56,975 - Mon Apr 12 10:20:56 2021 - DRED1


2021-04-12 10:20:57,454 - Mon Apr 12 10:20:57 2021 - DRED1


2021-04-12 10:21:00,429 - Mon Apr 12 10:21:00 2021 - DRED1 Jobs
#UKXXFSUFID
31 10 * * * /range/relay1on.sh ; sudo python /range/nbfm_140100_5w_s08_0027.py ; /range/relay1off.sh
#B8NYOT5OYP
31 10 * * * /range/relay1on.sh ; sudo python /range/nbfm_140100_5w_s08_0027.py ; /range/relay1off.sh

2021-04-12 10:22:39,084 - Mon Apr 12 10:22:39 2021 - Scanning for devices. Please wait...
2021-04-12 10:22:39,086 - Mon Apr 12 10:22:39 2021 - Scanning: ['DRED1']
2021-04-12 10:22:39,169 - Mon Apr 12 10:22:39 2021 - Missing:  []
2021-04-12 10:22:39,169 - Mon Apr 12 10:22:39 2021 - Found:    ['DRED1']
2021-04-12 10:22:39,169 - Mon Apr 12 10:22:39 2021 - Select Device to operate with the drop down above...
2021-04-12 10:22:49,940 - Mon Apr 12 10:22:49 2021 - DRED1 Jobs
#UKXXFSUFID
31 10 * * * /range/relay1on.sh ; sudo python /range/nbfm_140100_5w_s08_0027.py ; /range/relay1off.sh
#B8NYOT5OYP
31 10 * * * /range/relay1on.sh ; sudo python /range/nbfm_140100_5w_s08_0027.py ; /range/relay1off.sh

2021-04-12 10:23:30,955 - Mon Apr 12 10:23:30 2021 - Scanning for devices. Please wait...
2021-04-12 10:23:30,956 - Mon Apr 12 10:23:30 2021 - Scanning: ['DRED1']
2021-04-12 10:23:31,049 - Mon Apr 12 10:23:31 2021 - Missing:  []
2021-04-12 10:23:31,049 - Mon Apr 12 10:23:31 2021 - Found:    ['DRED1']
2021-04-12 10:23:31,049 - Mon Apr 12 10:23:31 2021 - Select Device to operate with the drop down above...
2021-04-12 10:23:34,827 - Mon Apr 12 10:23:34 2021 - DRED1 Jobs
#UKXXFSUFID
31 10 * * * /range/relay1on.sh ; sudo python /range/nbfm_140100_5w_s08_0027.py ; /range/relay1off.sh

2021-04-12 10:23:47,030 - Mon Apr 12 10:23:47 2021 - Job .!entry8 removed.
2021-04-12 10:24:19,506 - Mon Apr 12 10:24:19 2021 - Scanning for devices. Please wait...
2021-04-12 10:24:19,508 - Mon Apr 12 10:24:19 2021 - Scanning: ['DRED1']
2021-04-12 10:24:19,616 - Mon Apr 12 10:24:19 2021 - Missing:  []
2021-04-12 10:24:19,616 - Mon Apr 12 10:24:19 2021 - Found:    ['DRED1']
2021-04-12 10:24:19,617 - Mon Apr 12 10:24:19 2021 - Select Device to operate with the drop down above...
2021-04-12 10:24:25,150 - Mon Apr 12 10:24:25 2021 - Job Successfully added.
2021-04-12 10:24:27,730 - Mon Apr 12 10:24:27 2021 - DRED1 Jobs
#DLOOM6BEQH
30 10 * * * /range/relay1on.sh ; sudo python /range/nbfm_140100_5w_s01_0112.py ; /range/relay1off.sh

2021-04-12 10:24:35,833 - Mon Apr 12 10:24:35 2021 - Job DLOOM6BEQH removed.
2021-04-12 10:24:40,593 - Mon Apr 12 10:24:40 2021 - No jobs found.
2021-04-12 10:29:13,157 - Mon Apr 12 10:29:13 2021 - Please wait...
2021-04-12 10:30:10,060 - Mon Apr 12 10:30:10 2021 - Sound played successfully.
2021-04-12 10:32:28,609 - Mon Apr 12 10:32:28 2021 - Scanning for devices. Please wait...
2021-04-12 10:32:28,612 - Mon Apr 12 10:32:28 2021 - Scanning: ['DRED1']
2021-04-12 10:32:28,715 - Mon Apr 12 10:32:28 2021 - Missing:  []
2021-04-12 10:32:28,716 - Mon Apr 12 10:32:28 2021 - Found:    ['DRED1']
2021-04-12 10:32:28,716 - Mon Apr 12 10:32:28 2021 - Select Device to operate with the drop down above...
2021-04-12 10:33:32,891 - Mon Apr 12 10:33:32 2021 - No jobs found.
2021-04-12 10:33:48,714 - Mon Apr 12 10:33:48 2021 - Job Successfully added.
2021-04-12 10:33:50,493 - Mon Apr 12 10:33:50 2021 - All jobs removed.
2021-04-12 10:34:30,186 - Mon Apr 12 10:34:30 2021 - Scanning for devices. Please wait...
2021-04-12 10:34:30,188 - Mon Apr 12 10:34:30 2021 - Scanning: ['DRED1']
2021-04-12 10:34:30,264 - Mon Apr 12 10:34:30 2021 - Missing:  []
2021-04-12 10:34:30,264 - Mon Apr 12 10:34:30 2021 - Found:    ['DRED1']
2021-04-12 10:34:30,264 - Mon Apr 12 10:34:30 2021 - Select Device to operate with the drop down above...
2021-04-12 10:34:57,782 - Mon Apr 12 10:34:57 2021 - No jobs found.
2021-04-12 10:35:03,736 - Mon Apr 12 10:35:03 2021 - Job Successfully added.
2021-04-12 10:35:08,267 - Mon Apr 12 10:35:08 2021 - Job Successfully added.
2021-04-12 10:35:10,497 - Mon Apr 12 10:35:10 2021 - Job Successfully added.
2021-04-12 10:35:13,508 - Mon Apr 12 10:35:13 2021 - Job Successfully added.
2021-04-12 10:35:15,639 - Mon Apr 12 10:35:15 2021 - Job Successfully added.
2021-04-12 10:35:18,027 - Mon Apr 12 10:35:18 2021 - Job Successfully added.
2021-04-12 10:35:19,542 - Mon Apr 12 10:35:19 2021 - DRED1 Jobs
#2NA7ZMM2UN
15 07 * * * /range/relay1on.sh ; sudo python /range/nbfm_140100_5w_s01_0112.py ; /range/relay1off.sh
#17RZ0VPOX3
15 07 * * * /range/relay1on.sh ; sudo python /range/nbfm_140100_5w_s01_0112.py ; /range/relay1off.sh
#MZPFPST7MO
15 07 * * * /range/relay1on.sh ; sudo python /range/nbfm_140100_5w_s01_0112.py ; /range/relay1off.sh
#BVVJE39F9A
15 07 * * * /range/relay1on.sh ; sudo python /range/nbfm_140100_5w_s01_0112.py ; /range/relay1off.sh
#NFELGLE1MZ
15 07 * * * /range/relay1on.sh ; sudo python /range/nbfm_140100_5w_s01_0112.py ; /range/relay1off.sh
#J9VY5MHRFZ
15 07 * * * /range/relay1on.sh ; sudo python /range/nbfm_140100_5w_s01_0112.py ; /range/relay1off.sh

2021-04-12 10:35:22,059 - Mon Apr 12 10:35:22 2021 - All jobs removed.
2021-04-12 10:35:26,142 - Mon Apr 12 10:35:26 2021 - Job Successfully added.
2021-04-12 10:35:28,768 - Mon Apr 12 10:35:28 2021 - Job Successfully added.
2021-04-12 10:35:31,141 - Mon Apr 12 10:35:31 2021 - Job Successfully added.
2021-04-12 10:35:33,579 - Mon Apr 12 10:35:33 2021 - Job Successfully added.
2021-04-12 10:35:35,823 - Mon Apr 12 10:35:35 2021 - Job Successfully added.
2021-04-12 10:35:38,912 - Mon Apr 12 10:35:38 2021 - Job Successfully added.
2021-04-12 10:35:42,248 - Mon Apr 12 10:35:42 2021 - DRED1 Jobs
#CNYNXDOM5L
15 07 * * * /range/relay1on.sh ; sudo python /range/nbfm_140100_5w_s01_0112.py ; /range/relay1off.sh
#F11ZBF1GYR
15 07 * * * /range/relay1on.sh ; sudo python /range/nbfm_140100_5w_s01_0112.py ; /range/relay1off.sh
#F33MMTFJQH
15 07 * * * /range/relay1on.sh ; sudo python /range/nbfm_140100_5w_s01_0112.py ; /range/relay1off.sh
#5F5WARYETX
15 07 * * * /range/relay1on.sh ; sudo python /range/nbfm_140100_5w_s01_0112.py ; /range/relay1off.sh
#0SAYZ8Q5OO
15 07 * * * /range/relay1on.sh ; sudo python /range/nbfm_140100_5w_s01_0112.py ; /range/relay1off.sh
#AP81Z9EVLF
15 07 * * * /range/relay1on.sh ; sudo python /range/nbfm_140100_5w_s01_0112.py ; /range/relay1off.sh

2021-04-12 10:35:46,583 - Mon Apr 12 10:35:46 2021 - All jobs removed.
2021-04-12 10:36:07,529 - Mon Apr 12 10:36:07 2021 - Job Successfully added.
2021-04-12 10:36:10,988 - Mon Apr 12 10:36:10 2021 - Job Successfully added.
2021-04-12 10:36:22,799 - Mon Apr 12 10:36:22 2021 - Job Successfully added.
2021-04-12 10:36:38,121 - Mon Apr 12 10:36:38 2021 - Job Successfully added.
2021-04-12 10:36:40,182 - Mon Apr 12 10:36:40 2021 - All jobs removed.
2021-04-12 10:44:21,151 - Mon Apr 12 10:44:21 2021 - Please wait...
2021-04-12 10:45:18,264 - Mon Apr 12 10:45:18 2021 - Sound played successfully.
2021-04-12 10:45:53,306 - Mon Apr 12 10:45:53 2021 - No jobs found.
2021-04-12 10:51:26,341 - Mon Apr 12 10:51:26 2021 - Job Successfully added.
2021-04-12 10:51:28,939 - Mon Apr 12 10:51:28 2021 - All jobs removed.
2021-04-12 10:51:37,848 - Mon Apr 12 10:51:37 2021 - Job Successfully added.
2021-04-12 10:51:43,100 - Mon Apr 12 10:51:43 2021 - Job Successfully added.
2021-04-12 10:51:45,389 - Mon Apr 12 10:51:45 2021 - DRED1 Jobs
#TW2HGMX31T
30 10 * * * /range/relay1on.sh ; sudo python /range/nbfm_140100_5w_s01_0112.py ; /range/relay1off.sh
#5GC26E7VXV
30 12 * * * /range/relay1on.sh ; sudo python /range/nbfm_140100_5w_s01_0112.py ; /range/relay1off.sh

2021-04-12 10:51:47,920 - Mon Apr 12 10:51:47 2021 - All jobs removed.
2021-04-12 11:18:11,014 - Mon Apr 12 11:18:11 2021 - Job Successfully added.
2021-04-12 11:18:13,334 - Mon Apr 12 11:18:13 2021 - Job Successfully added.
2021-04-12 11:18:15,578 - Mon Apr 12 11:18:15 2021 - Job Successfully added.
2021-04-12 11:18:17,892 - Mon Apr 12 11:18:17 2021 - DRED1 Jobs
#U2IXEW18ZI
30 12 * * * /range/relay1on.sh ; sudo python /range/nbfm_140100_5w_s01_0112.py ; /range/relay1off.sh
#MBFGKY2S05
00 15 * * * /range/relay1on.sh ; sudo python /range/nbfm_140100_5w_s01_0112.py ; /range/relay1off.sh
#PFGVLWKZBC
45 18 * * * /range/relay1on.sh ; sudo python /range/nbfm_140100_5w_s01_0112.py ; /range/relay1off.sh

2021-04-12 11:18:31,632 - Mon Apr 12 11:18:31 2021 - Job PFGVLWKZBC removed.
2021-04-12 11:18:33,440 - Mon Apr 12 11:18:33 2021 - DRED1 Jobs
#U2IXEW18ZI
30 12 * * * /range/relay1on.sh ; sudo python /range/nbfm_140100_5w_s01_0112.py ; /range/relay1off.sh
#MBFGKY2S05
00 15 * * * /range/relay1on.sh ; sudo python /range/nbfm_140100_5w_s01_0112.py ; /range/relay1off.sh

2021-04-12 11:19:16,542 - Mon Apr 12 11:19:16 2021 - Please wait...
2021-04-12 11:20:13,233 - Mon Apr 12 11:20:13 2021 - Sound played successfully.
2021-04-12 11:30:15,858 - Mon Apr 12 11:30:15 2021 - Playing first sound in queue.
2021-04-12 11:31:12,817 - Mon Apr 12 11:31:12 2021 - Playing next sound in queue
2021-04-12 11:31:50,816 - Mon Apr 12 11:31:50 2021 - Playing next sound in queue
2021-04-12 11:32:23,465 - Mon Apr 12 11:32:23 2021 - Playing next sound in queue
2021-04-12 11:33:14,284 - Mon Apr 12 11:33:14 2021 - DRED1 Jobs
#U2IXEW18ZI
30 12 * * * /range/relay1on.sh ; sudo python /range/nbfm_140100_5w_s01_0112.py ; /range/relay1off.sh
#MBFGKY2S05
00 15 * * * /range/relay1on.sh ; sudo python /range/nbfm_140100_5w_s01_0112.py ; /range/relay1off.sh

2021-04-12 11:33:15,745 - Mon Apr 12 11:33:15 2021 - All jobs removed.
2021-04-12 11:33:17,900 - Mon Apr 12 11:33:17 2021 - No jobs found.
2021-04-15 09:39:21,741 - Thu Apr 15 09:39:21 2021 - Please wait...
2021-04-15 09:39:21,783 - Thu Apr 15 09:39:21 2021 - 

ssh: connect to host 0.0.0.0 port 22: Unknown error

2021-04-15 09:39:28,383 - Thu Apr 15 09:39:28 2021 - Scanning for devices. Please wait...
2021-04-15 09:39:28,385 - Thu Apr 15 09:39:28 2021 - Scanning: ['DRED1']
2021-04-15 09:39:28,517 - Thu Apr 15 09:39:28 2021 - Missing:  []
2021-04-15 09:39:28,518 - Thu Apr 15 09:39:28 2021 - Found:    ['DRED1']
2021-04-15 09:39:28,518 - Thu Apr 15 09:39:28 2021 - Select Device to operate with the drop down above...
2021-04-15 09:39:32,512 - Thu Apr 15 09:39:32 2021 - Please wait...
2021-04-15 09:39:54,465 - Thu Apr 15 09:39:54 2021 - Sound played successfully.
2021-04-15 09:40:40,057 - Thu Apr 15 09:40:40 2021 - Please wait...
2021-04-15 09:40:40,894 - Thu Apr 15 09:40:40 2021 - DRED1

python: can't open file '/range/nbfm_140100_5w_testsound_0015.py': [Errno 2] No such file or directory

2021-04-15 09:45:04,483 - Thu Apr 15 09:45:04 2021 - Job Successfully added.
2021-04-15 09:45:11,150 - Thu Apr 15 09:45:11 2021 - DRED1 Jobs
#F4DK1EFAY9
30 12 * * * /range/relay1on.sh ; sudo python /range/nbfm_140100_5w_s08_0027.py ; /range/relay1off.sh

2021-04-15 09:45:14,783 - Thu Apr 15 09:45:14 2021 - All jobs removed.
2021-04-15 09:48:13,208 - Thu Apr 15 09:48:13 2021 - Scanning for devices. Please wait...
2021-04-15 09:48:13,210 - Thu Apr 15 09:48:13 2021 - Scanning: ['DRED1']
2021-04-15 09:48:13,305 - Thu Apr 15 09:48:13 2021 - Missing:  []
2021-04-15 09:48:13,305 - Thu Apr 15 09:48:13 2021 - Found:    ['DRED1']
2021-04-15 09:48:13,305 - Thu Apr 15 09:48:13 2021 - Select Device to operate with the drop down above...
2021-04-15 09:48:16,876 - Thu Apr 15 09:48:16 2021 - No jobs found.
2021-04-15 09:48:19,798 - Thu Apr 15 09:48:19 2021 - No jobs found.
2021-04-15 09:48:39,728 - Thu Apr 15 09:48:39 2021 - Job Successfully added.
2021-04-15 09:48:51,337 - Thu Apr 15 09:48:51 2021 - DRED1 Jobs
#D4DOTQE7IW
30 12 * * * /range/relay1on.sh ; sudo python /range/nbfm_140100_5w_s01_0112.py ; /range/relay1off.sh

2021-04-15 09:48:53,191 - Thu Apr 15 09:48:53 2021 - All jobs removed.
2021-04-15 09:48:56,853 - Thu Apr 15 09:48:56 2021 - Job Successfully added.
2021-04-15 09:48:59,092 - Thu Apr 15 09:48:59 2021 - DRED1 Jobs
#Z4I6FA8T5S
30 12 * * * /range/relay1on.sh ; sudo python /range/nbfm_140100_5w_s01_0112.py ; /range/relay1off.sh

2021-04-15 09:49:00,462 - Thu Apr 15 09:49:00 2021 - All jobs removed.
2021-04-15 09:49:05,187 - Thu Apr 15 09:49:05 2021 - Job Successfully added.
2021-04-15 09:49:08,082 - Thu Apr 15 09:49:08 2021 - DRED1 Jobs
#KUONF06P7I
30 12 * * * /range/relay1on.sh ; sudo python /range/nbfm_140100_5w_s01_0112.py ; /range/relay1off.sh

2021-04-15 09:49:10,502 - Thu Apr 15 09:49:10 2021 - All jobs removed.
2021-04-15 09:50:28,932 - Thu Apr 15 09:50:28 2021 - Missing:  []
2021-04-15 09:50:28,932 - Thu Apr 15 09:50:28 2021 - Found:    ['DRED1']
2021-04-15 09:50:28,932 - Thu Apr 15 09:50:28 2021 - Select Device to operate with the drop down above...
2021-04-15 09:50:49,609 - Thu Apr 15 09:50:49 2021 - No jobs found.
2021-04-15 09:51:33,421 - Thu Apr 15 09:51:33 2021 - Scanning for devices. Please wait...
2021-04-15 09:51:33,423 - Thu Apr 15 09:51:33 2021 - Scanning: ['DRED1']
2021-04-15 09:51:33,518 - Thu Apr 15 09:51:33 2021 - Missing:  []
2021-04-15 09:51:33,518 - Thu Apr 15 09:51:33 2021 - Found:    ['DRED1']
2021-04-15 09:51:33,518 - Thu Apr 15 09:51:33 2021 - Select Device to operate with the drop down above...
2021-04-15 09:51:48,647 - Thu Apr 15 09:51:48 2021 - All jobs removed.
2021-04-15 09:51:50,890 - Thu Apr 15 09:51:50 2021 - No jobs found.
2021-04-15 09:51:54,443 - Thu Apr 15 09:51:54 2021 - Job Successfully added.
2021-04-15 09:52:02,009 - Thu Apr 15 09:52:02 2021 - DRED1 Jobs
#4K1IHBOZ85
30 12 * * * /range/relay1on.sh ; sudo python /range/nbfm_140100_5w_s01_0112.py ; /range/relay1off.sh

2021-04-15 09:52:03,300 - Thu Apr 15 09:52:03 2021 - All jobs removed.
2021-04-15 09:52:06,003 - Thu Apr 15 09:52:06 2021 - Job Successfully added.
2021-04-15 09:52:08,580 - Thu Apr 15 09:52:08 2021 - DRED1 Jobs
#64RTDYREOF
30 12 * * * /range/relay1on.sh ; sudo python /range/nbfm_140100_5w_s01_0112.py ; /range/relay1off.sh

2021-04-15 09:52:10,344 - Thu Apr 15 09:52:10 2021 - All jobs removed.
2021-04-15 09:52:12,744 - Thu Apr 15 09:52:12 2021 - Job Successfully added.
2021-04-15 09:52:14,523 - Thu Apr 15 09:52:14 2021 - DRED1 Jobs
#U60BCUG3QY
30 12 * * * /range/relay1on.sh ; sudo python /range/nbfm_140100_5w_s01_0112.py ; /range/relay1off.sh

2021-04-15 09:52:16,692 - Thu Apr 15 09:52:16 2021 - All jobs removed.
2021-04-15 09:52:19,607 - Thu Apr 15 09:52:19 2021 - Job Successfully added.
2021-04-15 09:52:21,729 - Thu Apr 15 09:52:21 2021 - DRED1 Jobs
#IAMQ13T8H5
30 12 * * * /range/relay1on.sh ; sudo python /range/nbfm_140100_5w_s01_0112.py ; /range/relay1off.sh

2021-04-15 09:52:23,798 - Thu Apr 15 09:52:23 2021 - All jobs removed.
2021-04-15 09:52:26,584 - Thu Apr 15 09:52:26 2021 - Job Successfully added.
2021-04-15 09:52:28,185 - Thu Apr 15 09:52:28 2021 - DRED1 Jobs
#IB5G25M4JN
30 12 * * * /range/relay1on.sh ; sudo python /range/nbfm_140100_5w_s01_0112.py ; /range/relay1off.sh

2021-04-15 09:52:29,696 - Thu Apr 15 09:52:29 2021 - All jobs removed.
2021-04-15 09:55:41,756 - Thu Apr 15 09:55:41 2021 - Scanning for devices. Please wait...
2021-04-15 09:55:41,758 - Thu Apr 15 09:55:41 2021 - Scanning: ['DRED1']
2021-04-15 09:55:41,864 - Thu Apr 15 09:55:41 2021 - Missing:  []
2021-04-15 09:55:41,865 - Thu Apr 15 09:55:41 2021 - Found:    ['DRED1']
2021-04-15 09:55:41,865 - Thu Apr 15 09:55:41 2021 - Select Device to operate with the drop down above...
2021-04-15 09:55:47,767 - Thu Apr 15 09:55:47 2021 - No jobs found.
2021-04-15 09:56:09,292 - Thu Apr 15 09:56:09 2021 - Job Successfully added.
2021-04-15 09:56:12,117 - Thu Apr 15 09:56:12 2021 - DRED1 Jobs
#EWYIOMI3IP
30 12 * * * /range/relay1on.sh ; sudo python /range/nbfm_140100_5w_s01_0112.py ; /range/relay1off.sh

2021-04-15 09:56:14,136 - Thu Apr 15 09:56:14 2021 - All jobs removed.
2021-04-15 10:12:44,236 - Thu Apr 15 10:12:44 2021 - Scanning for devices. Please wait...
2021-04-15 10:12:44,238 - Thu Apr 15 10:12:44 2021 - Scanning: ['DRED1']
2021-04-15 10:12:44,353 - Thu Apr 15 10:12:44 2021 - Missing:  []
2021-04-15 10:12:44,353 - Thu Apr 15 10:12:44 2021 - Found:    ['DRED1']
2021-04-15 10:12:44,354 - Thu Apr 15 10:12:44 2021 - Select Device to operate with the drop down above...
2021-04-15 10:13:03,497 - Thu Apr 15 10:13:03 2021 - DRED1 Jobs
#4TDUXD87M8
30 12 * * * /range/relay1on.sh ; sudo python /range/nbfm_140100_5w_s01_0112.py ; /range/relay1off.sh

2021-04-15 10:14:43,257 - Thu Apr 15 10:14:43 2021 - Scanning for devices. Please wait...
2021-04-15 10:14:43,259 - Thu Apr 15 10:14:43 2021 - Scanning: ['DRED1']
2021-04-15 10:14:43,374 - Thu Apr 15 10:14:43 2021 - Missing:  []
2021-04-15 10:14:43,374 - Thu Apr 15 10:14:43 2021 - Found:    ['DRED1']
2021-04-15 10:14:43,374 - Thu Apr 15 10:14:43 2021 - Select Device to operate with the drop down above...
2021-04-15 10:15:57,440 - Thu Apr 15 10:15:57 2021 - Scanning for devices. Please wait...
2021-04-15 10:15:57,442 - Thu Apr 15 10:15:57 2021 - Scanning: ['DRED1']
2021-04-15 10:15:57,531 - Thu Apr 15 10:15:57 2021 - Missing:  []
2021-04-15 10:15:57,531 - Thu Apr 15 10:15:57 2021 - Found:    ['DRED1']
2021-04-15 10:15:57,531 - Thu Apr 15 10:15:57 2021 - Select Device to operate with the drop down above...
2021-04-15 10:16:25,051 - Thu Apr 15 10:16:25 2021 - Scanning for devices. Please wait...
2021-04-15 10:16:25,053 - Thu Apr 15 10:16:25 2021 - Scanning: ['DRED1']
2021-04-15 10:16:25,166 - Thu Apr 15 10:16:25 2021 - Missing:  []
2021-04-15 10:16:25,166 - Thu Apr 15 10:16:25 2021 - Found:    ['DRED1']
2021-04-15 10:16:25,167 - Thu Apr 15 10:16:25 2021 - Select Device to operate with the drop down above...
2021-04-15 10:16:53,005 - Thu Apr 15 10:16:53 2021 - Scanning for devices. Please wait...
2021-04-15 10:16:53,008 - Thu Apr 15 10:16:53 2021 - Scanning: ['DRED1']
2021-04-15 10:16:53,119 - Thu Apr 15 10:16:53 2021 - Missing:  []
2021-04-15 10:16:53,120 - Thu Apr 15 10:16:53 2021 - Found:    ['DRED1']
2021-04-15 10:16:53,120 - Thu Apr 15 10:16:53 2021 - Select Device to operate with the drop down above...
2021-04-15 10:16:59,628 - Thu Apr 15 10:16:59 2021 - Please wait...
2021-04-15 10:18:17,424 - Thu Apr 15 10:18:17 2021 - Sound played successfully.
2021-04-15 10:20:48,843 - Thu Apr 15 10:20:48 2021 - Scanning for devices. Please wait...
2021-04-15 10:20:48,845 - Thu Apr 15 10:20:48 2021 - Scanning: ['DRED1']
2021-04-15 10:20:48,963 - Thu Apr 15 10:20:48 2021 - Missing:  []
2021-04-15 10:20:48,963 - Thu Apr 15 10:20:48 2021 - Found:    ['DRED1']
2021-04-15 10:20:48,963 - Thu Apr 15 10:20:48 2021 - Select Device to operate with the drop down above...
2021-04-15 10:20:53,153 - Thu Apr 15 10:20:53 2021 - No jobs found.
2021-04-15 10:21:10,183 - Thu Apr 15 10:21:10 2021 - Scanning for devices. Please wait...
2021-04-15 10:21:10,185 - Thu Apr 15 10:21:10 2021 - Scanning: ['DRED1']
2021-04-15 10:21:10,295 - Thu Apr 15 10:21:10 2021 - Missing:  []
2021-04-15 10:21:10,295 - Thu Apr 15 10:21:10 2021 - Found:    ['DRED1']
2021-04-15 10:21:10,295 - Thu Apr 15 10:21:10 2021 - Select Device to operate with the drop down above...
2021-04-15 10:21:15,504 - Thu Apr 15 10:21:15 2021 - No jobs found.
2021-04-15 10:21:17,456 - Thu Apr 15 10:21:17 2021 - No jobs found.
2021-04-15 10:23:03,123 - Thu Apr 15 10:23:03 2021 - Scanning for devices. Please wait...
2021-04-15 10:23:03,124 - Thu Apr 15 10:23:03 2021 - Scanning: ['DRED1']
2021-04-15 10:23:03,210 - Thu Apr 15 10:23:03 2021 - Missing:  []
2021-04-15 10:23:03,210 - Thu Apr 15 10:23:03 2021 - Found:    ['DRED1']
2021-04-15 10:23:03,211 - Thu Apr 15 10:23:03 2021 - Select Device to operate with the drop down above...
2021-04-15 10:24:37,815 - Thu Apr 15 10:24:37 2021 - Scanning for devices. Please wait...
2021-04-15 10:24:37,815 - Thu Apr 15 10:24:37 2021 - Scanning: ['DRED1']
2021-04-15 10:24:37,919 - Thu Apr 15 10:24:37 2021 - Missing:  []
2021-04-15 10:24:37,919 - Thu Apr 15 10:24:37 2021 - Found:    ['DRED1']
2021-04-15 10:24:37,919 - Thu Apr 15 10:24:37 2021 - Select Device to operate with the drop down above...
2021-04-15 10:25:47,603 - Thu Apr 15 10:25:47 2021 - Scanning for devices. Please wait...
2021-04-15 10:25:47,605 - Thu Apr 15 10:25:47 2021 - Scanning: ['DRED1']
2021-04-15 10:25:47,706 - Thu Apr 15 10:25:47 2021 - Missing:  []
2021-04-15 10:25:47,706 - Thu Apr 15 10:25:47 2021 - Found:    ['DRED1']
2021-04-15 10:25:47,706 - Thu Apr 15 10:25:47 2021 - Select Device to operate with the drop down above...
2021-04-15 10:25:53,071 - Thu Apr 15 10:25:53 2021 - No jobs found.
2021-04-15 10:25:55,302 - Thu Apr 15 10:25:55 2021 - No jobs found.
2021-04-15 10:25:57,400 - Thu Apr 15 10:25:57 2021 - No jobs found.
2021-04-15 10:25:59,467 - Thu Apr 15 10:25:59 2021 - No jobs found.
2021-04-15 10:26:01,534 - Thu Apr 15 10:26:01 2021 - No jobs found.
2021-04-15 10:26:03,376 - Thu Apr 15 10:26:03 2021 - No jobs found.
2021-04-15 10:26:05,434 - Thu Apr 15 10:26:05 2021 - No jobs found.
2021-04-15 10:26:07,703 - Thu Apr 15 10:26:07 2021 - No jobs found.
2021-04-15 10:26:10,533 - Thu Apr 15 10:26:10 2021 - No jobs found.
2021-04-15 10:28:33,534 - Thu Apr 15 10:28:33 2021 - Scanning for devices. Please wait...
2021-04-15 10:28:33,536 - Thu Apr 15 10:28:33 2021 - Scanning: ['DRED1']
2021-04-15 10:28:33,641 - Thu Apr 15 10:28:33 2021 - Missing:  []
2021-04-15 10:28:33,641 - Thu Apr 15 10:28:33 2021 - Found:    ['DRED1']
2021-04-15 10:28:33,642 - Thu Apr 15 10:28:33 2021 - Select Device to operate with the drop down above...
2021-04-15 10:28:54,204 - Thu Apr 15 10:28:54 2021 - No jobs found.
2021-04-15 10:28:56,261 - Thu Apr 15 10:28:56 2021 - No jobs found.
2021-04-15 10:28:58,319 - Thu Apr 15 10:28:58 2021 - No jobs found.
2021-04-15 10:28:59,773 - Thu Apr 15 10:28:59 2021 - No jobs found.
2021-04-15 10:29:01,093 - Thu Apr 15 10:29:01 2021 - No jobs found.
2021-04-15 10:29:02,507 - Thu Apr 15 10:29:02 2021 - No jobs found.
2021-04-15 10:29:03,918 - Thu Apr 15 10:29:03 2021 - No jobs found.
2021-04-15 10:29:06,082 - Thu Apr 15 10:29:06 2021 - All jobs removed.
2021-04-15 10:29:08,601 - Thu Apr 15 10:29:08 2021 - Job Successfully added.
2021-04-15 10:29:10,402 - Thu Apr 15 10:29:10 2021 - DRED1 Jobs
#XIWZ74OMI2
30 12 * * * /range/relay1on.sh ; sudo python /range/nbfm_140100_5w_s01_0112.py ; /range/relay1off.sh

2021-04-15 10:29:12,113 - Thu Apr 15 10:29:12 2021 - All jobs removed.
2021-04-15 10:29:15,139 - Thu Apr 15 10:29:15 2021 - Job Successfully added.
2021-04-15 10:29:17,201 - Thu Apr 15 10:29:17 2021 - DRED1 Jobs
#5SDGHW6YX5
30 12 * * * /range/relay1on.sh ; sudo python /range/nbfm_140100_5w_s01_0112.py ; /range/relay1off.sh

2021-04-15 10:29:19,032 - Thu Apr 15 10:29:19 2021 - All jobs removed.
2021-04-15 10:29:21,971 - Thu Apr 15 10:29:21 2021 - Job Successfully added.
2021-04-15 10:29:24,019 - Thu Apr 15 10:29:24 2021 - DRED1 Jobs
#G7NMT7N3VK
30 12 * * * /range/relay1on.sh ; sudo python /range/nbfm_140100_5w_s01_0112.py ; /range/relay1off.sh

2021-04-15 10:29:25,406 - Thu Apr 15 10:29:25 2021 - All jobs removed.
2021-04-15 10:29:27,969 - Thu Apr 15 10:29:27 2021 - Job Successfully added.
2021-04-15 10:29:29,954 - Thu Apr 15 10:29:29 2021 - DRED1 Jobs
#HLQMSFN44B
30 12 * * * /range/relay1on.sh ; sudo python /range/nbfm_140100_5w_s01_0112.py ; /range/relay1off.sh

2021-04-15 10:29:31,336 - Thu Apr 15 10:29:31 2021 - All jobs removed.
2021-04-15 10:29:33,874 - Thu Apr 15 10:29:33 2021 - Job Successfully added.
2021-04-15 10:29:35,751 - Thu Apr 15 10:29:35 2021 - DRED1 Jobs
#W65SI45F7C
30 12 * * * /range/relay1on.sh ; sudo python /range/nbfm_140100_5w_s01_0112.py ; /range/relay1off.sh

2021-04-15 10:29:36,965 - Thu Apr 15 10:29:36 2021 - All jobs removed.
2021-04-15 10:29:41,998 - Thu Apr 15 10:29:41 2021 - Job Successfully added.
2021-04-15 10:29:44,241 - Thu Apr 15 10:29:44 2021 - DRED1 Jobs
#XV5JUQXWW8
30 12 * * * /range/relay1on.sh ; sudo python /range/nbfm_140100_5w_s01_0112.py ; /range/relay1off.sh

2021-04-15 10:29:45,888 - Thu Apr 15 10:29:45 2021 - All jobs removed.
2021-04-15 10:29:49,113 - Thu Apr 15 10:29:49 2021 - Job Successfully added.
2021-04-15 10:29:51,320 - Thu Apr 15 10:29:51 2021 - DRED1 Jobs
#3FAR2XU3QO
30 12 * * * /range/relay1on.sh ; sudo python /range/nbfm_140100_5w_s01_0112.py ; /range/relay1off.sh

2021-04-15 10:29:52,537 - Thu Apr 15 10:29:52 2021 - All jobs removed.
2021-04-15 10:29:54,884 - Thu Apr 15 10:29:54 2021 - Job Successfully added.
2021-04-15 10:29:56,394 - Thu Apr 15 10:29:56 2021 - DRED1 Jobs
#FHMY4TYMWB
30 12 * * * /range/relay1on.sh ; sudo python /range/nbfm_140100_5w_s01_0112.py ; /range/relay1off.sh

2021-04-15 10:29:57,427 - Thu Apr 15 10:29:57 2021 - All jobs removed.
2021-04-15 10:29:59,758 - Thu Apr 15 10:29:59 2021 - Job Successfully added.
2021-04-15 10:30:01,783 - Thu Apr 15 10:30:01 2021 - DRED1 Jobs
#12DELOREEU
30 12 * * * /range/relay1on.sh ; sudo python /range/nbfm_140100_5w_s01_0112.py ; /range/relay1off.sh

2021-04-15 10:30:02,959 - Thu Apr 15 10:30:02 2021 - All jobs removed.
2021-04-15 10:30:05,618 - Thu Apr 15 10:30:05 2021 - Job Successfully added.
2021-04-15 10:30:07,547 - Thu Apr 15 10:30:07 2021 - DRED1 Jobs
#7WU53XSLCP
30 12 * * * /range/relay1on.sh ; sudo python /range/nbfm_140100_5w_s01_0112.py ; /range/relay1off.sh

2021-04-15 10:30:08,976 - Thu Apr 15 10:30:08 2021 - DRED1 Jobs
#7WU53XSLCP
30 12 * * * /range/relay1on.sh ; sudo python /range/nbfm_140100_5w_s01_0112.py ; /range/relay1off.sh

2021-04-15 10:30:09,922 - Thu Apr 15 10:30:09 2021 - All jobs removed.
2021-04-15 10:30:10,901 - Thu Apr 15 10:30:10 2021 - All jobs removed.
2021-04-15 10:30:13,441 - Thu Apr 15 10:30:13 2021 - Job Successfully added.
2021-04-15 10:30:15,549 - Thu Apr 15 10:30:15 2021 - DRED1 Jobs
#S6FCTQH1IS
30 12 * * * /range/relay1on.sh ; sudo python /range/nbfm_140100_5w_s01_0112.py ; /range/relay1off.sh

2021-04-15 10:30:16,758 - Thu Apr 15 10:30:16 2021 - All jobs removed.
2021-04-15 10:30:21,765 - Thu Apr 15 10:30:21 2021 - Job Successfully added.
2021-04-15 10:30:23,091 - Thu Apr 15 10:30:23 2021 - DRED1 Jobs
#NMBGL9WZ8K
30 12 * * * /range/relay1on.sh ; sudo python /range/nbfm_140100_5w_s01_0112.py ; /range/relay1off.sh

2021-04-15 10:30:24,097 - Thu Apr 15 10:30:24 2021 - All jobs removed.
2021-04-15 10:30:28,068 - Thu Apr 15 10:30:28 2021 - Job Successfully added.
2021-04-15 10:30:30,289 - Thu Apr 15 10:30:30 2021 - DRED1 Jobs
#1Q8J9E2PDX
30 12 * * * /range/relay1on.sh ; sudo python /range/nbfm_140100_5w_s01_0112.py ; /range/relay1off.sh

2021-04-15 10:30:31,436 - Thu Apr 15 10:30:31 2021 - All jobs removed.
2021-04-15 10:30:51,874 - Thu Apr 15 10:30:51 2021 - Job Successfully added.
2021-04-15 10:30:53,887 - Thu Apr 15 10:30:53 2021 - DRED1 Jobs
#FWOWUH07SC
30 12 * * * /range/relay1on.sh ; sudo python /range/nbfm_140100_5w_s01_0112.py ; /range/relay1off.sh

2021-04-15 10:30:55,267 - Thu Apr 15 10:30:55 2021 - All jobs removed.
2021-04-15 10:30:57,976 - Thu Apr 15 10:30:57 2021 - Job Successfully added.
2021-04-15 10:30:59,388 - Thu Apr 15 10:30:59 2021 - DRED1 Jobs
#J3BE5QIQ24
30 12 * * * /range/relay1on.sh ; sudo python /range/nbfm_140100_5w_s01_0112.py ; /range/relay1off.sh

2021-04-15 10:31:00,406 - Thu Apr 15 10:31:00 2021 - All jobs removed.
2021-04-15 10:31:03,125 - Thu Apr 15 10:31:03 2021 - Job Successfully added.
2021-04-15 10:31:04,987 - Thu Apr 15 10:31:04 2021 - DRED1 Jobs
#W2NF2REUD2
30 12 * * * /range/relay1on.sh ; sudo python /range/nbfm_140100_5w_s01_0112.py ; /range/relay1off.sh

2021-04-15 10:31:06,880 - Thu Apr 15 10:31:06 2021 - All jobs removed.
2021-04-15 10:31:09,272 - Thu Apr 15 10:31:09 2021 - Job Successfully added.
2021-04-15 10:31:10,984 - Thu Apr 15 10:31:10 2021 - DRED1 Jobs
#UDX6RT26C7
30 12 * * * /range/relay1on.sh ; sudo python /range/nbfm_140100_5w_s01_0112.py ; /range/relay1off.sh

2021-04-15 10:31:11,977 - Thu Apr 15 10:31:11 2021 - All jobs removed.
2021-04-15 10:31:14,293 - Thu Apr 15 10:31:14 2021 - Job Successfully added.
2021-04-15 10:31:16,727 - Thu Apr 15 10:31:16 2021 - DRED1 Jobs
#IJTPPZ7ZTI
30 12 * * * /range/relay1on.sh ; sudo python /range/nbfm_140100_5w_s01_0112.py ; /range/relay1off.sh

2021-04-15 10:31:17,801 - Thu Apr 15 10:31:17 2021 - All jobs removed.
2021-04-15 10:31:20,207 - Thu Apr 15 10:31:20 2021 - Job Successfully added.
2021-04-15 10:31:22,125 - Thu Apr 15 10:31:22 2021 - DRED1 Jobs
#OZIIIHMG2R
30 12 * * * /range/relay1on.sh ; sudo python /range/nbfm_140100_5w_s01_0112.py ; /range/relay1off.sh

2021-04-15 10:31:23,147 - Thu Apr 15 10:31:23 2021 - All jobs removed.
2021-04-15 10:31:25,465 - Thu Apr 15 10:31:25 2021 - Job Successfully added.
2021-04-15 10:31:27,266 - Thu Apr 15 10:31:27 2021 - DRED1 Jobs
#240VCMD009
30 12 * * * /range/relay1on.sh ; sudo python /range/nbfm_140100_5w_s01_0112.py ; /range/relay1off.sh

2021-04-15 10:31:28,523 - Thu Apr 15 10:31:28 2021 - All jobs removed.
2021-04-15 10:31:30,957 - Thu Apr 15 10:31:30 2021 - Job Successfully added.
2021-04-15 10:32:14,718 - Thu Apr 15 10:32:14 2021 - Job Successfully added.
2021-04-15 10:32:16,893 - Thu Apr 15 10:32:16 2021 - DRED1 Jobs
#LD2W38U09A
30 12 * * * /range/relay1on.sh ; sudo python /range/nbfm_140100_5w_s01_0112.py ; /range/relay1off.sh
#QAQNZBHOCO
30 12 * * * /range/relay1on.sh ; sudo python /range/nbfm_140100_5w_s01_0112.py ; /range/relay1off.sh

2021-04-15 10:32:18,323 - Thu Apr 15 10:32:18 2021 - All jobs removed.
2021-04-15 10:35:37,194 - Thu Apr 15 10:35:37 2021 - Scanning for devices. Please wait...
2021-04-15 10:35:37,195 - Thu Apr 15 10:35:37 2021 - Scanning: ['DRED1']
2021-04-15 10:35:37,282 - Thu Apr 15 10:35:37 2021 - Missing:  []
2021-04-15 10:35:37,282 - Thu Apr 15 10:35:37 2021 - Found:    ['DRED1']
2021-04-15 10:35:37,282 - Thu Apr 15 10:35:37 2021 - Select Device to operate with the drop down above...
2021-04-15 10:39:31,087 - Thu Apr 15 10:39:31 2021 - Scanning for devices. Please wait...
2021-04-15 10:39:31,089 - Thu Apr 15 10:39:31 2021 - Scanning: ['DRED1']
2021-04-15 10:39:31,188 - Thu Apr 15 10:39:31 2021 - Missing:  []
2021-04-15 10:39:31,188 - Thu Apr 15 10:39:31 2021 - Found:    ['DRED1']
2021-04-15 10:39:31,189 - Thu Apr 15 10:39:31 2021 - Select Device to operate with the drop down above...
2021-04-15 10:39:50,074 - Thu Apr 15 10:39:50 2021 - No jobs found.
2021-04-15 10:39:53,019 - Thu Apr 15 10:39:53 2021 - DRED1

OpenSSH_for_Windows_7.7p1, LibreSSL 2.6.5
debug1: Connecting to 192.168.1.201 [192.168.1.201] port 22.
debug1: Connection established.
debug1: identity file C:\\Users\\falcon/.ssh/id_rsa type 0
debug1: key_load_public: No such file or directory
debug1: identity file C:\\Users\\falcon/.ssh/id_rsa-cert type -1
debug1: key_load_public: No such file or directory
debug1: identity file C:\\Users\\falcon/.ssh/id_dsa type -1
debug1: key_load_public: No such file or directory
debug1: identity file C:\\Users\\falcon/.ssh/id_dsa-cert type -1
debug1: key_load_public: No such file or directory
debug1: identity file C:\\Users\\falcon/.ssh/id_ecdsa type -1
debug1: key_load_public: No such file or directory
debug1: identity file C:\\Users\\falcon/.ssh/id_ecdsa-cert type -1
debug1: key_load_public: No such file or directory
debug1: identity file C:\\Users\\falcon/.ssh/id_ed25519 type -1
debug1: key_load_public: No such file or directory
debug1: identity file C:\\Users\\falcon/.ssh/id_ed25519-cert type -1
debug1: key_load_public: No such file or directory
debug1: identity file C:\\Users\\falcon/.ssh/id_xmss type -1
debug1: key_load_public: No such file or directory
debug1: identity file C:\\Users\\falcon/.ssh/id_xmss-cert type -1
debug1: Local version string SSH-2.0-OpenSSH_for_Windows_7.7
debug1: Remote protocol version 2.0, remote software version OpenSSH_7.9p1 Raspbian-10+deb10u1
debug1: match: OpenSSH_7.9p1 Raspbian-10+deb10u1 pat OpenSSH* compat 0x04000000
debug1: Authenticating to 192.168.1.201:22 as 'pi'
debug1: SSH2_MSG_KEXINIT sent
debug1: SSH2_MSG_KEXINIT received
debug1: kex: algorithm: curve25519-sha256
debug1: kex: host key algorithm: ecdsa-sha2-nistp256
debug1: kex: server->client cipher: chacha20-poly1305@openssh.com MAC: <implicit> compression: none
debug1: kex: client->server cipher: chacha20-poly1305@openssh.com MAC: <implicit> compression: none
debug1: expecting SSH2_MSG_KEX_ECDH_REPLY
debug1: Server host key: ecdsa-sha2-nistp256 SHA256:HvyfzWFg1xmPoPxCfYPCXy/APhKwcKiu6NAcOydYOms
debug1: Host '192.168.1.201' is known and matches the ECDSA host key.
debug1: Found key in C:\\Users\\falcon/.ssh/known_hosts:15
debug1: rekey after 134217728 blocks
debug1: SSH2_MSG_NEWKEYS sent
debug1: expecting SSH2_MSG_NEWKEYS
debug1: SSH2_MSG_NEWKEYS received
debug1: rekey after 134217728 blocks
debug1: pubkey_prepare: ssh_get_authentication_socket: No such file or directory
debug1: SSH2_MSG_EXT_INFO received
debug1: kex_input_ext_info: server-sig-algs=<ssh-ed25519,ssh-rsa,rsa-sha2-256,rsa-sha2-512,ssh-dss,ecdsa-sha2-nistp256,ecdsa-sha2-nistp384,ecdsa-sha2-nistp521>
debug1: SSH2_MSG_SERVICE_ACCEPT received
debug1: Authentications that can continue: publickey,password
debug1: Next authentication method: publickey
debug1: Offering public key: RSA SHA256:cM48qq6gMMBQjXWDPzkvnOJzibpfMzzHPPfQKatFuD4 C:\\Users\\falcon/.ssh/id_rsa
debug1: Server accepts key: pkalg rsa-sha2-512 blen 279
debug1: Authentication succeeded (publickey).
Authenticated to 192.168.1.201 ([192.168.1.201]:22).
debug1: channel 0: new [client-session]
debug1: Requesting no-more-sessions@openssh.com
debug1: Entering interactive session.
debug1: pledge: network
debug1: client_input_global_request: rtype hostkeys-00@openssh.com want_reply 0
debug1: Remote: /home/pi/.ssh/authorized_keys:1: key options: agent-forwarding port-forwarding pty user-rc x11-forwarding
debug1: Remote: /home/pi/.ssh/authorized_keys:1: key options: agent-forwarding port-forwarding pty user-rc x11-forwarding
debug1: Sending command: crontab -l > mycron
debug1: client_input_channel_req: channel 0 rtype exit-status reply 0
debug1: client_input_channel_req: channel 0 rtype eow@openssh.com reply 0
debug1: channel 0: free: client-session, nchannels 1
Transferred: sent 2628, received 2820 bytes, in 0.2 seconds
Bytes per second: sent 14021.4, received 15045.8
debug1: Exit status 0

2021-04-15 10:41:14,485 - Thu Apr 15 10:41:14 2021 - Scanning for devices. Please wait...
2021-04-15 10:41:14,487 - Thu Apr 15 10:41:14 2021 - Scanning: ['DRED1']
2021-04-15 10:41:14,598 - Thu Apr 15 10:41:14 2021 - Missing:  []
2021-04-15 10:41:14,598 - Thu Apr 15 10:41:14 2021 - Found:    ['DRED1']
2021-04-15 10:41:14,598 - Thu Apr 15 10:41:14 2021 - Select Device to operate with the drop down above...
2021-04-15 10:41:34,351 - Thu Apr 15 10:41:34 2021 - No jobs found.
2021-04-15 10:41:36,847 - Thu Apr 15 10:41:36 2021 - DRED1

OpenSSH_for_Windows_7.7p1, LibreSSL 2.6.5
debug1: Connecting to 192.168.1.201 [192.168.1.201] port 22.
debug1: Connection established.
debug1: identity file C:\\Users\\falcon/.ssh/id_rsa type 0
debug1: key_load_public: No such file or directory
debug1: identity file C:\\Users\\falcon/.ssh/id_rsa-cert type -1
debug1: key_load_public: No such file or directory
debug1: identity file C:\\Users\\falcon/.ssh/id_dsa type -1
debug1: key_load_public: No such file or directory
debug1: identity file C:\\Users\\falcon/.ssh/id_dsa-cert type -1
debug1: key_load_public: No such file or directory
debug1: identity file C:\\Users\\falcon/.ssh/id_ecdsa type -1
debug1: key_load_public: No such file or directory
debug1: identity file C:\\Users\\falcon/.ssh/id_ecdsa-cert type -1
debug1: key_load_public: No such file or directory
debug1: identity file C:\\Users\\falcon/.ssh/id_ed25519 type -1
debug1: key_load_public: No such file or directory
debug1: identity file C:\\Users\\falcon/.ssh/id_ed25519-cert type -1
debug1: key_load_public: No such file or directory
debug1: identity file C:\\Users\\falcon/.ssh/id_xmss type -1
debug1: key_load_public: No such file or directory
debug1: identity file C:\\Users\\falcon/.ssh/id_xmss-cert type -1
debug1: Local version string SSH-2.0-OpenSSH_for_Windows_7.7
debug1: Remote protocol version 2.0, remote software version OpenSSH_7.9p1 Raspbian-10+deb10u1
debug1: match: OpenSSH_7.9p1 Raspbian-10+deb10u1 pat OpenSSH* compat 0x04000000
debug1: Authenticating to 192.168.1.201:22 as 'pi'
debug1: SSH2_MSG_KEXINIT sent
debug1: SSH2_MSG_KEXINIT received
debug1: kex: algorithm: curve25519-sha256
debug1: kex: host key algorithm: ecdsa-sha2-nistp256
debug1: kex: server->client cipher: chacha20-poly1305@openssh.com MAC: <implicit> compression: none
debug1: kex: client->server cipher: chacha20-poly1305@openssh.com MAC: <implicit> compression: none
debug1: expecting SSH2_MSG_KEX_ECDH_REPLY
debug1: Server host key: ecdsa-sha2-nistp256 SHA256:HvyfzWFg1xmPoPxCfYPCXy/APhKwcKiu6NAcOydYOms
debug1: Host '192.168.1.201' is known and matches the ECDSA host key.
debug1: Found key in C:\\Users\\falcon/.ssh/known_hosts:15
debug1: rekey after 134217728 blocks
debug1: SSH2_MSG_NEWKEYS sent
debug1: expecting SSH2_MSG_NEWKEYS
debug1: SSH2_MSG_NEWKEYS received
debug1: rekey after 134217728 blocks
debug1: pubkey_prepare: ssh_get_authentication_socket: No such file or directory
debug1: SSH2_MSG_EXT_INFO received
debug1: kex_input_ext_info: server-sig-algs=<ssh-ed25519,ssh-rsa,rsa-sha2-256,rsa-sha2-512,ssh-dss,ecdsa-sha2-nistp256,ecdsa-sha2-nistp384,ecdsa-sha2-nistp521>
debug1: SSH2_MSG_SERVICE_ACCEPT received
debug1: Authentications that can continue: publickey,password
debug1: Next authentication method: publickey
debug1: Offering public key: RSA SHA256:cM48qq6gMMBQjXWDPzkvnOJzibpfMzzHPPfQKatFuD4 C:\\Users\\falcon/.ssh/id_rsa
debug1: Server accepts key: pkalg rsa-sha2-512 blen 279
debug1: Authentication succeeded (publickey).
Authenticated to 192.168.1.201 ([192.168.1.201]:22).
debug1: channel 0: new [client-session]
debug1: Requesting no-more-sessions@openssh.com
debug1: Entering interactive session.
debug1: pledge: network
debug1: client_input_global_request: rtype hostkeys-00@openssh.com want_reply 0
debug1: Remote: /home/pi/.ssh/authorized_keys:1: key options: agent-forwarding port-forwarding pty user-rc x11-forwarding
debug1: Remote: /home/pi/.ssh/authorized_keys:1: key options: agent-forwarding port-forwarding pty user-rc x11-forwarding
debug1: Sending command: crontab -l > mycron
debug1: client_input_channel_req: channel 0 rtype exit-status reply 0
debug1: client_input_channel_req: channel 0 rtype eow@openssh.com reply 0
debug1: channel 0: free: client-session, nchannels 1
Transferred: sent 2628, received 2820 bytes, in 0.3 seconds
Bytes per second: sent 9848.6, received 10568.1
debug1: Exit status 0

2021-04-15 10:41:37,410 - Thu Apr 15 10:41:37 2021 - DRED1

OpenSSH_for_Windows_7.7p1, LibreSSL 2.6.5
debug1: Connecting to 192.168.1.201 [192.168.1.201] port 22.
debug1: Connection established.
debug1: identity file C:\\Users\\falcon/.ssh/id_rsa type 0
debug1: key_load_public: No such file or directory
debug1: identity file C:\\Users\\falcon/.ssh/id_rsa-cert type -1
debug1: key_load_public: No such file or directory
debug1: identity file C:\\Users\\falcon/.ssh/id_dsa type -1
debug1: key_load_public: No such file or directory
debug1: identity file C:\\Users\\falcon/.ssh/id_dsa-cert type -1
debug1: key_load_public: No such file or directory
debug1: identity file C:\\Users\\falcon/.ssh/id_ecdsa type -1
debug1: key_load_public: No such file or directory
debug1: identity file C:\\Users\\falcon/.ssh/id_ecdsa-cert type -1
debug1: key_load_public: No such file or directory
debug1: identity file C:\\Users\\falcon/.ssh/id_ed25519 type -1
debug1: key_load_public: No such file or directory
debug1: identity file C:\\Users\\falcon/.ssh/id_ed25519-cert type -1
debug1: key_load_public: No such file or directory
debug1: identity file C:\\Users\\falcon/.ssh/id_xmss type -1
debug1: key_load_public: No such file or directory
debug1: identity file C:\\Users\\falcon/.ssh/id_xmss-cert type -1
debug1: Local version string SSH-2.0-OpenSSH_for_Windows_7.7
debug1: Remote protocol version 2.0, remote software version OpenSSH_7.9p1 Raspbian-10+deb10u1
debug1: match: OpenSSH_7.9p1 Raspbian-10+deb10u1 pat OpenSSH* compat 0x04000000
debug1: Authenticating to 192.168.1.201:22 as 'pi'
debug1: SSH2_MSG_KEXINIT sent
debug1: SSH2_MSG_KEXINIT received
debug1: kex: algorithm: curve25519-sha256
debug1: kex: host key algorithm: ecdsa-sha2-nistp256
debug1: kex: server->client cipher: chacha20-poly1305@openssh.com MAC: <implicit> compression: none
debug1: kex: client->server cipher: chacha20-poly1305@openssh.com MAC: <implicit> compression: none
debug1: expecting SSH2_MSG_KEX_ECDH_REPLY
debug1: Server host key: ecdsa-sha2-nistp256 SHA256:HvyfzWFg1xmPoPxCfYPCXy/APhKwcKiu6NAcOydYOms
debug1: Host '192.168.1.201' is known and matches the ECDSA host key.
debug1: Found key in C:\\Users\\falcon/.ssh/known_hosts:15
debug1: rekey after 134217728 blocks
debug1: SSH2_MSG_NEWKEYS sent
debug1: expecting SSH2_MSG_NEWKEYS
debug1: SSH2_MSG_NEWKEYS received
debug1: rekey after 134217728 blocks
debug1: pubkey_prepare: ssh_get_authentication_socket: No such file or directory
debug1: SSH2_MSG_EXT_INFO received
debug1: kex_input_ext_info: server-sig-algs=<ssh-ed25519,ssh-rsa,rsa-sha2-256,rsa-sha2-512,ssh-dss,ecdsa-sha2-nistp256,ecdsa-sha2-nistp384,ecdsa-sha2-nistp521>
debug1: SSH2_MSG_SERVICE_ACCEPT received
debug1: Authentications that can continue: publickey,password
debug1: Next authentication method: publickey
debug1: Offering public key: RSA SHA256:cM48qq6gMMBQjXWDPzkvnOJzibpfMzzHPPfQKatFuD4 C:\\Users\\falcon/.ssh/id_rsa
debug1: Server accepts key: pkalg rsa-sha2-512 blen 279
debug1: Authentication succeeded (publickey).
Authenticated to 192.168.1.201 ([192.168.1.201]:22).
debug1: channel 0: new [client-session]
debug1: Requesting no-more-sessions@openssh.com
debug1: Entering interactive session.
debug1: pledge: network
debug1: client_input_global_request: rtype hostkeys-00@openssh.com want_reply 0
debug1: Remote: /home/pi/.ssh/authorized_keys:1: key options: agent-forwarding port-forwarding pty user-rc x11-forwarding
debug1: Remote: /home/pi/.ssh/authorized_keys:1: key options: agent-forwarding port-forwarding pty user-rc x11-forwarding
debug1: Sending command: echo '#QE0FFRR2UV' >> /home/pi/mycron
debug1: client_input_channel_req: channel 0 rtype exit-status reply 0
debug1: client_input_channel_req: channel 0 rtype eow@openssh.com reply 0
debug1: channel 0: free: client-session, nchannels 1
Transferred: sent 2644, received 2820 bytes, in 0.2 seconds
Bytes per second: sent 15204.6, received 16216.7
debug1: Exit status 0

2021-04-15 10:42:09,105 - Thu Apr 15 10:42:09 2021 - Scanning for devices. Please wait...
2021-04-15 10:42:09,107 - Thu Apr 15 10:42:09 2021 - Scanning: ['DRED1']
2021-04-15 10:42:09,188 - Thu Apr 15 10:42:09 2021 - Missing:  []
2021-04-15 10:42:09,188 - Thu Apr 15 10:42:09 2021 - Found:    ['DRED1']
2021-04-15 10:42:09,188 - Thu Apr 15 10:42:09 2021 - Select Device to operate with the drop down above...
2021-04-15 10:42:26,754 - Thu Apr 15 10:42:26 2021 - DRED1

OpenSSH_for_Windows_7.7p1, LibreSSL 2.6.5
debug1: Connecting to 192.168.1.201 [192.168.1.201] port 22.
debug1: Connection established.
debug1: identity file C:\\Users\\falcon/.ssh/id_rsa type 0
debug1: key_load_public: No such file or directory
debug1: identity file C:\\Users\\falcon/.ssh/id_rsa-cert type -1
debug1: key_load_public: No such file or directory
debug1: identity file C:\\Users\\falcon/.ssh/id_dsa type -1
debug1: key_load_public: No such file or directory
debug1: identity file C:\\Users\\falcon/.ssh/id_dsa-cert type -1
debug1: key_load_public: No such file or directory
debug1: identity file C:\\Users\\falcon/.ssh/id_ecdsa type -1
debug1: key_load_public: No such file or directory
debug1: identity file C:\\Users\\falcon/.ssh/id_ecdsa-cert type -1
debug1: key_load_public: No such file or directory
debug1: identity file C:\\Users\\falcon/.ssh/id_ed25519 type -1
debug1: key_load_public: No such file or directory
debug1: identity file C:\\Users\\falcon/.ssh/id_ed25519-cert type -1
debug1: key_load_public: No such file or directory
debug1: identity file C:\\Users\\falcon/.ssh/id_xmss type -1
debug1: key_load_public: No such file or directory
debug1: identity file C:\\Users\\falcon/.ssh/id_xmss-cert type -1
debug1: Local version string SSH-2.0-OpenSSH_for_Windows_7.7
debug1: Remote protocol version 2.0, remote software version OpenSSH_7.9p1 Raspbian-10+deb10u1
debug1: match: OpenSSH_7.9p1 Raspbian-10+deb10u1 pat OpenSSH* compat 0x04000000
debug1: Authenticating to 192.168.1.201:22 as 'pi'
debug1: SSH2_MSG_KEXINIT sent
debug1: SSH2_MSG_KEXINIT received
debug1: kex: algorithm: curve25519-sha256
debug1: kex: host key algorithm: ecdsa-sha2-nistp256
debug1: kex: server->client cipher: chacha20-poly1305@openssh.com MAC: <implicit> compression: none
debug1: kex: client->server cipher: chacha20-poly1305@openssh.com MAC: <implicit> compression: none
debug1: expecting SSH2_MSG_KEX_ECDH_REPLY
debug1: Server host key: ecdsa-sha2-nistp256 SHA256:HvyfzWFg1xmPoPxCfYPCXy/APhKwcKiu6NAcOydYOms
debug1: Host '192.168.1.201' is known and matches the ECDSA host key.
debug1: Found key in C:\\Users\\falcon/.ssh/known_hosts:15
debug1: rekey after 134217728 blocks
debug1: SSH2_MSG_NEWKEYS sent
debug1: expecting SSH2_MSG_NEWKEYS
debug1: SSH2_MSG_NEWKEYS received
debug1: rekey after 134217728 blocks
debug1: pubkey_prepare: ssh_get_authentication_socket: No such file or directory
debug1: SSH2_MSG_EXT_INFO received
debug1: kex_input_ext_info: server-sig-algs=<ssh-ed25519,ssh-rsa,rsa-sha2-256,rsa-sha2-512,ssh-dss,ecdsa-sha2-nistp256,ecdsa-sha2-nistp384,ecdsa-sha2-nistp521>
debug1: SSH2_MSG_SERVICE_ACCEPT received
debug1: Authentications that can continue: publickey,password
debug1: Next authentication method: publickey
debug1: Offering public key: RSA SHA256:cM48qq6gMMBQjXWDPzkvnOJzibpfMzzHPPfQKatFuD4 C:\\Users\\falcon/.ssh/id_rsa
debug1: Server accepts key: pkalg rsa-sha2-512 blen 279
debug1: Authentication succeeded (publickey).
Authenticated to 192.168.1.201 ([192.168.1.201]:22).
debug1: channel 0: new [client-session]
debug1: Requesting no-more-sessions@openssh.com
debug1: Entering interactive session.
debug1: pledge: network
debug1: client_input_global_request: rtype hostkeys-00@openssh.com want_reply 0
debug1: Remote: /home/pi/.ssh/authorized_keys:1: key options: agent-forwarding port-forwarding pty user-rc x11-forwarding
debug1: Remote: /home/pi/.ssh/authorized_keys:1: key options: agent-forwarding port-forwarding pty user-rc x11-forwarding
debug1: Sending command: crontab -l > mycron
debug1: client_input_channel_req: channel 0 rtype exit-status reply 0
debug1: client_input_channel_req: channel 0 rtype eow@openssh.com reply 0
debug1: channel 0: free: client-session, nchannels 1
Transferred: sent 2628, received 2820 bytes, in 0.2 seconds
Bytes per second: sent 13566.4, received 14557.6
debug1: Exit status 0

2021-04-15 10:42:27,300 - Thu Apr 15 10:42:27 2021 - DRED1

OpenSSH_for_Windows_7.7p1, LibreSSL 2.6.5
debug1: Connecting to 192.168.1.201 [192.168.1.201] port 22.
debug1: Connection established.
debug1: identity file C:\\Users\\falcon/.ssh/id_rsa type 0
debug1: key_load_public: No such file or directory
debug1: identity file C:\\Users\\falcon/.ssh/id_rsa-cert type -1
debug1: key_load_public: No such file or directory
debug1: identity file C:\\Users\\falcon/.ssh/id_dsa type -1
debug1: key_load_public: No such file or directory
debug1: identity file C:\\Users\\falcon/.ssh/id_dsa-cert type -1
debug1: key_load_public: No such file or directory
debug1: identity file C:\\Users\\falcon/.ssh/id_ecdsa type -1
debug1: key_load_public: No such file or directory
debug1: identity file C:\\Users\\falcon/.ssh/id_ecdsa-cert type -1
debug1: key_load_public: No such file or directory
debug1: identity file C:\\Users\\falcon/.ssh/id_ed25519 type -1
debug1: key_load_public: No such file or directory
debug1: identity file C:\\Users\\falcon/.ssh/id_ed25519-cert type -1
debug1: key_load_public: No such file or directory
debug1: identity file C:\\Users\\falcon/.ssh/id_xmss type -1
debug1: key_load_public: No such file or directory
debug1: identity file C:\\Users\\falcon/.ssh/id_xmss-cert type -1
debug1: Local version string SSH-2.0-OpenSSH_for_Windows_7.7
debug1: Remote protocol version 2.0, remote software version OpenSSH_7.9p1 Raspbian-10+deb10u1
debug1: match: OpenSSH_7.9p1 Raspbian-10+deb10u1 pat OpenSSH* compat 0x04000000
debug1: Authenticating to 192.168.1.201:22 as 'pi'
debug1: SSH2_MSG_KEXINIT sent
debug1: SSH2_MSG_KEXINIT received
debug1: kex: algorithm: curve25519-sha256
debug1: kex: host key algorithm: ecdsa-sha2-nistp256
debug1: kex: server->client cipher: chacha20-poly1305@openssh.com MAC: <implicit> compression: none
debug1: kex: client->server cipher: chacha20-poly1305@openssh.com MAC: <implicit> compression: none
debug1: expecting SSH2_MSG_KEX_ECDH_REPLY
debug1: Server host key: ecdsa-sha2-nistp256 SHA256:HvyfzWFg1xmPoPxCfYPCXy/APhKwcKiu6NAcOydYOms
debug1: Host '192.168.1.201' is known and matches the ECDSA host key.
debug1: Found key in C:\\Users\\falcon/.ssh/known_hosts:15
debug1: rekey after 134217728 blocks
debug1: SSH2_MSG_NEWKEYS sent
debug1: expecting SSH2_MSG_NEWKEYS
debug1: SSH2_MSG_NEWKEYS received
debug1: rekey after 134217728 blocks
debug1: pubkey_prepare: ssh_get_authentication_socket: No such file or directory
debug1: SSH2_MSG_EXT_INFO received
debug1: kex_input_ext_info: server-sig-algs=<ssh-ed25519,ssh-rsa,rsa-sha2-256,rsa-sha2-512,ssh-dss,ecdsa-sha2-nistp256,ecdsa-sha2-nistp384,ecdsa-sha2-nistp521>
debug1: SSH2_MSG_SERVICE_ACCEPT received
debug1: Authentications that can continue: publickey,password
debug1: Next authentication method: publickey
debug1: Offering public key: RSA SHA256:cM48qq6gMMBQjXWDPzkvnOJzibpfMzzHPPfQKatFuD4 C:\\Users\\falcon/.ssh/id_rsa
debug1: Server accepts key: pkalg rsa-sha2-512 blen 279
debug1: Authentication succeeded (publickey).
Authenticated to 192.168.1.201 ([192.168.1.201]:22).
debug1: channel 0: new [client-session]
debug1: Requesting no-more-sessions@openssh.com
debug1: Entering interactive session.
debug1: pledge: network
debug1: client_input_global_request: rtype hostkeys-00@openssh.com want_reply 0
debug1: Remote: /home/pi/.ssh/authorized_keys:1: key options: agent-forwarding port-forwarding pty user-rc x11-forwarding
debug1: Remote: /home/pi/.ssh/authorized_keys:1: key options: agent-forwarding port-forwarding pty user-rc x11-forwarding
debug1: Sending command: echo '#N8KIN41RIR' >> /home/pi/mycron
debug1: client_input_channel_req: channel 0 rtype exit-status reply 0
debug1: client_input_channel_req: channel 0 rtype eow@openssh.com reply 0
debug1: channel 0: free: client-session, nchannels 1
Transferred: sent 2644, received 2820 bytes, in 0.1 seconds
Bytes per second: sent 18952.7, received 20214.3
debug1: Exit status 0

2021-04-15 10:42:28,518 - Thu Apr 15 10:42:28 2021 - DRED1

OpenSSH_for_Windows_7.7p1, LibreSSL 2.6.5
debug1: Connecting to 192.168.1.201 [192.168.1.201] port 22.
debug1: Connection established.
debug1: identity file C:\\Users\\falcon/.ssh/id_rsa type 0
debug1: key_load_public: No such file or directory
debug1: identity file C:\\Users\\falcon/.ssh/id_rsa-cert type -1
debug1: key_load_public: No such file or directory
debug1: identity file C:\\Users\\falcon/.ssh/id_dsa type -1
debug1: key_load_public: No such file or directory
debug1: identity file C:\\Users\\falcon/.ssh/id_dsa-cert type -1
debug1: key_load_public: No such file or directory
debug1: identity file C:\\Users\\falcon/.ssh/id_ecdsa type -1
debug1: key_load_public: No such file or directory
debug1: identity file C:\\Users\\falcon/.ssh/id_ecdsa-cert type -1
debug1: key_load_public: No such file or directory
debug1: identity file C:\\Users\\falcon/.ssh/id_ed25519 type -1
debug1: key_load_public: No such file or directory
debug1: identity file C:\\Users\\falcon/.ssh/id_ed25519-cert type -1
debug1: key_load_public: No such file or directory
debug1: identity file C:\\Users\\falcon/.ssh/id_xmss type -1
debug1: key_load_public: No such file or directory
debug1: identity file C:\\Users\\falcon/.ssh/id_xmss-cert type -1
debug1: Local version string SSH-2.0-OpenSSH_for_Windows_7.7
debug1: Remote protocol version 2.0, remote software version OpenSSH_7.9p1 Raspbian-10+deb10u1
debug1: match: OpenSSH_7.9p1 Raspbian-10+deb10u1 pat OpenSSH* compat 0x04000000
debug1: Authenticating to 192.168.1.201:22 as 'pi'
debug1: SSH2_MSG_KEXINIT sent
debug1: SSH2_MSG_KEXINIT received
debug1: kex: algorithm: curve25519-sha256
debug1: kex: host key algorithm: ecdsa-sha2-nistp256
debug1: kex: server->client cipher: chacha20-poly1305@openssh.com MAC: <implicit> compression: none
debug1: kex: client->server cipher: chacha20-poly1305@openssh.com MAC: <implicit> compression: none
debug1: expecting SSH2_MSG_KEX_ECDH_REPLY
debug1: Server host key: ecdsa-sha2-nistp256 SHA256:HvyfzWFg1xmPoPxCfYPCXy/APhKwcKiu6NAcOydYOms
debug1: Host '192.168.1.201' is known and matches the ECDSA host key.
debug1: Found key in C:\\Users\\falcon/.ssh/known_hosts:15
debug1: rekey after 134217728 blocks
debug1: SSH2_MSG_NEWKEYS sent
debug1: expecting SSH2_MSG_NEWKEYS
debug1: SSH2_MSG_NEWKEYS received
debug1: rekey after 134217728 blocks
debug1: pubkey_prepare: ssh_get_authentication_socket: No such file or directory
debug1: SSH2_MSG_EXT_INFO received
debug1: kex_input_ext_info: server-sig-algs=<ssh-ed25519,ssh-rsa,rsa-sha2-256,rsa-sha2-512,ssh-dss,ecdsa-sha2-nistp256,ecdsa-sha2-nistp384,ecdsa-sha2-nistp521>
debug1: SSH2_MSG_SERVICE_ACCEPT received
debug1: Authentications that can continue: publickey,password
debug1: Next authentication method: publickey
debug1: Offering public key: RSA SHA256:cM48qq6gMMBQjXWDPzkvnOJzibpfMzzHPPfQKatFuD4 C:\\Users\\falcon/.ssh/id_rsa
debug1: Server accepts key: pkalg rsa-sha2-512 blen 279
debug1: Authentication succeeded (publickey).
Authenticated to 192.168.1.201 ([192.168.1.201]:22).
debug1: channel 0: new [client-session]
debug1: Requesting no-more-sessions@openssh.com
debug1: Entering interactive session.
debug1: pledge: network
debug1: client_input_global_request: rtype hostkeys-00@openssh.com want_reply 0
debug1: Remote: /home/pi/.ssh/authorized_keys:1: key options: agent-forwarding port-forwarding pty user-rc x11-forwarding
debug1: Remote: /home/pi/.ssh/authorized_keys:1: key options: agent-forwarding port-forwarding pty user-rc x11-forwarding
debug1: Sending command: crontab mycron
debug1: client_input_channel_req: channel 0 rtype exit-status reply 0
debug1: client_input_channel_req: channel 0 rtype eow@openssh.com reply 0
debug1: channel 0: free: client-session, nchannels 1
Transferred: sent 2620, received 2820 bytes, in 0.2 seconds
Bytes per second: sent 16200.2, received 17436.9
debug1: Exit status 0

2021-04-15 10:42:49,726 - Thu Apr 15 10:42:49 2021 - DRED1 Jobs
#N8KIN41RIR
30 12 * * * /range/relay1on.sh ; sudo python /range/nbfm_140100_5w_s01_0112.py ; /range/relay1off.sh

2021-04-15 10:42:52,159 - Thu Apr 15 10:42:52 2021 - All jobs removed.
2021-04-15 10:42:53,907 - Thu Apr 15 10:42:53 2021 - DRED1

OpenSSH_for_Windows_7.7p1, LibreSSL 2.6.5
debug1: Connecting to 192.168.1.201 [192.168.1.201] port 22.
debug1: Connection established.
debug1: identity file C:\\Users\\falcon/.ssh/id_rsa type 0
debug1: key_load_public: No such file or directory
debug1: identity file C:\\Users\\falcon/.ssh/id_rsa-cert type -1
debug1: key_load_public: No such file or directory
debug1: identity file C:\\Users\\falcon/.ssh/id_dsa type -1
debug1: key_load_public: No such file or directory
debug1: identity file C:\\Users\\falcon/.ssh/id_dsa-cert type -1
debug1: key_load_public: No such file or directory
debug1: identity file C:\\Users\\falcon/.ssh/id_ecdsa type -1
debug1: key_load_public: No such file or directory
debug1: identity file C:\\Users\\falcon/.ssh/id_ecdsa-cert type -1
debug1: key_load_public: No such file or directory
debug1: identity file C:\\Users\\falcon/.ssh/id_ed25519 type -1
debug1: key_load_public: No such file or directory
debug1: identity file C:\\Users\\falcon/.ssh/id_ed25519-cert type -1
debug1: key_load_public: No such file or directory
debug1: identity file C:\\Users\\falcon/.ssh/id_xmss type -1
debug1: key_load_public: No such file or directory
debug1: identity file C:\\Users\\falcon/.ssh/id_xmss-cert type -1
debug1: Local version string SSH-2.0-OpenSSH_for_Windows_7.7
debug1: Remote protocol version 2.0, remote software version OpenSSH_7.9p1 Raspbian-10+deb10u1
debug1: match: OpenSSH_7.9p1 Raspbian-10+deb10u1 pat OpenSSH* compat 0x04000000
debug1: Authenticating to 192.168.1.201:22 as 'pi'
debug1: SSH2_MSG_KEXINIT sent
debug1: SSH2_MSG_KEXINIT received
debug1: kex: algorithm: curve25519-sha256
debug1: kex: host key algorithm: ecdsa-sha2-nistp256
debug1: kex: server->client cipher: chacha20-poly1305@openssh.com MAC: <implicit> compression: none
debug1: kex: client->server cipher: chacha20-poly1305@openssh.com MAC: <implicit> compression: none
debug1: expecting SSH2_MSG_KEX_ECDH_REPLY
debug1: Server host key: ecdsa-sha2-nistp256 SHA256:HvyfzWFg1xmPoPxCfYPCXy/APhKwcKiu6NAcOydYOms
debug1: Host '192.168.1.201' is known and matches the ECDSA host key.
debug1: Found key in C:\\Users\\falcon/.ssh/known_hosts:15
debug1: rekey after 134217728 blocks
debug1: SSH2_MSG_NEWKEYS sent
debug1: expecting SSH2_MSG_NEWKEYS
debug1: SSH2_MSG_NEWKEYS received
debug1: rekey after 134217728 blocks
debug1: pubkey_prepare: ssh_get_authentication_socket: No such file or directory
debug1: SSH2_MSG_EXT_INFO received
debug1: kex_input_ext_info: server-sig-algs=<ssh-ed25519,ssh-rsa,rsa-sha2-256,rsa-sha2-512,ssh-dss,ecdsa-sha2-nistp256,ecdsa-sha2-nistp384,ecdsa-sha2-nistp521>
debug1: SSH2_MSG_SERVICE_ACCEPT received
debug1: Authentications that can continue: publickey,password
debug1: Next authentication method: publickey
debug1: Offering public key: RSA SHA256:cM48qq6gMMBQjXWDPzkvnOJzibpfMzzHPPfQKatFuD4 C:\\Users\\falcon/.ssh/id_rsa
debug1: Server accepts key: pkalg rsa-sha2-512 blen 279
debug1: Authentication succeeded (publickey).
Authenticated to 192.168.1.201 ([192.168.1.201]:22).
debug1: channel 0: new [client-session]
debug1: Requesting no-more-sessions@openssh.com
debug1: Entering interactive session.
debug1: pledge: network
debug1: client_input_global_request: rtype hostkeys-00@openssh.com want_reply 0
debug1: Remote: /home/pi/.ssh/authorized_keys:1: key options: agent-forwarding port-forwarding pty user-rc x11-forwarding
debug1: Remote: /home/pi/.ssh/authorized_keys:1: key options: agent-forwarding port-forwarding pty user-rc x11-forwarding
debug1: Sending command: crontab -l > mycron
debug1: client_input_channel_req: channel 0 rtype exit-status reply 0
debug1: client_input_channel_req: channel 0 rtype eow@openssh.com reply 0
debug1: channel 0: free: client-session, nchannels 1
Transferred: sent 2628, received 2820 bytes, in 0.2 seconds
Bytes per second: sent 15201.8, received 16312.5
debug1: Exit status 0

2021-04-15 10:42:54,421 - Thu Apr 15 10:42:54 2021 - DRED1

OpenSSH_for_Windows_7.7p1, LibreSSL 2.6.5
debug1: Connecting to 192.168.1.201 [192.168.1.201] port 22.
debug1: Connection established.
debug1: identity file C:\\Users\\falcon/.ssh/id_rsa type 0
debug1: key_load_public: No such file or directory
debug1: identity file C:\\Users\\falcon/.ssh/id_rsa-cert type -1
debug1: key_load_public: No such file or directory
debug1: identity file C:\\Users\\falcon/.ssh/id_dsa type -1
debug1: key_load_public: No such file or directory
debug1: identity file C:\\Users\\falcon/.ssh/id_dsa-cert type -1
debug1: key_load_public: No such file or directory
debug1: identity file C:\\Users\\falcon/.ssh/id_ecdsa type -1
debug1: key_load_public: No such file or directory
debug1: identity file C:\\Users\\falcon/.ssh/id_ecdsa-cert type -1
debug1: key_load_public: No such file or directory
debug1: identity file C:\\Users\\falcon/.ssh/id_ed25519 type -1
debug1: key_load_public: No such file or directory
debug1: identity file C:\\Users\\falcon/.ssh/id_ed25519-cert type -1
debug1: key_load_public: No such file or directory
debug1: identity file C:\\Users\\falcon/.ssh/id_xmss type -1
debug1: key_load_public: No such file or directory
debug1: identity file C:\\Users\\falcon/.ssh/id_xmss-cert type -1
debug1: Local version string SSH-2.0-OpenSSH_for_Windows_7.7
debug1: Remote protocol version 2.0, remote software version OpenSSH_7.9p1 Raspbian-10+deb10u1
debug1: match: OpenSSH_7.9p1 Raspbian-10+deb10u1 pat OpenSSH* compat 0x04000000
debug1: Authenticating to 192.168.1.201:22 as 'pi'
debug1: SSH2_MSG_KEXINIT sent
debug1: SSH2_MSG_KEXINIT received
debug1: kex: algorithm: curve25519-sha256
debug1: kex: host key algorithm: ecdsa-sha2-nistp256
debug1: kex: server->client cipher: chacha20-poly1305@openssh.com MAC: <implicit> compression: none
debug1: kex: client->server cipher: chacha20-poly1305@openssh.com MAC: <implicit> compression: none
debug1: expecting SSH2_MSG_KEX_ECDH_REPLY
debug1: Server host key: ecdsa-sha2-nistp256 SHA256:HvyfzWFg1xmPoPxCfYPCXy/APhKwcKiu6NAcOydYOms
debug1: Host '192.168.1.201' is known and matches the ECDSA host key.
debug1: Found key in C:\\Users\\falcon/.ssh/known_hosts:15
debug1: rekey after 134217728 blocks
debug1: SSH2_MSG_NEWKEYS sent
debug1: expecting SSH2_MSG_NEWKEYS
debug1: SSH2_MSG_NEWKEYS received
debug1: rekey after 134217728 blocks
debug1: pubkey_prepare: ssh_get_authentication_socket: No such file or directory
debug1: SSH2_MSG_EXT_INFO received
debug1: kex_input_ext_info: server-sig-algs=<ssh-ed25519,ssh-rsa,rsa-sha2-256,rsa-sha2-512,ssh-dss,ecdsa-sha2-nistp256,ecdsa-sha2-nistp384,ecdsa-sha2-nistp521>
debug1: SSH2_MSG_SERVICE_ACCEPT received
debug1: Authentications that can continue: publickey,password
debug1: Next authentication method: publickey
debug1: Offering public key: RSA SHA256:cM48qq6gMMBQjXWDPzkvnOJzibpfMzzHPPfQKatFuD4 C:\\Users\\falcon/.ssh/id_rsa
debug1: Server accepts key: pkalg rsa-sha2-512 blen 279
debug1: Authentication succeeded (publickey).
Authenticated to 192.168.1.201 ([192.168.1.201]:22).
debug1: channel 0: new [client-session]
debug1: Requesting no-more-sessions@openssh.com
debug1: Entering interactive session.
debug1: pledge: network
debug1: client_input_global_request: rtype hostkeys-00@openssh.com want_reply 0
debug1: Remote: /home/pi/.ssh/authorized_keys:1: key options: agent-forwarding port-forwarding pty user-rc x11-forwarding
debug1: Remote: /home/pi/.ssh/authorized_keys:1: key options: agent-forwarding port-forwarding pty user-rc x11-forwarding
debug1: Sending command: echo '#11F05R898R' >> /home/pi/mycron
debug1: client_input_channel_req: channel 0 rtype exit-status reply 0
debug1: client_input_channel_req: channel 0 rtype eow@openssh.com reply 0
debug1: channel 0: free: client-session, nchannels 1
Transferred: sent 2644, received 2820 bytes, in 0.1 seconds
Bytes per second: sent 18668.7, received 19911.4
debug1: Exit status 0

2021-04-15 10:42:55,605 - Thu Apr 15 10:42:55 2021 - DRED1

OpenSSH_for_Windows_7.7p1, LibreSSL 2.6.5
debug1: Connecting to 192.168.1.201 [192.168.1.201] port 22.
debug1: Connection established.
debug1: identity file C:\\Users\\falcon/.ssh/id_rsa type 0
debug1: key_load_public: No such file or directory
debug1: identity file C:\\Users\\falcon/.ssh/id_rsa-cert type -1
debug1: key_load_public: No such file or directory
debug1: identity file C:\\Users\\falcon/.ssh/id_dsa type -1
debug1: key_load_public: No such file or directory
debug1: identity file C:\\Users\\falcon/.ssh/id_dsa-cert type -1
debug1: key_load_public: No such file or directory
debug1: identity file C:\\Users\\falcon/.ssh/id_ecdsa type -1
debug1: key_load_public: No such file or directory
debug1: identity file C:\\Users\\falcon/.ssh/id_ecdsa-cert type -1
debug1: key_load_public: No such file or directory
debug1: identity file C:\\Users\\falcon/.ssh/id_ed25519 type -1
debug1: key_load_public: No such file or directory
debug1: identity file C:\\Users\\falcon/.ssh/id_ed25519-cert type -1
debug1: key_load_public: No such file or directory
debug1: identity file C:\\Users\\falcon/.ssh/id_xmss type -1
debug1: key_load_public: No such file or directory
debug1: identity file C:\\Users\\falcon/.ssh/id_xmss-cert type -1
debug1: Local version string SSH-2.0-OpenSSH_for_Windows_7.7
debug1: Remote protocol version 2.0, remote software version OpenSSH_7.9p1 Raspbian-10+deb10u1
debug1: match: OpenSSH_7.9p1 Raspbian-10+deb10u1 pat OpenSSH* compat 0x04000000
debug1: Authenticating to 192.168.1.201:22 as 'pi'
debug1: SSH2_MSG_KEXINIT sent
debug1: SSH2_MSG_KEXINIT received
debug1: kex: algorithm: curve25519-sha256
debug1: kex: host key algorithm: ecdsa-sha2-nistp256
debug1: kex: server->client cipher: chacha20-poly1305@openssh.com MAC: <implicit> compression: none
debug1: kex: client->server cipher: chacha20-poly1305@openssh.com MAC: <implicit> compression: none
debug1: expecting SSH2_MSG_KEX_ECDH_REPLY
debug1: Server host key: ecdsa-sha2-nistp256 SHA256:HvyfzWFg1xmPoPxCfYPCXy/APhKwcKiu6NAcOydYOms
debug1: Host '192.168.1.201' is known and matches the ECDSA host key.
debug1: Found key in C:\\Users\\falcon/.ssh/known_hosts:15
debug1: rekey after 134217728 blocks
debug1: SSH2_MSG_NEWKEYS sent
debug1: expecting SSH2_MSG_NEWKEYS
debug1: SSH2_MSG_NEWKEYS received
debug1: rekey after 134217728 blocks
debug1: pubkey_prepare: ssh_get_authentication_socket: No such file or directory
debug1: SSH2_MSG_EXT_INFO received
debug1: kex_input_ext_info: server-sig-algs=<ssh-ed25519,ssh-rsa,rsa-sha2-256,rsa-sha2-512,ssh-dss,ecdsa-sha2-nistp256,ecdsa-sha2-nistp384,ecdsa-sha2-nistp521>
debug1: SSH2_MSG_SERVICE_ACCEPT received
debug1: Authentications that can continue: publickey,password
debug1: Next authentication method: publickey
debug1: Offering public key: RSA SHA256:cM48qq6gMMBQjXWDPzkvnOJzibpfMzzHPPfQKatFuD4 C:\\Users\\falcon/.ssh/id_rsa
debug1: Server accepts key: pkalg rsa-sha2-512 blen 279
debug1: Authentication succeeded (publickey).
Authenticated to 192.168.1.201 ([192.168.1.201]:22).
debug1: channel 0: new [client-session]
debug1: Requesting no-more-sessions@openssh.com
debug1: Entering interactive session.
debug1: pledge: network
debug1: client_input_global_request: rtype hostkeys-00@openssh.com want_reply 0
debug1: Remote: /home/pi/.ssh/authorized_keys:1: key options: agent-forwarding port-forwarding pty user-rc x11-forwarding
debug1: Remote: /home/pi/.ssh/authorized_keys:1: key options: agent-forwarding port-forwarding pty user-rc x11-forwarding
debug1: Sending command: crontab mycron
debug1: client_input_channel_req: channel 0 rtype exit-status reply 0
debug1: client_input_channel_req: channel 0 rtype eow@openssh.com reply 0
debug1: channel 0: free: client-session, nchannels 1
Transferred: sent 2620, received 2820 bytes, in 0.1 seconds
Bytes per second: sent 19311.0, received 20785.1
debug1: Exit status 0

2021-04-15 10:46:00,407 - Thu Apr 15 10:46:00 2021 - 

OpenSSH_for_Windows_7.7p1, LibreSSL 2.6.5
debug1: Connecting to 0.0.0.0 [0.0.0.0] port 22.
debug1: connect to address 0.0.0.0 port 22: Unknown error
ssh: connect to host 0.0.0.0 port 22: Unknown error

2021-04-15 10:46:05,653 - Thu Apr 15 10:46:05 2021 - Scanning for devices. Please wait...
2021-04-15 10:46:05,654 - Thu Apr 15 10:46:05 2021 - Scanning: ['DRED1']
2021-04-15 10:46:05,804 - Thu Apr 15 10:46:05 2021 - Missing:  []
2021-04-15 10:46:05,805 - Thu Apr 15 10:46:05 2021 - Found:    ['DRED1']
2021-04-15 10:46:05,805 - Thu Apr 15 10:46:05 2021 - Select Device to operate with the drop down above...
2021-04-15 10:46:11,926 - Thu Apr 15 10:46:11 2021 - DRED1

OpenSSH_for_Windows_7.7p1, LibreSSL 2.6.5
debug1: Connecting to 192.168.1.201 [192.168.1.201] port 22.
debug1: Connection established.
debug1: identity file C:\\Users\\falcon/.ssh/id_rsa type 0
debug1: key_load_public: No such file or directory
debug1: identity file C:\\Users\\falcon/.ssh/id_rsa-cert type -1
debug1: key_load_public: No such file or directory
debug1: identity file C:\\Users\\falcon/.ssh/id_dsa type -1
debug1: key_load_public: No such file or directory
debug1: identity file C:\\Users\\falcon/.ssh/id_dsa-cert type -1
debug1: key_load_public: No such file or directory
debug1: identity file C:\\Users\\falcon/.ssh/id_ecdsa type -1
debug1: key_load_public: No such file or directory
debug1: identity file C:\\Users\\falcon/.ssh/id_ecdsa-cert type -1
debug1: key_load_public: No such file or directory
debug1: identity file C:\\Users\\falcon/.ssh/id_ed25519 type -1
debug1: key_load_public: No such file or directory
debug1: identity file C:\\Users\\falcon/.ssh/id_ed25519-cert type -1
debug1: key_load_public: No such file or directory
debug1: identity file C:\\Users\\falcon/.ssh/id_xmss type -1
debug1: key_load_public: No such file or directory
debug1: identity file C:\\Users\\falcon/.ssh/id_xmss-cert type -1
debug1: Local version string SSH-2.0-OpenSSH_for_Windows_7.7
debug1: Remote protocol version 2.0, remote software version OpenSSH_7.9p1 Raspbian-10+deb10u1
debug1: match: OpenSSH_7.9p1 Raspbian-10+deb10u1 pat OpenSSH* compat 0x04000000
debug1: Authenticating to 192.168.1.201:22 as 'pi'
debug1: SSH2_MSG_KEXINIT sent
debug1: SSH2_MSG_KEXINIT received
debug1: kex: algorithm: curve25519-sha256
debug1: kex: host key algorithm: ecdsa-sha2-nistp256
debug1: kex: server->client cipher: chacha20-poly1305@openssh.com MAC: <implicit> compression: none
debug1: kex: client->server cipher: chacha20-poly1305@openssh.com MAC: <implicit> compression: none
debug1: expecting SSH2_MSG_KEX_ECDH_REPLY
debug1: Server host key: ecdsa-sha2-nistp256 SHA256:HvyfzWFg1xmPoPxCfYPCXy/APhKwcKiu6NAcOydYOms
debug1: Host '192.168.1.201' is known and matches the ECDSA host key.
debug1: Found key in C:\\Users\\falcon/.ssh/known_hosts:15
debug1: rekey after 134217728 blocks
debug1: SSH2_MSG_NEWKEYS sent
debug1: expecting SSH2_MSG_NEWKEYS
debug1: SSH2_MSG_NEWKEYS received
debug1: rekey after 134217728 blocks
debug1: pubkey_prepare: ssh_get_authentication_socket: No such file or directory
debug1: SSH2_MSG_EXT_INFO received
debug1: kex_input_ext_info: server-sig-algs=<ssh-ed25519,ssh-rsa,rsa-sha2-256,rsa-sha2-512,ssh-dss,ecdsa-sha2-nistp256,ecdsa-sha2-nistp384,ecdsa-sha2-nistp521>
debug1: SSH2_MSG_SERVICE_ACCEPT received
debug1: Authentications that can continue: publickey,password
debug1: Next authentication method: publickey
debug1: Offering public key: RSA SHA256:cM48qq6gMMBQjXWDPzkvnOJzibpfMzzHPPfQKatFuD4 C:\\Users\\falcon/.ssh/id_rsa
debug1: Server accepts key: pkalg rsa-sha2-512 blen 279
debug1: Authentication succeeded (publickey).
Authenticated to 192.168.1.201 ([192.168.1.201]:22).
debug1: channel 0: new [client-session]
debug1: Requesting no-more-sessions@openssh.com
debug1: Entering interactive session.
debug1: pledge: network
debug1: client_input_global_request: rtype hostkeys-00@openssh.com want_reply 0
debug1: Remote: /home/pi/.ssh/authorized_keys:1: key options: agent-forwarding port-forwarding pty user-rc x11-forwarding
debug1: Remote: /home/pi/.ssh/authorized_keys:1: key options: agent-forwarding port-forwarding pty user-rc x11-forwarding
debug1: Sending command: crontab mycron
debug1: client_input_channel_req: channel 0 rtype exit-status reply 0
debug1: client_input_channel_req: channel 0 rtype eow@openssh.com reply 0
debug1: channel 0: free: client-session, nchannels 1
Transferred: sent 2620, received 2820 bytes, in 0.2 seconds
Bytes per second: sent 11192.8, received 12047.2
debug1: Exit status 0

2021-04-15 10:46:56,567 - Thu Apr 15 10:46:56 2021 - Scanning for devices. Please wait...
2021-04-15 10:46:56,569 - Thu Apr 15 10:46:56 2021 - Scanning: ['DRED1']
2021-04-15 10:46:56,704 - Thu Apr 15 10:46:56 2021 - Missing:  []
2021-04-15 10:46:56,704 - Thu Apr 15 10:46:56 2021 - Found:    ['DRED1']
2021-04-15 10:46:56,704 - Thu Apr 15 10:46:56 2021 - Select Device to operate with the drop down above...
2021-04-15 10:47:13,826 - Thu Apr 15 10:47:13 2021 - Job Successfully added.
2021-04-15 10:47:16,427 - Thu Apr 15 10:47:16 2021 - DRED1 Jobs
#11F05R898R
30 12 * * * /range/relay1on.sh ; sudo python /range/nbfm_140100_5w_s01_0112.py ; /range/relay1off.sh
#3V4ROB3X68
30 12 * * * /range/relay1on.sh ; sudo python /range/nbfm_140100_5w_s01_0112.py ; /range/relay1off.sh
#X69521LI7Q
30 12 * * * /range/relay1on.sh ; sudo python /range/nbfm_140100_5w_s01_0112.py ; /range/relay1off.sh

2021-04-15 10:47:19,946 - Thu Apr 15 10:47:19 2021 - All jobs removed.
2021-04-15 10:47:23,653 - Thu Apr 15 10:47:23 2021 - Job Successfully added.
2021-04-15 10:47:26,099 - Thu Apr 15 10:47:26 2021 - DRED1 Jobs
#AH28UN5F9Y
30 12 * * * /range/relay1on.sh ; sudo python /range/nbfm_140100_5w_s01_0112.py ; /range/relay1off.sh

2021-04-15 10:47:29,164 - Thu Apr 15 10:47:29 2021 - All jobs removed.
2021-04-15 10:47:33,303 - Thu Apr 15 10:47:33 2021 - Job Successfully added.
2021-04-15 10:47:35,851 - Thu Apr 15 10:47:35 2021 - DRED1 Jobs
#ZOPF9C4BH3
30 12 * * * /range/relay1on.sh ; sudo python /range/nbfm_140100_5w_s01_0112.py ; /range/relay1off.sh

2021-04-15 10:47:42,021 - Thu Apr 15 10:47:42 2021 - All jobs removed.
2021-04-15 10:47:45,714 - Thu Apr 15 10:47:45 2021 - Job Successfully added.
2021-04-15 10:47:48,061 - Thu Apr 15 10:47:48 2021 - DRED1 Jobs
#RVRFUKRCK7
30 12 * * * /range/relay1on.sh ; sudo python /range/nbfm_140100_5w_s01_0112.py ; /range/relay1off.sh

2021-04-15 10:48:28,500 - Thu Apr 15 10:48:28 2021 - Scanning for devices. Please wait...
2021-04-15 10:48:28,502 - Thu Apr 15 10:48:28 2021 - Scanning: ['DRED1']
2021-04-15 10:48:28,617 - Thu Apr 15 10:48:28 2021 - Missing:  []
2021-04-15 10:48:28,618 - Thu Apr 15 10:48:28 2021 - Found:    ['DRED1']
2021-04-15 10:48:28,618 - Thu Apr 15 10:48:28 2021 - Select Device to operate with the drop down above...
2021-04-15 10:48:46,970 - Thu Apr 15 10:48:46 2021 - Job Successfully added.
2021-04-15 10:50:01,034 - Thu Apr 15 10:50:01 2021 - Scanning for devices. Please wait...
2021-04-15 10:50:01,034 - Thu Apr 15 10:50:01 2021 - Scanning: ['DRED1']
2021-04-15 10:50:01,151 - Thu Apr 15 10:50:01 2021 - Missing:  []
2021-04-15 10:50:01,152 - Thu Apr 15 10:50:01 2021 - Found:    ['DRED1']
2021-04-15 10:50:01,152 - Thu Apr 15 10:50:01 2021 - Select Device to operate with the drop down above...
2021-04-15 10:50:26,639 - Thu Apr 15 10:50:26 2021 - Job Successfully added.
2021-04-15 10:50:29,023 - Thu Apr 15 10:50:29 2021 - No jobs found.
2021-04-15 10:50:30,841 - Thu Apr 15 10:50:30 2021 - All jobs removed.
2021-04-15 10:50:37,279 - Thu Apr 15 10:50:37 2021 - Job Successfully added.
2021-04-15 10:50:42,852 - Thu Apr 15 10:50:42 2021 - No jobs found.
2021-04-15 10:50:44,847 - Thu Apr 15 10:50:44 2021 - All jobs removed.
2021-04-15 10:50:48,750 - Thu Apr 15 10:50:48 2021 - Job Successfully added.
2021-04-15 10:50:51,456 - Thu Apr 15 10:50:51 2021 - No jobs found.
2021-04-15 10:50:55,773 - Thu Apr 15 10:50:55 2021 - Job Successfully added.
2021-04-15 10:50:57,478 - Thu Apr 15 10:50:57 2021 - No jobs found.
2021-04-15 10:51:01,414 - Thu Apr 15 10:51:01 2021 - Job Successfully added.
2021-04-15 10:51:03,232 - Thu Apr 15 10:51:03 2021 - No jobs found.
2021-04-15 10:51:27,580 - Thu Apr 15 10:51:27 2021 - Scanning for devices. Please wait...
2021-04-15 10:51:27,581 - Thu Apr 15 10:51:27 2021 - Scanning: ['DRED1']
2021-04-15 10:51:27,682 - Thu Apr 15 10:51:27 2021 - Missing:  []
2021-04-15 10:51:27,682 - Thu Apr 15 10:51:27 2021 - Found:    ['DRED1']
2021-04-15 10:51:27,682 - Thu Apr 15 10:51:27 2021 - Select Device to operate with the drop down above...
2021-04-15 10:51:43,761 - Thu Apr 15 10:51:43 2021 - Job Successfully added.
2021-04-15 10:51:46,676 - Thu Apr 15 10:51:46 2021 - DRED1 Jobs
#RQTGA1LG1M
30 14 * * * /range/relay1on.sh ; sudo python /range/nbfm_140100_5w_s01_0112.py ; /range/relay1off.sh
#RSXTDRBTTJ
30 14 * * * /range/relay1on.sh ; sudo python /range/nbfm_140100_5w_s01_0112.py ; /range/relay1off.sh
#YIUW7QOCCR
30 14 * * * /range/relay1on.sh ; sudo python /range/nbfm_140100_5w_s01_0112.py ; /range/relay1off.sh
#QLL1YFO0MI
14 14 * * * /range/relay1on.sh ; sudo python /range/nbfm_140100_5w_s01_0112.py ; /range/relay1off.sh
OpenSSH_for_Windows_7.7p1, LibreSSL 2.6.5
debug1: Connecting to 192.168.1.201 [192.168.1.201] port 22.
debug1: Connection established.
debug1: identity file C:\\Users\\falcon/.ssh/id_rsa type 0
debug1: key_load_public: No such file or directory
debug1: identity file C:\\Users\\falcon/.ssh/id_rsa-cert type -1
debug1: key_load_public: No such file or directory
debug1: identity file C:\\Users\\falcon/.ssh/id_dsa type -1
debug1: key_load_public: No such file or directory
debug1: identity file C:\\Users\\falcon/.ssh/id_dsa-cert type -1
debug1: key_load_public: No such file or directory
debug1: identity file C:\\Users\\falcon/.ssh/id_ecdsa type -1
debug1: key_load_public: No such file or directory
debug1: identity file C:\\Users\\falcon/.ssh/id_ecdsa-cert type -1
debug1: key_load_public: No such file or directory
debug1: identity file C:\\Users\\falcon/.ssh/id_ed25519 type -1
debug1: key_load_public: No such file or directory
debug1: identity file C:\\Users\\falcon/.ssh/id_ed25519-cert type -1
debug1: key_load_public: No such file or directory
debug1: identity file C:\\Users\\falcon/.ssh/id_xmss type -1
debug1: key_load_public: No such file or directory
debug1: identity file C:\\Users\\falcon/.ssh/id_xmss-cert type -1
debug1: Local version string SSH-2.0-OpenSSH_for_Windows_7.7
debug1: Remote protocol version 2.0, remote software version OpenSSH_7.9p1 Raspbian-10+deb10u1
debug1: match: OpenSSH_7.9p1 Raspbian-10+deb10u1 pat OpenSSH* compat 0x04000000
debug1: Authenticating to 192.168.1.201:22 as 'pi'
debug1: SSH2_MSG_KEXINIT sent
debug1: SSH2_MSG_KEXINIT received
debug1: kex: algorithm: curve25519-sha256
debug1: kex: host key algorithm: ecdsa-sha2-nistp256
debug1: kex: server->client cipher: chacha20-poly1305@openssh.com MAC: <implicit> compression: none
debug1: kex: client->server cipher: chacha20-poly1305@openssh.com MAC: <implicit> compression: none
debug1: expecting SSH2_MSG_KEX_ECDH_REPLY
debug1: Server host key: ecdsa-sha2-nistp256 SHA256:HvyfzWFg1xmPoPxCfYPCXy/APhKwcKiu6NAcOydYOms
debug1: Host '192.168.1.201' is known and matches the ECDSA host key.
debug1: Found key in C:\\Users\\falcon/.ssh/known_hosts:15
debug1: rekey after 134217728 blocks
debug1: SSH2_MSG_NEWKEYS sent
debug1: expecting SSH2_MSG_NEWKEYS
debug1: SSH2_MSG_NEWKEYS received
debug1: rekey after 134217728 blocks
debug1: pubkey_prepare: ssh_get_authentication_socket: No such file or directory
debug1: SSH2_MSG_EXT_INFO received
debug1: kex_input_ext_info: server-sig-algs=<ssh-ed25519,ssh-rsa,rsa-sha2-256,rsa-sha2-512,ssh-dss,ecdsa-sha2-nistp256,ecdsa-sha2-nistp384,ecdsa-sha2-nistp521>
debug1: SSH2_MSG_SERVICE_ACCEPT received
debug1: Authentications that can continue: publickey,password
debug1: Next authentication method: publickey
debug1: Offering public key: RSA SHA256:cM48qq6gMMBQjXWDPzkvnOJzibpfMzzHPPfQKatFuD4 C:\\Users\\falcon/.ssh/id_rsa
debug1: Server accepts key: pkalg rsa-sha2-512 blen 279
debug1: Authentication succeeded (publickey).
Authenticated to 192.168.1.201 ([192.168.1.201]:22).
debug1: channel 0: new [client-session]
debug1: Requesting no-more-sessions@openssh.com
debug1: Entering interactive session.
debug1: pledge: network
debug1: client_input_global_request: rtype hostkeys-00@openssh.com want_reply 0
debug1: Remote: /home/pi/.ssh/authorized_keys:1: key options: agent-forwarding port-forwarding pty user-rc x11-forwarding
debug1: Remote: /home/pi/.ssh/authorized_keys:1: key options: agent-forwarding port-forwarding pty user-rc x11-forwarding
debug1: Sending command: tail --lines=+41 mycron
debug1: client_input_channel_req: channel 0 rtype exit-status reply 0
debug1: client_input_channel_req: channel 0 rtype eow@openssh.com reply 0
debug1: channel 0: free: client-session, nchannels 1
Transferred: sent 2628, received 3296 bytes, in 0.2 seconds
Bytes per second: sent 14969.5, received 18774.5
debug1: Exit status 0

2021-04-15 10:52:14,668 - Thu Apr 15 10:52:14 2021 - All jobs removed.
2021-04-15 10:52:18,637 - Thu Apr 15 10:52:18 2021 - Job Successfully added.
2021-04-15 10:52:20,951 - Thu Apr 15 10:52:20 2021 - DRED1 Jobs
#A9ZVUGCSTH
14 14 * * * /range/relay1on.sh ; sudo python /range/nbfm_140100_5w_s01_0112.py ; /range/relay1off.sh
OpenSSH_for_Windows_7.7p1, LibreSSL 2.6.5
debug1: Connecting to 192.168.1.201 [192.168.1.201] port 22.
debug1: Connection established.
debug1: identity file C:\\Users\\falcon/.ssh/id_rsa type 0
debug1: key_load_public: No such file or directory
debug1: identity file C:\\Users\\falcon/.ssh/id_rsa-cert type -1
debug1: key_load_public: No such file or directory
debug1: identity file C:\\Users\\falcon/.ssh/id_dsa type -1
debug1: key_load_public: No such file or directory
debug1: identity file C:\\Users\\falcon/.ssh/id_dsa-cert type -1
debug1: key_load_public: No such file or directory
debug1: identity file C:\\Users\\falcon/.ssh/id_ecdsa type -1
debug1: key_load_public: No such file or directory
debug1: identity file C:\\Users\\falcon/.ssh/id_ecdsa-cert type -1
debug1: key_load_public: No such file or directory
debug1: identity file C:\\Users\\falcon/.ssh/id_ed25519 type -1
debug1: key_load_public: No such file or directory
debug1: identity file C:\\Users\\falcon/.ssh/id_ed25519-cert type -1
debug1: key_load_public: No such file or directory
debug1: identity file C:\\Users\\falcon/.ssh/id_xmss type -1
debug1: key_load_public: No such file or directory
debug1: identity file C:\\Users\\falcon/.ssh/id_xmss-cert type -1
debug1: Local version string SSH-2.0-OpenSSH_for_Windows_7.7
debug1: Remote protocol version 2.0, remote software version OpenSSH_7.9p1 Raspbian-10+deb10u1
debug1: match: OpenSSH_7.9p1 Raspbian-10+deb10u1 pat OpenSSH* compat 0x04000000
debug1: Authenticating to 192.168.1.201:22 as 'pi'
debug1: SSH2_MSG_KEXINIT sent
debug1: SSH2_MSG_KEXINIT received
debug1: kex: algorithm: curve25519-sha256
debug1: kex: host key algorithm: ecdsa-sha2-nistp256
debug1: kex: server->client cipher: chacha20-poly1305@openssh.com MAC: <implicit> compression: none
debug1: kex: client->server cipher: chacha20-poly1305@openssh.com MAC: <implicit> compression: none
debug1: expecting SSH2_MSG_KEX_ECDH_REPLY
debug1: Server host key: ecdsa-sha2-nistp256 SHA256:HvyfzWFg1xmPoPxCfYPCXy/APhKwcKiu6NAcOydYOms
debug1: Host '192.168.1.201' is known and matches the ECDSA host key.
debug1: Found key in C:\\Users\\falcon/.ssh/known_hosts:15
debug1: rekey after 134217728 blocks
debug1: SSH2_MSG_NEWKEYS sent
debug1: expecting SSH2_MSG_NEWKEYS
debug1: SSH2_MSG_NEWKEYS received
debug1: rekey after 134217728 blocks
debug1: pubkey_prepare: ssh_get_authentication_socket: No such file or directory
debug1: SSH2_MSG_EXT_INFO received
debug1: kex_input_ext_info: server-sig-algs=<ssh-ed25519,ssh-rsa,rsa-sha2-256,rsa-sha2-512,ssh-dss,ecdsa-sha2-nistp256,ecdsa-sha2-nistp384,ecdsa-sha2-nistp521>
debug1: SSH2_MSG_SERVICE_ACCEPT received
debug1: Authentications that can continue: publickey,password
debug1: Next authentication method: publickey
debug1: Offering public key: RSA SHA256:cM48qq6gMMBQjXWDPzkvnOJzibpfMzzHPPfQKatFuD4 C:\\Users\\falcon/.ssh/id_rsa
debug1: Server accepts key: pkalg rsa-sha2-512 blen 279
debug1: Authentication succeeded (publickey).
Authenticated to 192.168.1.201 ([192.168.1.201]:22).
debug1: channel 0: new [client-session]
debug1: Requesting no-more-sessions@openssh.com
debug1: Entering interactive session.
debug1: pledge: network
debug1: client_input_global_request: rtype hostkeys-00@openssh.com want_reply 0
debug1: Remote: /home/pi/.ssh/authorized_keys:1: key options: agent-forwarding port-forwarding pty user-rc x11-forwarding
debug1: Remote: /home/pi/.ssh/authorized_keys:1: key options: agent-forwarding port-forwarding pty user-rc x11-forwarding
debug1: Sending command: tail --lines=+41 mycron
debug1: client_input_channel_req: channel 0 rtype exit-status reply 0
debug1: client_input_channel_req: channel 0 rtype eow@openssh.com reply 0
debug1: channel 0: free: client-session, nchannels 1
Transferred: sent 2628, received 2952 bytes, in 0.2 seconds
Bytes per second: sent 17376.9, received 19519.3
debug1: Exit status 0

2021-04-15 10:52:23,408 - Thu Apr 15 10:52:23 2021 - All jobs removed.
2021-04-15 10:52:36,662 - Thu Apr 15 10:52:36 2021 - Scanning for devices. Please wait...
2021-04-15 10:52:36,664 - Thu Apr 15 10:52:36 2021 - Scanning: ['DRED1']
2021-04-15 10:52:36,817 - Thu Apr 15 10:52:36 2021 - Missing:  []
2021-04-15 10:52:36,817 - Thu Apr 15 10:52:36 2021 - Found:    ['DRED1']
2021-04-15 10:52:36,817 - Thu Apr 15 10:52:36 2021 - Select Device to operate with the drop down above...
2021-04-15 10:52:52,128 - Thu Apr 15 10:52:52 2021 - Job Successfully added.
2021-04-15 10:52:55,526 - Thu Apr 15 10:52:55 2021 - DRED1 Jobs
#TLCPMILZSZ
34 21 * * * /range/relay1on.sh ; sudo python /range/nbfm_140100_5w_s01_0112.py ; /range/relay1off.sh

2021-04-15 10:52:57,934 - Thu Apr 15 10:52:57 2021 - All jobs removed.
2021-04-15 10:53:01,849 - Thu Apr 15 10:53:01 2021 - Job Successfully added.
2021-04-15 10:56:18,426 - Thu Apr 15 10:56:18 2021 - Scanning for devices. Please wait...
2021-04-15 10:56:18,429 - Thu Apr 15 10:56:18 2021 - Scanning: ['DRED1']
2021-04-15 10:56:18,516 - Thu Apr 15 10:56:18 2021 - Missing:  []
2021-04-15 10:56:18,516 - Thu Apr 15 10:56:18 2021 - Found:    ['DRED1']
2021-04-15 10:56:18,516 - Thu Apr 15 10:56:18 2021 - Select Device to operate with the drop down above...
2021-04-15 10:56:22,945 - Thu Apr 15 10:56:22 2021 - DRED1 Jobs
#JA9ZM1KSG1
34 21 * * * /range/relay1on.sh ; sudo python /range/nbfm_140100_5w_s01_0112.py ; /range/relay1off.sh

2021-04-15 10:57:11,211 - Thu Apr 15 10:57:11 2021 - Scanning for devices. Please wait...
2021-04-15 10:57:11,212 - Thu Apr 15 10:57:11 2021 - Scanning: ['DRED1']
2021-04-15 10:57:11,305 - Thu Apr 15 10:57:11 2021 - Missing:  []
2021-04-15 10:57:11,305 - Thu Apr 15 10:57:11 2021 - Found:    ['DRED1']
2021-04-15 10:57:11,305 - Thu Apr 15 10:57:11 2021 - Select Device to operate with the drop down above...
2021-04-15 10:57:16,914 - Thu Apr 15 10:57:16 2021 - DRED1 Jobs
#JA9ZM1KSG1
34 21 * * * /range/relay1on.sh ; sudo python /range/nbfm_140100_5w_s01_0112.py ; /range/relay1off.sh

2021-04-15 10:57:20,583 - Thu Apr 15 10:57:20 2021 - DRED1 Jobs
#JA9ZM1KSG1
34 21 * * * /range/relay1on.sh ; sudo python /range/nbfm_140100_5w_s01_0112.py ; /range/relay1off.sh

2021-04-15 11:06:27,905 - Thu Apr 15 11:06:27 2021 - Scanning for devices. Please wait...
2021-04-15 11:06:27,907 - Thu Apr 15 11:06:27 2021 - Scanning: ['DRED1']
2021-04-15 11:06:28,034 - Thu Apr 15 11:06:28 2021 - Missing:  []
2021-04-15 11:06:28,034 - Thu Apr 15 11:06:28 2021 - Found:    ['DRED1']
2021-04-15 11:06:28,035 - Thu Apr 15 11:06:28 2021 - Select Device to operate with the drop down above...
2021-04-15 11:07:09,677 - Thu Apr 15 11:07:09 2021 - Scanning for devices. Please wait...
2021-04-15 11:07:09,679 - Thu Apr 15 11:07:09 2021 - Scanning: ['DRED1']
2021-04-15 11:07:09,746 - Thu Apr 15 11:07:09 2021 - Missing:  []
2021-04-15 11:07:09,746 - Thu Apr 15 11:07:09 2021 - Found:    ['DRED1']
2021-04-15 11:07:09,746 - Thu Apr 15 11:07:09 2021 - Select Device to operate with the drop down above...
2021-04-15 11:07:34,162 - Thu Apr 15 11:07:34 2021 - Scanning for devices. Please wait...
2021-04-15 11:07:34,164 - Thu Apr 15 11:07:34 2021 - Scanning: ['DRED1']
2021-04-15 11:07:34,282 - Thu Apr 15 11:07:34 2021 - Missing:  []
2021-04-15 11:07:34,282 - Thu Apr 15 11:07:34 2021 - Found:    ['DRED1']
2021-04-15 11:07:34,283 - Thu Apr 15 11:07:34 2021 - Select Device to operate with the drop down above...
2021-04-15 11:07:38,404 - Thu Apr 15 11:07:38 2021 - All jobs removed.
2021-04-15 11:08:41,452 - Thu Apr 15 11:08:41 2021 - Scanning for devices. Please wait...
2021-04-15 11:08:41,454 - Thu Apr 15 11:08:41 2021 - Scanning: ['DRED1']
2021-04-15 11:08:41,548 - Thu Apr 15 11:08:41 2021 - Missing:  []
2021-04-15 11:08:41,548 - Thu Apr 15 11:08:41 2021 - Found:    ['DRED1']
2021-04-15 11:08:41,549 - Thu Apr 15 11:08:41 2021 - Select Device to operate with the drop down above...
2021-04-15 11:08:58,662 - Thu Apr 15 11:08:58 2021 - Job Successfully added.
2021-04-15 11:09:02,152 - Thu Apr 15 11:09:02 2021 - DRED1 Jobs
#4MG9Q9GKL5
30 12 * * * /range/relay1on.sh ; sudo python /range/nbfm_140100_5w_s01_0112.py ; /range/relay1off.sh

2021-04-15 11:09:04,899 - Thu Apr 15 11:09:04 2021 - All jobs removed.
2021-04-15 11:09:08,684 - Thu Apr 15 11:09:08 2021 - Job Successfully added.
2021-04-15 11:09:12,294 - Thu Apr 15 11:09:12 2021 - DRED1 Jobs
#OHAW51UIEN
30 12 * * * /range/relay1on.sh ; sudo python /range/nbfm_140100_5w_s01_0112.py ; /range/relay1off.sh

2021-04-15 11:09:14,006 - Thu Apr 15 11:09:14 2021 - All jobs removed.
2021-04-15 11:10:14,536 - Thu Apr 15 11:10:14 2021 - Scanning for devices. Please wait...
2021-04-15 11:10:14,538 - Thu Apr 15 11:10:14 2021 - Scanning: ['DRED1']
2021-04-15 11:10:14,649 - Thu Apr 15 11:10:14 2021 - Missing:  []
2021-04-15 11:10:14,649 - Thu Apr 15 11:10:14 2021 - Found:    ['DRED1']
2021-04-15 11:10:14,650 - Thu Apr 15 11:10:14 2021 - Select Device to operate with the drop down above...
2021-04-15 11:10:31,544 - Thu Apr 15 11:10:31 2021 - Job Successfully added.
2021-04-15 11:10:35,322 - Thu Apr 15 11:10:35 2021 - DRED1 Jobs
#LABWAE1FR8
12 12 * * * /range/relay1on.sh ; sudo python /range/nbfm_140100_5w_s01_0112.py ; /range/relay1off.sh

2021-04-15 11:10:43,500 - Thu Apr 15 11:10:43 2021 - Job Successfully added.
2021-04-15 11:10:48,938 - Thu Apr 15 11:10:48 2021 - DRED1 Jobs
#LABWAE1FR8
12 12 * * * /range/relay1on.sh ; sudo python /range/nbfm_140100_5w_s01_0112.py ; /range/relay1off.sh
#8CWUENMXJH
12 12 * * * /range/relay1on.sh ; sudo python /range/nbfm_140100_5w_s01_0112.py ; /range/relay1off.sh

2021-04-15 11:10:51,306 - Thu Apr 15 11:10:51 2021 - All jobs removed.
2021-04-15 11:16:36,731 - Thu Apr 15 11:16:36 2021 - Scanning for devices. Please wait...
2021-04-15 11:16:36,733 - Thu Apr 15 11:16:36 2021 - Scanning: ['DRED1']
2021-04-15 11:16:36,829 - Thu Apr 15 11:16:36 2021 - Missing:  []
2021-04-15 11:16:36,829 - Thu Apr 15 11:16:36 2021 - Found:    ['DRED1']
2021-04-15 11:16:36,830 - Thu Apr 15 11:16:36 2021 - Select Device to operate with the drop down above...
2021-04-15 11:16:59,514 - Thu Apr 15 11:16:59 2021 - Job Successfully added.
2021-04-15 11:17:02,503 - Thu Apr 15 11:17:02 2021 - DRED1 Jobs
#SJ17T4105U
12 12 * * * /range/relay1on.sh ; sudo python /range/nbfm_140100_5w_s01_0112.py ; /range/relay1off.sh

2021-04-15 11:17:06,210 - Thu Apr 15 11:17:06 2021 - All jobs removed.
2021-04-15 11:17:08,396 - Thu Apr 15 11:17:08 2021 - No jobs found.
2021-04-15 11:17:10,715 - Thu Apr 15 11:17:10 2021 - No jobs found.
2021-04-15 11:17:13,805 - Thu Apr 15 11:17:13 2021 - Job Successfully added.
2021-04-15 11:17:16,183 - Thu Apr 15 11:17:16 2021 - All jobs removed.
2021-04-15 11:17:18,819 - Thu Apr 15 11:17:18 2021 - No jobs found.
2021-04-15 11:17:21,234 - Thu Apr 15 11:17:21 2021 - Job Successfully added.
2021-04-15 11:17:23,663 - Thu Apr 15 11:17:23 2021 - Job Successfully added.
2021-04-15 11:17:26,112 - Thu Apr 15 11:17:26 2021 - Job Successfully added.
2021-04-15 11:17:28,162 - Thu Apr 15 11:17:28 2021 - DRED1 Jobs
#MRVVMI2PPJ
12 12 * * * /range/relay1on.sh ; sudo python /range/nbfm_140100_5w_s01_0112.py ; /range/relay1off.sh
#TK2392U3EF
12 12 * * * /range/relay1on.sh ; sudo python /range/nbfm_140100_5w_s01_0112.py ; /range/relay1off.sh
#DPLWF5L4M5
12 12 * * * /range/relay1on.sh ; sudo python /range/nbfm_140100_5w_s01_0112.py ; /range/relay1off.sh

2021-04-15 11:17:31,038 - Thu Apr 15 11:17:31 2021 - All jobs removed.
2021-04-15 11:17:36,347 - Thu Apr 15 11:17:36 2021 - Job Successfully added.
2021-04-15 11:17:38,257 - Thu Apr 15 11:17:38 2021 - DRED1 Jobs
#4YV1RCZ0OR
12 12 * * * /range/relay1on.sh ; sudo python /range/nbfm_140100_5w_s01_0112.py ; /range/relay1off.sh

2021-04-15 11:17:40,397 - Thu Apr 15 11:17:40 2021 - All jobs removed.
2021-04-15 11:17:43,202 - Thu Apr 15 11:17:43 2021 - Job Successfully added.
2021-04-15 11:17:44,982 - Thu Apr 15 11:17:44 2021 - DRED1 Jobs
#93WZ3ZYJQB
12 12 * * * /range/relay1on.sh ; sudo python /range/nbfm_140100_5w_s01_0112.py ; /range/relay1off.sh

2021-04-15 11:17:48,969 - Thu Apr 15 11:17:48 2021 - All jobs removed.
2021-04-15 11:17:51,644 - Thu Apr 15 11:17:51 2021 - Job Successfully added.
2021-04-15 11:17:53,382 - Thu Apr 15 11:17:53 2021 - DRED1 Jobs
#9SFIN1HEGL
12 12 * * * /range/relay1on.sh ; sudo python /range/nbfm_140100_5w_s01_0112.py ; /range/relay1off.sh

2021-04-15 11:17:54,767 - Thu Apr 15 11:17:54 2021 - All jobs removed.
2021-04-15 11:17:57,683 - Thu Apr 15 11:17:57 2021 - Job Successfully added.
2021-04-15 11:17:59,381 - Thu Apr 15 11:17:59 2021 - DRED1 Jobs
#8R65KSMKRU
12 12 * * * /range/relay1on.sh ; sudo python /range/nbfm_140100_5w_s01_0112.py ; /range/relay1off.sh

2021-04-15 11:18:03,691 - Thu Apr 15 11:18:03 2021 - All jobs removed.
2021-04-15 11:18:06,518 - Thu Apr 15 11:18:06 2021 - Job Successfully added.
2021-04-15 11:18:08,347 - Thu Apr 15 11:18:08 2021 - DRED1 Jobs
#F4RUVS5ZL0
12 12 * * * /range/relay1on.sh ; sudo python /range/nbfm_140100_5w_s01_0112.py ; /range/relay1off.sh

2021-04-15 11:18:21,368 - Thu Apr 15 11:18:21 2021 - Job F4RUVS5ZL0 removed.
2021-04-15 11:18:44,094 - Thu Apr 15 11:18:44 2021 - No jobs found.
2021-04-15 11:18:47,349 - Thu Apr 15 11:18:47 2021 - Job Successfully added.
2021-04-15 11:18:49,625 - Thu Apr 15 11:18:49 2021 - Job Successfully added.
2021-04-15 11:18:51,370 - Thu Apr 15 11:18:51 2021 - DRED1 Jobs
#P3LMFCQDDY
12 12 * * * /range/relay1on.sh ; sudo python /range/nbfm_140100_5w_s01_0112.py ; /range/relay1off.sh
#4LPCVU9CKC
12 12 * * * /range/relay1on.sh ; sudo python /range/nbfm_140100_5w_s01_0112.py ; /range/relay1off.sh

2021-04-15 11:18:55,530 - Thu Apr 15 11:18:55 2021 - Job Successfully added.
2021-04-15 11:18:56,761 - Thu Apr 15 11:18:56 2021 - All jobs removed.
2021-04-15 11:18:58,893 - Thu Apr 15 11:18:58 2021 - No jobs found.
2021-04-15 11:19:01,592 - Thu Apr 15 11:19:01 2021 - Job Successfully added.
2021-04-15 11:19:03,932 - Thu Apr 15 11:19:03 2021 - Job Successfully added.
2021-04-15 11:19:06,360 - Thu Apr 15 11:19:06 2021 - Job Successfully added.
2021-04-15 11:19:08,820 - Thu Apr 15 11:19:08 2021 - Job Successfully added.
2021-04-15 11:19:12,556 - Thu Apr 15 11:19:12 2021 - DRED1 Jobs
#QVPD8PXHZP
12 12 * * * /range/relay1on.sh ; sudo python /range/nbfm_140100_5w_s01_0112.py ; /range/relay1off.sh
#DDMGLJYCN7
12 12 * * * /range/relay1on.sh ; sudo python /range/nbfm_140100_5w_s01_0112.py ; /range/relay1off.sh
#TNS5FJJTTK
12 12 * * * /range/relay1on.sh ; sudo python /range/nbfm_140100_5w_s01_0112.py ; /range/relay1off.sh
#ZQGWR03IWO
12 12 * * * /range/relay1on.sh ; sudo python /range/nbfm_140100_5w_s01_0112.py ; /range/relay1off.sh

2021-04-15 11:19:24,221 - Thu Apr 15 11:19:24 2021 - Job DDMGLJYCN7 removed.
2021-04-15 11:19:27,841 - Thu Apr 15 11:19:27 2021 - DRED1 Jobs
#QVPD8PXHZP
12 12 * * * /range/relay1on.sh ; sudo python /range/nbfm_140100_5w_s01_0112.py ; /range/relay1off.sh
#TNS5FJJTTK
12 12 * * * /range/relay1on.sh ; sudo python /range/nbfm_140100_5w_s01_0112.py ; /range/relay1off.sh
#ZQGWR03IWO
12 12 * * * /range/relay1on.sh ; sudo python /range/nbfm_140100_5w_s01_0112.py ; /range/relay1off.sh

2021-04-15 11:20:25,569 - Thu Apr 15 11:20:25 2021 - Job Successfully added.
2021-04-15 11:20:27,314 - Thu Apr 15 11:20:27 2021 - DRED1 Jobs
#QVPD8PXHZP
12 12 * * * /range/relay1on.sh ; sudo python /range/nbfm_140100_5w_s01_0112.py ; /range/relay1off.sh
#TNS5FJJTTK
12 12 * * * /range/relay1on.sh ; sudo python /range/nbfm_140100_5w_s01_0112.py ; /range/relay1off.sh
#ZQGWR03IWO
12 12 * * * /range/relay1on.sh ; sudo python /range/nbfm_140100_5w_s01_0112.py ; /range/relay1off.sh
#0T01FQR9ML
12 12 * * * /range/relay1on.sh ; sudo python /range/nbfm_140100_5w_s01_0112.py ; /range/relay1off.sh

2021-04-15 11:20:28,951 - Thu Apr 15 11:20:28 2021 - All jobs removed.
2021-04-15 11:22:06,673 - Thu Apr 15 11:22:06 2021 - Playing first sound in queue.
2021-04-15 11:22:31,226 - Thu Apr 15 11:22:31 2021 - Playing next sound in queue
2021-04-15 11:22:52,536 - Thu Apr 15 11:22:52 2021 - Playing next sound in queue
2021-04-15 11:23:13,815 - Thu Apr 15 11:23:13 2021 - Playing next sound in queue
2021-04-15 11:23:35,364 - Thu Apr 15 11:23:35 2021 - Playing next sound in queue
2021-04-15 11:23:56,756 - Thu Apr 15 11:23:56 2021 - Playing next sound in queue
2021-04-15 11:27:54,079 - Thu Apr 15 11:27:54 2021 - Job Successfully added.
2021-04-15 11:27:56,017 - Thu Apr 15 11:27:56 2021 - Job Successfully added.
2021-04-15 11:27:58,072 - Thu Apr 15 11:27:58 2021 - Job Successfully added.
2021-04-15 11:28:08,144 - Thu Apr 15 11:28:08 2021 - DRED1 Jobs
#Z0SZACX3FP
12 12 * * * /range/relay1on.sh ; sudo python /range/nbfm_140100_5w_testsound_0016.py ; /range/relay1off.sh
#MH87U0N80E
15 13 * * * /range/relay1on.sh ; sudo python /range/nbfm_140100_5w_testsound_0016.py ; /range/relay1off.sh
#XSEV01B902
30 14 * * * /range/relay1on.sh ; sudo python /range/nbfm_140100_5w_testsound_0016.py ; /range/relay1off.sh

2021-04-15 11:28:14,236 - Thu Apr 15 11:28:14 2021 - All jobs removed.
2021-04-15 11:28:17,216 - Thu Apr 15 11:28:17 2021 - Job Successfully added.
2021-04-15 11:28:19,172 - Thu Apr 15 11:28:19 2021 - Job Successfully added.
2021-04-15 11:28:21,054 - Thu Apr 15 11:28:21 2021 - Job Successfully added.
2021-04-15 11:28:25,770 - Thu Apr 15 11:28:25 2021 - DRED1 Jobs
#7UUNANVYTK
12 12 * * * /range/relay1on.sh ; sudo python /range/nbfm_140100_5w_testsound_0016.py ; /range/relay1off.sh
#3JTDG3MT28
15 13 * * * /range/relay1on.sh ; sudo python /range/nbfm_140100_5w_testsound_0016.py ; /range/relay1off.sh
#6FS3N2GAYX
30 14 * * * /range/relay1on.sh ; sudo python /range/nbfm_140100_5w_testsound_0016.py ; /range/relay1off.sh

2021-04-15 11:28:52,194 - Thu Apr 15 11:28:52 2021 - All jobs removed.
2021-04-26 09:08:04,655 - Mon Apr 26 09:08:04 2021 - Scanning for devices. Please wait...
2021-04-26 09:08:04,655 - Mon Apr 26 09:08:04 2021 - Scanning: ['DRED1']
2021-04-26 09:08:07,741 - Mon Apr 26 09:08:07 2021 - Missing:  ['DRED1']
2021-04-26 09:08:07,741 - Mon Apr 26 09:08:07 2021 - Found:    []
2021-04-26 09:08:07,741 - Mon Apr 26 09:08:07 2021 - No DREDs loaded. Check Power and Wifi connections...
2021-04-26 09:09:00,723 - Mon Apr 26 09:09:00 2021 - Scanning for devices. Please wait...
2021-04-26 09:09:00,723 - Mon Apr 26 09:09:00 2021 - Scanning: ['DRED1']
2021-04-26 09:09:00,817 - Mon Apr 26 09:09:00 2021 - Missing:  []
2021-04-26 09:09:00,817 - Mon Apr 26 09:09:00 2021 - Found:    ['DRED1']
2021-04-26 09:09:00,817 - Mon Apr 26 09:09:00 2021 - Select Device to operate with the drop down above...
2021-04-26 09:10:17,262 - Mon Apr 26 09:10:17 2021 - Scanning for devices. Please wait...
2021-04-26 09:10:17,262 - Mon Apr 26 09:10:17 2021 - Scanning: ['DRED1']
2021-04-26 09:10:17,371 - Mon Apr 26 09:10:17 2021 - Missing:  []
2021-04-26 09:10:17,371 - Mon Apr 26 09:10:17 2021 - Found:    ['DRED1']
2021-04-26 09:10:17,371 - Mon Apr 26 09:10:17 2021 - Select Device to operate with the drop down above...
2021-04-26 09:11:05,581 - Mon Apr 26 09:11:05 2021 - Scanning for devices. Please wait...
2021-04-26 09:11:05,581 - Mon Apr 26 09:11:05 2021 - Scanning: ['DRED1']
2021-04-26 09:11:05,690 - Mon Apr 26 09:11:05 2021 - Missing:  []
2021-04-26 09:11:05,690 - Mon Apr 26 09:11:05 2021 - Found:    ['DRED1']
2021-04-26 09:11:05,690 - Mon Apr 26 09:11:05 2021 - Select Device to operate with the drop down above...
2021-04-26 09:11:12,778 - Mon Apr 26 09:11:12 2021 - Wed 29 Jul 2020 03:19:39 AM BST

2021-04-26 09:11:15,594 - Mon Apr 26 09:11:15 2021 - Wed 29 Jul 2020 03:19:42 AM BST

2021-04-26 09:11:20,587 - Mon Apr 26 09:11:20 2021 - Wed 29 Jul 2020 03:19:47 AM BST

2021-04-26 09:15:02,204 - Mon Apr 26 09:15:02 2021 - Wed 29 Jul 2020 02:23:29 AM UTC

2021-04-26 09:15:48,404 - Mon Apr 26 09:15:48 2021 - No jobs found.
2021-04-26 09:16:26,865 - Mon Apr 26 09:16:26 2021 - Wed 29 Jul 2020 02:24:53 AM UTC

2021-04-26 09:17:23,823 - Mon Apr 26 09:17:23 2021 - Scanning for devices. Please wait...
2021-04-26 09:17:23,823 - Mon Apr 26 09:17:23 2021 - Scanning: ['DRED1']
2021-04-26 09:17:23,901 - Mon Apr 26 09:17:23 2021 - Missing:  []
2021-04-26 09:17:23,901 - Mon Apr 26 09:17:23 2021 - Found:    ['DRED1']
2021-04-26 09:17:23,901 - Mon Apr 26 09:17:23 2021 - Select Device to operate with the drop down above...
2021-04-26 09:18:19,803 - Mon Apr 26 09:18:19 2021 - Please wait...
2021-04-26 09:18:44,497 - Mon Apr 26 09:18:44 2021 - Sound played successfully.
2021-04-26 09:19:33,406 - Mon Apr 26 09:19:33 2021 - Job Successfully added.
2021-04-26 09:19:35,263 - Mon Apr 26 09:19:35 2021 - DRED1 Jobs
#8O2GU74KUB
15 12 * * * /range/relay1on.sh ; sudo python /range/nbfm_140100_5w_testsound_0016.py ; /range/relay1off.sh

2021-04-26 09:19:44,270 - Mon Apr 26 09:19:44 2021 - Job 8O2GU74KUB removed.
2021-04-26 09:19:45,161 - Mon Apr 26 09:19:45 2021 - No jobs found.
2021-04-26 09:20:23,224 - Mon Apr 26 09:20:23 2021 - Wed 29 Jul 2020 02:28:50 AM UTC

2021-04-26 09:22:35,901 - Mon Apr 26 09:22:35 2021 - Job Successfully added.
2021-04-26 09:22:37,709 - Mon Apr 26 09:22:37 2021 - Job Successfully added.
2021-04-26 09:22:39,626 - Mon Apr 26 09:22:39 2021 - Job Successfully added.
2021-04-26 09:22:42,797 - Mon Apr 26 09:22:42 2021 - DRED1 Jobs
#GOGONVG4CT
15 12 * * * /range/relay1on.sh ; sudo python /range/nbfm_140100_5w_testsound_0016.py ; /range/relay1off.sh
#I9JAE0VH3O
00 15 * * * /range/relay1on.sh ; sudo python /range/nbfm_140100_5w_testsound_0016.py ; /range/relay1off.sh
#6SU9V46GUU
30 18 * * * /range/relay1on.sh ; sudo python /range/nbfm_140100_5w_testsound_0016.py ; /range/relay1off.sh

2021-04-26 09:23:30,589 - Mon Apr 26 09:23:30 2021 - DRED1 Jobs
#GOGONVG4CT
15 12 * * * /range/relay1on.sh ; sudo python /range/nbfm_140100_5w_testsound_0016.py ; /range/relay1off.sh
#I9JAE0VH3O
00 15 * * * /range/relay1on.sh ; sudo python /range/nbfm_140100_5w_testsound_0016.py ; /range/relay1off.sh
#6SU9V46GUU
30 18 * * * /range/relay1on.sh ; sudo python /range/nbfm_140100_5w_testsound_0016.py ; /range/relay1off.sh

2021-04-26 09:25:36,252 - Mon Apr 26 09:25:36 2021 - Wed 29 Jul 2020 02:34:03 AM UTC

2021-04-26 09:37:39,628 - Mon Apr 26 09:37:39 2021 - Scanning for devices. Please wait...
2021-04-26 09:37:39,628 - Mon Apr 26 09:37:39 2021 - Scanning: ['DRED1']
2021-04-26 09:37:39,744 - Mon Apr 26 09:37:39 2021 - Missing:  []
2021-04-26 09:37:39,744 - Mon Apr 26 09:37:39 2021 - Found:    ['DRED1']
2021-04-26 09:37:39,744 - Mon Apr 26 09:37:39 2021 - Select Device to operate with the drop down above...
2021-04-26 09:37:50,097 - Mon Apr 26 09:37:50 2021 - Wed 29 Jul 2020 02:46:16 AM UTC

2021-04-26 09:39:05,786 - Mon Apr 26 09:39:05 2021 - Wed 29 Jul 2020 02:47:32 AM UTC

2021-04-26 09:39:10,820 - Mon Apr 26 09:39:10 2021 - Wed 29 Jul 2020 02:47:37 AM UTC

2021-04-26 09:45:45,327 - Mon Apr 26 09:45:45 2021 - Scanning for devices. Please wait...
2021-04-26 09:45:45,327 - Mon Apr 26 09:45:45 2021 - Scanning: ['DRED1']
2021-04-26 09:45:45,461 - Mon Apr 26 09:45:45 2021 - Missing:  []
2021-04-26 09:45:45,461 - Mon Apr 26 09:45:45 2021 - Found:    ['DRED1']
2021-04-26 09:45:45,461 - Mon Apr 26 09:45:45 2021 - Select Device to operate with the drop down above...
2021-04-26 09:49:39,540 - Mon Apr 26 09:49:39 2021 - Scanning for devices. Please wait...
2021-04-26 09:49:39,540 - Mon Apr 26 09:49:39 2021 - Scanning: ['DRED1']
2021-04-26 09:49:39,679 - Mon Apr 26 09:49:39 2021 - Missing:  []
2021-04-26 09:49:39,679 - Mon Apr 26 09:49:39 2021 - Found:    ['DRED1']
2021-04-26 09:49:39,679 - Mon Apr 26 09:49:39 2021 - Select Device to operate with the drop down above...
2021-04-26 09:50:02,501 - Mon Apr 26 09:50:02 2021 - ssh: connect to host 0.0.0.0 port 22: Unknown error

2021-04-26 09:50:10,605 - Mon Apr 26 09:50:10 2021 - Wed 29 Jul 2020 02:58:37 AM UTC

2021-04-26 09:58:13,199 - Mon Apr 26 09:58:13 2021 - Scanning for devices. Please wait...
2021-04-26 09:58:13,214 - Mon Apr 26 09:58:13 2021 - Scanning: ['DRED1']
2021-04-26 09:58:13,315 - Mon Apr 26 09:58:13 2021 - Missing:  []
2021-04-26 09:58:13,315 - Mon Apr 26 09:58:13 2021 - Found:    ['DRED1']
2021-04-26 09:58:13,315 - Mon Apr 26 09:58:13 2021 - Select Device to operate with the drop down above...
2021-04-26 10:04:33,863 - Mon Apr 26 10:04:33 2021 - Scanning for devices. Please wait...
2021-04-26 10:04:33,878 - Mon Apr 26 10:04:33 2021 - Scanning: ['DRED1']
2021-04-26 10:04:33,972 - Mon Apr 26 10:04:33 2021 - Missing:  []
2021-04-26 10:04:33,972 - Mon Apr 26 10:04:33 2021 - Found:    ['DRED1']
2021-04-26 10:04:33,972 - Mon Apr 26 10:04:33 2021 - Select Device to operate with the drop down above...
2021-04-26 10:04:41,455 - Mon Apr 26 10:04:41 2021 - ssh: connect to host 0.0.0.0 port 22: Unknown error

2021-04-26 10:04:47,790 - Mon Apr 26 10:04:47 2021 - Wed 29 Jul 2020 03:13:14 AM UTC

2021-04-26 10:04:48,204 - Mon Apr 26 10:04:48 2021 - Wed 29 Jul 2020 03:13:15 AM UTC

2021-04-26 10:04:48,698 - Mon Apr 26 10:04:48 2021 - Wed 29 Jul 2020 03:13:15 AM UTC

2021-04-26 10:08:34,462 - Mon Apr 26 10:08:34 2021 - Scanning for devices. Please wait...
2021-04-26 10:08:34,477 - Mon Apr 26 10:08:34 2021 - Scanning: ['DRED1']
2021-04-26 10:08:34,571 - Mon Apr 26 10:08:34 2021 - Missing:  []
2021-04-26 10:08:34,571 - Mon Apr 26 10:08:34 2021 - Found:    ['DRED1']
2021-04-26 10:08:34,571 - Mon Apr 26 10:08:34 2021 - Select Device to operate with the drop down above...
2021-04-26 10:08:51,376 - Mon Apr 26 10:08:51 2021 - Scanning for devices. Please wait...
2021-04-26 10:08:51,376 - Mon Apr 26 10:08:51 2021 - Scanning: ['DRED1']
2021-04-26 10:08:51,500 - Mon Apr 26 10:08:51 2021 - Missing:  []
2021-04-26 10:08:51,500 - Mon Apr 26 10:08:51 2021 - Found:    ['DRED1']
2021-04-26 10:08:51,500 - Mon Apr 26 10:08:51 2021 - Select Device to operate with the drop down above...
2021-04-26 10:09:18,533 - Mon Apr 26 10:09:18 2021 - Scanning for devices. Please wait...
2021-04-26 10:09:18,533 - Mon Apr 26 10:09:18 2021 - Scanning: ['DRED1']
2021-04-26 10:09:18,642 - Mon Apr 26 10:09:18 2021 - Missing:  []
2021-04-26 10:09:18,642 - Mon Apr 26 10:09:18 2021 - Found:    ['DRED1']
2021-04-26 10:09:18,642 - Mon Apr 26 10:09:18 2021 - Select Device to operate with the drop down above...
2021-04-26 10:17:41,691 - Mon Apr 26 10:17:41 2021 - Scanning for devices. Please wait...
2021-04-26 10:17:41,691 - Mon Apr 26 10:17:41 2021 - Scanning: ['DRED1']
2021-04-26 10:17:41,816 - Mon Apr 26 10:17:41 2021 - Missing:  []
2021-04-26 10:17:41,816 - Mon Apr 26 10:17:41 2021 - Found:    ['DRED1']
2021-04-26 10:17:41,816 - Mon Apr 26 10:17:41 2021 - Select Device to operate with the drop down above...
2021-04-26 10:17:54,242 - Mon Apr 26 10:17:54 2021 - Scanning for devices. Please wait...
2021-04-26 10:17:54,257 - Mon Apr 26 10:17:54 2021 - Scanning: ['DRED1']
2021-04-26 10:17:54,397 - Mon Apr 26 10:17:54 2021 - Missing:  []
2021-04-26 10:17:54,397 - Mon Apr 26 10:17:54 2021 - Found:    ['DRED1']
2021-04-26 10:17:54,397 - Mon Apr 26 10:17:54 2021 - Select Device to operate with the drop down above...
2021-04-26 10:17:59,486 - Mon Apr 26 10:17:59 2021 - Wed 29 Jul 2020 03:26:26 AM UTC

2021-04-26 10:18:00,955 - Mon Apr 26 10:18:00 2021 - Wed 29 Jul 2020 03:26:27 AM UTC

2021-04-26 10:18:02,279 - Mon Apr 26 10:18:02 2021 - Wed 29 Jul 2020 03:26:29 AM UTC

2021-04-26 10:18:03,587 - Mon Apr 26 10:18:03 2021 - Wed 29 Jul 2020 03:26:30 AM UTC

2021-04-26 10:18:06,327 - Mon Apr 26 10:18:06 2021 - Wed 29 Jul 2020 03:26:33 AM UTC

2021-04-26 10:18:38,124 - Mon Apr 26 10:18:38 2021 - Scanning for devices. Please wait...
2021-04-26 10:18:38,124 - Mon Apr 26 10:18:38 2021 - Scanning: ['DRED1']
2021-04-26 10:18:38,220 - Mon Apr 26 10:18:38 2021 - Missing:  []
2021-04-26 10:18:38,220 - Mon Apr 26 10:18:38 2021 - Found:    ['DRED1']
2021-04-26 10:18:38,220 - Mon Apr 26 10:18:38 2021 - Select Device to operate with the drop down above...
2021-04-26 10:18:41,773 - Mon Apr 26 10:18:41 2021 - Wed 29 Jul 2020 03:27:08 AM UTC

2021-04-26 10:18:44,563 - Mon Apr 26 10:18:44 2021 - Wed 29 Jul 2020 03:27:11 AM UTC

2021-04-26 10:18:46,212 - Mon Apr 26 10:18:46 2021 - Wed 29 Jul 2020 03:27:12 AM UTC

2021-04-26 10:19:23,965 - Mon Apr 26 10:19:23 2021 - Scanning for devices. Please wait...
2021-04-26 10:19:23,965 - Mon Apr 26 10:19:23 2021 - Scanning: ['DRED1']
2021-04-26 10:19:24,074 - Mon Apr 26 10:19:24 2021 - Missing:  []
2021-04-26 10:19:24,074 - Mon Apr 26 10:19:24 2021 - Found:    ['DRED1']
2021-04-26 10:19:24,074 - Mon Apr 26 10:19:24 2021 - Select Device to operate with the drop down above...
2021-04-26 10:19:28,541 - Mon Apr 26 10:19:28 2021 - Wed 29 Jul 2020 03:27:55 AM UTC

2021-04-26 10:19:41,523 - Mon Apr 26 10:19:41 2021 - Scanning for devices. Please wait...
2021-04-26 10:19:41,523 - Mon Apr 26 10:19:41 2021 - Scanning: ['DRED1']
2021-04-26 10:19:41,648 - Mon Apr 26 10:19:41 2021 - Missing:  []
2021-04-26 10:19:41,648 - Mon Apr 26 10:19:41 2021 - Found:    ['DRED1']
2021-04-26 10:19:41,648 - Mon Apr 26 10:19:41 2021 - Select Device to operate with the drop down above...
2021-04-26 10:19:45,018 - Mon Apr 26 10:19:45 2021 - Wed 29 Jul 2020 03:28:11 AM UTC

2021-04-26 10:19:48,395 - Mon Apr 26 10:19:48 2021 - Wed 29 Jul 2020 03:28:15 AM UTC

2021-04-26 10:19:49,618 - Mon Apr 26 10:19:49 2021 - Wed 29 Jul 2020 03:28:16 AM UTC

2021-04-26 10:21:00,152 - Mon Apr 26 10:21:00 2021 - Scanning for devices. Please wait...
2021-04-26 10:21:00,152 - Mon Apr 26 10:21:00 2021 - Scanning: ['DRED1']
2021-04-26 10:21:00,277 - Mon Apr 26 10:21:00 2021 - Missing:  []
2021-04-26 10:21:00,277 - Mon Apr 26 10:21:00 2021 - Found:    ['DRED1']
2021-04-26 10:21:00,277 - Mon Apr 26 10:21:00 2021 - Select Device to operate with the drop down above...
2021-04-26 10:21:04,781 - Mon Apr 26 10:21:04 2021 - Wed 29 Jul 2020 03:29:31 AM UTC

2021-04-26 10:24:05,678 - Mon Apr 26 10:24:05 2021 - Scanning for devices. Please wait...
2021-04-26 10:24:05,678 - Mon Apr 26 10:24:05 2021 - Scanning: ['DRED1']
2021-04-26 10:24:05,787 - Mon Apr 26 10:24:05 2021 - Missing:  []
2021-04-26 10:24:05,787 - Mon Apr 26 10:24:05 2021 - Found:    ['DRED1']
2021-04-26 10:24:05,787 - Mon Apr 26 10:24:05 2021 - Select Device to operate with the drop down above...
2021-04-26 10:24:53,047 - Mon Apr 26 10:24:53 2021 - Scanning for devices. Please wait...
2021-04-26 10:24:53,047 - Mon Apr 26 10:24:53 2021 - Scanning: ['DRED1']
2021-04-26 10:24:53,203 - Mon Apr 26 10:24:53 2021 - Missing:  []
2021-04-26 10:24:53,203 - Mon Apr 26 10:24:53 2021 - Found:    ['DRED1']
2021-04-26 10:24:53,203 - Mon Apr 26 10:24:53 2021 - Select Device to operate with the drop down above...
2021-04-26 10:24:56,319 - Mon Apr 26 10:24:56 2021 - Scanning for devices. Please wait...
2021-04-26 10:24:56,319 - Mon Apr 26 10:24:56 2021 - Scanning: ['DRED1']
2021-04-26 10:24:56,397 - Mon Apr 26 10:24:56 2021 - Missing:  []
2021-04-26 10:24:56,397 - Mon Apr 26 10:24:56 2021 - Found:    ['DRED1']
2021-04-26 10:24:56,397 - Mon Apr 26 10:24:56 2021 - Select Device to operate with the drop down above...
2021-04-26 10:24:58,050 - Mon Apr 26 10:24:58 2021 - ssh: connect to host 0.0.0.0 port 22: Unknown error

2021-04-26 10:25:01,600 - Mon Apr 26 10:25:01 2021 - Wed 29 Jul 2020 03:33:28 AM UTC

2021-04-26 10:25:04,295 - Mon Apr 26 10:25:04 2021 - Wed 29 Jul 2020 03:33:31 AM UTC

2021-04-26 10:25:06,411 - Mon Apr 26 10:25:06 2021 - Wed 29 Jul 2020 03:33:33 AM UTC

2021-04-26 10:25:10,108 - Mon Apr 26 10:25:10 2021 - Wed 29 Jul 2020 03:33:36 AM UTC

2021-04-26 10:25:59,190 - Mon Apr 26 10:25:59 2021 - Scanning for devices. Please wait...
2021-04-26 10:25:59,190 - Mon Apr 26 10:25:59 2021 - Scanning: ['DRED1']
2021-04-26 10:25:59,298 - Mon Apr 26 10:25:59 2021 - Missing:  []
2021-04-26 10:25:59,298 - Mon Apr 26 10:25:59 2021 - Found:    ['DRED1']
2021-04-26 10:25:59,298 - Mon Apr 26 10:25:59 2021 - Select Device to operate with the drop down above...
2021-04-26 10:26:03,102 - Mon Apr 26 10:26:03 2021 - Wed 29 Jul 2020 03:34:29 AM UTC

2021-04-26 10:26:04,472 - Mon Apr 26 10:26:04 2021 - Wed 29 Jul 2020 03:34:31 AM UTC

2021-04-26 10:26:32,735 - Mon Apr 26 10:26:32 2021 - Missing:  []
2021-04-26 10:26:32,735 - Mon Apr 26 10:26:32 2021 - Found:    ['DRED1']
2021-04-26 10:26:32,751 - Mon Apr 26 10:26:32 2021 - Select Device to operate with the drop down above...
2021-04-26 10:26:36,558 - Mon Apr 26 10:26:36 2021 - bash: -c: line 0: syntax error near unexpected token `;'
bash: -c: line 0: `date & ; exit ; exit'

2021-04-26 10:26:40,414 - Mon Apr 26 10:26:40 2021 - bash: -c: line 0: syntax error near unexpected token `;'
bash: -c: line 0: `date & ; exit ; exit'

2021-04-26 10:26:47,761 - Mon Apr 26 10:26:47 2021 - bash: -c: line 0: syntax error near unexpected token `;'
bash: -c: line 0: `date & ; exit ; exit'

2021-04-26 10:26:49,058 - Mon Apr 26 10:26:49 2021 - bash: -c: line 0: syntax error near unexpected token `;'
bash: -c: line 0: `date & ; exit ; exit'

2021-04-26 10:26:50,096 - Mon Apr 26 10:26:50 2021 - bash: -c: line 0: syntax error near unexpected token `;'
bash: -c: line 0: `date & ; exit ; exit'

2021-04-26 10:26:51,117 - Mon Apr 26 10:26:51 2021 - bash: -c: line 0: syntax error near unexpected token `;'
bash: -c: line 0: `date & ; exit ; exit'

2021-04-26 10:29:23,743 - Mon Apr 26 10:29:23 2021 - Scanning for devices. Please wait...
2021-04-26 10:29:23,743 - Mon Apr 26 10:29:23 2021 - Scanning: ['DRED1']
2021-04-26 10:29:23,837 - Mon Apr 26 10:29:23 2021 - Missing:  []
2021-04-26 10:29:23,837 - Mon Apr 26 10:29:23 2021 - Found:    ['DRED1']
2021-04-26 10:29:23,837 - Mon Apr 26 10:29:23 2021 - Select Device to operate with the drop down above...
2021-04-26 10:29:47,852 - Mon Apr 26 10:29:47 2021 - Scanning for devices. Please wait...
2021-04-26 10:29:47,867 - Mon Apr 26 10:29:47 2021 - Scanning: ['DRED1']
2021-04-26 10:29:47,961 - Mon Apr 26 10:29:47 2021 - Missing:  []
2021-04-26 10:29:47,961 - Mon Apr 26 10:29:47 2021 - Found:    ['DRED1']
2021-04-26 10:29:47,961 - Mon Apr 26 10:29:47 2021 - Select Device to operate with the drop down above...
2021-04-26 10:29:50,471 - Mon Apr 26 10:29:50 2021 - Wed 29 Jul 2020 03:38:17 AM UTC

2021-04-26 10:31:45,891 - Mon Apr 26 10:31:45 2021 - Scanning for devices. Please wait...
2021-04-26 10:31:45,891 - Mon Apr 26 10:31:45 2021 - Scanning: ['DRED1']
2021-04-26 10:31:46,016 - Mon Apr 26 10:31:46 2021 - Missing:  []
2021-04-26 10:31:46,016 - Mon Apr 26 10:31:46 2021 - Found:    ['DRED1']
2021-04-26 10:31:46,016 - Mon Apr 26 10:31:46 2021 - Select Device to operate with the drop down above...
2021-04-26 10:31:51,118 - Mon Apr 26 10:31:51 2021 - Wed 29 Jul 2020 03:40:17 AM UTC

2021-04-26 10:34:55,012 - Mon Apr 26 10:34:55 2021 - Scanning for devices. Please wait...
2021-04-26 10:34:55,012 - Mon Apr 26 10:34:55 2021 - Scanning: ['DRED1']
2021-04-26 10:34:55,121 - Mon Apr 26 10:34:55 2021 - Missing:  []
2021-04-26 10:34:55,121 - Mon Apr 26 10:34:55 2021 - Found:    ['DRED1']
2021-04-26 10:34:55,121 - Mon Apr 26 10:34:55 2021 - Select Device to operate with the drop down above...
2021-04-26 10:34:57,668 - Mon Apr 26 10:34:57 2021 - Wed 29 Jul 2020 03:19:05 AM UTC

2021-04-26 10:34:59,427 - Mon Apr 26 10:34:59 2021 - Wed 29 Jul 2020 03:19:07 AM UTC

2021-04-26 10:35:00,819 - Mon Apr 26 10:35:00 2021 - Wed 29 Jul 2020 03:19:08 AM UTC

2021-04-26 10:35:02,021 - Mon Apr 26 10:35:02 2021 - Wed 29 Jul 2020 03:19:09 AM UTC

2021-04-26 10:35:03,831 - Mon Apr 26 10:35:03 2021 - Wed 29 Jul 2020 03:19:11 AM UTC

2021-04-26 10:35:06,447 - Mon Apr 26 10:35:06 2021 - Wed 29 Jul 2020 03:19:14 AM UTC

2021-04-26 10:35:08,312 - Mon Apr 26 10:35:08 2021 - Wed 29 Jul 2020 03:19:16 AM UTC

2021-04-26 10:35:09,833 - Mon Apr 26 10:35:09 2021 - Wed 29 Jul 2020 03:19:17 AM UTC

2021-04-26 10:35:11,814 - Mon Apr 26 10:35:11 2021 - Wed 29 Jul 2020 03:19:19 AM UTC

2021-04-26 10:35:13,354 - Mon Apr 26 10:35:13 2021 - Wed 29 Jul 2020 03:19:21 AM UTC

2021-04-26 10:35:14,927 - Mon Apr 26 10:35:14 2021 - Wed 29 Jul 2020 03:19:22 AM UTC

2021-04-26 10:35:17,063 - Mon Apr 26 10:35:17 2021 - Wed 29 Jul 2020 03:19:25 AM UTC

2021-04-26 10:35:18,807 - Mon Apr 26 10:35:18 2021 - Wed 29 Jul 2020 03:19:26 AM UTC

2021-04-26 10:35:20,031 - Mon Apr 26 10:35:20 2021 - Wed 29 Jul 2020 03:19:27 AM UTC

2021-04-26 10:35:21,447 - Mon Apr 26 10:35:21 2021 - Wed 29 Jul 2020 03:19:29 AM UTC

2021-04-26 10:35:22,802 - Mon Apr 26 10:35:22 2021 - Wed 29 Jul 2020 03:19:30 AM UTC

2021-04-26 10:35:24,212 - Mon Apr 26 10:35:24 2021 - Wed 29 Jul 2020 03:19:32 AM UTC

2021-04-26 10:35:34,079 - Mon Apr 26 10:35:34 2021 - Wed 29 Jul 2020 03:19:42 AM UTC

2021-04-26 10:35:38,318 - Mon Apr 26 10:35:38 2021 - Wed 29 Jul 2020 03:19:46 AM UTC

2021-04-26 10:35:44,485 - Mon Apr 26 10:35:44 2021 - Wed 29 Jul 2020 03:19:52 AM UTC

2021-04-26 10:35:45,798 - Mon Apr 26 10:35:45 2021 - Wed 29 Jul 2020 03:19:53 AM UTC

2021-04-26 10:35:50,074 - Mon Apr 26 10:35:50 2021 - Wed 29 Jul 2020 03:19:58 AM UTC

2021-04-26 10:36:01,969 - Mon Apr 26 10:36:01 2021 - Wed 29 Jul 2020 03:20:09 AM UTC

2021-04-26 10:36:04,710 - Mon Apr 26 10:36:04 2021 - Wed 29 Jul 2020 03:20:12 AM UTC

2021-04-26 10:36:06,617 - Mon Apr 26 10:36:06 2021 - Wed 29 Jul 2020 03:20:14 AM UTC

2021-04-26 10:36:07,913 - Mon Apr 26 10:36:07 2021 - Wed 29 Jul 2020 03:20:15 AM UTC

2021-04-26 10:36:09,213 - Mon Apr 26 10:36:09 2021 - Wed 29 Jul 2020 03:20:17 AM UTC

2021-04-26 10:36:10,523 - Mon Apr 26 10:36:10 2021 - Wed 29 Jul 2020 03:20:18 AM UTC

2021-04-26 10:36:11,815 - Mon Apr 26 10:36:11 2021 - Wed 29 Jul 2020 03:20:19 AM UTC

2021-04-26 10:36:12,997 - Mon Apr 26 10:36:13 2021 - Wed 29 Jul 2020 03:20:20 AM UTC

2021-04-26 10:37:17,979 - Mon Apr 26 10:37:17 2021 - Scanning for devices. Please wait...
2021-04-26 10:37:17,979 - Mon Apr 26 10:37:17 2021 - Scanning: ['DRED1']
2021-04-26 10:37:18,088 - Mon Apr 26 10:37:18 2021 - Missing:  []
2021-04-26 10:37:18,088 - Mon Apr 26 10:37:18 2021 - Found:    ['DRED1']
2021-04-26 10:37:18,088 - Mon Apr 26 10:37:18 2021 - Select Device to operate with the drop down above...
2021-04-26 10:37:26,352 - Mon Apr 26 10:37:26 2021 - Scanning for devices. Please wait...
2021-04-26 10:37:26,352 - Mon Apr 26 10:37:26 2021 - Scanning: ['DRED1']
2021-04-26 10:37:26,492 - Mon Apr 26 10:37:26 2021 - Missing:  []
2021-04-26 10:37:26,492 - Mon Apr 26 10:37:26 2021 - Found:    ['DRED1']
2021-04-26 10:37:26,492 - Mon Apr 26 10:37:26 2021 - Select Device to operate with the drop down above...
2021-04-26 10:37:37,376 - Mon Apr 26 10:37:37 2021 - DRED1 Jobs
#GOGONVG4CT
15 12 * * * /range/relay1on.sh ; sudo python /range/nbfm_140100_5w_testsound_0016.py ; /range/relay1off.sh
#I9JAE0VH3O
00 15 * * * /range/relay1on.sh ; sudo python /range/nbfm_140100_5w_testsound_0016.py ; /range/relay1off.sh
#6SU9V46GUU
30 18 * * * /range/relay1on.sh ; sudo python /range/nbfm_140100_5w_testsound_0016.py ; /range/relay1off.sh

2021-04-26 10:38:25,463 - Mon Apr 26 10:38:25 2021 - Scanning for devices. Please wait...
2021-04-26 10:38:25,463 - Mon Apr 26 10:38:25 2021 - Scanning: ['DRED1']
2021-04-26 10:38:25,557 - Mon Apr 26 10:38:25 2021 - Missing:  []
2021-04-26 10:38:25,557 - Mon Apr 26 10:38:25 2021 - Found:    ['DRED1']
2021-04-26 10:38:25,557 - Mon Apr 26 10:38:25 2021 - Select Device to operate with the drop down above...
2021-04-26 10:39:14,989 - Mon Apr 26 10:39:14 2021 - Scanning for devices. Please wait...
2021-04-26 10:39:14,989 - Mon Apr 26 10:39:14 2021 - Scanning: ['DRED1']
2021-04-26 10:39:15,067 - Mon Apr 26 10:39:15 2021 - Missing:  []
2021-04-26 10:39:15,067 - Mon Apr 26 10:39:15 2021 - Found:    ['DRED1']
2021-04-26 10:39:15,067 - Mon Apr 26 10:39:15 2021 - Select Device to operate with the drop down above...
2021-04-26 10:39:20,651 - Mon Apr 26 10:39:20 2021 - DRED1 Jobs
#GOGONVG4CT
15 12 * * * /range/relay1on.sh ; sudo python /range/nbfm_140100_5w_testsound_0016.py ; /range/relay1off.sh
#I9JAE0VH3O
00 15 * * * /range/relay1on.sh ; sudo python /range/nbfm_140100_5w_testsound_0016.py ; /range/relay1off.sh
#6SU9V46GUU
30 18 * * * /range/relay1on.sh ; sudo python /range/nbfm_140100_5w_testsound_0016.py ; /range/relay1off.sh

2021-04-26 10:39:21,571 - Mon Apr 26 10:39:21 2021 - DRED1 Jobs
#GOGONVG4CT
15 12 * * * /range/relay1on.sh ; sudo python /range/nbfm_140100_5w_testsound_0016.py ; /range/relay1off.sh
#I9JAE0VH3O
00 15 * * * /range/relay1on.sh ; sudo python /range/nbfm_140100_5w_testsound_0016.py ; /range/relay1off.sh
#6SU9V46GUU
30 18 * * * /range/relay1on.sh ; sudo python /range/nbfm_140100_5w_testsound_0016.py ; /range/relay1off.sh

2021-04-26 10:40:09,619 - Mon Apr 26 10:40:09 2021 - Scanning for devices. Please wait...
2021-04-26 10:40:09,619 - Mon Apr 26 10:40:09 2021 - Scanning: ['DRED1']
2021-04-26 10:40:09,697 - Mon Apr 26 10:40:09 2021 - Missing:  []
2021-04-26 10:40:09,697 - Mon Apr 26 10:40:09 2021 - Found:    ['DRED1']
2021-04-26 10:40:09,697 - Mon Apr 26 10:40:09 2021 - Select Device to operate with the drop down above...
2021-04-26 10:40:18,870 - Mon Apr 26 10:40:18 2021 - DRED1 Jobs
#GOGONVG4CT
15 12 * * * /range/relay1on.sh ; sudo python /range/nbfm_140100_5w_testsound_0016.py ; /range/relay1off.sh
#I9JAE0VH3O
00 15 * * * /range/relay1on.sh ; sudo python /range/nbfm_140100_5w_testsound_0016.py ; /range/relay1off.sh
#6SU9V46GUU
30 18 * * * /range/relay1on.sh ; sudo python /range/nbfm_140100_5w_testsound_0016.py ; /range/relay1off.sh

2021-04-26 10:40:48,361 - Mon Apr 26 10:40:48 2021 - Scanning for devices. Please wait...
2021-04-26 10:40:48,361 - Mon Apr 26 10:40:48 2021 - Scanning: ['DRED1']
2021-04-26 10:40:48,470 - Mon Apr 26 10:40:48 2021 - Missing:  []
2021-04-26 10:40:48,470 - Mon Apr 26 10:40:48 2021 - Found:    ['DRED1']
2021-04-26 10:40:48,470 - Mon Apr 26 10:40:48 2021 - Select Device to operate with the drop down above...
2021-04-26 10:42:19,383 - Mon Apr 26 10:42:19 2021 - Scanning for devices. Please wait...
2021-04-26 10:42:19,383 - Mon Apr 26 10:42:19 2021 - Scanning: ['DRED1']
2021-04-26 10:42:19,476 - Mon Apr 26 10:42:19 2021 - Missing:  []
2021-04-26 10:42:19,476 - Mon Apr 26 10:42:19 2021 - Found:    ['DRED1']
2021-04-26 10:42:19,476 - Mon Apr 26 10:42:19 2021 - Select Device to operate with the drop down above...
2021-04-26 10:42:36,537 - Mon Apr 26 10:42:36 2021 - Please wait...
2021-04-26 10:44:01,511 - Mon Apr 26 10:44:01 2021 - Scanning for devices. Please wait...
2021-04-26 10:44:01,511 - Mon Apr 26 10:44:01 2021 - Scanning: ['DRED1']
2021-04-26 10:44:01,620 - Mon Apr 26 10:44:01 2021 - Missing:  []
2021-04-26 10:44:01,620 - Mon Apr 26 10:44:01 2021 - Found:    ['DRED1']
2021-04-26 10:44:01,620 - Mon Apr 26 10:44:01 2021 - Select Device to operate with the drop down above...
2021-04-26 10:45:53,037 - Mon Apr 26 10:45:53 2021 - Scanning for devices. Please wait...
2021-04-26 10:45:53,037 - Mon Apr 26 10:45:53 2021 - Scanning: ['DRED1']
2021-04-26 10:45:53,147 - Mon Apr 26 10:45:53 2021 - Missing:  []
2021-04-26 10:45:53,147 - Mon Apr 26 10:45:53 2021 - Found:    ['DRED1']
2021-04-26 10:45:53,147 - Mon Apr 26 10:45:53 2021 - Select Device to operate with the drop down above...
2021-04-26 10:45:57,319 - Mon Apr 26 10:45:57 2021 - DRED1 Jobs
#GOGONVG4CT
15 12 * * * /range/relay1on.sh ; sudo python /range/nbfm_140100_5w_testsound_0016.py ; /range/relay1off.sh
#I9JAE0VH3O
00 15 * * * /range/relay1on.sh ; sudo python /range/nbfm_140100_5w_testsound_0016.py ; /range/relay1off.sh
#6SU9V46GUU
30 18 * * * /range/relay1on.sh ; sudo python /range/nbfm_140100_5w_testsound_0016.py ; /range/relay1off.sh

2021-04-26 10:46:18,641 - Mon Apr 26 10:46:18 2021 - Job 6SU9V46GUU removed.
2021-04-26 10:46:21,934 - Mon Apr 26 10:46:21 2021 - One or more fields are empty.
2021-04-26 10:46:24,414 - Mon Apr 26 10:46:24 2021 - All jobs removed.
2021-04-26 10:46:26,851 - Mon Apr 26 10:46:26 2021 - No jobs found.
2021-04-26 10:48:11,438 - Mon Apr 26 10:48:11 2021 - Scanning for devices. Please wait...
2021-04-26 10:48:11,438 - Mon Apr 26 10:48:11 2021 - Scanning: ['DRED1']
2021-04-26 10:48:11,594 - Mon Apr 26 10:48:11 2021 - Missing:  []
2021-04-26 10:48:11,594 - Mon Apr 26 10:48:11 2021 - Found:    ['DRED1']
2021-04-26 10:48:11,594 - Mon Apr 26 10:48:11 2021 - Select Device to operate with the drop down above...
2021-04-26 10:48:56,606 - Mon Apr 26 10:48:56 2021 - Scanning for devices. Please wait...
2021-04-26 10:48:56,606 - Mon Apr 26 10:48:56 2021 - Scanning: ['DRED1']
2021-04-26 10:48:56,731 - Mon Apr 26 10:48:56 2021 - Missing:  []
2021-04-26 10:48:56,731 - Mon Apr 26 10:48:56 2021 - Found:    ['DRED1']
2021-04-26 10:48:56,731 - Mon Apr 26 10:48:56 2021 - Select Device to operate with the drop down above...
2021-04-26 10:49:01,876 - Mon Apr 26 10:49:01 2021 - Wed 29 Jul 2020 03:33:09 AM UTC

2021-04-26 10:49:06,972 - Mon Apr 26 10:49:06 2021 - Wed 29 Jul 2020 03:33:14 AM UTC

2021-04-26 10:52:38,440 - Mon Apr 26 10:52:38 2021 - Scanning for devices. Please wait...
2021-04-26 10:52:38,440 - Mon Apr 26 10:52:38 2021 - Scanning: ['DRED1']
2021-04-26 10:52:38,549 - Mon Apr 26 10:52:38 2021 - Missing:  []
2021-04-26 10:52:38,549 - Mon Apr 26 10:52:38 2021 - Found:    ['DRED1']
2021-04-26 10:52:38,549 - Mon Apr 26 10:52:38 2021 - Select Device to operate with the drop down above...
2021-04-26 10:52:41,598 - Mon Apr 26 10:52:41 2021 - Please wait...
2021-04-26 10:55:20,242 - Mon Apr 26 10:55:20 2021 - Scanning for devices. Please wait...
2021-04-26 10:55:20,242 - Mon Apr 26 10:55:20 2021 - Scanning: ['DRED1']
2021-04-26 10:55:20,367 - Mon Apr 26 10:55:20 2021 - Missing:  []
2021-04-26 10:55:20,367 - Mon Apr 26 10:55:20 2021 - Found:    ['DRED1']
2021-04-26 10:55:20,367 - Mon Apr 26 10:55:20 2021 - Select Device to operate with the drop down above...
2021-04-26 10:55:21,935 - Mon Apr 26 10:55:21 2021 - Scanning for devices. Please wait...
2021-04-26 10:55:21,950 - Mon Apr 26 10:55:21 2021 - Scanning: ['DRED1']
2021-04-26 10:55:22,044 - Mon Apr 26 10:55:22 2021 - Missing:  []
2021-04-26 10:55:22,044 - Mon Apr 26 10:55:22 2021 - Found:    ['DRED1']
2021-04-26 10:55:22,044 - Mon Apr 26 10:55:22 2021 - Select Device to operate with the drop down above...
2021-04-26 10:55:23,766 - Mon Apr 26 10:55:23 2021 - ssh: connect to host 0.0.0.0 port 22: Unknown error

2021-04-26 10:55:24,658 - Mon Apr 26 10:55:24 2021 - Scanning for devices. Please wait...
2021-04-26 10:55:24,658 - Mon Apr 26 10:55:24 2021 - Scanning: ['DRED1']
2021-04-26 10:55:24,768 - Mon Apr 26 10:55:24 2021 - Missing:  []
2021-04-26 10:55:24,768 - Mon Apr 26 10:55:24 2021 - Found:    ['DRED1']
2021-04-26 10:55:24,768 - Mon Apr 26 10:55:24 2021 - Select Device to operate with the drop down above...
2021-04-26 10:55:26,170 - Mon Apr 26 10:55:26 2021 - Scanning for devices. Please wait...
2021-04-26 10:55:26,170 - Mon Apr 26 10:55:26 2021 - Scanning: ['DRED1']
2021-04-26 10:55:26,280 - Mon Apr 26 10:55:26 2021 - Missing:  []
2021-04-26 10:55:26,280 - Mon Apr 26 10:55:26 2021 - Found:    ['DRED1']
2021-04-26 10:55:26,280 - Mon Apr 26 10:55:26 2021 - Select Device to operate with the drop down above...
2021-04-26 11:01:36,383 - Mon Apr 26 11:01:36 2021 - Scanning for devices. Please wait...
2021-04-26 11:01:36,383 - Mon Apr 26 11:01:36 2021 - Scanning: ['DRED1']
2021-04-26 11:01:36,554 - Mon Apr 26 11:01:36 2021 - Missing:  []
2021-04-26 11:01:36,554 - Mon Apr 26 11:01:36 2021 - Found:    ['DRED1']
2021-04-26 11:01:36,554 - Mon Apr 26 11:01:36 2021 - Select Device to operate with the drop down above...
2021-04-26 11:03:50,191 - Mon Apr 26 11:03:50 2021 - Scanning for devices. Please wait...
2021-04-26 11:03:50,191 - Mon Apr 26 11:03:50 2021 - Scanning: ['DRED1']
2021-04-26 11:03:51,217 - Mon Apr 26 11:03:51 2021 - Missing:  []
2021-04-26 11:03:51,217 - Mon Apr 26 11:03:51 2021 - Found:    ['DRED1']
2021-04-26 11:03:51,217 - Mon Apr 26 11:03:51 2021 - Select Device to operate with the drop down above...
2021-04-26 11:08:48,501 - Mon Apr 26 11:08:48 2021 - Please wait...
2021-04-26 11:08:48,532 - Mon Apr 26 11:08:48 2021 - 

ssh: connect to host 0.0.0.0 port 22: Unknown error

2021-04-26 11:47:43,473 - Mon Apr 26 11:47:43 2021 - Scanning for devices. Please wait...
2021-04-26 11:47:43,473 - Mon Apr 26 11:47:43 2021 - Scanning: ['DRED1']
2021-04-26 11:47:43,598 - Mon Apr 26 11:47:43 2021 - Missing:  []
2021-04-26 11:47:43,598 - Mon Apr 26 11:47:43 2021 - Found:    ['DRED1']
2021-04-26 11:47:43,598 - Mon Apr 26 11:47:43 2021 - Select Device to operate with the drop down above...
2021-04-26 11:52:08,220 - Mon Apr 26 11:52:08 2021 - Scanning for devices. Please wait...
2021-04-26 11:52:08,220 - Mon Apr 26 11:52:08 2021 - Scanning: ['DRED1']
2021-04-26 11:52:08,329 - Mon Apr 26 11:52:08 2021 - Missing:  []
2021-04-26 11:52:08,329 - Mon Apr 26 11:52:08 2021 - Found:    ['DRED1']
2021-04-26 11:52:08,329 - Mon Apr 26 11:52:08 2021 - Select Device to operate with the drop down above...
2021-04-26 11:52:11,140 - Mon Apr 26 11:52:11 2021 - Wed 29 Jul 2020 04:36:18 AM UTC

2021-04-26 11:52:12,729 - Mon Apr 26 11:52:12 2021 - Wed 29 Jul 2020 04:36:20 AM UTC

2021-04-26 11:52:14,121 - Mon Apr 26 11:52:14 2021 - Wed 29 Jul 2020 04:36:21 AM UTC

2021-04-26 11:52:15,460 - Mon Apr 26 11:52:15 2021 - Wed 29 Jul 2020 04:36:23 AM UTC

2021-04-26 11:52:17,966 - Mon Apr 26 11:52:17 2021 - Wed 29 Jul 2020 04:36:25 AM UTC

2021-04-26 11:52:19,368 - Mon Apr 26 11:52:19 2021 - Wed 29 Jul 2020 04:36:27 AM UTC

2021-04-26 11:52:20,818 - Mon Apr 26 11:52:20 2021 - Wed 29 Jul 2020 04:36:28 AM UTC

2021-04-26 11:52:22,324 - Mon Apr 26 11:52:22 2021 - Wed 29 Jul 2020 04:36:30 AM UTC

2021-04-26 11:52:23,773 - Mon Apr 26 11:52:23 2021 - Wed 29 Jul 2020 04:36:31 AM UTC

2021-04-26 11:52:50,489 - Mon Apr 26 11:52:50 2021 - Scanning for devices. Please wait...
2021-04-26 11:52:50,489 - Mon Apr 26 11:52:50 2021 - Scanning: ['DRED1']
2021-04-26 11:52:50,664 - Mon Apr 26 11:52:50 2021 - Missing:  []
2021-04-26 11:52:50,679 - Mon Apr 26 11:52:50 2021 - Found:    ['DRED1']
2021-04-26 11:52:50,679 - Mon Apr 26 11:52:50 2021 - Select Device to operate with the drop down above...
2021-04-26 11:54:13,127 - Mon Apr 26 11:54:13 2021 - Scanning for devices. Please wait...
2021-04-26 11:54:13,127 - Mon Apr 26 11:54:13 2021 - Scanning: ['DRED1']
2021-04-26 11:54:13,205 - Mon Apr 26 11:54:13 2021 - Missing:  []
2021-04-26 11:54:13,205 - Mon Apr 26 11:54:13 2021 - Found:    ['DRED1']
2021-04-26 11:54:13,205 - Mon Apr 26 11:54:13 2021 - Select Device to operate with the drop down above...
2021-04-26 11:54:25,759 - Mon Apr 26 11:54:25 2021 - Scanning for devices. Please wait...
2021-04-26 11:54:25,759 - Mon Apr 26 11:54:25 2021 - Scanning: ['DRED1']
2021-04-26 11:54:25,867 - Mon Apr 26 11:54:25 2021 - Missing:  []
2021-04-26 11:54:25,867 - Mon Apr 26 11:54:25 2021 - Found:    ['DRED1']
2021-04-26 11:54:25,867 - Mon Apr 26 11:54:25 2021 - Select Device to operate with the drop down above...
2021-04-26 11:54:48,859 - Mon Apr 26 11:54:48 2021 - Scanning for devices. Please wait...
2021-04-26 11:54:48,859 - Mon Apr 26 11:54:48 2021 - Scanning: ['DRED1']
2021-04-26 11:54:48,968 - Mon Apr 26 11:54:48 2021 - Missing:  []
2021-04-26 11:54:48,968 - Mon Apr 26 11:54:48 2021 - Found:    ['DRED1']
2021-04-26 11:54:48,968 - Mon Apr 26 11:54:48 2021 - Select Device to operate with the drop down above...
2021-04-27 15:44:32,629 - Tue Apr 27 15:44:32 2021 - Scanning for devices. Please wait...
2021-04-27 15:44:32,629 - Tue Apr 27 15:44:32 2021 - Scanning: ['DRED1']
2021-04-27 15:44:32,770 - Tue Apr 27 15:44:32 2021 - Missing:  []
2021-04-27 15:44:32,770 - Tue Apr 27 15:44:32 2021 - Found:    ['DRED1']
2021-04-27 15:44:32,770 - Tue Apr 27 15:44:32 2021 - Select Device to operate with the drop down above...
2021-04-27 15:44:57,162 - Tue Apr 27 15:44:57 2021 - Please wait...
2021-05-03 09:06:07,121 - Mon May  3 09:06:07 2021 - Scanning for devices. Please wait...
2021-05-03 09:06:07,121 - Mon May  3 09:06:07 2021 - Scanning: ['DRED1']
2021-05-03 09:06:09,765 - Mon May  3 09:06:09 2021 - Missing:  ['DRED1']
2021-05-03 09:06:09,765 - Mon May  3 09:06:09 2021 - Found:    []
2021-05-03 09:06:09,765 - Mon May  3 09:06:09 2021 - No DREDs loaded. Check Power and Wifi connections...
2021-05-03 09:08:15,304 - Mon May  3 09:08:15 2021 - Scanning for devices. Please wait...
2021-05-03 09:08:15,304 - Mon May  3 09:08:15 2021 - Scanning: ['DRED1']
2021-05-03 09:08:18,385 - Mon May  3 09:08:18 2021 - Missing:  ['DRED1']
2021-05-03 09:08:18,385 - Mon May  3 09:08:18 2021 - Found:    []
2021-05-03 09:08:18,385 - Mon May  3 09:08:18 2021 - No DREDs loaded. Check Power and Wifi connections...
2021-05-03 09:17:01,185 - Mon May  3 09:17:01 2021 - Scanning for devices. Please wait...
2021-05-03 09:17:01,200 - Mon May  3 09:17:01 2021 - Scanning: ['DRED1']
2021-05-03 09:17:04,294 - Mon May  3 09:17:04 2021 - Missing:  ['DRED1']
2021-05-03 09:17:04,294 - Mon May  3 09:17:04 2021 - Found:    []
2021-05-03 09:17:04,294 - Mon May  3 09:17:04 2021 - No DREDs loaded. Check Power and Wifi connections...
2021-05-03 09:17:06,726 - Mon May  3 09:17:06 2021 - Scanning for devices. Please wait...
2021-05-03 09:17:06,726 - Mon May  3 09:17:06 2021 - Scanning: ['DRED1']
2021-05-03 09:17:09,835 - Mon May  3 09:17:09 2021 - Missing:  ['DRED1']
2021-05-03 09:17:09,835 - Mon May  3 09:17:09 2021 - Found:    []
2021-05-03 09:17:09,835 - Mon May  3 09:17:09 2021 - No DREDs loaded. Check Power and Wifi connections...
2021-05-03 09:17:12,810 - Mon May  3 09:17:12 2021 - Scanning for devices. Please wait...
2021-05-03 09:17:12,810 - Mon May  3 09:17:12 2021 - Scanning: ['DRED1']
2021-05-03 09:17:15,911 - Mon May  3 09:17:15 2021 - Missing:  ['DRED1']
2021-05-03 09:17:15,911 - Mon May  3 09:17:15 2021 - Found:    []
2021-05-03 09:17:15,911 - Mon May  3 09:17:15 2021 - No DREDs loaded. Check Power and Wifi connections...
2021-05-03 09:17:19,969 - Mon May  3 09:17:19 2021 - Scanning for devices. Please wait...
2021-05-03 09:17:19,969 - Mon May  3 09:17:19 2021 - Scanning: ['DRED1']
2021-05-03 09:17:23,083 - Mon May  3 09:17:23 2021 - Missing:  ['DRED1']
2021-05-03 09:17:23,083 - Mon May  3 09:17:23 2021 - Found:    []
2021-05-03 09:17:23,083 - Mon May  3 09:17:23 2021 - No DREDs loaded. Check Power and Wifi connections...
2021-05-03 09:17:28,914 - Mon May  3 09:17:28 2021 - Scanning for devices. Please wait...
2021-05-03 09:17:28,914 - Mon May  3 09:17:28 2021 - Scanning: ['DRED1']
2021-05-03 09:17:32,012 - Mon May  3 09:17:32 2021 - Missing:  ['DRED1']
2021-05-03 09:17:32,012 - Mon May  3 09:17:32 2021 - Found:    []
2021-05-03 09:17:32,012 - Mon May  3 09:17:32 2021 - No DREDs loaded. Check Power and Wifi connections...
2021-05-03 09:17:34,279 - Mon May  3 09:17:34 2021 - Scanning for devices. Please wait...
2021-05-03 09:17:34,279 - Mon May  3 09:17:34 2021 - Scanning: ['DRED1']
2021-05-03 09:17:37,347 - Mon May  3 09:17:37 2021 - Missing:  ['DRED1']
2021-05-03 09:17:37,347 - Mon May  3 09:17:37 2021 - Found:    []
2021-05-03 09:17:37,347 - Mon May  3 09:17:37 2021 - No DREDs loaded. Check Power and Wifi connections...
2021-05-03 09:20:45,700 - Mon May  3 09:20:45 2021 - Scanning for devices. Please wait...
2021-05-03 09:20:45,700 - Mon May  3 09:20:45 2021 - Scanning: ['DRED1']
2021-05-03 09:20:48,806 - Mon May  3 09:20:48 2021 - Missing:  ['DRED1']
2021-05-03 09:20:48,806 - Mon May  3 09:20:48 2021 - Found:    []
2021-05-03 09:20:48,806 - Mon May  3 09:20:48 2021 - No DREDs loaded. Check Power and Wifi connections...
2021-05-03 09:21:46,468 - Mon May  3 09:21:46 2021 - Scanning for devices. Please wait...
2021-05-03 09:21:46,468 - Mon May  3 09:21:46 2021 - Scanning: ['DRED1']
2021-05-03 09:21:46,655 - Mon May  3 09:21:46 2021 - Missing:  []
2021-05-03 09:21:46,655 - Mon May  3 09:21:46 2021 - Found:    ['DRED1']
2021-05-03 09:21:46,655 - Mon May  3 09:21:46 2021 - Select Device to operate with the drop down above...
2021-05-03 09:36:44,719 - Mon May  3 09:36:44 2021 - Scanning for devices. Please wait...
2021-05-03 09:36:44,719 - Mon May  3 09:36:44 2021 - Scanning: ['DRED1']
2021-05-03 09:36:46,835 - Mon May  3 09:36:46 2021 - Missing:  []
2021-05-03 09:36:46,835 - Mon May  3 09:36:46 2021 - Found:    ['DRED1']
2021-05-03 09:36:46,835 - Mon May  3 09:36:46 2021 - Select Device to operate with the drop down above...
2021-05-03 09:39:54,095 - Mon May  3 09:39:54 2021 - Scanning for devices. Please wait...
2021-05-03 09:39:54,110 - Mon May  3 09:39:54 2021 - Scanning: ['DRED1']
2021-05-03 09:39:54,188 - Mon May  3 09:39:54 2021 - Missing:  []
2021-05-03 09:39:54,188 - Mon May  3 09:39:54 2021 - Found:    ['DRED1']
2021-05-03 09:39:54,188 - Mon May  3 09:39:54 2021 - Select Device to operate with the drop down above...
2021-05-03 09:40:09,177 - Mon May  3 09:40:09 2021 - DRED1


2021-05-03 09:41:02,780 - Mon May  3 09:41:02 2021 - 


2021-05-03 09:41:06,262 - Mon May  3 09:41:06 2021 - Scanning for devices. Please wait...
2021-05-03 09:41:06,262 - Mon May  3 09:41:06 2021 - Scanning: ['DRED1']
2021-05-03 09:41:06,369 - Mon May  3 09:41:06 2021 - Missing:  []
2021-05-03 09:41:06,369 - Mon May  3 09:41:06 2021 - Found:    ['DRED1']
2021-05-03 09:41:06,369 - Mon May  3 09:41:06 2021 - Select Device to operate with the drop down above...
2021-05-03 09:41:25,653 - Mon May  3 09:41:25 2021 - DRED1


2021-05-03 09:48:21,486 - Mon May  3 09:48:21 2021 - Wed 29 Jul 2020 05:21:11 AM UTC

2021-05-03 09:54:13,849 - Mon May  3 09:54:13 2021 - DRED1


2021-05-03 09:56:39,127 - Mon May  3 09:56:39 2021 - Wed 29 Jul 2020 05:29:28 AM UTC

2021-05-03 09:56:45,434 - Mon May  3 09:56:45 2021 - Wed 29 Jul 2020 05:29:35 AM UTC

2021-05-03 10:02:37,047 - Mon May  3 10:02:37 2021 - DRED1


2021-05-03 10:03:41,554 - Mon May  3 10:03:41 2021 - No jobs found.
2021-05-03 10:18:53,804 - Mon May  3 10:18:53 2021 - DRED1


2021-05-10 09:09:59,037 - Mon May 10 09:09:59 2021 - DRED1


2021-05-10 09:39:19,648 - Mon May 10 09:39:19 2021 - Scanning for devices. Please wait...
2021-05-10 09:39:19,662 - Mon May 10 09:39:19 2021 - Scanning: ['DRED1']
2021-05-10 09:39:19,753 - Mon May 10 09:39:19 2021 - Missing:  []
2021-05-10 09:39:19,754 - Mon May 10 09:39:19 2021 - Found:    ['DRED1']
2021-05-10 09:39:19,754 - Mon May 10 09:39:19 2021 - Select Device to operate with the drop down above...
2021-05-10 09:40:12,292 - Mon May 10 09:40:12 2021 - DRED1


2021-05-10 09:44:26,961 - Mon May 10 09:44:26 2021 - 


2021-05-10 09:44:28,179 - Mon May 10 09:44:28 2021 - Scanning for devices. Please wait...
2021-05-10 09:44:28,181 - Mon May 10 09:44:28 2021 - Scanning: ['DRED1']
2021-05-10 09:44:28,293 - Mon May 10 09:44:28 2021 - Missing:  []
2021-05-10 09:44:28,294 - Mon May 10 09:44:28 2021 - Found:    ['DRED1']
2021-05-10 09:44:28,294 - Mon May 10 09:44:28 2021 - Select Device to operate with the drop down above...
2021-05-10 09:45:37,267 - Mon May 10 09:45:37 2021 - DRED1


2021-05-10 09:58:34,790 - Mon May 10 09:58:34 2021 - 


2021-05-10 09:58:35,689 - Mon May 10 09:58:35 2021 - Scanning for devices. Please wait...
2021-05-10 09:58:35,691 - Mon May 10 09:58:35 2021 - Scanning: ['DRED1']
2021-05-10 09:58:35,802 - Mon May 10 09:58:35 2021 - Missing:  []
2021-05-10 09:58:35,802 - Mon May 10 09:58:35 2021 - Found:    ['DRED1']
2021-05-10 09:58:35,802 - Mon May 10 09:58:35 2021 - Select Device to operate with the drop down above...
2021-05-10 10:02:50,533 - Mon May 10 10:02:50 2021 - DRED1


2021-05-17 10:12:06,310 - Mon May 17 10:12:06 2021 - Scanning for devices. Please wait...
2021-05-17 10:12:06,314 - Mon May 17 10:12:06 2021 - Scanning: ['DRED1']
2021-05-17 10:12:06,451 - Mon May 17 10:12:06 2021 - Missing:  []
2021-05-17 10:12:06,451 - Mon May 17 10:12:06 2021 - Found:    ['DRED1']
2021-05-17 10:12:06,452 - Mon May 17 10:12:06 2021 - Select Device to operate with the drop down above...
2021-05-17 10:12:15,477 - Mon May 17 10:12:15 2021 - Please wait...
2021-05-17 10:13:36,794 - Mon May 17 10:13:36 2021 - Sound played successfully.
2021-05-17 10:13:48,118 - Mon May 17 10:13:48 2021 - Please wait...
2021-05-17 10:15:07,066 - Mon May 17 10:15:07 2021 - Sound played successfully.
2021-05-17 10:15:31,942 - Mon May 17 10:15:31 2021 - Please wait...
2021-05-17 10:16:51,267 - Mon May 17 10:16:51 2021 - Sound played successfully.
2021-05-17 10:18:38,932 - Mon May 17 10:18:38 2021 - Please wait...
2021-05-17 10:19:58,030 - Mon May 17 10:19:58 2021 - Sound played successfully.
2021-05-17 10:21:54,330 - Mon May 17 10:21:54 2021 - Please wait...
2021-05-17 10:23:14,353 - Mon May 17 10:23:14 2021 - Sound played successfully.
2021-05-17 10:42:18,988 - Mon May 17 10:42:18 2021 - Please wait...
2021-05-17 10:48:59,816 - Mon May 17 10:48:59 2021 - Scanning for devices. Please wait...
2021-05-17 10:48:59,816 - Mon May 17 10:48:59 2021 - Scanning: ['DRED1']
2021-05-17 10:48:59,936 - Mon May 17 10:48:59 2021 - Missing:  []
2021-05-17 10:48:59,936 - Mon May 17 10:48:59 2021 - Found:    ['DRED1']
2021-05-17 10:48:59,936 - Mon May 17 10:48:59 2021 - Select Device to operate with the drop down above...
2021-05-17 10:49:32,962 - Mon May 17 10:49:32 2021 - Please wait...
2021-05-17 10:50:13,426 - Mon May 17 10:50:13 2021 - Sound played successfully.
2021-05-17 10:50:53,907 - Mon May 17 10:50:53 2021 - Please wait...
2021-05-17 10:51:34,376 - Mon May 17 10:51:34 2021 - Sound played successfully.
2021-05-17 10:52:41,476 - Mon May 17 10:52:41 2021 - Missing:  []
2021-05-17 10:52:41,476 - Mon May 17 10:52:41 2021 - Found:    ['DRED1']
2021-05-17 10:52:41,476 - Mon May 17 10:52:41 2021 - Select Device to operate with the drop down above...
2021-05-17 10:53:02,796 - Mon May 17 10:53:02 2021 - Please wait...
2021-05-17 10:53:26,885 - Mon May 17 10:53:26 2021 - Sound played successfully.
2021-05-17 10:53:46,156 - Mon May 17 10:53:46 2021 - Please wait...
2021-05-17 10:54:09,035 - Mon May 17 10:54:09 2021 - Sound played successfully.
2021-05-17 10:54:20,995 - Mon May 17 10:54:20 2021 - Please wait...
2021-05-17 10:56:19,541 - Mon May 17 10:56:19 2021 - Scanning for devices. Please wait...
2021-05-17 10:56:19,545 - Mon May 17 10:56:19 2021 - Scanning: ['DRED1']
2021-05-17 10:56:19,625 - Mon May 17 10:56:19 2021 - Missing:  []
2021-05-17 10:56:19,625 - Mon May 17 10:56:19 2021 - Found:    ['DRED1']
2021-05-17 10:56:19,625 - Mon May 17 10:56:19 2021 - Select Device to operate with the drop down above...
2021-05-17 10:58:17,845 - Mon May 17 10:58:17 2021 - Scanning for devices. Please wait...
2021-05-17 10:58:17,845 - Mon May 17 10:58:17 2021 - Scanning: ['DRED1']
2021-05-17 10:58:17,965 - Mon May 17 10:58:17 2021 - Missing:  []
2021-05-17 10:58:17,965 - Mon May 17 10:58:17 2021 - Found:    ['DRED1']
2021-05-17 10:58:17,965 - Mon May 17 10:58:17 2021 - Select Device to operate with the drop down above...
2021-05-17 10:58:30,965 - Mon May 17 10:58:30 2021 - Please wait...
2021-05-17 11:01:25,554 - Mon May 17 11:01:25 2021 - Scanning for devices. Please wait...
2021-05-17 11:01:25,554 - Mon May 17 11:01:25 2021 - Scanning: ['DRED1']
2021-05-17 11:01:25,645 - Mon May 17 11:01:25 2021 - Missing:  []
2021-05-17 11:01:25,645 - Mon May 17 11:01:25 2021 - Found:    ['DRED1']
2021-05-17 11:01:25,645 - Mon May 17 11:01:25 2021 - Select Device to operate with the drop down above...
2021-05-17 11:02:32,115 - Mon May 17 11:02:32 2021 - Please wait...
2021-05-17 11:03:17,874 - Mon May 17 11:03:17 2021 - Sound played successfully.
2021-05-17 11:03:54,954 - Mon May 17 11:03:54 2021 - Please wait...
2021-05-17 11:05:15,063 - Mon May 17 11:05:15 2021 - Sound played successfully.
2021-05-17 11:06:15,023 - Mon May 17 11:06:15 2021 - Please wait...
2021-05-17 11:07:35,313 - Mon May 17 11:07:35 2021 - Sound played successfully.
2021-05-17 11:07:44,964 - Mon May 17 11:07:44 2021 - Please wait...
2021-05-17 11:08:23,223 - Mon May 17 11:08:23 2021 - Sound played successfully.
2021-05-17 11:09:24,430 - Mon May 17 11:09:24 2021 - Please wait...
2021-05-17 11:10:03,813 - Mon May 17 11:10:03 2021 - Sound played successfully.
2021-05-17 11:10:15,443 - Mon May 17 11:10:15 2021 - Please wait...
2021-05-17 11:10:49,593 - Mon May 17 11:10:49 2021 - Sound played successfully.
2021-05-18 09:11:36,522 - Tue May 18 09:11:36 2021 - Scanning for devices. Please wait...
2021-05-18 09:11:36,522 - Tue May 18 09:11:36 2021 - Scanning: ['DRED1']
2021-05-18 09:11:39,220 - Tue May 18 09:11:39 2021 - Missing:  ['DRED1']
2021-05-18 09:11:39,220 - Tue May 18 09:11:39 2021 - Found:    []
2021-05-18 09:11:39,220 - Tue May 18 09:11:39 2021 - No DREDs loaded. Check Power and Wifi connections...
2021-05-18 09:12:10,672 - Tue May 18 09:12:10 2021 - Scanning for devices. Please wait...
2021-05-18 09:12:10,672 - Tue May 18 09:12:10 2021 - Scanning: ['DRED1']
2021-05-18 09:12:13,778 - Tue May 18 09:12:13 2021 - Missing:  ['DRED1']
2021-05-18 09:12:13,778 - Tue May 18 09:12:13 2021 - Found:    []
2021-05-18 09:12:13,778 - Tue May 18 09:12:13 2021 - No DREDs loaded. Check Power and Wifi connections...
2021-05-18 09:12:22,238 - Tue May 18 09:12:22 2021 - Scanning for devices. Please wait...
2021-05-18 09:12:22,238 - Tue May 18 09:12:22 2021 - Scanning: ['DRED1']
2021-05-18 09:12:25,354 - Tue May 18 09:12:25 2021 - Missing:  ['DRED1']
2021-05-18 09:12:25,354 - Tue May 18 09:12:25 2021 - Found:    []
2021-05-18 09:12:25,354 - Tue May 18 09:12:25 2021 - No DREDs loaded. Check Power and Wifi connections...
2021-05-18 09:12:43,313 - Tue May 18 09:12:43 2021 - Scanning for devices. Please wait...
2021-05-18 09:12:43,313 - Tue May 18 09:12:43 2021 - Scanning: ['DRED1']
2021-05-18 09:12:43,485 - Tue May 18 09:12:43 2021 - Missing:  []
2021-05-18 09:12:43,485 - Tue May 18 09:12:43 2021 - Found:    ['DRED1']
2021-05-18 09:12:43,485 - Tue May 18 09:12:43 2021 - Select Device to operate with the drop down above...
2021-05-18 09:12:44,401 - Tue May 18 09:12:44 2021 - Scanning for devices. Please wait...
2021-05-18 09:12:44,401 - Tue May 18 09:12:44 2021 - Scanning: ['DRED1']
2021-05-18 09:12:44,526 - Tue May 18 09:12:44 2021 - Missing:  []
2021-05-18 09:12:44,526 - Tue May 18 09:12:44 2021 - Found:    ['DRED1']
2021-05-18 09:12:44,526 - Tue May 18 09:12:44 2021 - Select Device to operate with the drop down above...
2021-05-18 09:12:45,026 - Tue May 18 09:12:45 2021 - Scanning for devices. Please wait...
2021-05-18 09:12:45,026 - Tue May 18 09:12:45 2021 - Scanning: ['DRED1']
2021-05-18 09:12:45,199 - Tue May 18 09:12:45 2021 - Missing:  []
2021-05-18 09:12:45,199 - Tue May 18 09:12:45 2021 - Found:    ['DRED1']
2021-05-18 09:12:45,199 - Tue May 18 09:12:45 2021 - Select Device to operate with the drop down above...
2021-05-18 09:14:16,569 - Tue May 18 09:14:16 2021 - DRED1


2021-05-18 09:24:45,616 - Tue May 18 09:24:45 2021 - Please wait...
2021-05-18 09:26:07,025 - Tue May 18 09:26:07 2021 - Sound played successfully.
2021-05-18 09:26:28,464 - Tue May 18 09:26:28 2021 - Please wait...
2021-05-18 09:28:06,949 - Tue May 18 09:28:06 2021 - Sound played successfully.
2021-05-18 09:30:23,863 - Tue May 18 09:30:23 2021 - Please wait...
2021-05-18 09:32:02,363 - Tue May 18 09:32:02 2021 - Sound played successfully.
2021-05-18 09:32:50,632 - Tue May 18 09:32:50 2021 - Please wait...
2021-05-18 09:34:29,162 - Tue May 18 09:34:29 2021 - Sound played successfully.
2021-05-18 09:37:03,452 - Tue May 18 09:37:03 2021 - Please wait...
2021-05-18 09:38:42,051 - Tue May 18 09:38:42 2021 - Sound played successfully.
2021-05-18 09:40:59,561 - Tue May 18 09:40:59 2021 - Please wait...
2021-05-18 09:42:38,200 - Tue May 18 09:42:38 2021 - Sound played successfully.
2021-05-18 10:52:34,249 - Tue May 18 10:52:34 2021 - Please wait...
2021-05-18 12:18:49,546 - Tue May 18 12:18:49 2021 - Scanning for devices. Please wait...
2021-05-18 12:18:49,546 - Tue May 18 12:18:49 2021 - Scanning: ['DRED1']
2021-05-18 12:18:52,655 - Tue May 18 12:18:52 2021 - Missing:  ['DRED1']
2021-05-18 12:18:52,655 - Tue May 18 12:18:52 2021 - Found:    []
2021-05-18 12:18:52,655 - Tue May 18 12:18:52 2021 - No DREDs loaded. Check Power and Wifi connections...
2021-05-18 12:19:12,214 - Tue May 18 12:19:12 2021 - Scanning for devices. Please wait...
2021-05-18 12:19:12,214 - Tue May 18 12:19:12 2021 - Scanning: ['DRED1']
2021-05-18 12:19:12,234 - Tue May 18 12:19:12 2021 - Missing:  []
2021-05-18 12:19:12,234 - Tue May 18 12:19:12 2021 - Found:    ['DRED1']
2021-05-18 12:19:12,234 - Tue May 18 12:19:12 2021 - Select Device to operate with the drop down above...
2021-05-18 12:19:30,143 - Tue May 18 12:19:30 2021 - Please wait...
2021-05-18 12:20:52,124 - Tue May 18 12:20:52 2021 - Sound played successfully.
2021-05-18 12:21:17,874 - Tue May 18 12:21:17 2021 - Please wait...
2021-05-18 12:22:42,483 - Tue May 18 12:22:42 2021 - Sound played successfully.
2021-05-18 12:26:28,643 - Tue May 18 12:26:28 2021 - Please wait...
2021-05-18 12:29:14,105 - Tue May 18 12:29:14 2021 - Sound played successfully.
2021-05-18 12:30:18,942 - Tue May 18 12:30:18 2021 - DRED1


2021-05-18 12:30:24,643 - Tue May 18 12:30:24 2021 - Scanning for devices. Please wait...
2021-05-18 12:30:24,643 - Tue May 18 12:30:24 2021 - Scanning: ['DRED1']
2021-05-18 12:30:24,742 - Tue May 18 12:30:24 2021 - Missing:  []
2021-05-18 12:30:24,742 - Tue May 18 12:30:24 2021 - Found:    ['DRED1']
2021-05-18 12:30:24,742 - Tue May 18 12:30:24 2021 - Select Device to operate with the drop down above...
2021-05-18 15:48:53,155 - Tue May 18 15:48:53 2021 - Scanning for devices. Please wait...
2021-05-18 15:48:53,155 - Tue May 18 15:48:53 2021 - Scanning: ['DRED1']
2021-05-18 15:48:53,245 - Tue May 18 15:48:53 2021 - Missing:  []
2021-05-18 15:48:53,245 - Tue May 18 15:48:53 2021 - Found:    ['DRED1']
2021-05-18 15:48:53,255 - Tue May 18 15:48:53 2021 - Select Device to operate with the drop down above...
2021-05-18 15:49:44,185 - Tue May 18 15:49:44 2021 - Please wait...
2021-05-18 15:50:57,704 - Tue May 18 15:50:57 2021 - Sound played successfully.
2021-05-19 09:01:24,623 - Wed May 19 09:01:24 2021 - Scanning for devices. Please wait...
2021-05-19 09:01:24,640 - Wed May 19 09:01:24 2021 - Scanning: ['DRED1']
2021-05-19 09:01:24,718 - Wed May 19 09:01:24 2021 - Missing:  ['DRED1']
2021-05-19 09:01:24,718 - Wed May 19 09:01:24 2021 - Found:    []
2021-05-19 09:01:24,718 - Wed May 19 09:01:24 2021 - No DREDs loaded. Check Power and Wifi connections...
2021-05-19 09:01:32,212 - Wed May 19 09:01:32 2021 - ssh: connect to host 0.0.0.0 port 22: Unknown error

2021-05-19 14:18:42,986 - Wed May 19 14:18:42 2021 - Scanning for devices. Please wait...
2021-05-19 14:18:42,986 - Wed May 19 14:18:42 2021 - Scanning: ['DRED1']
2021-05-19 14:18:43,107 - Wed May 19 14:18:43 2021 - Missing:  []
2021-05-19 14:18:43,107 - Wed May 19 14:18:43 2021 - Found:    ['DRED1']
2021-05-19 14:18:43,108 - Wed May 19 14:18:43 2021 - Select Device to operate with the drop down above...
2021-05-19 14:18:50,066 - Wed May 19 14:18:50 2021 - Scanning for devices. Please wait...
2021-05-19 14:18:50,066 - Wed May 19 14:18:50 2021 - Scanning: ['DRED1']
2021-05-19 14:18:50,157 - Wed May 19 14:18:50 2021 - Missing:  []
2021-05-19 14:18:50,157 - Wed May 19 14:18:50 2021 - Found:    ['DRED1']
2021-05-19 14:18:50,157 - Wed May 19 14:18:50 2021 - Select Device to operate with the drop down above...
2021-05-19 14:18:52,387 - Wed May 19 14:18:52 2021 - Please wait...
2021-05-19 14:20:33,536 - Wed May 19 14:20:33 2021 - Sound played successfully.
2021-05-19 14:21:28,586 - Wed May 19 14:21:28 2021 - Please wait...
2021-05-19 14:22:17,226 - Wed May 19 14:22:17 2021 - Sound played successfully.
2021-05-19 14:25:10,235 - Wed May 19 14:25:10 2021 - Please wait...
2021-05-19 14:25:33,385 - Wed May 19 14:25:33 2021 - Scanning for devices. Please wait...
2021-05-19 14:25:33,385 - Wed May 19 14:25:33 2021 - Scanning: ['DRED1']
2021-05-19 14:25:33,505 - Wed May 19 14:25:33 2021 - Missing:  []
2021-05-19 14:25:33,505 - Wed May 19 14:25:33 2021 - Found:    ['DRED1']
2021-05-19 14:25:33,505 - Wed May 19 14:25:33 2021 - Select Device to operate with the drop down above...
2021-05-19 14:26:47,385 - Wed May 19 14:26:47 2021 - Please wait...
2021-05-19 14:28:06,196 - Wed May 19 14:28:06 2021 - Sound played successfully.
2021-05-19 14:28:54,572 - Wed May 19 14:28:54 2021 - Please wait...
2021-05-19 14:30:14,882 - Wed May 19 14:30:14 2021 - Sound played successfully.
2021-05-19 14:30:19,652 - Wed May 19 14:30:19 2021 - Please wait...
2021-05-19 14:30:59,002 - Wed May 19 14:30:59 2021 - Sound played successfully.
2021-05-19 14:42:11,812 - Wed May 19 14:42:11 2021 - Please wait...
2021-05-19 14:42:52,150 - Wed May 19 14:42:52 2021 - Sound played successfully.
2021-05-20 09:35:54,345 - Thu May 20 09:35:54 2021 - 

OpenSSH_for_Windows_7.7p1, LibreSSL 3.0.2
debug1: Connecting to 0.0.0.0 [0.0.0.0] port 22.
debug1: connect to address 0.0.0.0 port 22: Unknown error
ssh: connect to host 0.0.0.0 port 22: Unknown error

2021-05-20 09:35:59,169 - Thu May 20 09:35:59 2021 - Scanning for devices. Please wait...
2021-05-20 09:35:59,169 - Thu May 20 09:35:59 2021 - Scanning: ['DRED1']
2021-05-20 09:36:02,286 - Thu May 20 09:36:02 2021 - Missing:  ['DRED1']
2021-05-20 09:36:02,286 - Thu May 20 09:36:02 2021 - Found:    []
2021-05-20 09:36:02,286 - Thu May 20 09:36:02 2021 - No DREDs loaded. Check Power and Wifi connections...
2021-05-20 09:42:16,976 - Thu May 20 09:42:16 2021 - Scanning for devices. Please wait...
2021-05-20 09:42:16,976 - Thu May 20 09:42:16 2021 - Scanning: ['DRED1']
2021-05-20 09:42:20,096 - Thu May 20 09:42:20 2021 - Missing:  ['DRED1']
2021-05-20 09:42:20,096 - Thu May 20 09:42:20 2021 - Found:    []
2021-05-20 09:42:20,096 - Thu May 20 09:42:20 2021 - No DREDs loaded. Check Power and Wifi connections...
2021-05-20 09:42:55,896 - Thu May 20 09:42:55 2021 - Scanning for devices. Please wait...
2021-05-20 09:42:55,896 - Thu May 20 09:42:55 2021 - Scanning: ['DRED1']
2021-05-20 09:42:58,986 - Thu May 20 09:42:58 2021 - Missing:  ['DRED1']
2021-05-20 09:42:58,986 - Thu May 20 09:42:58 2021 - Found:    []
2021-05-20 09:42:58,986 - Thu May 20 09:42:58 2021 - No DREDs loaded. Check Power and Wifi connections...
2021-05-20 09:43:55,586 - Thu May 20 09:43:55 2021 - Scanning for devices. Please wait...
2021-05-20 09:43:55,586 - Thu May 20 09:43:55 2021 - Scanning: ['DRED1']
2021-05-20 09:43:58,740 - Thu May 20 09:43:58 2021 - Missing:  ['DRED1']
2021-05-20 09:43:58,740 - Thu May 20 09:43:58 2021 - Found:    []
2021-05-20 09:43:58,740 - Thu May 20 09:43:58 2021 - No DREDs loaded. Check Power and Wifi connections...
2021-05-20 09:44:45,076 - Thu May 20 09:44:45 2021 - Scanning for devices. Please wait...
2021-05-20 09:44:45,076 - Thu May 20 09:44:45 2021 - Scanning: ['DRED1']
2021-05-20 09:44:48,176 - Thu May 20 09:44:48 2021 - Missing:  ['DRED1']
2021-05-20 09:44:48,176 - Thu May 20 09:44:48 2021 - Found:    []
2021-05-20 09:44:48,176 - Thu May 20 09:44:48 2021 - No DREDs loaded. Check Power and Wifi connections...
2021-05-20 09:46:00,557 - Thu May 20 09:46:00 2021 - Scanning for devices. Please wait...
2021-05-20 09:46:00,558 - Thu May 20 09:46:00 2021 - Scanning: ['DRED1']
2021-05-20 09:46:00,665 - Thu May 20 09:46:00 2021 - Missing:  []
2021-05-20 09:46:00,665 - Thu May 20 09:46:00 2021 - Found:    ['DRED1']
2021-05-20 09:46:00,665 - Thu May 20 09:46:00 2021 - Select Device to operate with the drop down above...
2021-05-20 09:46:09,673 - Thu May 20 09:46:09 2021 - DRED1

OpenSSH_for_Windows_7.7p1, LibreSSL 3.0.2
debug1: Connecting to 192.168.1.201 [192.168.1.201] port 22.
debug1: Connection established.
debug1: identity file C:\\Users\\falcon/.ssh/id_rsa type 0
debug1: key_load_public: No such file or directory
debug1: identity file C:\\Users\\falcon/.ssh/id_rsa-cert type -1
debug1: key_load_public: No such file or directory
debug1: identity file C:\\Users\\falcon/.ssh/id_dsa type -1
debug1: key_load_public: No such file or directory
debug1: identity file C:\\Users\\falcon/.ssh/id_dsa-cert type -1
debug1: key_load_public: No such file or directory
debug1: identity file C:\\Users\\falcon/.ssh/id_ecdsa type -1
debug1: key_load_public: No such file or directory
debug1: identity file C:\\Users\\falcon/.ssh/id_ecdsa-cert type -1
debug1: key_load_public: No such file or directory
debug1: identity file C:\\Users\\falcon/.ssh/id_ed25519 type -1
debug1: key_load_public: No such file or directory
debug1: identity file C:\\Users\\falcon/.ssh/id_ed25519-cert type -1
debug1: key_load_public: No such file or directory
debug1: identity file C:\\Users\\falcon/.ssh/id_xmss type -1
debug1: key_load_public: No such file or directory
debug1: identity file C:\\Users\\falcon/.ssh/id_xmss-cert type -1
debug1: Local version string SSH-2.0-OpenSSH_for_Windows_7.7
debug1: Remote protocol version 2.0, remote software version OpenSSH_7.9p1 Raspbian-10+deb10u1
debug1: match: OpenSSH_7.9p1 Raspbian-10+deb10u1 pat OpenSSH* compat 0x04000000
debug1: Authenticating to 192.168.1.201:22 as 'pi'
debug1: SSH2_MSG_KEXINIT sent
debug1: SSH2_MSG_KEXINIT received
debug1: kex: algorithm: curve25519-sha256
debug1: kex: host key algorithm: ecdsa-sha2-nistp256
debug1: kex: server->client cipher: chacha20-poly1305@openssh.com MAC: <implicit> compression: none
debug1: kex: client->server cipher: chacha20-poly1305@openssh.com MAC: <implicit> compression: none
debug1: expecting SSH2_MSG_KEX_ECDH_REPLY
debug1: Server host key: ecdsa-sha2-nistp256 SHA256:HvyfzWFg1xmPoPxCfYPCXy/APhKwcKiu6NAcOydYOms
debug1: Host '192.168.1.201' is known and matches the ECDSA host key.
debug1: Found key in C:\\Users\\falcon/.ssh/known_hosts:15
debug1: rekey after 134217728 blocks
debug1: SSH2_MSG_NEWKEYS sent
debug1: expecting SSH2_MSG_NEWKEYS
debug1: SSH2_MSG_NEWKEYS received
debug1: rekey after 134217728 blocks
debug1: pubkey_prepare: ssh_get_authentication_socket: No such file or directory
debug1: SSH2_MSG_EXT_INFO received
debug1: kex_input_ext_info: server-sig-algs=<ssh-ed25519,ssh-rsa,rsa-sha2-256,rsa-sha2-512,ssh-dss,ecdsa-sha2-nistp256,ecdsa-sha2-nistp384,ecdsa-sha2-nistp521>
debug1: SSH2_MSG_SERVICE_ACCEPT received
debug1: Authentications that can continue: publickey,password
debug1: Next authentication method: publickey
debug1: Offering public key: RSA SHA256:cM48qq6gMMBQjXWDPzkvnOJzibpfMzzHPPfQKatFuD4 C:\\Users\\falcon/.ssh/id_rsa
debug1: Server accepts key: pkalg rsa-sha2-512 blen 279
debug1: Authentication succeeded (publickey).
Authenticated to 192.168.1.201 ([192.168.1.201]:22).
debug1: channel 0: new [client-session]
debug1: Requesting no-more-sessions@openssh.com
debug1: Entering interactive session.
debug1: pledge: network
debug1: client_input_global_request: rtype hostkeys-00@openssh.com want_reply 0
debug1: Remote: /home/pi/.ssh/authorized_keys:1: key options: agent-forwarding port-forwarding pty user-rc x11-forwarding
debug1: Remote: /home/pi/.ssh/authorized_keys:1: key options: agent-forwarding port-forwarding pty user-rc x11-forwarding
debug1: Sending command: sudo shutdown -h now
debug1: channel 0: free: client-session, nchannels 1
Connection to 192.168.1.201 closed by remote host.
Transferred: sent 2608, received 2708 bytes, in 0.4 seconds
Bytes per second: sent 6286.8, received 6527.9
debug1: Exit status -1

2021-05-20 09:50:33,574 - Thu May 20 09:50:33 2021 - DRED1 Jobs
ssh: connect to host 192.168.1.201 port 22: Connection timed out

2021-05-20 09:51:44,582 - Thu May 20 09:51:44 2021 - DRED1


2021-05-20 09:53:12,908 - Thu May 20 09:53:12 2021 - Scanning for devices. Please wait...
2021-05-20 09:53:12,909 - Thu May 20 09:53:12 2021 - Scanning: ['DRED1']
2021-05-20 09:53:16,033 - Thu May 20 09:53:16 2021 - Missing:  ['DRED1']
2021-05-20 09:53:16,033 - Thu May 20 09:53:16 2021 - Found:    []
2021-05-20 09:53:16,034 - Thu May 20 09:53:16 2021 - No DREDs loaded. Check Power and Wifi connections...
2021-05-20 09:53:52,127 - Thu May 20 09:53:52 2021 - Scanning for devices. Please wait...
2021-05-20 09:53:52,128 - Thu May 20 09:53:52 2021 - Scanning: ['DRED1']
2021-05-20 09:53:52,228 - Thu May 20 09:53:52 2021 - Missing:  []
2021-05-20 09:53:52,228 - Thu May 20 09:53:52 2021 - Found:    ['DRED1']
2021-05-20 09:53:52,228 - Thu May 20 09:53:52 2021 - Select Device to operate with the drop down above...
2021-05-20 09:54:12,815 - Thu May 20 09:54:12 2021 - DRED1


2021-05-20 09:58:38,005 - Thu May 20 09:58:38 2021 - Scanning for devices. Please wait...
2021-05-20 09:58:38,006 - Thu May 20 09:58:38 2021 - Scanning: ['DRED1']
2021-05-20 09:58:38,077 - Thu May 20 09:58:38 2021 - Missing:  []
2021-05-20 09:58:38,078 - Thu May 20 09:58:38 2021 - Found:    ['DRED1']
2021-05-20 09:58:38,078 - Thu May 20 09:58:38 2021 - Select Device to operate with the drop down above...
2021-05-20 09:58:45,474 - Thu May 20 09:58:45 2021 - DRED1

OpenSSH_for_Windows_7.7p1, LibreSSL 3.0.2
debug1: Connecting to 192.168.1.201 [192.168.1.201] port 22.
debug1: Connection established.
debug1: identity file C:\\Users\\falcon/.ssh/id_rsa type 0
debug1: key_load_public: No such file or directory
debug1: identity file C:\\Users\\falcon/.ssh/id_rsa-cert type -1
debug1: key_load_public: No such file or directory
debug1: identity file C:\\Users\\falcon/.ssh/id_dsa type -1
debug1: key_load_public: No such file or directory
debug1: identity file C:\\Users\\falcon/.ssh/id_dsa-cert type -1
debug1: key_load_public: No such file or directory
debug1: identity file C:\\Users\\falcon/.ssh/id_ecdsa type -1
debug1: key_load_public: No such file or directory
debug1: identity file C:\\Users\\falcon/.ssh/id_ecdsa-cert type -1
debug1: key_load_public: No such file or directory
debug1: identity file C:\\Users\\falcon/.ssh/id_ed25519 type -1
debug1: key_load_public: No such file or directory
debug1: identity file C:\\Users\\falcon/.ssh/id_ed25519-cert type -1
debug1: key_load_public: No such file or directory
debug1: identity file C:\\Users\\falcon/.ssh/id_xmss type -1
debug1: key_load_public: No such file or directory
debug1: identity file C:\\Users\\falcon/.ssh/id_xmss-cert type -1
debug1: Local version string SSH-2.0-OpenSSH_for_Windows_7.7
debug1: Remote protocol version 2.0, remote software version OpenSSH_7.9p1 Raspbian-10+deb10u1
debug1: match: OpenSSH_7.9p1 Raspbian-10+deb10u1 pat OpenSSH* compat 0x04000000
debug1: Authenticating to 192.168.1.201:22 as 'pi'
debug1: SSH2_MSG_KEXINIT sent
debug1: SSH2_MSG_KEXINIT received
debug1: kex: algorithm: curve25519-sha256
debug1: kex: host key algorithm: ecdsa-sha2-nistp256
debug1: kex: server->client cipher: chacha20-poly1305@openssh.com MAC: <implicit> compression: none
debug1: kex: client->server cipher: chacha20-poly1305@openssh.com MAC: <implicit> compression: none
debug1: expecting SSH2_MSG_KEX_ECDH_REPLY
debug1: Server host key: ecdsa-sha2-nistp256 SHA256:HvyfzWFg1xmPoPxCfYPCXy/APhKwcKiu6NAcOydYOms
debug1: Host '192.168.1.201' is known and matches the ECDSA host key.
debug1: Found key in C:\\Users\\falcon/.ssh/known_hosts:15
debug1: rekey after 134217728 blocks
debug1: SSH2_MSG_NEWKEYS sent
debug1: expecting SSH2_MSG_NEWKEYS
debug1: SSH2_MSG_NEWKEYS received
debug1: rekey after 134217728 blocks
debug1: pubkey_prepare: ssh_get_authentication_socket: No such file or directory
debug1: SSH2_MSG_EXT_INFO received
debug1: kex_input_ext_info: server-sig-algs=<ssh-ed25519,ssh-rsa,rsa-sha2-256,rsa-sha2-512,ssh-dss,ecdsa-sha2-nistp256,ecdsa-sha2-nistp384,ecdsa-sha2-nistp521>
debug1: SSH2_MSG_SERVICE_ACCEPT received
debug1: Authentications that can continue: publickey,password
debug1: Next authentication method: publickey
debug1: Offering public key: RSA SHA256:cM48qq6gMMBQjXWDPzkvnOJzibpfMzzHPPfQKatFuD4 C:\\Users\\falcon/.ssh/id_rsa
debug1: Server accepts key: pkalg rsa-sha2-512 blen 279
debug1: Authentication succeeded (publickey).
Authenticated to 192.168.1.201 ([192.168.1.201]:22).
debug1: channel 0: new [client-session]
debug1: Requesting no-more-sessions@openssh.com
debug1: Entering interactive session.
debug1: pledge: network
debug1: client_input_global_request: rtype hostkeys-00@openssh.com want_reply 0
debug1: Remote: /home/pi/.ssh/authorized_keys:1: key options: agent-forwarding port-forwarding pty user-rc x11-forwarding
debug1: Remote: /home/pi/.ssh/authorized_keys:1: key options: agent-forwarding port-forwarding pty user-rc x11-forwarding
debug1: Sending command: sudo shutdown -h now
debug1: channel 0: free: client-session, nchannels 1
Connection to 192.168.1.201 closed by remote host.
Transferred: sent 2608, received 2708 bytes, in 0.6 seconds
Bytes per second: sent 4169.0, received 4328.8
debug1: Exit status -1

2021-05-20 10:01:38,612 - Thu May 20 10:01:38 2021 - Scanning for devices. Please wait...
2021-05-20 10:01:38,612 - Thu May 20 10:01:38 2021 - Scanning: ['DRED1']
2021-05-20 10:01:42,548 - Thu May 20 10:01:42 2021 - Missing:  []
2021-05-20 10:01:42,548 - Thu May 20 10:01:42 2021 - Found:    ['DRED1']
2021-05-20 10:01:42,552 - Thu May 20 10:01:42 2021 - Select Device to operate with the drop down above...
2021-05-20 10:01:55,772 - Thu May 20 10:01:55 2021 - DRED1

OpenSSH_for_Windows_7.7p1, LibreSSL 3.0.2
debug1: Connecting to 192.168.1.201 [192.168.1.201] port 22.
debug1: Connection established.
debug1: identity file C:\\Users\\falcon/.ssh/id_rsa type 0
debug1: key_load_public: No such file or directory
debug1: identity file C:\\Users\\falcon/.ssh/id_rsa-cert type -1
debug1: key_load_public: No such file or directory
debug1: identity file C:\\Users\\falcon/.ssh/id_dsa type -1
debug1: key_load_public: No such file or directory
debug1: identity file C:\\Users\\falcon/.ssh/id_dsa-cert type -1
debug1: key_load_public: No such file or directory
debug1: identity file C:\\Users\\falcon/.ssh/id_ecdsa type -1
debug1: key_load_public: No such file or directory
debug1: identity file C:\\Users\\falcon/.ssh/id_ecdsa-cert type -1
debug1: key_load_public: No such file or directory
debug1: identity file C:\\Users\\falcon/.ssh/id_ed25519 type -1
debug1: key_load_public: No such file or directory
debug1: identity file C:\\Users\\falcon/.ssh/id_ed25519-cert type -1
debug1: key_load_public: No such file or directory
debug1: identity file C:\\Users\\falcon/.ssh/id_xmss type -1
debug1: key_load_public: No such file or directory
debug1: identity file C:\\Users\\falcon/.ssh/id_xmss-cert type -1
debug1: Local version string SSH-2.0-OpenSSH_for_Windows_7.7
debug1: Remote protocol version 2.0, remote software version OpenSSH_7.9p1 Raspbian-10+deb10u1
debug1: match: OpenSSH_7.9p1 Raspbian-10+deb10u1 pat OpenSSH* compat 0x04000000
debug1: Authenticating to 192.168.1.201:22 as 'pi'
debug1: SSH2_MSG_KEXINIT sent
debug1: SSH2_MSG_KEXINIT received
debug1: kex: algorithm: curve25519-sha256
debug1: kex: host key algorithm: ecdsa-sha2-nistp256
debug1: kex: server->client cipher: chacha20-poly1305@openssh.com MAC: <implicit> compression: none
debug1: kex: client->server cipher: chacha20-poly1305@openssh.com MAC: <implicit> compression: none
debug1: expecting SSH2_MSG_KEX_ECDH_REPLY
debug1: Server host key: ecdsa-sha2-nistp256 SHA256:HvyfzWFg1xmPoPxCfYPCXy/APhKwcKiu6NAcOydYOms
debug1: Host '192.168.1.201' is known and matches the ECDSA host key.
debug1: Found key in C:\\Users\\falcon/.ssh/known_hosts:15
debug1: rekey after 134217728 blocks
debug1: SSH2_MSG_NEWKEYS sent
debug1: expecting SSH2_MSG_NEWKEYS
debug1: SSH2_MSG_NEWKEYS received
debug1: rekey after 134217728 blocks
debug1: pubkey_prepare: ssh_get_authentication_socket: No such file or directory
debug1: SSH2_MSG_EXT_INFO received
debug1: kex_input_ext_info: server-sig-algs=<ssh-ed25519,ssh-rsa,rsa-sha2-256,rsa-sha2-512,ssh-dss,ecdsa-sha2-nistp256,ecdsa-sha2-nistp384,ecdsa-sha2-nistp521>
debug1: SSH2_MSG_SERVICE_ACCEPT received
debug1: Authentications that can continue: publickey,password
debug1: Next authentication method: publickey
debug1: Offering public key: RSA SHA256:cM48qq6gMMBQjXWDPzkvnOJzibpfMzzHPPfQKatFuD4 C:\\Users\\falcon/.ssh/id_rsa
debug1: Server accepts key: pkalg rsa-sha2-512 blen 279
debug1: Authentication succeeded (publickey).
Authenticated to 192.168.1.201 ([192.168.1.201]:22).
debug1: channel 0: new [client-session]
debug1: Requesting no-more-sessions@openssh.com
debug1: Entering interactive session.
debug1: pledge: network
debug1: client_input_global_request: rtype hostkeys-00@openssh.com want_reply 0
debug1: Remote: /home/pi/.ssh/authorized_keys:1: key options: agent-forwarding port-forwarding pty user-rc x11-forwarding
debug1: Remote: /home/pi/.ssh/authorized_keys:1: key options: agent-forwarding port-forwarding pty user-rc x11-forwarding
debug1: Sending command: sudo shutdown -h now
debug1: channel 0: free: client-session, nchannels 1
Connection to 192.168.1.201 closed by remote host.
Transferred: sent 2608, received 2708 bytes, in 0.7 seconds
Bytes per second: sent 3952.3, received 4103.9
debug1: Exit status -1

2021-05-20 10:03:40,942 - Thu May 20 10:03:40 2021 - Scanning for devices. Please wait...
2021-05-20 10:03:40,942 - Thu May 20 10:03:40 2021 - Scanning: ['DRED1']
2021-05-20 10:03:41,072 - Thu May 20 10:03:41 2021 - Missing:  []
2021-05-20 10:03:41,072 - Thu May 20 10:03:41 2021 - Found:    ['DRED1']
2021-05-20 10:03:41,072 - Thu May 20 10:03:41 2021 - Select Device to operate with the drop down above...
2021-05-20 10:04:23,111 - Thu May 20 10:04:23 2021 - Please wait...
2021-05-20 10:05:03,551 - Thu May 20 10:05:03 2021 - Sound played successfully.
2021-05-20 10:05:44,681 - Thu May 20 10:05:44 2021 - Please wait...
2021-05-20 10:07:31,441 - Thu May 20 10:07:31 2021 - Scanning for devices. Please wait...
2021-05-20 10:07:31,441 - Thu May 20 10:07:31 2021 - Scanning: ['DRED1']
2021-05-20 10:07:31,571 - Thu May 20 10:07:31 2021 - Missing:  []
2021-05-20 10:07:31,571 - Thu May 20 10:07:31 2021 - Found:    ['DRED1']
2021-05-20 10:07:31,571 - Thu May 20 10:07:31 2021 - Select Device to operate with the drop down above...
2021-05-20 10:07:43,331 - Thu May 20 10:07:43 2021 - Please wait...
2021-05-20 10:08:25,220 - Thu May 20 10:08:25 2021 - Sound played successfully.
2021-05-20 10:25:13,227 - Thu May 20 10:25:13 2021 - Please wait...
2021-05-20 10:25:52,567 - Thu May 20 10:25:52 2021 - Sound played successfully.
2021-05-20 10:37:57,861 - Thu May 20 10:37:57 2021 - Please wait...
2021-05-20 10:38:37,264 - Thu May 20 10:38:37 2021 - Sound played successfully.
2021-05-20 10:47:21,737 - Thu May 20 10:47:21 2021 - 


2021-05-20 10:47:22,556 - Thu May 20 10:47:22 2021 - Scanning for devices. Please wait...
2021-05-20 10:47:22,556 - Thu May 20 10:47:22 2021 - Scanning: ['DRED1']
2021-05-20 10:47:25,662 - Thu May 20 10:47:25 2021 - Missing:  ['DRED1']
2021-05-20 10:47:25,662 - Thu May 20 10:47:25 2021 - Found:    []
2021-05-20 10:47:25,662 - Thu May 20 10:47:25 2021 - No DREDs loaded. Check Power and Wifi connections...
2021-05-20 10:48:11,426 - Thu May 20 10:48:11 2021 - Scanning for devices. Please wait...
2021-05-20 10:48:11,426 - Thu May 20 10:48:11 2021 - Scanning: ['DRED1']
2021-05-20 10:48:11,535 - Thu May 20 10:48:11 2021 - Missing:  []
2021-05-20 10:48:11,535 - Thu May 20 10:48:11 2021 - Found:    ['DRED1']
2021-05-20 10:48:11,535 - Thu May 20 10:48:11 2021 - Select Device to operate with the drop down above...
2021-05-20 10:50:47,808 - Thu May 20 10:50:47 2021 - Scanning for devices. Please wait...
2021-05-20 10:50:47,808 - Thu May 20 10:50:47 2021 - Scanning: ['DRED1']
2021-05-20 10:50:47,917 - Thu May 20 10:50:47 2021 - Missing:  []
2021-05-20 10:50:47,917 - Thu May 20 10:50:47 2021 - Found:    ['DRED1']
2021-05-20 10:50:47,917 - Thu May 20 10:50:47 2021 - Select Device to operate with the drop down above...
2021-05-20 10:51:17,215 - Thu May 20 10:51:17 2021 - DRED1


2021-05-20 10:54:28,072 - Thu May 20 10:54:28 2021 - Scanning for devices. Please wait...
2021-05-20 10:54:28,072 - Thu May 20 10:54:28 2021 - Scanning: ['DRED1']
2021-05-20 10:54:28,230 - Thu May 20 10:54:28 2021 - Missing:  []
2021-05-20 10:54:28,230 - Thu May 20 10:54:28 2021 - Found:    ['DRED1']
2021-05-20 10:54:28,230 - Thu May 20 10:54:28 2021 - Select Device to operate with the drop down above...
2021-05-20 10:54:56,245 - Thu May 20 10:54:56 2021 - DRED1


2021-05-20 10:56:22,437 - Thu May 20 10:56:22 2021 - Scanning for devices. Please wait...
2021-05-20 10:56:22,437 - Thu May 20 10:56:22 2021 - Scanning: ['DRED1']
2021-05-20 10:56:22,562 - Thu May 20 10:56:22 2021 - Missing:  []
2021-05-20 10:56:22,562 - Thu May 20 10:56:22 2021 - Found:    ['DRED1']
2021-05-20 10:56:22,562 - Thu May 20 10:56:22 2021 - Select Device to operate with the drop down above...
2021-05-20 10:56:27,451 - Thu May 20 10:56:27 2021 - Shutdown not successful
2021-05-20 10:57:48,022 - Thu May 20 10:57:48 2021 - Scanning for devices. Please wait...
2021-05-20 10:57:48,022 - Thu May 20 10:57:48 2021 - Scanning: ['DRED1']
2021-05-20 10:57:52,052 - Thu May 20 10:57:52 2021 - Missing:  []
2021-05-20 10:57:52,052 - Thu May 20 10:57:52 2021 - Found:    ['DRED1']
2021-05-20 10:57:52,052 - Thu May 20 10:57:52 2021 - Select Device to operate with the drop down above...
2021-05-20 10:58:00,967 - Thu May 20 10:58:00 2021 - Shutdown not successful
2021-05-20 11:10:54,911 - Thu May 20 11:10:54 2021 - Scanning for devices. Please wait...
2021-05-20 11:10:54,911 - Thu May 20 11:10:54 2021 - Scanning: ['DRED1']
2021-05-20 11:10:58,561 - Thu May 20 11:10:58 2021 - Missing:  []
2021-05-20 11:10:58,561 - Thu May 20 11:10:58 2021 - Found:    ['DRED1']
2021-05-20 11:10:58,561 - Thu May 20 11:10:58 2021 - Select Device to operate with the drop down above...
2021-05-20 11:11:16,161 - Thu May 20 11:11:16 2021 - Scanning for devices. Please wait...
2021-05-20 11:11:16,161 - Thu May 20 11:11:16 2021 - Scanning: ['DRED1']
2021-05-20 11:11:19,053 - Thu May 20 11:11:19 2021 - Missing:  ['DRED1']
2021-05-20 11:11:19,053 - Thu May 20 11:11:19 2021 - Found:    []
2021-05-20 11:11:19,053 - Thu May 20 11:11:19 2021 - No DREDs loaded. Check Power and Wifi connections...
2021-05-20 11:12:06,574 - Thu May 20 11:12:06 2021 - Scanning for devices. Please wait...
2021-05-20 11:12:06,574 - Thu May 20 11:12:06 2021 - Scanning: ['DRED1']
2021-05-20 11:12:06,622 - Thu May 20 11:12:06 2021 - Missing:  []
2021-05-20 11:12:06,622 - Thu May 20 11:12:06 2021 - Found:    ['DRED1']
2021-05-20 11:12:06,622 - Thu May 20 11:12:06 2021 - Select Device to operate with the drop down above...
2021-05-20 11:12:25,593 - Thu May 20 11:12:25 2021 - Scanning for devices. Please wait...
2021-05-20 11:12:25,593 - Thu May 20 11:12:25 2021 - Scanning: ['DRED1']
2021-05-20 11:12:29,557 - Thu May 20 11:12:29 2021 - Missing:  []
2021-05-20 11:12:29,557 - Thu May 20 11:12:29 2021 - Found:    ['DRED1']
2021-05-20 11:12:29,557 - Thu May 20 11:12:29 2021 - Select Device to operate with the drop down above...
2021-05-20 11:14:41,367 - Thu May 20 11:14:41 2021 - Scanning for devices. Please wait...
2021-05-20 11:14:41,367 - Thu May 20 11:14:41 2021 - Scanning: ['DRED1']
2021-05-20 11:14:45,046 - Thu May 20 11:14:45 2021 - Missing:  []
2021-05-20 11:14:45,046 - Thu May 20 11:14:45 2021 - Found:    ['DRED1']
2021-05-20 11:14:45,046 - Thu May 20 11:14:45 2021 - Select Device to operate with the drop down above...
2021-05-20 11:15:10,027 - Thu May 20 11:15:10 2021 - Shutdown not successful
2021-05-20 11:18:05,378 - Thu May 20 11:18:05 2021 - 


2021-05-20 11:18:06,203 - Thu May 20 11:18:06 2021 - Scanning for devices. Please wait...
2021-05-20 11:18:06,203 - Thu May 20 11:18:06 2021 - Scanning: ['DRED1']
2021-05-20 11:18:09,302 - Thu May 20 11:18:09 2021 - Missing:  ['DRED1']
2021-05-20 11:18:09,302 - Thu May 20 11:18:09 2021 - Found:    []
2021-05-20 11:18:09,302 - Thu May 20 11:18:09 2021 - No DREDs loaded. Check Power and Wifi connections...
2021-05-20 11:18:12,738 - Thu May 20 11:18:12 2021 - 


2021-05-20 11:18:19,510 - Thu May 20 11:18:19 2021 - Missing:  ['DRED1']
2021-05-20 11:18:19,510 - Thu May 20 11:18:19 2021 - Found:    []
2021-05-20 11:18:19,510 - Thu May 20 11:18:19 2021 - No DREDs loaded. Check Power and Wifi connections...
2021-05-20 11:19:01,814 - Thu May 20 11:19:01 2021 - Scanning for devices. Please wait...
2021-05-20 11:19:01,814 - Thu May 20 11:19:01 2021 - Scanning: ['DRED1']
2021-05-20 11:19:01,908 - Thu May 20 11:19:01 2021 - Missing:  []
2021-05-20 11:19:01,908 - Thu May 20 11:19:01 2021 - Found:    ['DRED1']
2021-05-20 11:19:01,908 - Thu May 20 11:19:01 2021 - Select Device to operate with the drop down above...
2021-05-20 11:19:09,730 - Thu May 20 11:19:09 2021 - DRED1


2021-05-20 11:19:18,661 - Thu May 20 11:19:18 2021 - Wed 29 Jul 2020 05:16:19 PM UTC

2021-05-20 11:22:35,898 - Thu May 20 11:22:35 2021 - Scanning for devices. Please wait...
2021-05-20 11:22:35,898 - Thu May 20 11:22:35 2021 - Scanning: ['DRED1']
2021-05-20 11:22:35,991 - Thu May 20 11:22:35 2021 - Missing:  []
2021-05-20 11:22:35,991 - Thu May 20 11:22:35 2021 - Found:    ['DRED1']
2021-05-20 11:22:35,991 - Thu May 20 11:22:35 2021 - Select Device to operate with the drop down above...
2021-05-20 11:23:03,294 - Thu May 20 11:23:03 2021 - Scanning for devices. Please wait...
2021-05-20 11:23:03,309 - Thu May 20 11:23:03 2021 - Scanning: ['DRED1']
2021-05-20 11:23:07,053 - Thu May 20 11:23:07 2021 - Missing:  []
2021-05-20 11:23:07,053 - Thu May 20 11:23:07 2021 - Found:    ['DRED1']
2021-05-20 11:23:07,053 - Thu May 20 11:23:07 2021 - Select Device to operate with the drop down above...
2021-05-20 11:23:29,172 - Thu May 20 11:23:29 2021 - Scanning for devices. Please wait...
2021-05-20 11:23:29,172 - Thu May 20 11:23:29 2021 - Scanning: ['DRED1']
2021-05-20 11:23:33,059 - Thu May 20 11:23:33 2021 - Missing:  []
2021-05-20 11:23:33,059 - Thu May 20 11:23:33 2021 - Found:    ['DRED1']
2021-05-20 11:23:33,059 - Thu May 20 11:23:33 2021 - Select Device to operate with the drop down above...
2021-05-20 11:23:57,555 - Thu May 20 11:23:57 2021 - DRED1Shutdown
2021-05-20 11:24:10,743 - Thu May 20 11:24:10 2021 - Scanning for devices. Please wait...
2021-05-20 11:24:10,743 - Thu May 20 11:24:10 2021 - Scanning: ['DRED1']
2021-05-20 11:24:13,843 - Thu May 20 11:24:13 2021 - Missing:  ['DRED1']
2021-05-20 11:24:13,843 - Thu May 20 11:24:13 2021 - Found:    []
2021-05-20 11:24:13,843 - Thu May 20 11:24:13 2021 - No DREDs loaded. Check Power and Wifi connections...
2021-05-20 11:34:44,831 - Thu May 20 11:34:44 2021 - Scanning for devices. Please wait...
2021-05-20 11:34:44,846 - Thu May 20 11:34:44 2021 - Scanning: ['DRED1']
2021-05-20 11:34:44,940 - Thu May 20 11:34:44 2021 - Missing:  []
2021-05-20 11:34:44,940 - Thu May 20 11:34:44 2021 - Found:    ['DRED1']
2021-05-20 11:34:44,940 - Thu May 20 11:34:44 2021 - Select Device to operate with the drop down above...
2021-05-20 11:40:18,221 - Thu May 20 11:40:18 2021 - DRED1


2021-05-20 11:41:20,050 - Thu May 20 11:41:20 2021 - Scanning for devices. Please wait...
2021-05-20 11:41:20,050 - Thu May 20 11:41:20 2021 - Scanning: ['DRED1']
2021-05-20 11:41:24,055 - Thu May 20 11:41:24 2021 - Missing:  []
2021-05-20 11:41:24,055 - Thu May 20 11:41:24 2021 - Found:    ['DRED1']
2021-05-20 11:41:24,055 - Thu May 20 11:41:24 2021 - Select Device to operate with the drop down above...
2021-05-20 11:41:48,616 - Thu May 20 11:41:48 2021 - ssh: connect to host 192.168.1.201 port 22: Connection timed out

2021-05-20 11:41:52,918 - Thu May 20 11:41:52 2021 - Scanning for devices. Please wait...
2021-05-20 11:41:52,918 - Thu May 20 11:41:52 2021 - Scanning: ['DRED1']
2021-05-20 11:41:56,545 - Thu May 20 11:41:56 2021 - Missing:  []
2021-05-20 11:41:56,545 - Thu May 20 11:41:56 2021 - Found:    ['DRED1']
2021-05-20 11:41:56,545 - Thu May 20 11:41:56 2021 - Select Device to operate with the drop down above...
2021-05-20 11:42:00,477 - Thu May 20 11:42:00 2021 - Please wait...
2021-05-20 11:42:21,552 - Thu May 20 11:42:21 2021 - DRED1

ssh: connect to host 192.168.1.201 port 22: Connection timed out

2021-05-20 11:43:01,071 - Thu May 20 11:43:01 2021 - DRED1


2021-05-25 13:30:56,371 - Tue May 25 13:30:56 2021 - Scanning for devices. Please wait...
2021-05-25 13:30:56,378 - Tue May 25 13:30:56 2021 - Scanning: ['DRED1']
2021-05-25 13:30:56,436 - Tue May 25 13:30:56 2021 - Missing:  []
2021-05-25 13:30:56,436 - Tue May 25 13:30:56 2021 - Found:    ['DRED1']
2021-05-25 13:30:56,436 - Tue May 25 13:30:56 2021 - Select Device to operate with the drop down above...
2021-05-25 13:31:08,486 - Tue May 25 13:31:08 2021 - Please wait...
2021-05-25 13:32:29,505 - Tue May 25 13:32:29 2021 - Sound played successfully.
2021-05-25 14:15:06,856 - Tue May 25 14:15:06 2021 - DRED1 Shutdown successfully
2021-05-27 11:21:05,019 - Thu May 27 11:21:05 2021 - 


2021-05-27 11:21:17,439 - Thu May 27 11:21:17 2021 - 


2021-05-27 11:21:17,469 - Thu May 27 11:21:17 2021 - Scanning for devices. Please wait...
2021-05-27 11:21:17,469 - Thu May 27 11:21:17 2021 - Scanning: ['DRED1']
2021-05-27 11:21:17,498 - Thu May 27 11:21:17 2021 - Missing:  []
2021-05-27 11:21:17,498 - Thu May 27 11:21:17 2021 - Found:    ['DRED1']
2021-05-27 11:21:17,498 - Thu May 27 11:21:17 2021 - Select Device to operate with the drop down above...
2021-05-27 11:21:17,509 - Thu May 27 11:21:17 2021 - Scanning for devices. Please wait...
2021-05-27 11:21:17,509 - Thu May 27 11:21:17 2021 - Scanning: ['DRED1']
2021-05-27 11:21:17,529 - Thu May 27 11:21:17 2021 - Missing:  []
2021-05-27 11:21:17,529 - Thu May 27 11:21:17 2021 - Found:    ['DRED1']
2021-05-27 11:21:17,529 - Thu May 27 11:21:17 2021 - Select Device to operate with the drop down above...
2021-05-27 11:24:07,600 - Thu May 27 11:24:07 2021 - Scanning for devices. Please wait...
2021-05-27 11:24:07,600 - Thu May 27 11:24:07 2021 - Scanning: ['DRED1']
2021-05-27 11:24:07,668 - Thu May 27 11:24:07 2021 - Missing:  []
2021-05-27 11:24:07,668 - Thu May 27 11:24:07 2021 - Found:    ['DRED1']
2021-05-27 11:24:07,668 - Thu May 27 11:24:07 2021 - Select Device to operate with the drop down above...
2021-05-27 11:27:07,078 - Thu May 27 11:27:07 2021 - DRED1


2021-05-27 12:39:54,203 - Thu May 27 12:39:54 2021 - Please wait...
2021-05-27 12:41:05,882 - Thu May 27 12:41:05 2021 - Sound played successfully.
2021-05-27 12:55:19,169 - Thu May 27 12:55:19 2021 - Scanning for devices. Please wait...
2021-05-27 12:55:19,179 - Thu May 27 12:55:19 2021 - Scanning: ['TB1', 'TB2', 'TB3', 'TB4']
2021-05-27 12:55:31,189 - Thu May 27 12:55:31 2021 - Missing:  ['TB1', 'TB2', 'TB3', 'TB4']
2021-05-27 12:55:31,189 - Thu May 27 12:55:31 2021 - Found:    []
2021-05-27 12:55:31,189 - Thu May 27 12:55:31 2021 - Select Device to operate with the drop down above...
2021-05-27 12:55:31,189 - Thu May 27 12:55:31 2021 - No Tough Buckets loaded. Check Power and Wifi connections...
2021-05-27 12:56:05,369 - Thu May 27 12:56:05 2021 - Scanning for devices. Please wait...
2021-05-27 12:56:05,369 - Thu May 27 12:56:05 2021 - Scanning: ['TB1', 'TB2', 'TB3', 'TB4']
2021-05-27 12:56:14,179 - Thu May 27 12:56:14 2021 - Missing:  ['TB1', 'TB3', 'TB4']
2021-05-27 12:56:14,179 - Thu May 27 12:56:14 2021 - Found:    ['TB2']
2021-05-27 12:56:14,179 - Thu May 27 12:56:14 2021 - Select Device to operate with the drop down above...
2021-05-27 12:56:31,359 - Thu May 27 12:56:31 2021 - TB2

Device can interface.
GSM is active protocol.
SIM card is functional.
IMEI Number: 
860041044172552

2021-05-27 12:56:56,229 - Thu May 27 12:56:56 2021 - TB2

AT+CMEE=2
OK
AT+CMGDA="DEL ALL"
+CMS ERROR: invalid input value
AT+CMGF=1
OK

UNDER-VOLTAGE WARNNING
AT+CMGS="+18503980372"
> Hello
> 

2021-05-27 12:57:12,389 - Thu May 27 12:57:12 2021 - Scanning for devices. Please wait...
2021-05-27 12:57:12,389 - Thu May 27 12:57:12 2021 - Scanning: ['TB1', 'TB2', 'TB3', 'TB4']
2021-05-27 12:57:15,179 - Thu May 27 12:57:15 2021 - Missing:  ['TB3', 'TB4']
2021-05-27 12:57:15,179 - Thu May 27 12:57:15 2021 - Found:    ['TB1', 'TB2']
2021-05-27 12:57:15,179 - Thu May 27 12:57:15 2021 - Select Device to operate with the drop down above...
2021-06-02 13:01:53,855 - Wed Jun  2 13:01:53 2021 - Scanning for devices. Please wait...
2021-06-02 13:01:53,856 - Wed Jun  2 13:01:53 2021 - Scanning: ['DRED1']
2021-06-02 13:01:53,986 - Wed Jun  2 13:01:53 2021 - Missing:  []
2021-06-02 13:01:53,986 - Wed Jun  2 13:01:53 2021 - Found:    ['DRED1']
2021-06-02 13:01:53,986 - Wed Jun  2 13:01:53 2021 - Select Device to operate with the drop down above...
2021-06-02 13:02:01,866 - Wed Jun  2 13:02:01 2021 - Please wait...
2021-06-02 13:02:44,111 - Wed Jun  2 13:02:44 2021 - Sound played successfully.
2021-06-02 13:03:47,896 - Wed Jun  2 13:03:47 2021 - DRED1 Shutdown successfully
2021-06-02 14:08:03,772 - Wed Jun  2 14:08:03 2021 - Scanning for devices. Please wait...
2021-06-02 14:08:03,772 - Wed Jun  2 14:08:03 2021 - Scanning: ['DRED1']
2021-06-02 14:08:06,503 - Wed Jun  2 14:08:06 2021 - Missing:  ['DRED1']
2021-06-02 14:08:06,503 - Wed Jun  2 14:08:06 2021 - Found:    []
2021-06-02 14:08:06,503 - Wed Jun  2 14:08:06 2021 - No DREDs loaded. Check Power and Wifi connections...
2021-06-02 14:08:11,082 - Wed Jun  2 14:08:11 2021 - Scanning for devices. Please wait...
2021-06-02 14:08:11,082 - Wed Jun  2 14:08:11 2021 - Scanning: ['DRED1']
2021-06-02 14:08:14,003 - Wed Jun  2 14:08:14 2021 - Missing:  ['DRED1']
2021-06-02 14:08:14,003 - Wed Jun  2 14:08:14 2021 - Found:    []
2021-06-02 14:08:14,003 - Wed Jun  2 14:08:14 2021 - No DREDs loaded. Check Power and Wifi connections...
2021-06-02 14:08:35,273 - Wed Jun  2 14:08:35 2021 - Scanning for devices. Please wait...
2021-06-02 14:08:35,282 - Wed Jun  2 14:08:35 2021 - Scanning: ['DRED1']
2021-06-02 14:08:35,382 - Wed Jun  2 14:08:35 2021 - Missing:  []
2021-06-02 14:08:35,382 - Wed Jun  2 14:08:35 2021 - Found:    ['DRED1']
2021-06-02 14:08:35,382 - Wed Jun  2 14:08:35 2021 - Select Device to operate with the drop down above...
2021-06-02 14:08:47,012 - Wed Jun  2 14:08:47 2021 - Please wait...
2021-06-02 14:09:29,272 - Wed Jun  2 14:09:29 2021 - Sound played successfully.
2021-06-02 15:35:01,219 - Wed Jun  2 15:35:01 2021 - Please wait...
2021-06-02 15:35:41,574 - Wed Jun  2 15:35:41 2021 - Sound played successfully.
2021-06-02 15:43:13,463 - Wed Jun  2 15:43:13 2021 - DRED1 Shutdown successfully
2021-06-24 11:22:37,334 - Thu Jun 24 11:22:37 2021 - Playing first sound in queue.
2021-06-24 11:22:37,421 - Thu Jun 24 11:22:37 2021 - 

ssh: connect to host 0.0.0.0 port 22: Unknown error

2021-06-24 11:22:37,421 - Thu Jun 24 11:22:37 2021 - Playing next sound in queue
2021-06-24 11:22:37,460 - Thu Jun 24 11:22:37 2021 - 

ssh: connect to host 0.0.0.0 port 22: Unknown error

2021-06-24 11:22:37,460 - Thu Jun 24 11:22:37 2021 - Playing next sound in queue
2021-06-24 11:22:37,478 - Thu Jun 24 11:22:37 2021 - 

ssh: connect to host 0.0.0.0 port 22: Unknown error

2021-06-24 11:22:37,478 - Thu Jun 24 11:22:37 2021 - Playing next sound in queue
2021-06-28 09:30:03,853 - Mon Jun 28 09:30:03 2021 - 


2021-06-29 11:24:13,857 - Tue Jun 29 11:24:13 2021 - Scanning for devices. Please wait...
2021-06-29 11:24:13,863 - Tue Jun 29 11:24:13 2021 - Scanning: ['DRED1']
2021-06-29 11:24:16,556 - Tue Jun 29 11:24:16 2021 - Missing:  ['DRED1']
2021-06-29 11:24:16,556 - Tue Jun 29 11:24:16 2021 - Found:    []
2021-06-29 11:24:16,556 - Tue Jun 29 11:24:16 2021 - No DREDs loaded. Check Power and Wifi connections...
2021-06-29 11:25:33,694 - Tue Jun 29 11:25:33 2021 - 


2021-07-07 08:30:29,333 - Wed Jul  7 08:30:29 2021 - Scanning for devices. Please wait...
2021-07-07 08:30:29,338 - Wed Jul  7 08:30:29 2021 - Scanning: ['DRED1']
2021-07-07 08:30:32,421 - Wed Jul  7 08:30:32 2021 - Missing:  ['DRED1']
2021-07-07 08:30:32,421 - Wed Jul  7 08:30:32 2021 - Found:    []
2021-07-07 08:30:32,421 - Wed Jul  7 08:30:32 2021 - No DREDs loaded. Check Power and Wifi connections...
2021-07-07 08:33:57,976 - Wed Jul  7 08:33:57 2021 - Scanning for devices. Please wait...
2021-07-07 08:33:57,976 - Wed Jul  7 08:33:57 2021 - Scanning: ['TB1', 'TB2', 'TB3', 'TB4']
2021-07-07 08:34:09,915 - Wed Jul  7 08:34:09 2021 - Missing:  ['TB1', 'TB2', 'TB3', 'TB4']
2021-07-07 08:34:09,915 - Wed Jul  7 08:34:09 2021 - Found:    []
2021-07-07 08:34:09,915 - Wed Jul  7 08:34:09 2021 - Select Device to operate with the drop down above...
2021-07-07 08:34:09,915 - Wed Jul  7 08:34:09 2021 - No Tough Buckets loaded. Check Power and Wifi connections...
2021-07-07 08:36:10,348 - Wed Jul  7 08:36:10 2021 - Please wait...
2021-07-07 08:36:10,437 - Wed Jul  7 08:36:10 2021 - 

ssh: connect to host 0.0.0.0 port 22: Unknown error

2021-07-07 08:36:30,361 - Wed Jul  7 08:36:30 2021 - 


2021-07-07 08:36:33,266 - Wed Jul  7 08:36:33 2021 - ssh: connect to host 0.0.0.0 port 22: Unknown error

2021-07-08 08:30:31,152 - Thu Jul  8 08:30:31 2021 - Scanning for devices. Please wait...
2021-07-08 08:30:31,155 - Thu Jul  8 08:30:31 2021 - Scanning: ['DRED1']
2021-07-08 08:30:33,914 - Thu Jul  8 08:30:33 2021 - Missing:  ['DRED1']
2021-07-08 08:30:33,914 - Thu Jul  8 08:30:33 2021 - Found:    []
2021-07-08 08:30:33,914 - Thu Jul  8 08:30:33 2021 - No DREDs loaded. Check Power and Wifi connections...
2021-07-08 08:52:57,892 - Thu Jul  8 08:52:57 2021 - Please wait...
2021-07-08 08:52:57,953 - Thu Jul  8 08:52:57 2021 - 

ssh: connect to host 0.0.0.0 port 22: Unknown error

2021-07-08 09:27:28,785 - Thu Jul  8 09:27:28 2021 - Scanning for devices. Please wait...
2021-07-08 09:27:28,785 - Thu Jul  8 09:27:28 2021 - Scanning: ['DRED1']
2021-07-08 09:27:28,879 - Thu Jul  8 09:27:28 2021 - Missing:  []
2021-07-08 09:27:28,879 - Thu Jul  8 09:27:28 2021 - Found:    ['DRED1']
2021-07-08 09:27:28,879 - Thu Jul  8 09:27:28 2021 - Select Device to operate with the drop down above...
2021-07-08 09:28:45,707 - Thu Jul  8 09:28:45 2021 - Scanning for devices. Please wait...
2021-07-08 09:28:45,707 - Thu Jul  8 09:28:45 2021 - Scanning: ['DRED1']
2021-07-08 09:28:45,787 - Thu Jul  8 09:28:45 2021 - Missing:  []
2021-07-08 09:28:45,787 - Thu Jul  8 09:28:45 2021 - Found:    ['DRED1']
2021-07-08 09:28:45,787 - Thu Jul  8 09:28:45 2021 - Select Device to operate with the drop down above...
2021-07-08 09:28:47,958 - Thu Jul  8 09:28:47 2021 - DRED1

OpenSSH_for_Windows_7.7p1, LibreSSL 3.0.2
debug1: Connecting to 0.0.0.0 [0.0.0.0] port 22.
debug1: connect to address 0.0.0.0 port 22: Unknown error
ssh: connect to host 0.0.0.0 port 22: Unknown error

2021-07-08 09:28:59,195 - Thu Jul  8 09:28:59 2021 - Please wait...
2021-07-08 09:30:20,225 - Thu Jul  8 09:30:20 2021 - Sound played successfully.
2021-07-08 09:30:23,280 - Thu Jul  8 09:30:23 2021 - DRED1

OpenSSH_for_Windows_7.7p1, LibreSSL 3.0.2
debug1: Connecting to 0.0.0.0 [0.0.0.0] port 22.
debug1: connect to address 0.0.0.0 port 22: Unknown error
ssh: connect to host 0.0.0.0 port 22: Unknown error

2021-07-08 09:30:25,361 - Thu Jul  8 09:30:25 2021 - DRED1

OpenSSH_for_Windows_7.7p1, LibreSSL 3.0.2
debug1: Connecting to 0.0.0.0 [0.0.0.0] port 22.
debug1: connect to address 0.0.0.0 port 22: Unknown error
ssh: connect to host 0.0.0.0 port 22: Unknown error

2021-07-08 09:30:32,299 - Thu Jul  8 09:30:32 2021 - DRED1

OpenSSH_for_Windows_7.7p1, LibreSSL 3.0.2
debug1: Connecting to 0.0.0.0 [0.0.0.0] port 22.
debug1: connect to address 0.0.0.0 port 22: Unknown error
ssh: connect to host 0.0.0.0 port 22: Unknown error

2021-07-08 09:30:55,958 - Thu Jul  8 09:30:55 2021 - Scanning for devices. Please wait...
2021-07-08 09:30:55,958 - Thu Jul  8 09:30:55 2021 - Scanning: ['DRED1']
2021-07-08 09:30:56,052 - Thu Jul  8 09:30:56 2021 - Missing:  []
2021-07-08 09:30:56,052 - Thu Jul  8 09:30:56 2021 - Found:    ['DRED1']
2021-07-08 09:30:56,052 - Thu Jul  8 09:30:56 2021 - Select Device to operate with the drop down above...
2021-07-08 09:30:58,126 - Thu Jul  8 09:30:58 2021 - DRED1

OpenSSH_for_Windows_7.7p1, LibreSSL 3.0.2
debug1: Connecting to 0.0.0.0 [0.0.0.0] port 22.
debug1: connect to address 0.0.0.0 port 22: Unknown error
ssh: connect to host 0.0.0.0 port 22: Unknown error

2021-07-08 09:31:09,407 - Thu Jul  8 09:31:09 2021 - DRED1

OpenSSH_for_Windows_7.7p1, LibreSSL 3.0.2
debug1: Connecting to 0.0.0.0 [0.0.0.0] port 22.
debug1: connect to address 0.0.0.0 port 22: Unknown error
ssh: connect to host 0.0.0.0 port 22: Unknown error

2021-07-08 09:32:03,894 - Thu Jul  8 09:32:03 2021 - Scanning for devices. Please wait...
2021-07-08 09:32:03,894 - Thu Jul  8 09:32:03 2021 - Scanning: ['DRED1']
2021-07-08 09:32:03,987 - Thu Jul  8 09:32:03 2021 - Missing:  []
2021-07-08 09:32:03,987 - Thu Jul  8 09:32:03 2021 - Found:    ['DRED1']
2021-07-08 09:32:03,987 - Thu Jul  8 09:32:03 2021 - Select Device to operate with the drop down above...
2021-07-08 09:32:05,860 - Thu Jul  8 09:32:05 2021 - DRED1

OpenSSH_for_Windows_7.7p1, LibreSSL 3.0.2
debug1: Connecting to 0.0.0.0 [0.0.0.0] port 22.
debug1: connect to address 0.0.0.0 port 22: Unknown error
ssh: connect to host 0.0.0.0 port 22: Unknown error

2021-07-08 09:32:28,999 - Thu Jul  8 09:32:28 2021 - Scanning for devices. Please wait...
2021-07-08 09:32:29,001 - Thu Jul  8 09:32:29 2021 - Scanning: ['DRED1']
2021-07-08 09:32:29,101 - Thu Jul  8 09:32:29 2021 - Missing:  []
2021-07-08 09:32:29,101 - Thu Jul  8 09:32:29 2021 - Found:    ['DRED1']
2021-07-08 09:32:29,101 - Thu Jul  8 09:32:29 2021 - Select Device to operate with the drop down above...
2021-07-08 09:32:32,314 - Thu Jul  8 09:32:32 2021 - DRED1

OpenSSH_for_Windows_7.7p1, LibreSSL 3.0.2
debug1: Connecting to 0.0.0.0 [0.0.0.0] port 22.
debug1: connect to address 0.0.0.0 port 22: Unknown error
ssh: connect to host 0.0.0.0 port 22: Unknown error

2021-07-08 09:32:34,995 - Thu Jul  8 09:32:34 2021 - DRED1

OpenSSH_for_Windows_7.7p1, LibreSSL 3.0.2
debug1: Connecting to 0.0.0.0 [0.0.0.0] port 22.
debug1: connect to address 0.0.0.0 port 22: Unknown error
ssh: connect to host 0.0.0.0 port 22: Unknown error

2021-07-08 09:33:00,107 - Thu Jul  8 09:33:00 2021 - Scanning for devices. Please wait...
2021-07-08 09:33:00,107 - Thu Jul  8 09:33:00 2021 - Scanning: ['DRED1']
2021-07-08 09:33:00,216 - Thu Jul  8 09:33:00 2021 - Missing:  []
2021-07-08 09:33:00,216 - Thu Jul  8 09:33:00 2021 - Found:    ['DRED1']
2021-07-08 09:33:00,216 - Thu Jul  8 09:33:00 2021 - Select Device to operate with the drop down above...
2021-07-08 09:33:02,332 - Thu Jul  8 09:33:02 2021 - DRED1

backupcron
cpu_temp.log
createmycron.sh
crelay
Desktop
Documents
Downloads
getjobs.sh
MagPi
Music
mycron
mycron2
myreplacecron
Pictures
Public
README.md.save
removejob.py
replacecron.sh
shutdown.py
Templates
testfile
Videos
OpenSSH_for_Windows_7.7p1, LibreSSL 3.0.2
debug1: Connecting to 192.168.1.201 [192.168.1.201] port 22.
debug1: Connection established.
debug1: identity file C:\\Users\\falcon/.ssh/id_rsa type 0
debug1: key_load_public: No such file or directory
debug1: identity file C:\\Users\\falcon/.ssh/id_rsa-cert type -1
debug1: key_load_public: No such file or directory
debug1: identity file C:\\Users\\falcon/.ssh/id_dsa type -1
debug1: key_load_public: No such file or directory
debug1: identity file C:\\Users\\falcon/.ssh/id_dsa-cert type -1
debug1: key_load_public: No such file or directory
debug1: identity file C:\\Users\\falcon/.ssh/id_ecdsa type -1
debug1: key_load_public: No such file or directory
debug1: identity file C:\\Users\\falcon/.ssh/id_ecdsa-cert type -1
debug1: key_load_public: No such file or directory
debug1: identity file C:\\Users\\falcon/.ssh/id_ed25519 type -1
debug1: key_load_public: No such file or directory
debug1: identity file C:\\Users\\falcon/.ssh/id_ed25519-cert type -1
debug1: key_load_public: No such file or directory
debug1: identity file C:\\Users\\falcon/.ssh/id_xmss type -1
debug1: key_load_public: No such file or directory
debug1: identity file C:\\Users\\falcon/.ssh/id_xmss-cert type -1
debug1: Local version string SSH-2.0-OpenSSH_for_Windows_7.7
debug1: Remote protocol version 2.0, remote software version OpenSSH_7.9p1 Raspbian-10+deb10u1
debug1: match: OpenSSH_7.9p1 Raspbian-10+deb10u1 pat OpenSSH* compat 0x04000000
debug1: Authenticating to 192.168.1.201:22 as 'pi'
debug1: SSH2_MSG_KEXINIT sent
debug1: SSH2_MSG_KEXINIT received
debug1: kex: algorithm: curve25519-sha256
debug1: kex: host key algorithm: ecdsa-sha2-nistp256
debug1: kex: server->client cipher: chacha20-poly1305@openssh.com MAC: <implicit> compression: none
debug1: kex: client->server cipher: chacha20-poly1305@openssh.com MAC: <implicit> compression: none
debug1: expecting SSH2_MSG_KEX_ECDH_REPLY
debug1: Server host key: ecdsa-sha2-nistp256 SHA256:HvyfzWFg1xmPoPxCfYPCXy/APhKwcKiu6NAcOydYOms
debug1: Host '192.168.1.201' is known and matches the ECDSA host key.
debug1: Found key in C:\\Users\\falcon/.ssh/known_hosts:15
debug1: rekey after 134217728 blocks
debug1: SSH2_MSG_NEWKEYS sent
debug1: expecting SSH2_MSG_NEWKEYS
debug1: SSH2_MSG_NEWKEYS received
debug1: rekey after 134217728 blocks
debug1: pubkey_prepare: ssh_get_authentication_socket: No such file or directory
debug1: SSH2_MSG_EXT_INFO received
debug1: kex_input_ext_info: server-sig-algs=<ssh-ed25519,ssh-rsa,rsa-sha2-256,rsa-sha2-512,ssh-dss,ecdsa-sha2-nistp256,ecdsa-sha2-nistp384,ecdsa-sha2-nistp521>
debug1: SSH2_MSG_SERVICE_ACCEPT received
debug1: Authentications that can continue: publickey,password
debug1: Next authentication method: publickey
debug1: Offering public key: RSA SHA256:cM48qq6gMMBQjXWDPzkvnOJzibpfMzzHPPfQKatFuD4 C:\\Users\\falcon/.ssh/id_rsa
debug1: Server accepts key: pkalg rsa-sha2-512 blen 279
debug1: Authentication succeeded (publickey).
Authenticated to 192.168.1.201 ([192.168.1.201]:22).
debug1: channel 0: new [client-session]
debug1: Requesting no-more-sessions@openssh.com
debug1: Entering interactive session.
debug1: pledge: network
debug1: client_input_global_request: rtype hostkeys-00@openssh.com want_reply 0
debug1: Remote: /home/pi/.ssh/authorized_keys:1: key options: agent-forwarding port-forwarding pty user-rc x11-forwarding
debug1: Remote: /home/pi/.ssh/authorized_keys:1: key options: agent-forwarding port-forwarding pty user-rc x11-forwarding
debug1: Sending command:  ls
debug1: client_input_channel_req: channel 0 rtype exit-status reply 0
debug1: client_input_channel_req: channel 0 rtype eow@openssh.com reply 0
debug1: channel 0: free: client-session, nchannels 1
Transferred: sent 2612, received 3064 bytes, in 0.2 seconds
Bytes per second: sent 10708.6, received 12561.7
debug1: Exit status 0

2021-07-08 09:33:38,133 - Thu Jul  8 09:33:38 2021 - Scanning for devices. Please wait...
2021-07-08 09:33:38,133 - Thu Jul  8 09:33:38 2021 - Scanning: ['DRED1']
2021-07-08 09:33:38,243 - Thu Jul  8 09:33:38 2021 - Missing:  []
2021-07-08 09:33:38,243 - Thu Jul  8 09:33:38 2021 - Found:    ['DRED1']
2021-07-08 09:33:38,243 - Thu Jul  8 09:33:38 2021 - Select Device to operate with the drop down above...
2021-07-08 09:33:40,763 - Thu Jul  8 09:33:40 2021 - DRED1

backupcron
cpu_temp.log
createmycron.sh
crelay
Desktop
Documents
Downloads
getjobs.sh
MagPi
Music
mycron
mycron2
myreplacecron
Pictures
Public
README.md.save
removejob.py
replacecron.sh
shutdown.py
Templates
testfile
Videos

2021-07-08 09:34:41,011 - Thu Jul  8 09:34:41 2021 - DRED1


2021-07-08 09:35:36,837 - Thu Jul  8 09:35:36 2021 - Scanning for devices. Please wait...
2021-07-08 09:35:36,852 - Thu Jul  8 09:35:36 2021 - Scanning: ['DRED1']
2021-07-08 09:35:36,930 - Thu Jul  8 09:35:36 2021 - Missing:  []
2021-07-08 09:35:36,930 - Thu Jul  8 09:35:36 2021 - Found:    ['DRED1']
2021-07-08 09:35:36,930 - Thu Jul  8 09:35:36 2021 - Select Device to operate with the drop down above...
2021-07-08 09:35:39,053 - Thu Jul  8 09:35:39 2021 - DRED1

FM_TX.grc
grelay1off.py
grelay1on.py
grelay2off.py
grelay2on.py
nbfm_138900_5w_hunting_0045.py
nbfm_140100_5w_hunting_0045.py
nbfm_140100_5w_s01_0112.py
nbfm_140100_5w_s04_0033.py
nbfm_140100_5w_s05_0053.py
nbfm_140100_5w_s06_0031.py
nbfm_140100_5w_s08_0027.py
nbfm_140100_5w_s09_0103.py
nbfm_140100_5w_s10_0132.py
nbfm_140100_5w_s11_0038.py
nbfm_140100_5w_s12_0116.py
nbfm_140100_5w_s13_0102.py
nbfm_140100_5w_s14_0059.py
nbfm_140100_5w_s15_0114.py
nbfm_140100_5w_s16_0125.py
nbfm_140100_5w_s17_0139.py
nbfm_140100_5w_s18_0041.py
nbfm_140100_5w_s19_0230.py
nbfm_140100_5w_s20_0131.py
nbfm_140100_5w_s21_0054.py
nbfm_140100_5w_s22_0232.py
nbfm_140100_5w_s23_0204.py
nbfm_140100_5w_s24_0200.py
nbfm_140100_5w_s25_0104.py
nbfm_140100_5w_s26_0203.py
nbfm_140100_5w_s27_0135.py
nbfm_140100_5w_s28_0342.py
nbfm_140100_5w_s29_0055.py
nbfm_140100_5w_s30_1020.py
nbfm_140100_5w_s31_0107.py
nbfm_140100_5w_s32_0308.py
nbfm_140100_5w_s33_0219.py
nbfm_140100_5w_s34_0223.py
nbfm_140100_5w_s35_0125.py
nbfm_140100_5w_s36_0230.py
nbfm_140100_5w_s37_0203.py
nbfm_140100_5w_s38_0123.py
nbfm_140100_5w_s39_0238.py
nbfm_140100_5w_s40_0238.py
nbfm_140100_5w_s41_0223.py
nbfm_140100_5w_s42_0140.py
nbfm_140100_5w_s43_0135.py
nbfm_140100_5w_s44_0229.py
nbfm_140100_5w_s45_2532.py
nbfm_140100_5w_s46_0201.py
nbfm_140100_5w_s47_0339.py
nbfm_140100_5w_s48_0202.py
nbfm_140100_5w_s49_0102.py
nbfm_140100_5w_s50_0202.py
nbfm_140100_5w_s51_0344.py
nbfm_140100_5w_s52_0229.py
nbfm_140100_5w_s53_0304.py
nbfm_140100_5w_s54_0305.py
nbfm_140100_5w_s55_0311.py
nbfm_140100_5w_s56_0209.py
nbfm_140100_5w_s57_0212.py
nbfm_140100_5w_s58_0150.py
nbfm_140100_5w_s59_0335.py
nbfm_140100_5w_s60_0204.py
nbfm_140100_5w_s61_0445.py
nbfm_140100_5w_s62_0151.py
nbfm_140100_5w_s63_0202.py
nbfm_140100_5w_s64_0153.py
nbfm_140100_5w_s65_0255.py
nbfm_140100_5w_s66_0150.py
nbfm_140100_5w_s67_0112.py
nbfm_140100_5w_testsound_0016.py
nbfm_140125_5w_s01_0112.py
nbfm_140125_5w_s04_0033.py
nbfm_140125_5w_s05_0053.py
nbfm_140125_5w_s06_0031.py
nbfm_140125_5w_s08_0027.py
nbfm_140125_5w_s09_0103.py
nbfm_140125_5w_s10_0132.py
nbfm_140125_5w_s11_0038.py
nbfm_140125_5w_s12_0116.py
nbfm_140125_5w_s13_0102.py
nbfm_140125_5w_s14_0059.py
nbfm_140125_5w_s15_0114.py
nbfm_140125_5w_s16_0125.py
nbfm_140125_5w_s17_0139.py
nbfm_140125_5w_s18_0041.py
nbfm_140125_5w_s19_0230.py
nbfm_140125_5w_s20_0131.py
nbfm_140125_5w_s21_0054.py
nbfm_140125_5w_s22_0232.py
nbfm_140125_5w_s23_0204.py
nbfm_140125_5w_s24_0200.py
nbfm_140125_5w_s25_0104.py
nbfm_140125_5w_s26_0203.py
nbfm_140125_5w_s27_0135.py
nbfm_140125_5w_s28_0342.py
nbfm_140125_5w_s29_0055.py
nbfm_140125_5w_s30_1020.py
nbfm_140125_5w_s31_0107.py
nbfm_140125_5w_s32_0308.py
nbfm_140125_5w_s33_0219.py
nbfm_140125_5w_s34_0223.py
nbfm_140125_5w_s35_0125.py
nbfm_140125_5w_s36_0230.py
nbfm_140125_5w_s37_0203.py
nbfm_140125_5w_s38_0123.py
nbfm_140125_5w_s39_0238.py
nbfm_140125_5w_s40_0238.py
nbfm_140125_5w_s41_0223.py
nbfm_140125_5w_s42_0140.py
nbfm_140125_5w_s43_0135.py
nbfm_140125_5w_s44_0229.py
nbfm_140125_5w_s45_2532.py
nbfm_140125_5w_s46_0201.py
nbfm_140125_5w_s47_0339.py
nbfm_140125_5w_s48_0202.py
nbfm_140125_5w_s49_0102.py
nbfm_140125_5w_s50_0202.py
nbfm_140125_5w_s51_0344.py
nbfm_140125_5w_s52_0229.py
nbfm_140125_5w_s53_0304.py
nbfm_140125_5w_s54_0305.py
nbfm_140125_5w_s55_0311.py
nbfm_140125_5w_s56_0209.py
nbfm_140125_5w_s57_0212.py
nbfm_140125_5w_s58_0150.py
nbfm_140125_5w_s59_0335.py
nbfm_140125_5w_s60_0204.py
nbfm_140125_5w_s61_0445.py
nbfm_140125_5w_s62_0151.py
nbfm_140125_5w_s63_0202.py
nbfm_140125_5w_s64_0153.py
nbfm_140125_5w_s65_0255.py
nbfm_140125_5w_s66_0150.py
nbfm_140125_5w_s67_0112.py
nbfm_167700_5w_s01_0112.py
nbfm_167700_5w_s04_0033.py
nbfm_167700_5w_s05_0053.py
nbfm_167700_5w_s06_0031.py
nbfm_167700_5w_s08_0027.py
nbfm_167700_5w_s09_0103.py
nbfm_167700_5w_s10_0132.py
nbfm_167700_5w_s11_0038.py
nbfm_167700_5w_s12_0116.py
nbfm_167700_5w_s13_0102.py
nbfm_167700_5w_s14_0059.py
nbfm_167700_5w_s15_0114.py
nbfm_167700_5w_s16_0125.py
nbfm_167700_5w_s17_0139.py
nbfm_167700_5w_s18_0041.py
nbfm_167700_5w_s19_0230.py
nbfm_167700_5w_s20_0131.py
nbfm_167700_5w_s21_0054.py
nbfm_167700_5w_s22_0232.py
nbfm_167700_5w_s23_0204.py
nbfm_167700_5w_s24_0200.py
nbfm_167700_5w_s25_0104.py
nbfm_167700_5w_s26_0203.py
nbfm_167700_5w_s27_0135.py
nbfm_167700_5w_s28_0342.py
nbfm_167700_5w_s29_0055.py
nbfm_167700_5w_s30_1020.py
nbfm_167700_5w_s31_0107.py
nbfm_167700_5w_s32_0308.py
nbfm_167700_5w_s33_0219.py
nbfm_167700_5w_s34_0223.py
nbfm_167700_5w_s35_0125.py
nbfm_167700_5w_s36_0230.py
nbfm_167700_5w_s37_0203.py
nbfm_167700_5w_s38_0123.py
nbfm_167700_5w_s39_0238.py
nbfm_167700_5w_s40_0238.py
nbfm_167700_5w_s41_0223.py
nbfm_167700_5w_s42_0140.py
nbfm_167700_5w_s43_0135.py
nbfm_167700_5w_s44_0229.py
nbfm_167700_5w_s45_2532.py
nbfm_167700_5w_s46_0201.py
nbfm_167700_5w_s47_0339.py
nbfm_167700_5w_s48_0202.py
nbfm_167700_5w_s49_0102.py
nbfm_167700_5w_s50_0202.py
nbfm_167700_5w_s51_0344.py
nbfm_167700_5w_s52_0229.py
nbfm_167700_5w_s53_0304.py
nbfm_167700_5w_s54_0305.py
nbfm_167700_5w_s55_0311.py
nbfm_167700_5w_s56_0209.py
nbfm_167700_5w_s57_0212.py
nbfm_167700_5w_s58_0150.py
nbfm_167700_5w_s59_0335.py
nbfm_167700_5w_s60_0204.py
nbfm_167700_5w_s61_0445.py
nbfm_167700_5w_s62_0151.py
nbfm_167700_5w_s63_0202.py
nbfm_167700_5w_s64_0153.py
nbfm_167700_5w_s65_0255.py
nbfm_167700_5w_s66_0150.py
nbfm_167700_5w_s67_0112.py
nbfm_226900_5w_s01_0112.py
nbfm_226900_5w_s04_0033.py
nbfm_226900_5w_s05_0053.py
nbfm_226900_5w_s06_0031.py
nbfm_226900_5w_s08_0027.py
nbfm_226900_5w_s09_0103.py
nbfm_226900_5w_s10_0132.py
nbfm_226900_5w_s11_0038.py
nbfm_226900_5w_s12_0116.py
nbfm_226900_5w_s13_0102.py
nbfm_226900_5w_s14_0059.py
nbfm_226900_5w_s15_0114.py
nbfm_226900_5w_s16_0125.py
nbfm_226900_5w_s17_0139.py
nbfm_226900_5w_s18_0041.py
nbfm_226900_5w_s19_0230.py
nbfm_226900_5w_s20_0131.py
nbfm_226900_5w_s21_0054.py
nbfm_226900_5w_s22_0232.py
nbfm_226900_5w_s23_0204.py
nbfm_226900_5w_s24_0200.py
nbfm_226900_5w_s25_0104.py
nbfm_226900_5w_s26_0203.py
nbfm_226900_5w_s27_0135.py
nbfm_226900_5w_s28_0342.py
nbfm_226900_5w_s29_0055.py
nbfm_226900_5w_s30_1020.py
nbfm_226900_5w_s31_0107.py
nbfm_226900_5w_s32_0308.py
nbfm_226900_5w_s33_0219.py
nbfm_226900_5w_s34_0223.py
nbfm_226900_5w_s35_0125.py
nbfm_226900_5w_s36_0230.py
nbfm_226900_5w_s37_0203.py
nbfm_226900_5w_s38_0123.py
nbfm_226900_5w_s39_0238.py
nbfm_226900_5w_s40_0238.py
nbfm_226900_5w_s41_0223.py
nbfm_226900_5w_s42_0140.py
nbfm_226900_5w_s43_0135.py
nbfm_226900_5w_s44_0229.py
nbfm_226900_5w_s45_2532.py
nbfm_226900_5w_s46_0201.py
nbfm_226900_5w_s47_0339.py
nbfm_226900_5w_s48_0202.py
nbfm_226900_5w_s49_0102.py
nbfm_226900_5w_s50_0202.py
nbfm_226900_5w_s51_0344.py
nbfm_226900_5w_s52_0229.py
nbfm_226900_5w_s53_0304.py
nbfm_226900_5w_s54_0305.py
nbfm_226900_5w_s55_0311.py
nbfm_226900_5w_s56_0209.py
nbfm_226900_5w_s57_0212.py
nbfm_226900_5w_s58_0150.py
nbfm_226900_5w_s59_0335.py
nbfm_226900_5w_s60_0204.py
nbfm_226900_5w_s61_0445.py
nbfm_226900_5w_s62_0151.py
nbfm_226900_5w_s63_0202.py
nbfm_226900_5w_s64_0153.py
nbfm_226900_5w_s65_0255.py
nbfm_226900_5w_s66_0150.py
nbfm_226900_5w_s67_0112.py
nbfm_264925_5w_s01_0112.py
nbfm_264925_5w_s04_0033.py
nbfm_264925_5w_s05_0053.py
nbfm_264925_5w_s06_0031.py
nbfm_264925_5w_s08_0027.py
nbfm_264925_5w_s09_0103.py
nbfm_264925_5w_s10_0132.py
nbfm_264925_5w_s11_0038.py
nbfm_264925_5w_s12_0116.py
nbfm_264925_5w_s13_0102.py
nbfm_264925_5w_s14_0059.py
nbfm_264925_5w_s15_0114.py
nbfm_264925_5w_s16_0125.py
nbfm_264925_5w_s17_0139.py
nbfm_264925_5w_s18_0041.py
nbfm_264925_5w_s19_0230.py
nbfm_264925_5w_s20_0131.py
nbfm_264925_5w_s21_0054.py
nbfm_264925_5w_s22_0232.py
nbfm_264925_5w_s23_0204.py
nbfm_264925_5w_s24_0200.py
nbfm_264925_5w_s25_0104.py
nbfm_264925_5w_s26_0203.py
nbfm_264925_5w_s27_0135.py
nbfm_264925_5w_s28_0342.py
nbfm_264925_5w_s29_0055.py
nbfm_264925_5w_s30_1020.py
nbfm_264925_5w_s31_0107.py
nbfm_264925_5w_s32_0308.py
nbfm_264925_5w_s33_0219.py
nbfm_264925_5w_s34_0223.py
nbfm_264925_5w_s35_0125.py
nbfm_264925_5w_s36_0230.py
nbfm_264925_5w_s37_0203.py
nbfm_264925_5w_s38_0123.py
nbfm_264925_5w_s39_0238.py
nbfm_264925_5w_s40_0238.py
nbfm_264925_5w_s41_0223.py
nbfm_264925_5w_s42_0140.py
nbfm_264925_5w_s43_0135.py
nbfm_264925_5w_s44_0229.py
nbfm_264925_5w_s45_2532.py
nbfm_264925_5w_s46_0201.py
nbfm_264925_5w_s47_0339.py
nbfm_264925_5w_s48_0202.py
nbfm_264925_5w_s49_0102.py
nbfm_264925_5w_s50_0202.py
nbfm_264925_5w_s51_0344.py
nbfm_264925_5w_s52_0229.py
nbfm_264925_5w_s53_0304.py
nbfm_264925_5w_s54_0305.py
nbfm_264925_5w_s55_0311.py
nbfm_264925_5w_s56_0209.py
nbfm_264925_5w_s57_0212.py
nbfm_264925_5w_s58_0150.py
nbfm_264925_5w_s59_0335.py
nbfm_264925_5w_s60_0204.py
nbfm_264925_5w_s61_0445.py
nbfm_264925_5w_s62_0151.py
nbfm_264925_5w_s63_0202.py
nbfm_264925_5w_s64_0153.py
nbfm_264925_5w_s65_0255.py
nbfm_264925_5w_s66_0150.py
nbfm_264925_5w_s67_0112.py
nbfm_271200_5w_s01_0112.py
nbfm_271200_5w_s04_0033.py
nbfm_271200_5w_s05_0053.py
nbfm_271200_5w_s06_0031.py
nbfm_271200_5w_s08_0027.py
nbfm_271200_5w_s09_0103.py
nbfm_271200_5w_s10_0132.py
nbfm_271200_5w_s11_0038.py
nbfm_271200_5w_s12_0116.py
nbfm_271200_5w_s13_0102.py
nbfm_271200_5w_s14_0059.py
nbfm_271200_5w_s15_0114.py
nbfm_271200_5w_s16_0125.py
nbfm_271200_5w_s17_0139.py
nbfm_271200_5w_s18_0041.py
nbfm_271200_5w_s19_0230.py
nbfm_271200_5w_s20_0131.py
nbfm_271200_5w_s21_0054.py
nbfm_271200_5w_s22_0232.py
nbfm_271200_5w_s23_0204.py
nbfm_271200_5w_s24_0200.py
nbfm_271200_5w_s25_0104.py
nbfm_271200_5w_s26_0203.py
nbfm_271200_5w_s27_0135.py
nbfm_271200_5w_s28_0342.py
nbfm_271200_5w_s29_0055.py
nbfm_271200_5w_s30_1020.py
nbfm_271200_5w_s31_0107.py
nbfm_271200_5w_s32_0308.py
nbfm_271200_5w_s33_0219.py
nbfm_271200_5w_s34_0223.py
nbfm_271200_5w_s35_0125.py
nbfm_271200_5w_s36_0230.py
nbfm_271200_5w_s37_0203.py
nbfm_271200_5w_s38_0123.py
nbfm_271200_5w_s39_0238.py
nbfm_271200_5w_s40_0238.py
nbfm_271200_5w_s41_0223.py
nbfm_271200_5w_s42_0140.py
nbfm_271200_5w_s43_0135.py
nbfm_271200_5w_s44_0229.py
nbfm_271200_5w_s45_2532.py
nbfm_271200_5w_s46_0201.py
nbfm_271200_5w_s47_0339.py
nbfm_271200_5w_s48_0202.py
nbfm_271200_5w_s49_0102.py
nbfm_271200_5w_s50_0202.py
nbfm_271200_5w_s51_0344.py
nbfm_271200_5w_s52_0229.py
nbfm_271200_5w_s53_0304.py
nbfm_271200_5w_s54_0305.py
nbfm_271200_5w_s55_0311.py
nbfm_271200_5w_s56_0209.py
nbfm_271200_5w_s57_0212.py
nbfm_271200_5w_s58_0150.py
nbfm_271200_5w_s59_0335.py
nbfm_271200_5w_s60_0204.py
nbfm_271200_5w_s61_0445.py
nbfm_271200_5w_s62_0151.py
nbfm_271200_5w_s63_0202.py
nbfm_271200_5w_s64_0153.py
nbfm_271200_5w_s65_0255.py
nbfm_271200_5w_s66_0150.py
nbfm_271200_5w_s67_0112.py
PTT_off.py
PTT_on.py
relay1off.sh
relay1on.sh

2021-07-08 09:36:00,492 - Thu Jul  8 09:36:00 2021 - Scanning for devices. Please wait...
2021-07-08 09:36:00,492 - Thu Jul  8 09:36:00 2021 - Scanning: ['DRED1']
2021-07-08 09:36:00,585 - Thu Jul  8 09:36:00 2021 - Missing:  []
2021-07-08 09:36:00,585 - Thu Jul  8 09:36:00 2021 - Found:    ['DRED1']
2021-07-08 09:36:00,585 - Thu Jul  8 09:36:00 2021 - Select Device to operate with the drop down above...
2021-07-08 09:36:02,695 - Thu Jul  8 09:36:02 2021 - DRED1


2021-07-08 09:36:20,858 - Thu Jul  8 09:36:20 2021 - Scanning for devices. Please wait...
2021-07-08 09:36:20,858 - Thu Jul  8 09:36:20 2021 - Scanning: ['DRED1']
2021-07-08 09:36:20,967 - Thu Jul  8 09:36:20 2021 - Missing:  []
2021-07-08 09:36:20,967 - Thu Jul  8 09:36:20 2021 - Found:    ['DRED1']
2021-07-08 09:36:20,967 - Thu Jul  8 09:36:20 2021 - Select Device to operate with the drop down above...
2021-07-08 09:36:22,918 - Thu Jul  8 09:36:22 2021 - DRED1

nbfm_138900_5w_hunting_0045.py
nbfm_140100_5w_hunting_0045.py
nbfm_140100_5w_s01_0112.py
nbfm_140100_5w_s04_0033.py
nbfm_140100_5w_s05_0053.py
nbfm_140100_5w_s06_0031.py
nbfm_140100_5w_s08_0027.py
nbfm_140100_5w_s09_0103.py
nbfm_140100_5w_s10_0132.py
nbfm_140100_5w_s11_0038.py
nbfm_140100_5w_s12_0116.py
nbfm_140100_5w_s13_0102.py
nbfm_140100_5w_s14_0059.py
nbfm_140100_5w_s15_0114.py
nbfm_140100_5w_s16_0125.py
nbfm_140100_5w_s17_0139.py
nbfm_140100_5w_s18_0041.py
nbfm_140100_5w_s19_0230.py
nbfm_140100_5w_s20_0131.py
nbfm_140100_5w_s21_0054.py
nbfm_140100_5w_s22_0232.py
nbfm_140100_5w_s23_0204.py
nbfm_140100_5w_s24_0200.py
nbfm_140100_5w_s25_0104.py
nbfm_140100_5w_s26_0203.py
nbfm_140100_5w_s27_0135.py
nbfm_140100_5w_s28_0342.py
nbfm_140100_5w_s29_0055.py
nbfm_140100_5w_s30_1020.py
nbfm_140100_5w_s31_0107.py
nbfm_140100_5w_s32_0308.py
nbfm_140100_5w_s33_0219.py
nbfm_140100_5w_s34_0223.py
nbfm_140100_5w_s35_0125.py
nbfm_140100_5w_s36_0230.py
nbfm_140100_5w_s37_0203.py
nbfm_140100_5w_s38_0123.py
nbfm_140100_5w_s39_0238.py
nbfm_140100_5w_s40_0238.py
nbfm_140100_5w_s41_0223.py
nbfm_140100_5w_s42_0140.py
nbfm_140100_5w_s43_0135.py
nbfm_140100_5w_s44_0229.py
nbfm_140100_5w_s45_2532.py
nbfm_140100_5w_s46_0201.py
nbfm_140100_5w_s47_0339.py
nbfm_140100_5w_s48_0202.py
nbfm_140100_5w_s49_0102.py
nbfm_140100_5w_s50_0202.py
nbfm_140100_5w_s51_0344.py
nbfm_140100_5w_s52_0229.py
nbfm_140100_5w_s53_0304.py
nbfm_140100_5w_s54_0305.py
nbfm_140100_5w_s55_0311.py
nbfm_140100_5w_s56_0209.py
nbfm_140100_5w_s57_0212.py
nbfm_140100_5w_s58_0150.py
nbfm_140100_5w_s59_0335.py
nbfm_140100_5w_s60_0204.py
nbfm_140100_5w_s61_0445.py
nbfm_140100_5w_s62_0151.py
nbfm_140100_5w_s63_0202.py
nbfm_140100_5w_s64_0153.py
nbfm_140100_5w_s65_0255.py
nbfm_140100_5w_s66_0150.py
nbfm_140100_5w_s67_0112.py
nbfm_140100_5w_testsound_0016.py
nbfm_140125_5w_s01_0112.py
nbfm_140125_5w_s04_0033.py
nbfm_140125_5w_s05_0053.py
nbfm_140125_5w_s06_0031.py
nbfm_140125_5w_s08_0027.py
nbfm_140125_5w_s09_0103.py
nbfm_140125_5w_s10_0132.py
nbfm_140125_5w_s11_0038.py
nbfm_140125_5w_s12_0116.py
nbfm_140125_5w_s13_0102.py
nbfm_140125_5w_s14_0059.py
nbfm_140125_5w_s15_0114.py
nbfm_140125_5w_s16_0125.py
nbfm_140125_5w_s17_0139.py
nbfm_140125_5w_s18_0041.py
nbfm_140125_5w_s19_0230.py
nbfm_140125_5w_s20_0131.py
nbfm_140125_5w_s21_0054.py
nbfm_140125_5w_s22_0232.py
nbfm_140125_5w_s23_0204.py
nbfm_140125_5w_s24_0200.py
nbfm_140125_5w_s25_0104.py
nbfm_140125_5w_s26_0203.py
nbfm_140125_5w_s27_0135.py
nbfm_140125_5w_s28_0342.py
nbfm_140125_5w_s29_0055.py
nbfm_140125_5w_s30_1020.py
nbfm_140125_5w_s31_0107.py
nbfm_140125_5w_s32_0308.py
nbfm_140125_5w_s33_0219.py
nbfm_140125_5w_s34_0223.py
nbfm_140125_5w_s35_0125.py
nbfm_140125_5w_s36_0230.py
nbfm_140125_5w_s37_0203.py
nbfm_140125_5w_s38_0123.py
nbfm_140125_5w_s39_0238.py
nbfm_140125_5w_s40_0238.py
nbfm_140125_5w_s41_0223.py
nbfm_140125_5w_s42_0140.py
nbfm_140125_5w_s43_0135.py
nbfm_140125_5w_s44_0229.py
nbfm_140125_5w_s45_2532.py
nbfm_140125_5w_s46_0201.py
nbfm_140125_5w_s47_0339.py
nbfm_140125_5w_s48_0202.py
nbfm_140125_5w_s49_0102.py
nbfm_140125_5w_s50_0202.py
nbfm_140125_5w_s51_0344.py
nbfm_140125_5w_s52_0229.py
nbfm_140125_5w_s53_0304.py
nbfm_140125_5w_s54_0305.py
nbfm_140125_5w_s55_0311.py
nbfm_140125_5w_s56_0209.py
nbfm_140125_5w_s57_0212.py
nbfm_140125_5w_s58_0150.py
nbfm_140125_5w_s59_0335.py
nbfm_140125_5w_s60_0204.py
nbfm_140125_5w_s61_0445.py
nbfm_140125_5w_s62_0151.py
nbfm_140125_5w_s63_0202.py
nbfm_140125_5w_s64_0153.py
nbfm_140125_5w_s65_0255.py
nbfm_140125_5w_s66_0150.py
nbfm_140125_5w_s67_0112.py
nbfm_167700_5w_s01_0112.py
nbfm_167700_5w_s04_0033.py
nbfm_167700_5w_s05_0053.py
nbfm_167700_5w_s06_0031.py
nbfm_167700_5w_s08_0027.py
nbfm_167700_5w_s09_0103.py
nbfm_167700_5w_s10_0132.py
nbfm_167700_5w_s11_0038.py
nbfm_167700_5w_s12_0116.py
nbfm_167700_5w_s13_0102.py
nbfm_167700_5w_s14_0059.py
nbfm_167700_5w_s15_0114.py
nbfm_167700_5w_s16_0125.py
nbfm_167700_5w_s17_0139.py
nbfm_167700_5w_s18_0041.py
nbfm_167700_5w_s19_0230.py
nbfm_167700_5w_s20_0131.py
nbfm_167700_5w_s21_0054.py
nbfm_167700_5w_s22_0232.py
nbfm_167700_5w_s23_0204.py
nbfm_167700_5w_s24_0200.py
nbfm_167700_5w_s25_0104.py
nbfm_167700_5w_s26_0203.py
nbfm_167700_5w_s27_0135.py
nbfm_167700_5w_s28_0342.py
nbfm_167700_5w_s29_0055.py
nbfm_167700_5w_s30_1020.py
nbfm_167700_5w_s31_0107.py
nbfm_167700_5w_s32_0308.py
nbfm_167700_5w_s33_0219.py
nbfm_167700_5w_s34_0223.py
nbfm_167700_5w_s35_0125.py
nbfm_167700_5w_s36_0230.py
nbfm_167700_5w_s37_0203.py
nbfm_167700_5w_s38_0123.py
nbfm_167700_5w_s39_0238.py
nbfm_167700_5w_s40_0238.py
nbfm_167700_5w_s41_0223.py
nbfm_167700_5w_s42_0140.py
nbfm_167700_5w_s43_0135.py
nbfm_167700_5w_s44_0229.py
nbfm_167700_5w_s45_2532.py
nbfm_167700_5w_s46_0201.py
nbfm_167700_5w_s47_0339.py
nbfm_167700_5w_s48_0202.py
nbfm_167700_5w_s49_0102.py
nbfm_167700_5w_s50_0202.py
nbfm_167700_5w_s51_0344.py
nbfm_167700_5w_s52_0229.py
nbfm_167700_5w_s53_0304.py
nbfm_167700_5w_s54_0305.py
nbfm_167700_5w_s55_0311.py
nbfm_167700_5w_s56_0209.py
nbfm_167700_5w_s57_0212.py
nbfm_167700_5w_s58_0150.py
nbfm_167700_5w_s59_0335.py
nbfm_167700_5w_s60_0204.py
nbfm_167700_5w_s61_0445.py
nbfm_167700_5w_s62_0151.py
nbfm_167700_5w_s63_0202.py
nbfm_167700_5w_s64_0153.py
nbfm_167700_5w_s65_0255.py
nbfm_167700_5w_s66_0150.py
nbfm_167700_5w_s67_0112.py
nbfm_226900_5w_s01_0112.py
nbfm_226900_5w_s04_0033.py
nbfm_226900_5w_s05_0053.py
nbfm_226900_5w_s06_0031.py
nbfm_226900_5w_s08_0027.py
nbfm_226900_5w_s09_0103.py
nbfm_226900_5w_s10_0132.py
nbfm_226900_5w_s11_0038.py
nbfm_226900_5w_s12_0116.py
nbfm_226900_5w_s13_0102.py
nbfm_226900_5w_s14_0059.py
nbfm_226900_5w_s15_0114.py
nbfm_226900_5w_s16_0125.py
nbfm_226900_5w_s17_0139.py
nbfm_226900_5w_s18_0041.py
nbfm_226900_5w_s19_0230.py
nbfm_226900_5w_s20_0131.py
nbfm_226900_5w_s21_0054.py
nbfm_226900_5w_s22_0232.py
nbfm_226900_5w_s23_0204.py
nbfm_226900_5w_s24_0200.py
nbfm_226900_5w_s25_0104.py
nbfm_226900_5w_s26_0203.py
nbfm_226900_5w_s27_0135.py
nbfm_226900_5w_s28_0342.py
nbfm_226900_5w_s29_0055.py
nbfm_226900_5w_s30_1020.py
nbfm_226900_5w_s31_0107.py
nbfm_226900_5w_s32_0308.py
nbfm_226900_5w_s33_0219.py
nbfm_226900_5w_s34_0223.py
nbfm_226900_5w_s35_0125.py
nbfm_226900_5w_s36_0230.py
nbfm_226900_5w_s37_0203.py
nbfm_226900_5w_s38_0123.py
nbfm_226900_5w_s39_0238.py
nbfm_226900_5w_s40_0238.py
nbfm_226900_5w_s41_0223.py
nbfm_226900_5w_s42_0140.py
nbfm_226900_5w_s43_0135.py
nbfm_226900_5w_s44_0229.py
nbfm_226900_5w_s45_2532.py
nbfm_226900_5w_s46_0201.py
nbfm_226900_5w_s47_0339.py
nbfm_226900_5w_s48_0202.py
nbfm_226900_5w_s49_0102.py
nbfm_226900_5w_s50_0202.py
nbfm_226900_5w_s51_0344.py
nbfm_226900_5w_s52_0229.py
nbfm_226900_5w_s53_0304.py
nbfm_226900_5w_s54_0305.py
nbfm_226900_5w_s55_0311.py
nbfm_226900_5w_s56_0209.py
nbfm_226900_5w_s57_0212.py
nbfm_226900_5w_s58_0150.py
nbfm_226900_5w_s59_0335.py
nbfm_226900_5w_s60_0204.py
nbfm_226900_5w_s61_0445.py
nbfm_226900_5w_s62_0151.py
nbfm_226900_5w_s63_0202.py
nbfm_226900_5w_s64_0153.py
nbfm_226900_5w_s65_0255.py
nbfm_226900_5w_s66_0150.py
nbfm_226900_5w_s67_0112.py
nbfm_264925_5w_s01_0112.py
nbfm_264925_5w_s04_0033.py
nbfm_264925_5w_s05_0053.py
nbfm_264925_5w_s06_0031.py
nbfm_264925_5w_s08_0027.py
nbfm_264925_5w_s09_0103.py
nbfm_264925_5w_s10_0132.py
nbfm_264925_5w_s11_0038.py
nbfm_264925_5w_s12_0116.py
nbfm_264925_5w_s13_0102.py
nbfm_264925_5w_s14_0059.py
nbfm_264925_5w_s15_0114.py
nbfm_264925_5w_s16_0125.py
nbfm_264925_5w_s17_0139.py
nbfm_264925_5w_s18_0041.py
nbfm_264925_5w_s19_0230.py
nbfm_264925_5w_s20_0131.py
nbfm_264925_5w_s21_0054.py
nbfm_264925_5w_s22_0232.py
nbfm_264925_5w_s23_0204.py
nbfm_264925_5w_s24_0200.py
nbfm_264925_5w_s25_0104.py
nbfm_264925_5w_s26_0203.py
nbfm_264925_5w_s27_0135.py
nbfm_264925_5w_s28_0342.py
nbfm_264925_5w_s29_0055.py
nbfm_264925_5w_s30_1020.py
nbfm_264925_5w_s31_0107.py
nbfm_264925_5w_s32_0308.py
nbfm_264925_5w_s33_0219.py
nbfm_264925_5w_s34_0223.py
nbfm_264925_5w_s35_0125.py
nbfm_264925_5w_s36_0230.py
nbfm_264925_5w_s37_0203.py
nbfm_264925_5w_s38_0123.py
nbfm_264925_5w_s39_0238.py
nbfm_264925_5w_s40_0238.py
nbfm_264925_5w_s41_0223.py
nbfm_264925_5w_s42_0140.py
nbfm_264925_5w_s43_0135.py
nbfm_264925_5w_s44_0229.py
nbfm_264925_5w_s45_2532.py
nbfm_264925_5w_s46_0201.py
nbfm_264925_5w_s47_0339.py
nbfm_264925_5w_s48_0202.py
nbfm_264925_5w_s49_0102.py
nbfm_264925_5w_s50_0202.py
nbfm_264925_5w_s51_0344.py
nbfm_264925_5w_s52_0229.py
nbfm_264925_5w_s53_0304.py
nbfm_264925_5w_s54_0305.py
nbfm_264925_5w_s55_0311.py
nbfm_264925_5w_s56_0209.py
nbfm_264925_5w_s57_0212.py
nbfm_264925_5w_s58_0150.py
nbfm_264925_5w_s59_0335.py
nbfm_264925_5w_s60_0204.py
nbfm_264925_5w_s61_0445.py
nbfm_264925_5w_s62_0151.py
nbfm_264925_5w_s63_0202.py
nbfm_264925_5w_s64_0153.py
nbfm_264925_5w_s65_0255.py
nbfm_264925_5w_s66_0150.py
nbfm_264925_5w_s67_0112.py
nbfm_271200_5w_s01_0112.py
nbfm_271200_5w_s04_0033.py
nbfm_271200_5w_s05_0053.py
nbfm_271200_5w_s06_0031.py
nbfm_271200_5w_s08_0027.py
nbfm_271200_5w_s09_0103.py
nbfm_271200_5w_s10_0132.py
nbfm_271200_5w_s11_0038.py
nbfm_271200_5w_s12_0116.py
nbfm_271200_5w_s13_0102.py
nbfm_271200_5w_s14_0059.py
nbfm_271200_5w_s15_0114.py
nbfm_271200_5w_s16_0125.py
nbfm_271200_5w_s17_0139.py
nbfm_271200_5w_s18_0041.py
nbfm_271200_5w_s19_0230.py
nbfm_271200_5w_s20_0131.py
nbfm_271200_5w_s21_0054.py
nbfm_271200_5w_s22_0232.py
nbfm_271200_5w_s23_0204.py
nbfm_271200_5w_s24_0200.py
nbfm_271200_5w_s25_0104.py
nbfm_271200_5w_s26_0203.py
nbfm_271200_5w_s27_0135.py
nbfm_271200_5w_s28_0342.py
nbfm_271200_5w_s29_0055.py
nbfm_271200_5w_s30_1020.py
nbfm_271200_5w_s31_0107.py
nbfm_271200_5w_s32_0308.py
nbfm_271200_5w_s33_0219.py
nbfm_271200_5w_s34_0223.py
nbfm_271200_5w_s35_0125.py
nbfm_271200_5w_s36_0230.py
nbfm_271200_5w_s37_0203.py
nbfm_271200_5w_s38_0123.py
nbfm_271200_5w_s39_0238.py
nbfm_271200_5w_s40_0238.py
nbfm_271200_5w_s41_0223.py
nbfm_271200_5w_s42_0140.py
nbfm_271200_5w_s43_0135.py
nbfm_271200_5w_s44_0229.py
nbfm_271200_5w_s45_2532.py
nbfm_271200_5w_s46_0201.py
nbfm_271200_5w_s47_0339.py
nbfm_271200_5w_s48_0202.py
nbfm_271200_5w_s49_0102.py
nbfm_271200_5w_s50_0202.py
nbfm_271200_5w_s51_0344.py
nbfm_271200_5w_s52_0229.py
nbfm_271200_5w_s53_0304.py
nbfm_271200_5w_s54_0305.py
nbfm_271200_5w_s55_0311.py
nbfm_271200_5w_s56_0209.py
nbfm_271200_5w_s57_0212.py
nbfm_271200_5w_s58_0150.py
nbfm_271200_5w_s59_0335.py
nbfm_271200_5w_s60_0204.py
nbfm_271200_5w_s61_0445.py
nbfm_271200_5w_s62_0151.py
nbfm_271200_5w_s63_0202.py
nbfm_271200_5w_s64_0153.py
nbfm_271200_5w_s65_0255.py
nbfm_271200_5w_s66_0150.py
nbfm_271200_5w_s67_0112.py

2021-07-08 09:37:56,812 - Thu Jul  8 09:37:56 2021 - Scanning for devices. Please wait...
2021-07-08 09:37:56,812 - Thu Jul  8 09:37:56 2021 - Scanning: ['DRED1']
2021-07-08 09:37:56,922 - Thu Jul  8 09:37:56 2021 - Missing:  []
2021-07-08 09:37:56,922 - Thu Jul  8 09:37:56 2021 - Found:    ['DRED1']
2021-07-08 09:37:56,922 - Thu Jul  8 09:37:56 2021 - Select Device to operate with the drop down above...
2021-07-08 09:43:44,605 - Thu Jul  8 09:43:44 2021 - Scanning for devices. Please wait...
2021-07-08 09:43:44,605 - Thu Jul  8 09:43:44 2021 - Scanning: ['DRED1']
2021-07-08 09:43:44,683 - Thu Jul  8 09:43:44 2021 - Missing:  []
2021-07-08 09:43:44,683 - Thu Jul  8 09:43:44 2021 - Found:    ['DRED1']
2021-07-08 09:43:44,683 - Thu Jul  8 09:43:44 2021 - Select Device to operate with the drop down above...
2021-07-08 09:43:57,872 - Thu Jul  8 09:43:57 2021 - Scanning for devices. Please wait...
2021-07-08 09:43:57,872 - Thu Jul  8 09:43:57 2021 - Scanning: ['DRED1']
2021-07-08 09:43:57,952 - Thu Jul  8 09:43:57 2021 - Missing:  []
2021-07-08 09:43:57,952 - Thu Jul  8 09:43:57 2021 - Found:    ['DRED1']
2021-07-08 09:43:57,952 - Thu Jul  8 09:43:57 2021 - Select Device to operate with the drop down above...
2021-07-08 09:45:05,143 - Thu Jul  8 09:45:05 2021 - Scanning for devices. Please wait...
2021-07-08 09:45:05,143 - Thu Jul  8 09:45:05 2021 - Scanning: ['DRED1']
2021-07-08 09:45:05,221 - Thu Jul  8 09:45:05 2021 - Missing:  []
2021-07-08 09:45:05,221 - Thu Jul  8 09:45:05 2021 - Found:    ['DRED1']
2021-07-08 09:45:05,221 - Thu Jul  8 09:45:05 2021 - Select Device to operate with the drop down above...
2021-07-08 09:48:41,027 - Thu Jul  8 09:48:41 2021 - Scanning for devices. Please wait...
2021-07-08 09:48:41,027 - Thu Jul  8 09:48:41 2021 - Scanning: ['DRED1']
2021-07-08 09:48:41,121 - Thu Jul  8 09:48:41 2021 - Missing:  []
2021-07-08 09:48:41,121 - Thu Jul  8 09:48:41 2021 - Found:    ['DRED1']
2021-07-08 09:48:41,121 - Thu Jul  8 09:48:41 2021 - Select Device to operate with the drop down above...
2021-07-08 09:50:11,252 - Thu Jul  8 09:50:11 2021 - Scanning for devices. Please wait...
2021-07-08 09:50:11,252 - Thu Jul  8 09:50:11 2021 - Scanning: ['DRED1']
2021-07-08 09:50:11,345 - Thu Jul  8 09:50:11 2021 - Missing:  []
2021-07-08 09:50:11,345 - Thu Jul  8 09:50:11 2021 - Found:    ['DRED1']
2021-07-08 09:50:11,345 - Thu Jul  8 09:50:11 2021 - Select Device to operate with the drop down above...
2021-07-08 09:51:10,560 - Thu Jul  8 09:51:10 2021 - Scanning for devices. Please wait...
2021-07-08 09:51:10,560 - Thu Jul  8 09:51:10 2021 - Scanning: ['DRED1']
2021-07-08 09:51:10,654 - Thu Jul  8 09:51:10 2021 - Missing:  []
2021-07-08 09:51:10,654 - Thu Jul  8 09:51:10 2021 - Found:    ['DRED1']
2021-07-08 09:51:10,654 - Thu Jul  8 09:51:10 2021 - Select Device to operate with the drop down above...
2021-07-08 09:53:20,373 - Thu Jul  8 09:53:20 2021 - Scanning for devices. Please wait...
2021-07-08 09:53:20,373 - Thu Jul  8 09:53:20 2021 - Scanning: ['DRED1']
2021-07-08 09:53:20,467 - Thu Jul  8 09:53:20 2021 - Missing:  []
2021-07-08 09:53:20,467 - Thu Jul  8 09:53:20 2021 - Found:    ['DRED1']
2021-07-08 09:53:20,467 - Thu Jul  8 09:53:20 2021 - Select Device to operate with the drop down above...
2021-07-08 09:54:04,443 - Thu Jul  8 09:54:04 2021 - Scanning for devices. Please wait...
2021-07-08 09:54:04,443 - Thu Jul  8 09:54:04 2021 - Scanning: ['DRED1']
2021-07-08 09:54:04,522 - Thu Jul  8 09:54:04 2021 - Missing:  []
2021-07-08 09:54:04,522 - Thu Jul  8 09:54:04 2021 - Found:    ['DRED1']
2021-07-08 09:54:04,522 - Thu Jul  8 09:54:04 2021 - Select Device to operate with the drop down above...
2021-07-08 09:54:40,566 - Thu Jul  8 09:54:40 2021 - Scanning for devices. Please wait...
2021-07-08 09:54:40,568 - Thu Jul  8 09:54:40 2021 - Scanning: ['DRED1']
2021-07-08 09:54:40,610 - Thu Jul  8 09:54:40 2021 - Missing:  []
2021-07-08 09:54:40,610 - Thu Jul  8 09:54:40 2021 - Found:    ['DRED1']
2021-07-08 09:54:40,610 - Thu Jul  8 09:54:40 2021 - Select Device to operate with the drop down above...
2021-07-08 09:56:35,683 - Thu Jul  8 09:56:35 2021 - Scanning for devices. Please wait...
2021-07-08 09:56:35,685 - Thu Jul  8 09:56:35 2021 - Scanning: ['DRED1']
2021-07-08 09:56:35,778 - Thu Jul  8 09:56:35 2021 - Missing:  []
2021-07-08 09:56:35,779 - Thu Jul  8 09:56:35 2021 - Found:    ['DRED1']
2021-07-08 09:56:35,779 - Thu Jul  8 09:56:35 2021 - Select Device to operate with the drop down above...
2021-07-08 09:57:40,946 - Thu Jul  8 09:57:40 2021 - Scanning for devices. Please wait...
2021-07-08 09:57:40,946 - Thu Jul  8 09:57:40 2021 - Scanning: ['DRED1']
2021-07-08 09:57:41,024 - Thu Jul  8 09:57:41 2021 - Missing:  []
2021-07-08 09:57:41,024 - Thu Jul  8 09:57:41 2021 - Found:    ['DRED1']
2021-07-08 09:57:41,024 - Thu Jul  8 09:57:41 2021 - Select Device to operate with the drop down above...
2021-07-08 09:58:24,705 - Thu Jul  8 09:58:24 2021 - Scanning for devices. Please wait...
2021-07-08 09:58:24,706 - Thu Jul  8 09:58:24 2021 - Scanning: ['DRED1']
2021-07-08 09:58:24,804 - Thu Jul  8 09:58:24 2021 - Missing:  []
2021-07-08 09:58:24,805 - Thu Jul  8 09:58:24 2021 - Found:    ['DRED1']
2021-07-08 09:58:24,805 - Thu Jul  8 09:58:24 2021 - Select Device to operate with the drop down above...
2021-07-08 09:59:55,451 - Thu Jul  8 09:59:55 2021 - Scanning for devices. Please wait...
2021-07-08 09:59:55,451 - Thu Jul  8 09:59:55 2021 - Scanning: ['DRED1']
2021-07-08 09:59:55,553 - Thu Jul  8 09:59:55 2021 - Missing:  []
2021-07-08 09:59:55,553 - Thu Jul  8 09:59:55 2021 - Found:    ['DRED1']
2021-07-08 09:59:55,553 - Thu Jul  8 09:59:55 2021 - Select Device to operate with the drop down above...
2021-07-08 10:00:19,967 - Thu Jul  8 10:00:19 2021 - Scanning for devices. Please wait...
2021-07-08 10:00:19,967 - Thu Jul  8 10:00:19 2021 - Scanning: ['DRED1']
2021-07-08 10:00:20,077 - Thu Jul  8 10:00:20 2021 - Missing:  []
2021-07-08 10:00:20,077 - Thu Jul  8 10:00:20 2021 - Found:    ['DRED1']
2021-07-08 10:00:20,077 - Thu Jul  8 10:00:20 2021 - Select Device to operate with the drop down above...
2021-07-08 10:03:03,896 - Thu Jul  8 10:03:03 2021 - DRED1


2021-07-08 10:07:59,519 - Thu Jul  8 10:07:59 2021 - Scanning for devices. Please wait...
2021-07-08 10:07:59,519 - Thu Jul  8 10:07:59 2021 - Scanning: ['DRED1']
2021-07-08 10:07:59,626 - Thu Jul  8 10:07:59 2021 - Missing:  []
2021-07-08 10:07:59,626 - Thu Jul  8 10:07:59 2021 - Found:    ['DRED1']
2021-07-08 10:07:59,626 - Thu Jul  8 10:07:59 2021 - Select Device to operate with the drop down above...
2021-07-08 10:10:09,650 - Thu Jul  8 10:10:09 2021 - Scanning for devices. Please wait...
2021-07-08 10:10:09,650 - Thu Jul  8 10:10:09 2021 - Scanning: ['DRED1']
2021-07-08 10:10:09,759 - Thu Jul  8 10:10:09 2021 - Missing:  []
2021-07-08 10:10:09,759 - Thu Jul  8 10:10:09 2021 - Found:    ['DRED1']
2021-07-08 10:10:09,759 - Thu Jul  8 10:10:09 2021 - Select Device to operate with the drop down above...
2021-07-08 10:11:41,741 - Thu Jul  8 10:11:41 2021 - Scanning for devices. Please wait...
2021-07-08 10:11:41,741 - Thu Jul  8 10:11:41 2021 - Scanning: ['DRED1']
2021-07-08 10:11:41,836 - Thu Jul  8 10:11:41 2021 - Missing:  []
2021-07-08 10:11:41,836 - Thu Jul  8 10:11:41 2021 - Found:    ['DRED1']
2021-07-08 10:11:41,836 - Thu Jul  8 10:11:41 2021 - Select Device to operate with the drop down above...
2021-07-08 10:14:39,821 - Thu Jul  8 10:14:39 2021 - Missing:  []
2021-07-08 10:14:39,822 - Thu Jul  8 10:14:39 2021 - Found:    ['DRED1']
2021-07-08 10:14:39,822 - Thu Jul  8 10:14:39 2021 - Select Device to operate with the drop down above...
2021-07-08 10:15:29,581 - Thu Jul  8 10:15:29 2021 - Scanning for devices. Please wait...
2021-07-08 10:15:29,581 - Thu Jul  8 10:15:29 2021 - Scanning: ['DRED1']
2021-07-08 10:15:29,690 - Thu Jul  8 10:15:29 2021 - Missing:  []
2021-07-08 10:15:29,690 - Thu Jul  8 10:15:29 2021 - Found:    ['DRED1']
2021-07-08 10:15:29,690 - Thu Jul  8 10:15:29 2021 - Select Device to operate with the drop down above...
2021-07-12 08:53:16,893 - Mon Jul 12 08:53:16 2021 - Scanning for devices. Please wait...
2021-07-12 08:53:16,901 - Mon Jul 12 08:53:16 2021 - Scanning: ['DRED1']
2021-07-12 08:53:19,643 - Mon Jul 12 08:53:19 2021 - Missing:  ['DRED1']
2021-07-12 08:53:19,643 - Mon Jul 12 08:53:19 2021 - Found:    []
2021-07-12 08:53:19,644 - Mon Jul 12 08:53:19 2021 - No DREDs loaded. Check Power and Wifi connections...
2021-07-12 09:04:54,906 - Mon Jul 12 09:04:54 2021 - Scanning for devices. Please wait...
2021-07-12 09:04:54,912 - Mon Jul 12 09:04:54 2021 - Scanning: ['DRED1']
2021-07-12 09:04:55,009 - Mon Jul 12 09:04:55 2021 - Missing:  []
2021-07-12 09:04:55,009 - Mon Jul 12 09:04:55 2021 - Found:    ['DRED1']
2021-07-12 09:04:55,010 - Mon Jul 12 09:04:55 2021 - Select Device to operate with the drop down above...
2021-07-12 09:07:00,416 - Mon Jul 12 09:07:00 2021 - Scanning for devices. Please wait...
2021-07-12 09:07:00,418 - Mon Jul 12 09:07:00 2021 - Scanning: ['DRED1']
2021-07-12 09:07:00,513 - Mon Jul 12 09:07:00 2021 - Missing:  []
2021-07-12 09:07:00,513 - Mon Jul 12 09:07:00 2021 - Found:    ['DRED1']
2021-07-12 09:07:00,513 - Mon Jul 12 09:07:00 2021 - Select Device to operate with the drop down above...
2021-07-12 09:07:11,925 - Mon Jul 12 09:07:11 2021 - Scanning for devices. Please wait...
2021-07-12 09:07:11,926 - Mon Jul 12 09:07:11 2021 - Scanning: ['DRED1']
2021-07-12 09:07:12,013 - Mon Jul 12 09:07:12 2021 - Missing:  []
2021-07-12 09:07:12,013 - Mon Jul 12 09:07:12 2021 - Found:    ['DRED1']
2021-07-12 09:07:12,013 - Mon Jul 12 09:07:12 2021 - Select Device to operate with the drop down above...
2021-07-12 09:07:24,613 - Mon Jul 12 09:07:24 2021 - Scanning for devices. Please wait...
2021-07-12 09:07:24,615 - Mon Jul 12 09:07:24 2021 - Scanning: ['DRED1']
2021-07-12 09:07:24,697 - Mon Jul 12 09:07:24 2021 - Missing:  []
2021-07-12 09:07:24,698 - Mon Jul 12 09:07:24 2021 - Found:    ['DRED1']
2021-07-12 09:07:24,698 - Mon Jul 12 09:07:24 2021 - Select Device to operate with the drop down above...
2021-07-12 09:08:13,862 - Mon Jul 12 09:08:13 2021 - Please wait...
2021-07-12 09:08:15,073 - Mon Jul 12 09:08:15 2021 - DRED1

python: can't open file 'nbfm_140100_5w_s08_0027.py': [Errno 2] No such file or directory

2021-07-12 09:08:56,509 - Mon Jul 12 09:08:56 2021 - Scanning for devices. Please wait...
2021-07-12 09:08:56,511 - Mon Jul 12 09:08:56 2021 - Scanning: ['DRED1']
2021-07-12 09:08:56,603 - Mon Jul 12 09:08:56 2021 - Missing:  []
2021-07-12 09:08:56,603 - Mon Jul 12 09:08:56 2021 - Found:    ['DRED1']
2021-07-12 09:08:56,603 - Mon Jul 12 09:08:56 2021 - Select Device to operate with the drop down above...
2021-07-12 09:09:04,629 - Mon Jul 12 09:09:04 2021 - Please wait...
2021-07-12 09:09:40,785 - Mon Jul 12 09:09:40 2021 - Sound played successfully.
2021-07-12 09:12:19,176 - Mon Jul 12 09:12:19 2021 - Scanning for devices. Please wait...
2021-07-12 09:12:19,178 - Mon Jul 12 09:12:19 2021 - Scanning: ['DRED1']
2021-07-12 09:12:19,280 - Mon Jul 12 09:12:19 2021 - Missing:  []
2021-07-12 09:12:19,280 - Mon Jul 12 09:12:19 2021 - Found:    ['DRED1']
2021-07-12 09:12:19,280 - Mon Jul 12 09:12:19 2021 - Select Device to operate with the drop down above...
2021-07-12 09:14:08,529 - Mon Jul 12 09:14:08 2021 - Scanning for devices. Please wait...
2021-07-12 09:14:08,531 - Mon Jul 12 09:14:08 2021 - Scanning: ['DRED1']
2021-07-12 09:14:08,628 - Mon Jul 12 09:14:08 2021 - Missing:  []
2021-07-12 09:14:08,628 - Mon Jul 12 09:14:08 2021 - Found:    ['DRED1']
2021-07-12 09:14:08,628 - Mon Jul 12 09:14:08 2021 - Select Device to operate with the drop down above...
2021-07-12 09:15:39,680 - Mon Jul 12 09:15:39 2021 - Scanning for devices. Please wait...
2021-07-12 09:15:39,682 - Mon Jul 12 09:15:39 2021 - Scanning: ['DRED1']
2021-07-12 09:15:39,832 - Mon Jul 12 09:15:39 2021 - Missing:  []
2021-07-12 09:15:39,832 - Mon Jul 12 09:15:39 2021 - Found:    ['DRED1']
2021-07-12 09:15:39,833 - Mon Jul 12 09:15:39 2021 - Select Device to operate with the drop down above...
2021-07-12 09:17:52,596 - Mon Jul 12 09:17:52 2021 - Scanning for devices. Please wait...
2021-07-12 09:17:52,598 - Mon Jul 12 09:17:52 2021 - Scanning: ['DRED1']
2021-07-12 09:17:52,696 - Mon Jul 12 09:17:52 2021 - Missing:  []
2021-07-12 09:17:52,696 - Mon Jul 12 09:17:52 2021 - Found:    ['DRED1']
2021-07-12 09:17:52,697 - Mon Jul 12 09:17:52 2021 - Select Device to operate with the drop down above...
2021-07-12 09:24:52,205 - Mon Jul 12 09:24:52 2021 - DRED1


2021-07-12 09:28:06,295 - Mon Jul 12 09:28:06 2021 - Playing first sound in queue.
2021-07-12 09:28:46,739 - Mon Jul 12 09:28:46 2021 - Playing next sound in queue
2021-07-12 09:29:20,703 - Mon Jul 12 09:29:20 2021 - Playing next sound in queue
2021-07-12 09:29:59,030 - Mon Jul 12 09:29:59 2021 - Playing next sound in queue
2021-07-12 09:30:15,554 - Mon Jul 12 09:30:15 2021 - Wed 29 Jul 2020 10:42:47 PM UTC

2021-07-12 09:30:33,409 - Mon Jul 12 09:30:33 2021 - Job Successfully added.
2021-07-12 09:30:36,352 - Mon Jul 12 09:30:36 2021 - DRED1 Jobs
#X8MY4QFIS1
45 10 * * * /range/relay1on.sh ; sudo python nbfm_140100_5w_s08_0027.py ; /range/relay1off.sh

2021-07-12 09:30:52,897 - Mon Jul 12 09:30:52 2021 - Job X8MY4QFIS1 removed.
2021-07-12 09:30:58,294 - Mon Jul 12 09:30:58 2021 - No jobs found.
2021-07-12 09:32:01,688 - Mon Jul 12 09:32:01 2021 - Scanning for devices. Please wait...
2021-07-12 09:32:01,689 - Mon Jul 12 09:32:01 2021 - Scanning: ['DRED1']
2021-07-12 09:32:01,795 - Mon Jul 12 09:32:01 2021 - Missing:  []
2021-07-12 09:32:01,796 - Mon Jul 12 09:32:01 2021 - Found:    ['DRED1']
2021-07-12 09:32:01,796 - Mon Jul 12 09:32:01 2021 - Select Device to operate with the drop down above...
2021-07-12 09:32:10,313 - Mon Jul 12 09:32:10 2021 - Wed 29 Jul 2020 10:44:42 PM UTC

2021-07-12 09:32:31,229 - Mon Jul 12 09:32:31 2021 - Job Successfully added.
2021-07-12 09:32:33,433 - Mon Jul 12 09:32:33 2021 - DRED1 Jobs
#5MHC37P8FR
/range/46 10 * * * /range/relay1on.sh ; sudo python nbfm_140100_5w_s04_0033.py ; /range/relay1off.sh

2021-07-12 09:32:48,609 - Mon Jul 12 09:32:48 2021 - Job 5MHC37P8FR removed.
2021-07-12 09:32:53,661 - Mon Jul 12 09:32:53 2021 - No jobs found.
2021-07-12 09:33:25,074 - Mon Jul 12 09:33:25 2021 - Scanning for devices. Please wait...
2021-07-12 09:33:25,076 - Mon Jul 12 09:33:25 2021 - Scanning: ['DRED1']
2021-07-12 09:33:25,169 - Mon Jul 12 09:33:25 2021 - Missing:  []
2021-07-12 09:33:25,169 - Mon Jul 12 09:33:25 2021 - Found:    ['DRED1']
2021-07-12 09:33:25,169 - Mon Jul 12 09:33:25 2021 - Select Device to operate with the drop down above...
2021-07-12 09:33:47,825 - Mon Jul 12 09:33:47 2021 - Wed 29 Jul 2020 10:46:19 PM UTC

2021-07-12 09:34:13,802 - Mon Jul 12 09:34:13 2021 - Job Successfully added.
2021-07-12 09:34:19,846 - Mon Jul 12 09:34:19 2021 - Wed 29 Jul 2020 10:46:51 PM UTC

2021-07-12 09:34:26,561 - Mon Jul 12 09:34:26 2021 - DRED1 Jobs
#CPQNIEQOBG
47 10 * * * /range/relay1on.sh ; sudo python /range/nbfm_140100_5w_s04_0033.py ; /range/relay1off.sh

2021-07-12 09:34:34,418 - Mon Jul 12 09:34:34 2021 - Wed 29 Jul 2020 10:47:06 PM UTC

2021-07-12 09:35:09,386 - Mon Jul 12 09:35:09 2021 - Wed 29 Jul 2020 10:47:41 PM UTC

2021-07-12 09:35:15,790 - Mon Jul 12 09:35:15 2021 - Job Successfully added.
2021-07-12 09:35:19,561 - Mon Jul 12 09:35:19 2021 - DRED1 Jobs
#CPQNIEQOBG
47 10 * * * /range/relay1on.sh ; sudo python /range/nbfm_140100_5w_s04_0033.py ; /range/relay1off.sh
#QRTDG8Z38Q
48 22 * * * /range/relay1on.sh ; sudo python /range/nbfm_140100_5w_s04_0033.py ; /range/relay1off.sh

2021-07-12 09:35:22,996 - Mon Jul 12 09:35:22 2021 - Wed 29 Jul 2020 10:47:54 PM UTC

2021-07-12 09:36:13,685 - Mon Jul 12 09:36:13 2021 - All jobs removed.
2021-07-12 09:36:16,536 - Mon Jul 12 09:36:16 2021 - No jobs found.
2021-07-12 09:42:02,550 - Mon Jul 12 09:42:02 2021 - Scanning for devices. Please wait...
2021-07-12 09:42:02,552 - Mon Jul 12 09:42:02 2021 - Scanning: ['DRED1']
2021-07-12 09:42:02,659 - Mon Jul 12 09:42:02 2021 - Missing:  []
2021-07-12 09:42:02,660 - Mon Jul 12 09:42:02 2021 - Found:    ['DRED1']
2021-07-12 09:42:02,660 - Mon Jul 12 09:42:02 2021 - Select Device to operate with the drop down above...
2021-07-12 09:42:05,503 - Mon Jul 12 09:42:05 2021 - OpenSSH_for_Windows_7.7p1, LibreSSL 3.0.2
debug1: Connecting to 192.168.1.201 [192.168.1.201] port 22.
debug1: Connection established.
debug1: identity file C:\\Users\\falcon/.ssh/id_rsa type 0
debug1: key_load_public: No such file or directory
debug1: identity file C:\\Users\\falcon/.ssh/id_rsa-cert type -1
debug1: key_load_public: No such file or directory
debug1: identity file C:\\Users\\falcon/.ssh/id_dsa type -1
debug1: key_load_public: No such file or directory
debug1: identity file C:\\Users\\falcon/.ssh/id_dsa-cert type -1
debug1: key_load_public: No such file or directory
debug1: identity file C:\\Users\\falcon/.ssh/id_ecdsa type -1
debug1: key_load_public: No such file or directory
debug1: identity file C:\\Users\\falcon/.ssh/id_ecdsa-cert type -1
debug1: key_load_public: No such file or directory
debug1: identity file C:\\Users\\falcon/.ssh/id_ed25519 type -1
debug1: key_load_public: No such file or directory
debug1: identity file C:\\Users\\falcon/.ssh/id_ed25519-cert type -1
debug1: key_load_public: No such file or directory
debug1: identity file C:\\Users\\falcon/.ssh/id_xmss type -1
debug1: key_load_public: No such file or directory
debug1: identity file C:\\Users\\falcon/.ssh/id_xmss-cert type -1
debug1: Local version string SSH-2.0-OpenSSH_for_Windows_7.7
debug1: Remote protocol version 2.0, remote software version OpenSSH_7.9p1 Raspbian-10+deb10u1
debug1: match: OpenSSH_7.9p1 Raspbian-10+deb10u1 pat OpenSSH* compat 0x04000000
debug1: Authenticating to 192.168.1.201:22 as 'pi'
debug1: SSH2_MSG_KEXINIT sent
debug1: SSH2_MSG_KEXINIT received
debug1: kex: algorithm: curve25519-sha256
debug1: kex: host key algorithm: ecdsa-sha2-nistp256
debug1: kex: server->client cipher: chacha20-poly1305@openssh.com MAC: <implicit> compression: none
debug1: kex: client->server cipher: chacha20-poly1305@openssh.com MAC: <implicit> compression: none
debug1: expecting SSH2_MSG_KEX_ECDH_REPLY
debug1: Server host key: ecdsa-sha2-nistp256 SHA256:HvyfzWFg1xmPoPxCfYPCXy/APhKwcKiu6NAcOydYOms
debug1: Host '192.168.1.201' is known and matches the ECDSA host key.
debug1: Found key in C:\\Users\\falcon/.ssh/known_hosts:15
debug1: rekey after 134217728 blocks
debug1: SSH2_MSG_NEWKEYS sent
debug1: expecting SSH2_MSG_NEWKEYS
debug1: SSH2_MSG_NEWKEYS received
debug1: rekey after 134217728 blocks
debug1: pubkey_prepare: ssh_get_authentication_socket: No such file or directory
debug1: SSH2_MSG_EXT_INFO received
debug1: kex_input_ext_info: server-sig-algs=<ssh-ed25519,ssh-rsa,rsa-sha2-256,rsa-sha2-512,ssh-dss,ecdsa-sha2-nistp256,ecdsa-sha2-nistp384,ecdsa-sha2-nistp521>
debug1: SSH2_MSG_SERVICE_ACCEPT received
debug1: Authentications that can continue: publickey,password
debug1: Next authentication method: publickey
debug1: Offering public key: RSA SHA256:cM48qq6gMMBQjXWDPzkvnOJzibpfMzzHPPfQKatFuD4 C:\\Users\\falcon/.ssh/id_rsa
debug1: Server accepts key: pkalg rsa-sha2-512 blen 279
debug1: Authentication succeeded (publickey).
Authenticated to 192.168.1.201 ([192.168.1.201]:22).
debug1: channel 0: new [client-session]
debug1: Requesting no-more-sessions@openssh.com
debug1: Entering interactive session.
debug1: pledge: network
debug1: client_input_global_request: rtype hostkeys-00@openssh.com want_reply 0
debug1: Remote: /home/pi/.ssh/authorized_keys:1: key options: agent-forwarding port-forwarding pty user-rc x11-forwarding
debug1: Remote: /home/pi/.ssh/authorized_keys:1: key options: agent-forwarding port-forwarding pty user-rc x11-forwarding
debug1: Sending command:  /opt/vc/bin/vcgenmd measure_temp
bash: /opt/vc/bin/vcgenmd: No such file or directory
debug1: client_input_channel_req: channel 0 rtype exit-status reply 0
debug1: client_input_channel_req: channel 0 rtype eow@openssh.com reply 0
debug1: channel 0: free: client-session, nchannels 1
Transferred: sent 2636, received 2896 bytes, in 0.2 seconds
Bytes per second: sent 11185.2, received 12288.5
debug1: Exit status 127

2021-07-12 09:42:17,443 - Mon Jul 12 09:42:17 2021 - Scanning for devices. Please wait...
2021-07-12 09:42:17,445 - Mon Jul 12 09:42:17 2021 - Scanning: ['DRED1']
2021-07-12 09:42:17,552 - Mon Jul 12 09:42:17 2021 - Missing:  []
2021-07-12 09:42:17,553 - Mon Jul 12 09:42:17 2021 - Found:    ['DRED1']
2021-07-12 09:42:17,553 - Mon Jul 12 09:42:17 2021 - Select Device to operate with the drop down above...
2021-07-12 09:42:19,766 - Mon Jul 12 09:42:19 2021 - 
2021-07-12 09:42:40,807 - Mon Jul 12 09:42:40 2021 - Scanning for devices. Please wait...
2021-07-12 09:42:40,808 - Mon Jul 12 09:42:40 2021 - Scanning: ['DRED1']
2021-07-12 09:42:40,933 - Mon Jul 12 09:42:40 2021 - Missing:  []
2021-07-12 09:42:40,933 - Mon Jul 12 09:42:40 2021 - Found:    ['DRED1']
2021-07-12 09:42:40,933 - Mon Jul 12 09:42:40 2021 - Select Device to operate with the drop down above...
2021-07-12 09:42:43,735 - Mon Jul 12 09:42:43 2021 - 
2021-07-12 09:42:58,429 - Mon Jul 12 09:42:58 2021 - Wed 29 Jul 2020 10:55:30 PM UTC

2021-07-12 09:45:52,164 - Mon Jul 12 09:45:52 2021 - Scanning for devices. Please wait...
2021-07-12 09:45:52,166 - Mon Jul 12 09:45:52 2021 - Scanning: ['DRED1']
2021-07-12 09:45:52,275 - Mon Jul 12 09:45:52 2021 - Missing:  []
2021-07-12 09:45:52,276 - Mon Jul 12 09:45:52 2021 - Found:    ['DRED1']
2021-07-12 09:45:52,276 - Mon Jul 12 09:45:52 2021 - Select Device to operate with the drop down above...
2021-07-12 09:45:54,773 - Mon Jul 12 09:45:54 2021 - 
2021-07-12 09:45:56,514 - Mon Jul 12 09:45:56 2021 - 
2021-07-12 09:48:46,751 - Mon Jul 12 09:48:46 2021 - Scanning for devices. Please wait...
2021-07-12 09:48:46,751 - Mon Jul 12 09:48:46 2021 - Scanning: ['DRED1']
2021-07-12 09:48:46,844 - Mon Jul 12 09:48:46 2021 - Missing:  []
2021-07-12 09:48:46,845 - Mon Jul 12 09:48:46 2021 - Found:    ['DRED1']
2021-07-12 09:48:46,845 - Mon Jul 12 09:48:46 2021 - Select Device to operate with the drop down above...
2021-07-12 09:48:48,954 - Mon Jul 12 09:48:48 2021 - temp=50.0'C

2021-07-12 09:49:24,869 - Mon Jul 12 09:49:24 2021 - Scanning for devices. Please wait...
2021-07-12 09:49:24,870 - Mon Jul 12 09:49:24 2021 - Scanning: ['DRED1']
2021-07-12 09:49:24,969 - Mon Jul 12 09:49:24 2021 - Missing:  []
2021-07-12 09:49:24,970 - Mon Jul 12 09:49:24 2021 - Found:    ['DRED1']
2021-07-12 09:49:24,970 - Mon Jul 12 09:49:24 2021 - Select Device to operate with the drop down above...
2021-07-12 09:49:27,521 - Mon Jul 12 09:49:27 2021 - DRED1temp=50.0'C

2021-07-12 09:49:47,822 - Mon Jul 12 09:49:47 2021 - Scanning for devices. Please wait...
2021-07-12 09:49:47,824 - Mon Jul 12 09:49:47 2021 - Scanning: ['DRED1']
2021-07-12 09:49:47,902 - Mon Jul 12 09:49:47 2021 - Missing:  []
2021-07-12 09:49:47,903 - Mon Jul 12 09:49:47 2021 - Found:    ['DRED1']
2021-07-12 09:49:47,903 - Mon Jul 12 09:49:47 2021 - Select Device to operate with the drop down above...
2021-07-12 09:49:50,269 - Mon Jul 12 09:49:50 2021 - DRED1 temp=51.0'C

2021-07-12 09:51:03,244 - Mon Jul 12 09:51:03 2021 - Scanning for devices. Please wait...
2021-07-12 09:51:03,246 - Mon Jul 12 09:51:03 2021 - Scanning: ['DRED1']
2021-07-12 09:51:03,338 - Mon Jul 12 09:51:03 2021 - Missing:  []
2021-07-12 09:51:03,338 - Mon Jul 12 09:51:03 2021 - Found:    ['DRED1']
2021-07-12 09:51:03,339 - Mon Jul 12 09:51:03 2021 - Select Device to operate with the drop down above...
2021-07-12 09:51:05,883 - Mon Jul 12 09:51:05 2021 - DRED1 temp=50.0'C

2021-07-12 10:02:05,070 - Mon Jul 12 10:02:05 2021 - Missing:  []
2021-07-12 10:02:05,070 - Mon Jul 12 10:02:05 2021 - Found:    ['DRED1']
2021-07-12 10:02:05,070 - Mon Jul 12 10:02:05 2021 - Select Device to operate with the drop down above...
2021-07-12 10:02:07,417 - Mon Jul 12 10:02:07 2021 - DRED1 temp=51.0'C

2021-07-12 10:02:12,609 - Mon Jul 12 10:02:12 2021 - Please wait...
2021-07-12 10:03:24,671 - Mon Jul 12 10:03:24 2021 - Scanning for devices. Please wait...
2021-07-12 10:03:24,673 - Mon Jul 12 10:03:24 2021 - Scanning: ['DRED1']
2021-07-12 10:03:24,751 - Mon Jul 12 10:03:24 2021 - Missing:  []
2021-07-12 10:03:24,751 - Mon Jul 12 10:03:24 2021 - Found:    ['DRED1']
2021-07-12 10:03:24,752 - Mon Jul 12 10:03:24 2021 - Select Device to operate with the drop down above...
2021-07-12 10:03:27,509 - Mon Jul 12 10:03:27 2021 - DRED1 temp=50.0'C

2021-07-12 10:03:30,114 - Mon Jul 12 10:03:30 2021 - Please wait...
2021-07-12 10:03:57,137 - Mon Jul 12 10:03:57 2021 - Please wait...
2021-07-12 10:06:29,983 - Mon Jul 12 10:06:29 2021 - DRED1


2021-07-12 10:21:40,342 - Mon Jul 12 10:21:40 2021 - 


2021-07-12 10:21:41,216 - Mon Jul 12 10:21:41 2021 - Scanning for devices. Please wait...
2021-07-12 10:21:41,218 - Mon Jul 12 10:21:41 2021 - Scanning: ['DRED1']
2021-07-12 10:21:41,380 - Mon Jul 12 10:21:41 2021 - Missing:  []
2021-07-12 10:21:41,381 - Mon Jul 12 10:21:41 2021 - Found:    ['DRED1']
2021-07-12 10:21:41,381 - Mon Jul 12 10:21:41 2021 - Select Device to operate with the drop down above...
2021-07-12 10:21:43,858 - Mon Jul 12 10:21:43 2021 - DRED1 temp=51.0'C

2021-07-12 10:52:32,502 - Mon Jul 12 10:52:32 2021 - DRED1


2021-07-12 11:01:15,267 - Mon Jul 12 11:01:15 2021 - Scanning for devices. Please wait...
2021-07-12 11:01:15,268 - Mon Jul 12 11:01:15 2021 - Scanning: ['DRED1']
2021-07-12 11:01:15,376 - Mon Jul 12 11:01:15 2021 - Missing:  []
2021-07-12 11:01:15,376 - Mon Jul 12 11:01:15 2021 - Found:    ['DRED1']
2021-07-12 11:01:15,376 - Mon Jul 12 11:01:15 2021 - Select Device to operate with the drop down above...
2021-07-12 11:01:18,412 - Mon Jul 12 11:01:18 2021 - DRED1 temp=51.0'C

2021-07-12 11:04:58,028 - Mon Jul 12 11:04:58 2021 - Scanning for devices. Please wait...
2021-07-12 11:04:58,030 - Mon Jul 12 11:04:58 2021 - Scanning: ['DRED1']
2021-07-12 11:04:58,119 - Mon Jul 12 11:04:58 2021 - Missing:  []
2021-07-12 11:04:58,119 - Mon Jul 12 11:04:58 2021 - Found:    ['DRED1']
2021-07-12 11:04:58,120 - Mon Jul 12 11:04:58 2021 - Select Device to operate with the drop down above...
2021-07-12 11:05:00,638 - Mon Jul 12 11:05:00 2021 - DRED1 temp=50.0'C

2021-07-12 11:05:57,895 - Mon Jul 12 11:05:57 2021 - Scanning for devices. Please wait...
2021-07-12 11:05:57,897 - Mon Jul 12 11:05:57 2021 - Scanning: ['DRED1']
2021-07-12 11:05:57,994 - Mon Jul 12 11:05:57 2021 - Missing:  []
2021-07-12 11:05:57,994 - Mon Jul 12 11:05:57 2021 - Found:    ['DRED1']
2021-07-12 11:05:57,994 - Mon Jul 12 11:05:57 2021 - Select Device to operate with the drop down above...
2021-07-12 11:06:00,284 - Mon Jul 12 11:06:00 2021 - DRED1 temp=52.0'C

2021-07-12 11:06:02,643 - Mon Jul 12 11:06:02 2021 - DRED1 coordinates: 
2021-07-12 11:07:19,763 - Mon Jul 12 11:07:19 2021 - Scanning for devices. Please wait...
2021-07-12 11:07:19,764 - Mon Jul 12 11:07:19 2021 - Scanning: ['DRED1']
2021-07-12 11:07:19,849 - Mon Jul 12 11:07:19 2021 - Missing:  []
2021-07-12 11:07:19,849 - Mon Jul 12 11:07:19 2021 - Found:    ['DRED1']
2021-07-12 11:07:19,849 - Mon Jul 12 11:07:19 2021 - Select Device to operate with the drop down above...
2021-07-12 11:07:22,567 - Mon Jul 12 11:07:22 2021 - DRED1 temp=52.0'C

2021-07-12 11:07:25,658 - Mon Jul 12 11:07:25 2021 - DRED1 coordinates: ,,,

2021-07-12 11:14:56,190 - Mon Jul 12 11:14:56 2021 - Scanning for devices. Please wait...
2021-07-12 11:14:56,192 - Mon Jul 12 11:14:56 2021 - Scanning: ['DRED1']
2021-07-12 11:14:56,274 - Mon Jul 12 11:14:56 2021 - Missing:  []
2021-07-12 11:14:56,274 - Mon Jul 12 11:14:56 2021 - Found:    ['DRED1']
2021-07-12 11:14:56,275 - Mon Jul 12 11:14:56 2021 - Select Device to operate with the drop down above...
2021-07-12 11:14:59,039 - Mon Jul 12 11:14:59 2021 - DRED1 temp=50.0'C

2021-07-12 11:15:02,639 - Mon Jul 12 11:15:02 2021 - DRED1 coordinates: ,,,

2021-07-12 11:20:58,555 - Mon Jul 12 11:20:58 2021 - DRED1


2021-07-12 11:21:04,695 - Mon Jul 12 11:21:04 2021 - Scanning for devices. Please wait...
2021-07-12 11:21:04,697 - Mon Jul 12 11:21:04 2021 - Scanning: ['DRED1']
2021-07-12 11:21:04,795 - Mon Jul 12 11:21:04 2021 - Missing:  []
2021-07-12 11:21:04,796 - Mon Jul 12 11:21:04 2021 - Found:    ['DRED1']
2021-07-12 11:21:04,796 - Mon Jul 12 11:21:04 2021 - Select Device to operate with the drop down above...
2021-07-12 11:21:08,266 - Mon Jul 12 11:21:08 2021 - DRED1 temp=51.0'C

2021-07-12 11:21:27,495 - Mon Jul 12 11:21:27 2021 - Scanning for devices. Please wait...
2021-07-12 11:21:27,497 - Mon Jul 12 11:21:27 2021 - Scanning: ['DRED1']
2021-07-12 11:21:27,572 - Mon Jul 12 11:21:27 2021 - Missing:  []
2021-07-12 11:21:27,572 - Mon Jul 12 11:21:27 2021 - Found:    ['DRED1']
2021-07-12 11:21:27,573 - Mon Jul 12 11:21:27 2021 - Select Device to operate with the drop down above...
2021-07-12 11:21:35,345 - Mon Jul 12 11:21:35 2021 - DRED1 temp=51.0'C

2021-07-12 11:21:38,653 - Mon Jul 12 11:21:38 2021 - Please wait...
2021-07-12 11:23:00,759 - Mon Jul 12 11:23:00 2021 - Sound played successfully.
2021-07-12 11:23:24,467 - Mon Jul 12 11:23:24 2021 - Scanning for devices. Please wait...
2021-07-12 11:23:24,467 - Mon Jul 12 11:23:24 2021 - Scanning: ['DRED1']
2021-07-12 11:23:24,572 - Mon Jul 12 11:23:24 2021 - Missing:  []
2021-07-12 11:23:24,573 - Mon Jul 12 11:23:24 2021 - Found:    ['DRED1']
2021-07-12 11:23:24,573 - Mon Jul 12 11:23:24 2021 - Select Device to operate with the drop down above...
2021-07-12 11:23:27,188 - Mon Jul 12 11:23:27 2021 - DRED1 temp=47.0'C

2021-07-12 11:24:43,232 - Mon Jul 12 11:24:43 2021 - Scanning for devices. Please wait...
2021-07-12 11:24:43,235 - Mon Jul 12 11:24:43 2021 - Scanning: ['DRED1']
2021-07-12 11:24:43,307 - Mon Jul 12 11:24:43 2021 - Missing:  []
2021-07-12 11:24:43,307 - Mon Jul 12 11:24:43 2021 - Found:    ['DRED1']
2021-07-12 11:24:43,307 - Mon Jul 12 11:24:43 2021 - Select Device to operate with the drop down above...
2021-07-12 11:24:45,898 - Mon Jul 12 11:24:45 2021 - DRED1 temp=48.0'C

2021-07-12 11:25:01,824 - Mon Jul 12 11:25:01 2021 - Scanning for devices. Please wait...
2021-07-12 11:25:01,826 - Mon Jul 12 11:25:01 2021 - Scanning: ['DRED1']
2021-07-12 11:25:01,903 - Mon Jul 12 11:25:01 2021 - Missing:  []
2021-07-12 11:25:01,904 - Mon Jul 12 11:25:01 2021 - Found:    ['DRED1']
2021-07-12 11:25:01,904 - Mon Jul 12 11:25:01 2021 - Select Device to operate with the drop down above...
2021-07-12 11:25:04,418 - Mon Jul 12 11:25:04 2021 - DRED1 temp=47.0'C

2021-07-12 11:28:50,189 - Mon Jul 12 11:28:50 2021 - Scanning for devices. Please wait...
2021-07-12 11:28:50,191 - Mon Jul 12 11:28:50 2021 - Scanning: ['DRED1']
2021-07-12 11:28:50,264 - Mon Jul 12 11:28:50 2021 - Missing:  []
2021-07-12 11:28:50,264 - Mon Jul 12 11:28:50 2021 - Found:    ['DRED1']
2021-07-12 11:28:50,264 - Mon Jul 12 11:28:50 2021 - Select Device to operate with the drop down above...
2021-07-12 11:28:53,005 - Mon Jul 12 11:28:53 2021 - DRED1 temp=49.0'C

2021-07-12 11:36:37,271 - Mon Jul 12 11:36:37 2021 - Scanning for devices. Please wait...
2021-07-12 11:36:37,272 - Mon Jul 12 11:36:37 2021 - Scanning: ['DRED1']
2021-07-12 11:36:37,355 - Mon Jul 12 11:36:37 2021 - Missing:  []
2021-07-12 11:36:37,356 - Mon Jul 12 11:36:37 2021 - Found:    ['DRED1']
2021-07-12 11:36:37,356 - Mon Jul 12 11:36:37 2021 - Select Device to operate with the drop down above...
2021-07-12 11:36:41,671 - Mon Jul 12 11:36:41 2021 - DRED1 temp=51.0'C

2021-07-12 11:37:58,380 - Mon Jul 12 11:37:58 2021 - Scanning for devices. Please wait...
2021-07-12 11:37:58,380 - Mon Jul 12 11:37:58 2021 - Scanning: ['DRED1']
2021-07-12 11:37:58,475 - Mon Jul 12 11:37:58 2021 - Missing:  []
2021-07-12 11:37:58,475 - Mon Jul 12 11:37:58 2021 - Found:    ['DRED1']
2021-07-12 11:37:58,475 - Mon Jul 12 11:37:58 2021 - Select Device to operate with the drop down above...
2021-07-12 11:38:01,477 - Mon Jul 12 11:38:01 2021 - DRED1 temp=51.0'C

2021-07-12 11:41:30,773 - Mon Jul 12 11:41:30 2021 - DRED1 coordinates: ,,,

2021-07-12 11:49:31,403 - Mon Jul 12 11:49:31 2021 - DRED1 Shutdown successfully
2021-07-15 08:57:03,329 - Thu Jul 15 08:57:03 2021 - Scanning for devices. Please wait...
2021-07-15 08:57:03,343 - Thu Jul 15 08:57:03 2021 - Scanning: ['DRED1']
2021-07-15 08:57:05,967 - Thu Jul 15 08:57:05 2021 - Missing:  ['DRED1']
2021-07-15 08:57:05,967 - Thu Jul 15 08:57:05 2021 - Found:    []
2021-07-15 08:57:05,968 - Thu Jul 15 08:57:05 2021 - No DREDs loaded. Check Power and Wifi connections...
2021-07-15 08:58:01,743 - Thu Jul 15 08:58:01 2021 - Scanning for devices. Please wait...
2021-07-15 08:58:01,745 - Thu Jul 15 08:58:01 2021 - Scanning: ['DRED1']
2021-07-15 08:58:04,456 - Thu Jul 15 08:58:04 2021 - Missing:  ['DRED1']
2021-07-15 08:58:04,456 - Thu Jul 15 08:58:04 2021 - Found:    []
2021-07-15 08:58:04,456 - Thu Jul 15 08:58:04 2021 - No DREDs loaded. Check Power and Wifi connections...
2021-07-15 08:58:57,076 - Thu Jul 15 08:58:57 2021 - ssh: connect to host 0.0.0.0 port 22: Unknown error

2021-07-15 08:59:01,459 - Thu Jul 15 08:59:01 2021 - Scanning for devices. Please wait...
2021-07-15 08:59:01,461 - Thu Jul 15 08:59:01 2021 - Scanning: ['DRED1']
2021-07-15 08:59:01,536 - Thu Jul 15 08:59:01 2021 - Missing:  []
2021-07-15 08:59:01,536 - Thu Jul 15 08:59:01 2021 - Found:    ['DRED1']
2021-07-15 08:59:01,536 - Thu Jul 15 08:59:01 2021 - Select Device to operate with the drop down above...
2021-07-15 08:59:05,378 - Thu Jul 15 08:59:05 2021 - DRED1 temp=31.0'C

2021-07-15 08:59:11,474 - Thu Jul 15 08:59:11 2021 - DRED1 coordinates: ,,,

2021-07-15 09:04:51,801 - Thu Jul 15 09:04:51 2021 - Scanning for devices. Please wait...
2021-07-15 09:04:51,803 - Thu Jul 15 09:04:51 2021 - Scanning: ['DRED1']
2021-07-15 09:04:51,897 - Thu Jul 15 09:04:51 2021 - Missing:  []
2021-07-15 09:04:51,898 - Thu Jul 15 09:04:51 2021 - Found:    ['DRED1']
2021-07-15 09:04:51,898 - Thu Jul 15 09:04:51 2021 - Select Device to operate with the drop down above...
2021-07-15 09:04:54,360 - Thu Jul 15 09:04:54 2021 - DRED1 temp=46.0'C

2021-07-15 09:05:00,457 - Thu Jul 15 09:05:00 2021 - DRED1 coordinates: ,,,

2021-07-15 09:09:47,347 - Thu Jul 15 09:09:47 2021 - Scanning for devices. Please wait...
2021-07-15 09:09:47,349 - Thu Jul 15 09:09:47 2021 - Scanning: ['DRED1']
2021-07-15 09:09:47,443 - Thu Jul 15 09:09:47 2021 - Missing:  []
2021-07-15 09:09:47,443 - Thu Jul 15 09:09:47 2021 - Found:    ['DRED1']
2021-07-15 09:09:47,443 - Thu Jul 15 09:09:47 2021 - Select Device to operate with the drop down above...
2021-07-15 09:09:50,529 - Thu Jul 15 09:09:50 2021 - DRED1 temp=49.0'C

2021-07-15 09:09:54,461 - Thu Jul 15 09:09:54 2021 - DRED1 coordinates: ,,,

2021-07-15 09:10:30,005 - Thu Jul 15 09:10:30 2021 - Scanning for devices. Please wait...
2021-07-15 09:10:30,007 - Thu Jul 15 09:10:30 2021 - Scanning: ['DRED1']
2021-07-15 09:10:30,091 - Thu Jul 15 09:10:30 2021 - Missing:  []
2021-07-15 09:10:30,091 - Thu Jul 15 09:10:30 2021 - Found:    ['DRED1']
2021-07-15 09:10:30,091 - Thu Jul 15 09:10:30 2021 - Select Device to operate with the drop down above...
2021-07-15 09:10:33,365 - Thu Jul 15 09:10:33 2021 - DRED1 temp=50.0'C

2021-07-15 09:10:37,601 - Thu Jul 15 09:10:37 2021 - DRED1 coordinates: ,,,

2021-07-15 09:10:57,168 - Thu Jul 15 09:10:57 2021 - Scanning for devices. Please wait...
2021-07-15 09:10:57,170 - Thu Jul 15 09:10:57 2021 - Scanning: ['DRED1']
2021-07-15 09:10:57,266 - Thu Jul 15 09:10:57 2021 - Missing:  []
2021-07-15 09:10:57,266 - Thu Jul 15 09:10:57 2021 - Found:    ['DRED1']
2021-07-15 09:10:57,266 - Thu Jul 15 09:10:57 2021 - Select Device to operate with the drop down above...
2021-07-15 09:10:59,525 - Thu Jul 15 09:10:59 2021 - DRED1 temp=49.0'C

2021-07-15 09:11:02,473 - Thu Jul 15 09:11:02 2021 - DRED1 coordinates: ,,,

2021-07-15 09:17:12,806 - Thu Jul 15 09:17:12 2021 - Scanning for devices. Please wait...
2021-07-15 09:17:12,809 - Thu Jul 15 09:17:12 2021 - Scanning: ['DRED1']
2021-07-15 09:17:12,908 - Thu Jul 15 09:17:12 2021 - Missing:  []
2021-07-15 09:17:12,908 - Thu Jul 15 09:17:12 2021 - Found:    ['DRED1']
2021-07-15 09:17:12,909 - Thu Jul 15 09:17:12 2021 - Select Device to operate with the drop down above...
2021-07-15 09:17:15,528 - Thu Jul 15 09:17:15 2021 - DRED1 temp=51.0'C

2021-07-15 09:17:18,974 - Thu Jul 15 09:17:18 2021 - DRED1 coordinates: ,,,

2021-07-15 09:17:47,039 - Thu Jul 15 09:17:47 2021 - DRED1 coordinates: ,,,

2021-07-15 09:17:56,267 - Thu Jul 15 09:17:56 2021 - DRED1 coordinates: ,,,

2021-07-15 09:18:06,199 - Thu Jul 15 09:18:06 2021 - DRED1 coordinates: ,,,

2021-07-15 09:19:08,058 - Thu Jul 15 09:19:08 2021 - DRED1 coordinates: ,,,

2021-07-15 09:19:16,044 - Thu Jul 15 09:19:16 2021 - DRED1 coordinates: ,,,

2021-07-15 09:19:54,271 - Thu Jul 15 09:19:54 2021 - DRED1 coordinates: ,,,

2021-07-15 09:20:07,052 - Thu Jul 15 09:20:07 2021 - DRED1 coordinates: ,,,

2021-07-15 09:20:25,059 - Thu Jul 15 09:20:25 2021 - DRED1 coordinates: ,,,

2021-07-15 09:21:06,297 - Thu Jul 15 09:21:06 2021 - Scanning for devices. Please wait...
2021-07-15 09:21:06,299 - Thu Jul 15 09:21:06 2021 - Scanning: ['DRED1']
2021-07-15 09:21:06,412 - Thu Jul 15 09:21:06 2021 - Missing:  []
2021-07-15 09:21:06,412 - Thu Jul 15 09:21:06 2021 - Found:    ['DRED1']
2021-07-15 09:21:06,412 - Thu Jul 15 09:21:06 2021 - Select Device to operate with the drop down above...
2021-07-15 09:21:10,903 - Thu Jul 15 09:21:10 2021 - DRED1 temp=52.0'C

2021-07-15 09:21:14,352 - Thu Jul 15 09:21:14 2021 - DRED1 coordinates: 3423.6069,N,10319.9363,W

2021-07-15 09:21:43,299 - Thu Jul 15 09:21:43 2021 - DRED1 coordinates: 3423.6022,N,10319.9404,W

2021-07-15 09:22:06,970 - Thu Jul 15 09:22:06 2021 - Scanning for devices. Please wait...
2021-07-15 09:22:06,970 - Thu Jul 15 09:22:06 2021 - Scanning: ['DRED1']
2021-07-15 09:22:07,054 - Thu Jul 15 09:22:07 2021 - Missing:  []
2021-07-15 09:22:07,054 - Thu Jul 15 09:22:07 2021 - Found:    ['DRED1']
2021-07-15 09:22:07,054 - Thu Jul 15 09:22:07 2021 - Select Device to operate with the drop down above...
2021-07-15 09:22:09,206 - Thu Jul 15 09:22:09 2021 - DRED1 temp=52.0'C

2021-07-15 09:22:12,052 - Thu Jul 15 09:22:12 2021 - DRED1 coordinates: 3423.6000,N,10319.9414,W

2021-07-15 09:23:17,226 - Thu Jul 15 09:23:17 2021 - Scanning for devices. Please wait...
2021-07-15 09:23:17,228 - Thu Jul 15 09:23:17 2021 - Scanning: ['DRED1']
2021-07-15 09:23:17,326 - Thu Jul 15 09:23:17 2021 - Missing:  []
2021-07-15 09:23:17,326 - Thu Jul 15 09:23:17 2021 - Found:    ['DRED1']
2021-07-15 09:23:17,326 - Thu Jul 15 09:23:17 2021 - Select Device to operate with the drop down above...
2021-07-15 09:23:19,972 - Thu Jul 15 09:23:19 2021 - DRED1 temp=52.0'C

2021-07-15 09:23:23,118 - Thu Jul 15 09:23:23 2021 - DRED1 coordinates: 3423.6110,N,10319.9421,W

2021-07-15 10:40:40,691 - Thu Jul 15 10:40:40 2021 - Scanning for devices. Please wait...
2021-07-15 10:40:40,694 - Thu Jul 15 10:40:40 2021 - Scanning: ['DRED1']
2021-07-15 10:40:40,792 - Thu Jul 15 10:40:40 2021 - Missing:  []
2021-07-15 10:40:40,793 - Thu Jul 15 10:40:40 2021 - Found:    ['DRED1']
2021-07-15 10:40:40,793 - Thu Jul 15 10:40:40 2021 - Select Device to operate with the drop down above...
2021-07-15 10:40:43,163 - Thu Jul 15 10:40:43 2021 - DRED1 temp=38.0'C

2021-07-15 10:40:46,989 - Thu Jul 15 10:40:46 2021 - DRED1 coordinates: ,,,

2021-07-15 10:41:24,957 - Thu Jul 15 10:41:24 2021 - Scanning for devices. Please wait...
2021-07-15 10:41:24,959 - Thu Jul 15 10:41:24 2021 - Scanning: ['DRED1']
2021-07-15 10:41:25,061 - Thu Jul 15 10:41:25 2021 - Missing:  []
2021-07-15 10:41:25,061 - Thu Jul 15 10:41:25 2021 - Found:    ['DRED1']
2021-07-15 10:41:25,061 - Thu Jul 15 10:41:25 2021 - Select Device to operate with the drop down above...
2021-07-15 10:41:27,874 - Thu Jul 15 10:41:27 2021 - DRED1 temp=40.0'C

2021-07-15 10:41:31,167 - Thu Jul 15 10:41:31 2021 - DRED1 coordinates: ,,,

2021-07-15 10:41:53,732 - Thu Jul 15 10:41:53 2021 - Scanning for devices. Please wait...
2021-07-15 10:41:53,734 - Thu Jul 15 10:41:53 2021 - Scanning: ['DRED1']
2021-07-15 10:41:53,828 - Thu Jul 15 10:41:53 2021 - Missing:  []
2021-07-15 10:41:53,828 - Thu Jul 15 10:41:53 2021 - Found:    ['DRED1']
2021-07-15 10:41:53,828 - Thu Jul 15 10:41:53 2021 - Select Device to operate with the drop down above...
2021-07-15 10:41:56,391 - Thu Jul 15 10:41:56 2021 - DRED1 temp=41.0'C

2021-07-15 10:42:00,218 - Thu Jul 15 10:42:00 2021 - DRED1 coordinates: ,,,

2021-07-15 10:42:14,064 - Thu Jul 15 10:42:14 2021 - DRED1 coordinates: ,,,

2021-07-15 10:42:20,053 - Thu Jul 15 10:42:20 2021 - DRED1 coordinates: ,,,

2021-07-15 10:43:02,055 - Thu Jul 15 10:43:02 2021 - DRED1 coordinates: ,,,

2021-07-15 10:43:07,221 - Thu Jul 15 10:43:07 2021 - DRED1 coordinates: ,,,

2021-07-15 10:43:12,004 - Thu Jul 15 10:43:12 2021 - DRED1 coordinates: ,,,

2021-07-15 10:43:20,022 - Thu Jul 15 10:43:20 2021 - DRED1 coordinates: ,,,

2021-07-15 10:43:28,004 - Thu Jul 15 10:43:28 2021 - DRED1 coordinates: ,,,

2021-07-15 10:43:32,212 - Thu Jul 15 10:43:32 2021 - DRED1 coordinates: ,,,

2021-07-15 10:43:40,211 - Thu Jul 15 10:43:40 2021 - DRED1 coordinates: ,,,

2021-07-15 10:43:47,230 - Thu Jul 15 10:43:47 2021 - DRED1 coordinates: ,,,

2021-07-15 10:44:03,011 - Thu Jul 15 10:44:03 2021 - DRED1 coordinates: ,,,

2021-07-15 10:44:13,010 - Thu Jul 15 10:44:13 2021 - DRED1 coordinates: ,,,

2021-07-15 10:44:18,076 - Thu Jul 15 10:44:18 2021 - DRED1 coordinates: ,,,

2021-07-15 10:44:25,169 - Thu Jul 15 10:44:25 2021 - DRED1 coordinates: ,,,

2021-07-15 10:44:33,015 - Thu Jul 15 10:44:33 2021 - DRED1 coordinates: ,,,

2021-07-15 10:44:38,008 - Thu Jul 15 10:44:38 2021 - DRED1 coordinates: ,,,

2021-07-15 10:44:43,003 - Thu Jul 15 10:44:43 2021 - DRED1 coordinates: ,,,

2021-07-15 10:44:50,013 - Thu Jul 15 10:44:50 2021 - DRED1 coordinates: ,,,

2021-07-15 10:44:56,028 - Thu Jul 15 10:44:56 2021 - DRED1 coordinates: ,,,

2021-07-15 10:45:01,014 - Thu Jul 15 10:45:01 2021 - DRED1 coordinates: ,,,

2021-07-15 10:45:09,265 - Thu Jul 15 10:45:09 2021 - DRED1 coordinates: 
2021-07-15 10:45:19,216 - Thu Jul 15 10:45:19 2021 - DRED1 coordinates: 
2021-07-15 10:45:23,782 - Thu Jul 15 10:45:23 2021 - DRED1 coordinates: ,,,

2021-07-15 10:45:28,816 - Thu Jul 15 10:45:28 2021 - DRED1 coordinates: 3423.6841,N,10319.6691,W

2021-07-15 10:45:50,437 - Thu Jul 15 10:45:50 2021 - Scanning for devices. Please wait...
2021-07-15 10:45:50,439 - Thu Jul 15 10:45:50 2021 - Scanning: ['DRED1']
2021-07-15 10:45:50,542 - Thu Jul 15 10:45:50 2021 - Missing:  []
2021-07-15 10:45:50,543 - Thu Jul 15 10:45:50 2021 - Found:    ['DRED1']
2021-07-15 10:45:50,543 - Thu Jul 15 10:45:50 2021 - Select Device to operate with the drop down above...
2021-07-15 10:45:53,008 - Thu Jul 15 10:45:53 2021 - DRED1 temp=48.0'C

2021-07-15 10:45:54,073 - Thu Jul 15 10:45:54 2021 - DRED1 coordinates: 
2021-07-15 10:45:59,064 - Thu Jul 15 10:45:59 2021 - DRED1 coordinates: 
2021-07-15 10:46:03,811 - Thu Jul 15 10:46:03 2021 - DRED1 coordinates: 3423.5788,N,10319.4685,W

2021-07-15 10:46:45,131 - Thu Jul 15 10:46:45 2021 - Scanning for devices. Please wait...
2021-07-15 10:46:45,134 - Thu Jul 15 10:46:45 2021 - Scanning: ['DRED1']
2021-07-15 10:46:45,220 - Thu Jul 15 10:46:45 2021 - Missing:  []
2021-07-15 10:46:45,221 - Thu Jul 15 10:46:45 2021 - Found:    ['DRED1']
2021-07-15 10:46:45,221 - Thu Jul 15 10:46:45 2021 - Select Device to operate with the drop down above...
2021-07-15 10:46:47,482 - Thu Jul 15 10:46:47 2021 - DRED1 temp=49.0'C

2021-07-15 10:46:49,072 - Thu Jul 15 10:46:49 2021 - DRED1 coordinates: 
2021-07-15 10:47:27,136 - Thu Jul 15 10:47:27 2021 - DRED1 coordinates: 3423.5714,N,10319.4501,W

2021-07-15 10:49:14,784 - Thu Jul 15 10:49:14 2021 - Scanning for devices. Please wait...
2021-07-15 10:49:14,786 - Thu Jul 15 10:49:14 2021 - Scanning: ['DRED1']
2021-07-15 10:49:14,868 - Thu Jul 15 10:49:14 2021 - Missing:  []
2021-07-15 10:49:14,868 - Thu Jul 15 10:49:14 2021 - Found:    ['DRED1']
2021-07-15 10:49:14,868 - Thu Jul 15 10:49:14 2021 - Select Device to operate with the drop down above...
2021-07-15 10:49:19,357 - Thu Jul 15 10:49:19 2021 - DRED1 temp=53.0'C

2021-07-15 10:49:21,098 - Thu Jul 15 10:49:21 2021 - DRED1 coordinates: 3423.5739,N,10319.4451,W

2021-07-15 10:53:33,974 - Thu Jul 15 10:53:33 2021 - Scanning for devices. Please wait...
2021-07-15 10:53:33,976 - Thu Jul 15 10:53:33 2021 - Scanning: ['DRED1']
2021-07-15 10:53:37,963 - Thu Jul 15 10:53:37 2021 - Missing:  []
2021-07-15 10:53:37,964 - Thu Jul 15 10:53:37 2021 - Found:    ['DRED1']
2021-07-15 10:53:37,965 - Thu Jul 15 10:53:37 2021 - Select Device to operate with the drop down above...
2021-07-15 10:54:25,273 - Thu Jul 15 10:54:25 2021 - Scanning for devices. Please wait...
2021-07-15 10:54:25,276 - Thu Jul 15 10:54:25 2021 - Scanning: ['DRED1']
2021-07-15 10:54:27,961 - Thu Jul 15 10:54:27 2021 - Missing:  ['DRED1']
2021-07-15 10:54:27,962 - Thu Jul 15 10:54:27 2021 - Found:    []
2021-07-15 10:54:27,962 - Thu Jul 15 10:54:27 2021 - No DREDs loaded. Check Power and Wifi connections...
2021-07-15 10:54:30,068 - Thu Jul 15 10:54:30 2021 - Scanning for devices. Please wait...
2021-07-15 10:54:30,070 - Thu Jul 15 10:54:30 2021 - Scanning: ['DRED1']
2021-07-15 10:54:32,969 - Thu Jul 15 10:54:32 2021 - Missing:  ['DRED1']
2021-07-15 10:54:32,970 - Thu Jul 15 10:54:32 2021 - Found:    []
2021-07-15 10:54:32,970 - Thu Jul 15 10:54:32 2021 - No DREDs loaded. Check Power and Wifi connections...
2021-07-15 10:54:34,575 - Thu Jul 15 10:54:34 2021 - Scanning for devices. Please wait...
2021-07-15 10:54:34,576 - Thu Jul 15 10:54:34 2021 - Scanning: ['DRED1']
2021-07-15 10:54:37,466 - Thu Jul 15 10:54:37 2021 - Missing:  ['DRED1']
2021-07-15 10:54:37,467 - Thu Jul 15 10:54:37 2021 - Found:    []
2021-07-15 10:54:37,467 - Thu Jul 15 10:54:37 2021 - No DREDs loaded. Check Power and Wifi connections...
2021-07-15 10:54:39,010 - Thu Jul 15 10:54:39 2021 - Scanning for devices. Please wait...
2021-07-15 10:54:39,011 - Thu Jul 15 10:54:39 2021 - Scanning: ['DRED1']
2021-07-15 10:54:39,136 - Thu Jul 15 10:54:39 2021 - Missing:  []
2021-07-15 10:54:39,137 - Thu Jul 15 10:54:39 2021 - Found:    ['DRED1']
2021-07-15 10:54:39,137 - Thu Jul 15 10:54:39 2021 - Select Device to operate with the drop down above...
2021-07-15 10:54:46,229 - Thu Jul 15 10:54:46 2021 - DRED1 temp=40.0'C

2021-07-15 10:58:35,136 - Thu Jul 15 10:58:35 2021 - Missing:  []
2021-07-15 10:58:35,137 - Thu Jul 15 10:58:35 2021 - Found:    ['DRED1']
2021-07-15 10:58:35,137 - Thu Jul 15 10:58:35 2021 - Select Device to operate with the drop down above...
2021-07-15 10:58:37,943 - Thu Jul 15 10:58:37 2021 - DRED1 temp=48.0'C

2021-07-15 11:02:32,490 - Thu Jul 15 11:02:32 2021 - Scanning for devices. Please wait...
2021-07-15 11:02:32,491 - Thu Jul 15 11:02:32 2021 - Scanning: ['DRED1']
2021-07-15 11:02:32,590 - Thu Jul 15 11:02:32 2021 - Missing:  []
2021-07-15 11:02:32,591 - Thu Jul 15 11:02:32 2021 - Found:    ['DRED1']
2021-07-15 11:02:32,591 - Thu Jul 15 11:02:32 2021 - Select Device to operate with the drop down above...
2021-07-15 11:02:35,915 - Thu Jul 15 11:02:35 2021 - DRED1 temp=49.0'C

2021-07-15 11:05:01,732 - Thu Jul 15 11:05:01 2021 - Scanning for devices. Please wait...
2021-07-15 11:05:01,732 - Thu Jul 15 11:05:01 2021 - Scanning: ['DRED1']
2021-07-15 11:05:01,821 - Thu Jul 15 11:05:01 2021 - Missing:  []
2021-07-15 11:05:01,822 - Thu Jul 15 11:05:01 2021 - Found:    ['DRED1']
2021-07-15 11:05:01,822 - Thu Jul 15 11:05:01 2021 - Select Device to operate with the drop down above...
2021-07-15 11:05:04,677 - Thu Jul 15 11:05:04 2021 - DRED1 temp=50.0'C

2021-07-15 11:05:52,215 - Thu Jul 15 11:05:52 2021 - Scanning for devices. Please wait...
2021-07-15 11:05:52,216 - Thu Jul 15 11:05:52 2021 - Scanning: ['DRED1']
2021-07-15 11:05:52,316 - Thu Jul 15 11:05:52 2021 - Missing:  []
2021-07-15 11:05:52,316 - Thu Jul 15 11:05:52 2021 - Found:    ['DRED1']
2021-07-15 11:05:52,316 - Thu Jul 15 11:05:52 2021 - Select Device to operate with the drop down above...
2021-07-15 11:05:54,811 - Thu Jul 15 11:05:54 2021 - DRED1 temp=50.0'C

2021-07-15 11:11:38,786 - Thu Jul 15 11:11:38 2021 - Scanning for devices. Please wait...
2021-07-15 11:11:38,786 - Thu Jul 15 11:11:38 2021 - Scanning: ['DRED1']
2021-07-15 11:11:38,876 - Thu Jul 15 11:11:38 2021 - Missing:  []
2021-07-15 11:11:38,876 - Thu Jul 15 11:11:38 2021 - Found:    ['DRED1']
2021-07-15 11:11:38,877 - Thu Jul 15 11:11:38 2021 - Select Device to operate with the drop down above...
2021-07-15 11:11:41,603 - Thu Jul 15 11:11:41 2021 - DRED1 temp=50.0'C

2021-07-15 11:16:17,186 - Thu Jul 15 11:16:17 2021 - Scanning for devices. Please wait...
2021-07-15 11:16:17,187 - Thu Jul 15 11:16:17 2021 - Scanning: ['DRED1']
2021-07-15 11:16:17,274 - Thu Jul 15 11:16:17 2021 - Missing:  []
2021-07-15 11:16:17,275 - Thu Jul 15 11:16:17 2021 - Found:    ['DRED1']
2021-07-15 11:16:17,275 - Thu Jul 15 11:16:17 2021 - Select Device to operate with the drop down above...
2021-07-15 11:16:19,527 - Thu Jul 15 11:16:19 2021 - DRED1 temp=50.0'C

2021-07-15 11:21:50,823 - Thu Jul 15 11:21:50 2021 - DRED1


2021-07-15 11:23:02,093 - Thu Jul 15 11:23:02 2021 - Scanning for devices. Please wait...
2021-07-15 11:23:02,094 - Thu Jul 15 11:23:02 2021 - Scanning: ['DRED1']
2021-07-15 11:23:02,191 - Thu Jul 15 11:23:02 2021 - Missing:  []
2021-07-15 11:23:02,191 - Thu Jul 15 11:23:02 2021 - Found:    ['DRED1']
2021-07-15 11:23:02,191 - Thu Jul 15 11:23:02 2021 - Select Device to operate with the drop down above...
2021-07-15 11:23:05,112 - Thu Jul 15 11:23:05 2021 - DRED1 temp=50.0'C

2021-07-15 11:23:07,049 - Thu Jul 15 11:23:07 2021 - Could not retrieve sound file. Ensure that sound follows naming convention.
2021-07-15 11:23:14,064 - Thu Jul 15 11:23:14 2021 - Could not retrieve sound file. Ensure that sound follows naming convention.
2021-07-15 11:26:45,472 - Thu Jul 15 11:26:45 2021 - Scanning for devices. Please wait...
2021-07-15 11:26:45,473 - Thu Jul 15 11:26:45 2021 - Scanning: ['DRED1']
2021-07-15 11:26:45,530 - Thu Jul 15 11:26:45 2021 - Missing:  []
2021-07-15 11:26:45,531 - Thu Jul 15 11:26:45 2021 - Found:    ['DRED1']
2021-07-15 11:26:45,531 - Thu Jul 15 11:26:45 2021 - Select Device to operate with the drop down above...
2021-07-15 11:26:48,702 - Thu Jul 15 11:26:48 2021 - DRED1 temp=50.0'C

2021-07-15 11:26:54,392 - Thu Jul 15 11:26:54 2021 - Could not retrieve sound file. Ensure that sound follows naming convention.
2021-07-15 11:27:08,046 - Thu Jul 15 11:27:08 2021 - Playing requested sound file. Please wait until the sound finishes playing.
2021-07-15 11:27:41,258 - Thu Jul 15 11:27:41 2021 - Sound file has finished playing.
2021-07-15 11:28:54,417 - Thu Jul 15 11:28:54 2021 - Scanning for devices. Please wait...
2021-07-15 11:28:54,418 - Thu Jul 15 11:28:54 2021 - Scanning: ['DRED1']
2021-07-15 11:28:54,516 - Thu Jul 15 11:28:54 2021 - Missing:  []
2021-07-15 11:28:54,516 - Thu Jul 15 11:28:54 2021 - Found:    ['DRED1']
2021-07-15 11:28:54,516 - Thu Jul 15 11:28:54 2021 - Select Device to operate with the drop down above...
2021-07-15 11:28:56,869 - Thu Jul 15 11:28:56 2021 - DRED1 temp=50.0'C

2021-07-15 11:29:06,438 - Thu Jul 15 11:29:06 2021 - Playing requested sound file. Please wait until the sound finishes playing.
2021-07-15 11:29:39,482 - Thu Jul 15 11:29:39 2021 - Sound file has finished playing.
2021-07-15 11:33:45,235 - Thu Jul 15 11:33:45 2021 - Scanning for devices. Please wait...
2021-07-15 11:33:45,236 - Thu Jul 15 11:33:45 2021 - Scanning: ['DRED1']
2021-07-15 11:33:45,334 - Thu Jul 15 11:33:45 2021 - Missing:  []
2021-07-15 11:33:45,335 - Thu Jul 15 11:33:45 2021 - Found:    ['DRED1']
2021-07-15 11:33:45,335 - Thu Jul 15 11:33:45 2021 - Select Device to operate with the drop down above...
2021-07-15 11:33:48,062 - Thu Jul 15 11:33:48 2021 - DRED1 temp=50.0'C

2021-07-15 11:33:55,728 - Thu Jul 15 11:33:55 2021 - Playing requested sound file. Please wait until the sound finishes playing.
2021-07-15 11:34:52,700 - Thu Jul 15 11:34:52 2021 - Sound file has finished playing.
2021-07-15 11:37:00,415 - Thu Jul 15 11:37:00 2021 - Scanning for devices. Please wait...
2021-07-15 11:37:00,416 - Thu Jul 15 11:37:00 2021 - Scanning: ['DRED1']
2021-07-15 11:37:00,519 - Thu Jul 15 11:37:00 2021 - Missing:  []
2021-07-15 11:37:00,519 - Thu Jul 15 11:37:00 2021 - Found:    ['DRED1']
2021-07-15 11:37:00,520 - Thu Jul 15 11:37:00 2021 - Select Device to operate with the drop down above...
2021-07-15 11:37:02,835 - Thu Jul 15 11:37:02 2021 - DRED1 temp=51.0'C

2021-07-15 11:37:12,330 - Thu Jul 15 11:37:12 2021 - Playing requested sound file. Please wait until the sound finishes playing.
2021-07-15 11:37:54,892 - Thu Jul 15 11:37:54 2021 - Sound file has finished playing.
2021-07-15 11:38:23,290 - Thu Jul 15 11:38:23 2021 - Scanning for devices. Please wait...
2021-07-15 11:38:23,291 - Thu Jul 15 11:38:23 2021 - Scanning: ['DRED1']
2021-07-15 11:38:23,383 - Thu Jul 15 11:38:23 2021 - Missing:  []
2021-07-15 11:38:23,383 - Thu Jul 15 11:38:23 2021 - Found:    ['DRED1']
2021-07-15 11:38:23,383 - Thu Jul 15 11:38:23 2021 - Select Device to operate with the drop down above...
2021-07-15 11:38:25,977 - Thu Jul 15 11:38:25 2021 - DRED1 temp=51.0'C

2021-07-15 11:38:40,911 - Thu Jul 15 11:38:40 2021 - Playing requested sound file. Please wait until the sound finishes playing.
2021-07-15 11:39:58,470 - Thu Jul 15 11:39:58 2021 - Sound file has finished playing.
2021-07-15 11:40:51,491 - Thu Jul 15 11:40:51 2021 - Scanning for devices. Please wait...
2021-07-15 11:40:51,493 - Thu Jul 15 11:40:51 2021 - Scanning: ['DRED1']
2021-07-15 11:40:51,578 - Thu Jul 15 11:40:51 2021 - Missing:  []
2021-07-15 11:40:51,579 - Thu Jul 15 11:40:51 2021 - Found:    ['DRED1']
2021-07-15 11:40:51,579 - Thu Jul 15 11:40:51 2021 - Select Device to operate with the drop down above...
2021-07-15 11:40:55,144 - Thu Jul 15 11:40:55 2021 - DRED1 temp=52.0'C

2021-07-15 11:41:19,399 - Thu Jul 15 11:41:19 2021 - Playing requested sound file. Please wait until the sound finishes playing.
2021-07-15 11:41:47,365 - Thu Jul 15 11:41:47 2021 - Sound file has finished playing.
2021-07-15 11:42:42,281 - Thu Jul 15 11:42:42 2021 - Scanning for devices. Please wait...
2021-07-15 11:42:42,283 - Thu Jul 15 11:42:42 2021 - Scanning: ['DRED1']
2021-07-15 11:42:42,342 - Thu Jul 15 11:42:42 2021 - Missing:  []
2021-07-15 11:42:42,342 - Thu Jul 15 11:42:42 2021 - Found:    ['DRED1']
2021-07-15 11:42:42,342 - Thu Jul 15 11:42:42 2021 - Select Device to operate with the drop down above...
2021-07-15 11:42:46,992 - Thu Jul 15 11:42:46 2021 - DRED1 temp=50.0'C

2021-07-15 11:42:59,124 - Thu Jul 15 11:42:59 2021 - Playing requested sound file. Please wait until the sound finishes playing.
2021-07-15 11:43:40,649 - Thu Jul 15 11:43:40 2021 - Sound file has finished playing.
2021-07-15 11:52:56,483 - Thu Jul 15 11:52:56 2021 - DRED1 Shutdown successfully
2021-07-19 09:49:44,813 - Mon Jul 19 09:49:44 2021 - Scanning for devices. Please wait...
2021-07-19 09:49:44,815 - Mon Jul 19 09:49:44 2021 - Scanning: ['TB1', 'TB2', 'TB3', 'TB4']
2021-07-19 09:49:48,322 - Mon Jul 19 09:49:48 2021 - Missing:  ['TB1', 'TB2']
2021-07-19 09:49:48,322 - Mon Jul 19 09:49:48 2021 - Found:    ['TB3', 'TB4']
2021-07-19 09:49:48,322 - Mon Jul 19 09:49:48 2021 - Select Device to operate with the drop down above...
2021-07-19 10:37:16,840 - Mon Jul 19 10:37:16 2021 - Scanning for devices. Please wait...
2021-07-19 10:37:16,843 - Mon Jul 19 10:37:16 2021 - Scanning: ['TB1', 'TB2', 'TB3', 'TB4']
2021-07-19 10:37:23,811 - Mon Jul 19 10:37:23 2021 - Missing:  ['TB1', 'TB2']
2021-07-19 10:37:23,812 - Mon Jul 19 10:37:23 2021 - Found:    ['TB3', 'TB4']
2021-07-19 10:37:23,812 - Mon Jul 19 10:37:23 2021 - Select Device to operate with the drop down above...
2021-07-19 11:16:11,475 - Mon Jul 19 11:16:11 2021 - Scanning for devices. Please wait...
2021-07-19 11:16:11,478 - Mon Jul 19 11:16:11 2021 - Scanning: ['DRED1', 'DRED2']
2021-07-19 11:16:14,375 - Mon Jul 19 11:16:14 2021 - Missing:  ['DRED1']
2021-07-19 11:16:14,375 - Mon Jul 19 11:16:14 2021 - Found:    ['DRED2']
2021-07-19 11:16:14,375 - Mon Jul 19 11:16:14 2021 - Select Device to operate with the drop down above...
2021-07-19 11:17:11,931 - Mon Jul 19 11:17:11 2021 - Scanning for devices. Please wait...
2021-07-19 11:17:11,933 - Mon Jul 19 11:17:11 2021 - Scanning: ['DRED1', 'DRED2']
2021-07-19 11:17:14,820 - Mon Jul 19 11:17:14 2021 - Missing:  ['DRED1']
2021-07-19 11:17:14,820 - Mon Jul 19 11:17:14 2021 - Found:    ['DRED2']
2021-07-19 11:17:14,820 - Mon Jul 19 11:17:14 2021 - Select Device to operate with the drop down above...
2021-07-19 11:18:52,206 - Mon Jul 19 11:18:52 2021 - Scanning for devices. Please wait...
2021-07-19 11:18:52,208 - Mon Jul 19 11:18:52 2021 - Scanning: ['DRED1', 'DRED2']
2021-07-19 11:18:53,844 - Mon Jul 19 11:18:53 2021 - Missing:  ['DRED1']
2021-07-19 11:18:53,844 - Mon Jul 19 11:18:53 2021 - Found:    ['DRED2']
2021-07-19 11:18:53,844 - Mon Jul 19 11:18:53 2021 - Select Device to operate with the drop down above...
2021-07-19 12:00:30,780 - Mon Jul 19 12:00:30 2021 - Scanning for devices. Please wait...
2021-07-19 12:00:30,782 - Mon Jul 19 12:00:30 2021 - Scanning: ['DRED1', 'DRED2']
2021-07-19 12:00:32,341 - Mon Jul 19 12:00:32 2021 - Missing:  ['DRED1']
2021-07-19 12:00:32,341 - Mon Jul 19 12:00:32 2021 - Found:    ['DRED2']
2021-07-19 12:00:32,341 - Mon Jul 19 12:00:32 2021 - Select Device to operate with the drop down above...
2021-07-19 12:00:37,163 - Mon Jul 19 12:00:37 2021 - DRED2 temp=51.0'C

2021-07-19 12:03:48,934 - Mon Jul 19 12:03:48 2021 - Scanning for devices. Please wait...
2021-07-19 12:03:48,934 - Mon Jul 19 12:03:48 2021 - Scanning: ['DRED1', 'DRED2']
2021-07-19 12:03:50,317 - Mon Jul 19 12:03:50 2021 - Missing:  ['DRED1']
2021-07-19 12:03:50,317 - Mon Jul 19 12:03:50 2021 - Found:    ['DRED2']
2021-07-19 12:03:50,318 - Mon Jul 19 12:03:50 2021 - Select Device to operate with the drop down above...
2021-07-19 12:03:52,796 - Mon Jul 19 12:03:52 2021 - DRED2 temp=52.0'C

2021-07-19 12:03:57,271 - Mon Jul 19 12:03:57 2021 - DRED2 coordinates: ,,,
,,,

2021-07-19 12:06:27,087 - Mon Jul 19 12:06:27 2021 - DRED2 coordinates: ,,,

2021-07-19 12:06:37,172 - Mon Jul 19 12:06:37 2021 - DRED2 coordinates: ,,,

2021-07-19 12:06:47,027 - Mon Jul 19 12:06:47 2021 - DRED2 coordinates: ,,,

2021-07-19 12:06:54,057 - Mon Jul 19 12:06:54 2021 - DRED2 coordinates: ,,,

2021-07-19 12:07:04,166 - Mon Jul 19 12:07:04 2021 - DRED2 coordinates: ,,,

2021-07-19 12:07:16,030 - Mon Jul 19 12:07:16 2021 - DRED2 coordinates: ,,,

2021-07-19 12:07:29,022 - Mon Jul 19 12:07:29 2021 - DRED2 coordinates: ,,,

2021-07-19 12:07:37,161 - Mon Jul 19 12:07:37 2021 - DRED2 coordinates: ,,,

2021-07-19 12:08:32,020 - Mon Jul 19 12:08:32 2021 - DRED2 coordinates: ,,,

2021-07-19 12:08:36,105 - Mon Jul 19 12:08:36 2021 - DRED2 coordinates: ,,,

